09-21 16:41:13.036   853  1020 E ThermalEngine: read_thermal_config
09-21 16:41:13.037   853  1020 D ThermalEngine: algo_monitor: Timer EVT
09-21 16:41:13.038   853  1020 I ThermalEngine: Sensor:sdm-therm:48571 mC
09-21 16:41:13.038   853  1020 D ThermalEngine: handle_timer_sig: SS Id SS-QUIET-THERM-GOLD2 Read sdm-therm 48571mC, Err -1571mC, SampleCnt 1
09-21 16:41:13.038   853  1020 D ThermalEngine: handle_timer_sig: SS Id SS-QUIET-THERM-GOLD2 Read sdm-therm 48571mC, Err -1571mC, SampleCnt 1
09-21 16:41:13.038   853  1020 D ThermalEngine: handle_timer_sig: SS Id SS-QUIET-THERM-GOLD2, E0 -1571mC, E1 -1636mC
09-21 16:41:13.038   853  1020 D ThermalEngine: Already at device mitigation max limit
09-21 16:41:13.039   853  1020 I ThermalEngine: Sensor:sdm-therm:48571 mC
09-21 16:41:13.039   853  1020 D ThermalEngine: handle_timer_sig: SS Id SS-QUIET-THERM-GOLD Read sdm-therm 48571mC, Err -3571mC, SampleCnt 1
09-21 16:41:13.039   853  1020 D ThermalEngine: handle_timer_sig: SS Id SS-QUIET-THERM-GOLD Read sdm-therm 48571mC, Err -3571mC, SampleCnt 1
09-21 16:41:13.039   853  1020 D ThermalEngine: handle_timer_sig: SS Id SS-QUIET-THERM-GOLD, E0 -3571mC, E1 -3636mC
09-21 16:41:13.040   853  1020 D ThermalEngine: Already at device mitigation max limit
09-21 16:41:13.041   853  1020 I ThermalEngine: Sensor:sdm-therm:48571 mC
09-21 16:41:13.041   853  1020 D ThermalEngine: handle_timer_sig: SS Id SS-QUIET-THERM-SILVER3 Read sdm-therm 48571mC, Err -571mC, SampleCnt 1
09-21 16:41:13.041   853  1020 D ThermalEngine: handle_timer_sig: SS Id SS-QUIET-THERM-SILVER3 Read sdm-therm 48571mC, Err -571mC, SampleCnt 1
09-21 16:41:13.041   853  1020 D ThermalEngine: handle_timer_sig: SS Id SS-QUIET-THERM-SILVER3, E0 -571mC, E1 -636mC
09-21 16:41:13.041   853  1020 D ThermalEngine: Already at device mitigation max limit
09-21 16:41:13.043   853  1020 I ThermalEngine: Sensor:sdm-therm:48571 mC
09-21 16:41:13.043   853  1020 D ThermalEngine: handle_timer_sig: SS Id SS-QUIET-THERM-SILVER2 Read sdm-therm 48571mC, Err -2571mC, SampleCnt 1
09-21 16:41:13.043   853  1020 D ThermalEngine: handle_timer_sig: SS Id SS-QUIET-THERM-SILVER2 Read sdm-therm 48571mC, Err -2571mC, SampleCnt 1
09-21 16:41:13.043   853  1020 D ThermalEngine: handle_timer_sig: SS Id SS-QUIET-THERM-SILVER2, E0 -2571mC, E1 -2636mC
09-21 16:41:13.043   853  1020 D ThermalEngine: Already at device mitigation max limit
09-21 16:41:13.044   853  1020 I ThermalEngine: Sensor:sdm-therm:48571 mC
09-21 16:41:13.044   853  1020 D ThermalEngine: handle_timer_sig: SS Id SS-QUIET-THERM-SILVER Read sdm-therm 48571mC, Err -4571mC, SampleCnt 1
09-21 16:41:13.044   853  1020 D ThermalEngine: handle_timer_sig: SS Id SS-QUIET-THERM-SILVER Read sdm-therm 48571mC, Err -4571mC, SampleCnt 1
09-21 16:41:13.044   853  1020 D ThermalEngine: handle_timer_sig: SS Id SS-QUIET-THERM-SILVER, E0 -4571mC, E1 -4636mC
09-21 16:41:13.044   853  1020 D ThermalEngine: Already at device mitigation max limit
09-21 16:41:13.044   853  1020 I ThermalEngine: settimer: Start timer 2.000(sec)
09-21 16:41:13.044   853  1020 D ThermalEngine: algo_monitor: Wait for EV
09-21 16:41:14.119  2197  2288 D RILJ    : [UNSL]< UNSOL_RESPONSE_NETWORK_STATE_CHANGED [SUB1]
09-21 16:41:14.122  2178  2178 D use-Rlog/RLOG-QC_RIL_OEM_HOOK: Received Broadcast Intent ACTION_UNSOL_RESPONSE_OEM_HOOK_RAW
09-21 16:41:14.122  2178  2178 D use-Rlog/RLOG-QC_RIL_OEM_HOOK: Oem ID in QCRILHOOK UNSOL RESP is QOEMHOOK
09-21 16:41:14.123  2197  2197 D RILJ    : [9789]> OPERATOR [SUB1]
09-21 16:41:14.129  2197  2372 D RILJ    : [9790]> DATA_REGISTRATION_STATE [SUB1]
09-21 16:41:14.131  2197  2197 D RILJ    : [9791]> QUERY_NETWORK_SELECTION_MODE [SUB1]
09-21 16:41:14.131  2197  2197 D use-Rlog/RLOG-QC_RIL_OEM_HOOK: Received Broadcast Intent ACTION_UNSOL_RESPONSE_OEM_HOOK_RAW
09-21 16:41:14.131  2197  2197 D use-Rlog/RLOG-QC_RIL_OEM_HOOK: Oem ID in QCRILHOOK UNSOL RESP is QOEMHOOK
09-21 16:41:14.131  2197  2197 D use-Rlog/RLOG-QC_RIL_OEM_HOOK: Received Broadcast Intent ACTION_UNSOL_RESPONSE_OEM_HOOK_RAW
09-21 16:41:14.131  2197  2197 D use-Rlog/RLOG-QC_RIL_OEM_HOOK: Oem ID in QCRILHOOK UNSOL RESP is QOEMHOOK
09-21 16:41:14.131  2197  2197 E use-Rlog/RLOG-QC_RIL_OEM_HOOK: QcRilOemHook notifyRegistrants Failed
09-21 16:41:14.131  2197  2372 D RILJ    : [9792]> VOICE_REGISTRATION_STATE [SUB1]
09-21 16:41:14.131  2197  2197 D use-Rlog/RLOG-QC_RIL_OEM_HOOK: Received Broadcast Intent ACTION_UNSOL_RESPONSE_OEM_HOOK_RAW
09-21 16:41:14.132  2197  2197 D use-Rlog/RLOG-QC_RIL_OEM_HOOK: Oem ID in QCRILHOOK UNSOL RESP is QOEMHOOK
09-21 16:41:14.132  2197  2197 D use-Rlog/RLOG-QC_RIL_OEM_HOOK: Received Broadcast Intent ACTION_UNSOL_RESPONSE_OEM_HOOK_RAW
09-21 16:41:14.132  2197  2197 D use-Rlog/RLOG-QC_RIL_OEM_HOOK: Oem ID in QCRILHOOK UNSOL RESP is QOEMHOOK
09-21 16:41:14.134  2197  2288 D RILJ    : [UNSL]< UNSOL_RESPONSE_NETWORK_STATE_CHANGED [SUB1]
09-21 16:41:14.136  2178  2178 D use-Rlog/RLOG-QC_RIL_OEM_HOOK: Received Broadcast Intent ACTION_UNSOL_RESPONSE_OEM_HOOK_RAW
09-21 16:41:14.136  2178  2178 D use-Rlog/RLOG-QC_RIL_OEM_HOOK: Oem ID in QCRILHOOK UNSOL RESP is QOEMHOOK
09-21 16:41:14.137  2197  2288 D RILJ    : [9789]< OPERATOR {, , } [SUB1]
09-21 16:41:14.142  2197  2197 D RILJ    : [9794]> OPERATOR [SUB1]
09-21 16:41:14.143  2197  2288 D RILJ    : [9790]< DATA_REGISTRATION_STATE {.regState = NOT_REG_MT_NOT_SEARCHING_OP, .rat = 0, .reasonDataDenied = 0, .maxDataCalls = 20, .cellIdentity = {...}} [SUB1]
09-21 16:41:14.143  2197  2197 D RILJ    : [9795]> QUERY_NETWORK_SELECTION_MODE [SUB1]
09-21 16:41:14.143  2197  2435 D NetworkRegistrationManager: onGetNetworkRegistrationStateComplete result 0 state NetworkRegistrationState{transportType=1 domain=PS regState=NOT_REG_NOT_SEARCHING accessNetworkTechnology=UNKNOWN reasonForDenial=0 emergencyEnabled=false supportedServices=null cellIdentity=null voiceSpecificStates=null dataSpecificStates=DataSpecificRegistrationStates { mMaxDataCalls=20}}
09-21 16:41:14.143  2197  2197 D use-Rlog/RLOG-QC_RIL_OEM_HOOK: Received Broadcast Intent ACTION_UNSOL_RESPONSE_OEM_HOOK_RAW
09-21 16:41:14.143  2197  2197 D use-Rlog/RLOG-QC_RIL_OEM_HOOK: Oem ID in QCRILHOOK UNSOL RESP is QOEMHOOK
09-21 16:41:14.144  2197  2197 D use-Rlog/RLOG-QC_RIL_OEM_HOOK: Received Broadcast Intent ACTION_UNSOL_RESPONSE_OEM_HOOK_RAW
09-21 16:41:14.144  2197  2197 D use-Rlog/RLOG-QC_RIL_OEM_HOOK: Oem ID in QCRILHOOK UNSOL RESP is QOEMHOOK
09-21 16:41:14.144  2197  2197 E use-Rlog/RLOG-QC_RIL_OEM_HOOK: QcRilOemHook notifyRegistrants Failed
09-21 16:41:14.144  2197  2197 D use-Rlog/RLOG-QC_RIL_OEM_HOOK: Received Broadcast Intent ACTION_UNSOL_RESPONSE_OEM_HOOK_RAW
09-21 16:41:14.144  2197  2197 D use-Rlog/RLOG-QC_RIL_OEM_HOOK: Oem ID in QCRILHOOK UNSOL RESP is QOEMHOOK
09-21 16:41:14.144  2197  2197 D use-Rlog/RLOG-QC_RIL_OEM_HOOK: Received Broadcast Intent ACTION_UNSOL_RESPONSE_OEM_HOOK_RAW
09-21 16:41:14.144  2197  2197 D use-Rlog/RLOG-QC_RIL_OEM_HOOK: Oem ID in QCRILHOOK UNSOL RESP is QOEMHOOK
09-21 16:41:14.144  2197  2372 D RILJ    : [9796]> DATA_REGISTRATION_STATE [SUB1]
09-21 16:41:14.146  2197  2372 D RILJ    : [9797]> VOICE_REGISTRATION_STATE [SUB1]
09-21 16:41:14.147  2197  2288 D RILJ    : [9792]< VOICE_REGISTRATION_STATE {.regState = NOT_REG_MT_SEARCHING_OP_EM, .rat = 3, .cssSupported = false, .roamingIndicator = -1, .systemIsInPrl = -1, .defaultRoamingIndicator = -1, .reasonForDenial = 0, .cellIdentity = {...}} [SUB1]
09-21 16:41:14.148  2197  2288 D RILJ    : [9791]< QUERY_NETWORK_SELECTION_MODE {0} [SUB1]
09-21 16:41:14.148  2197  2197 D SST[1]  : [1] EVENT_POLL_STATE_NETWORK_SELECTION_MODE
09-21 16:41:14.149  2197  2435 D NetworkRegistrationManager: onGetNetworkRegistrationStateComplete result 0 state NetworkRegistrationState{transportType=1 domain=CS regState=NOT_REG_SEARCHING accessNetworkTechnology=UMTS reasonForDenial=0 emergencyEnabled=true supportedServices=[I@b99b8e cellIdentity=CellIdentityWcdma:{ mMcc=460 mMnc=01 mAlphaLong=CHN-UNICOM mAlphaShort=UNICOM} voiceSpecificStates=VoiceSpecificRegistrationStates { mCssSupported=false mRoamingIndicator=-1 mSystemIsInPrl=-1 mDefaultRoamingIndicator=-1} dataSpecificStates=null}
09-21 16:41:14.149  2197  2288 D RILJ    : [9795]< QUERY_NETWORK_SELECTION_MODE {0} [SUB1]
09-21 16:41:14.149  2197  2197 D SST[1]  : [1] EVENT_POLL_STATE_NETWORK_SELECTION_MODE
09-21 16:41:14.151  2197  2288 D RILJ    : [9794]< OPERATOR {, , } [SUB1]
09-21 16:41:14.157  2197  2288 D RILJ    : [9796]< DATA_REGISTRATION_STATE {.regState = NOT_REG_MT_NOT_SEARCHING_OP, .rat = 0, .reasonDataDenied = 0, .maxDataCalls = 20, .cellIdentity = {...}} [SUB1]
09-21 16:41:14.157  2197  2435 D NetworkRegistrationManager: onGetNetworkRegistrationStateComplete result 0 state NetworkRegistrationState{transportType=1 domain=PS regState=NOT_REG_NOT_SEARCHING accessNetworkTechnology=UNKNOWN reasonForDenial=0 emergencyEnabled=false supportedServices=null cellIdentity=null voiceSpecificStates=null dataSpecificStates=DataSpecificRegistrationStates { mMaxDataCalls=20}}
09-21 16:41:14.158  2197  2288 D RILJ    : [9797]< VOICE_REGISTRATION_STATE {.regState = NOT_REG_MT_SEARCHING_OP_EM, .rat = 3, .cssSupported = false, .roamingIndicator = -1, .systemIsInPrl = -1, .defaultRoamingIndicator = -1, .reasonForDenial = 0, .cellIdentity = {...}} [SUB1]
09-21 16:41:14.158  2197  2435 D NetworkRegistrationManager: onGetNetworkRegistrationStateComplete result 0 state NetworkRegistrationState{transportType=1 domain=CS regState=NOT_REG_SEARCHING accessNetworkTechnology=UMTS reasonForDenial=0 emergencyEnabled=true supportedServices=[I@a40afaf cellIdentity=CellIdentityWcdma:{ mMcc=460 mMnc=01 mAlphaLong=CHN-UNICOM mAlphaShort=UNICOM} voiceSpecificStates=VoiceSpecificRegistrationStates { mCssSupported=false mRoamingIndicator=-1 mSystemIsInPrl=-1 mDefaultRoamingIndicator=-1} dataSpecificStates=null}
09-21 16:41:14.161  2197  2197 D SST[1]  : [1] Poll ServiceState done:  oldSS=[{mVoiceRegState=1(OUT_OF_SERVICE), mDataRegState=1(OUT_OF_SERVICE), mChannelNumber=10763, duplexMode()=0, mCellBandwidths=[], mVoiceRoamingType=home, mDataRoamingType=home, mVoiceOperatorAlphaLong=, mVoiceOperatorAlphaShort=, mDataOperatorAlphaLong=, mDataOperatorAlphaShort=, isManualNetworkSelection=false(automatic), mRilVoiceRadioTechnology=3(UMTS), mRilDataRadioTechnology=0(Unknown), mCssIndicator=unsupported, mNetworkId=-1, mSystemId=-1, mCdmaRoamingIndicator=-1, mCdmaDefaultRoamingIndicator=-1, mIsEmergencyOnly=true, mIsDataRoamingFromRegistration=false, mIsUsingCarrierAggregation=false, mLteEarfcnRsrpBoost=0, mNetworkRegistrationStates=[NetworkRegistrationState{transportType=1 domain=CS regState=NOT_REG_SEARCHING accessNetworkTechnology=UMTS reasonForDenial=0 emergencyEnabled=true supportedServices=[I@1fe1751 cellIdentity=CellIdentityWcdma:{ mMcc=460 mMnc=01 mAlphaLong=CHN-UNICOM mAlphaShort=UNICOM} voiceSpecificStates=VoiceSpecificRegistrationStates { mCssSupported=false mRoamingIndicator=-1 mSystemIsInPrl=-1 mDefaultRoamingIndicator=-1} dataSpecificStates=null}, NetworkRegistrationState{transportType=1 domain=PS regState=NOT_REG_NOT_SEARCHING accessNetworkTechnology=UNKNOWN reasonForDenial=0 emergencyEnabled=false supportedServices=null cellIdentity=null voiceSpecificStates=null dataSpecificStates=DataSpecificRegistrationStates { mMaxDataCalls=20}}]}] newSS=[{mVoiceRegState=1(OUT_OF_SERVICE), mDataRegState=1(OUT_OF_SERVICE), mChannelNumber=10763, duplexMode()=0, mCellBandwidths=[], mVoiceRoamingType=home, mDataRoamingType=home, mVoiceOperatorAlphaLong=, mVoiceOperatorAlphaShort=, mDataOperatorAlphaLong=, mDataOperatorAlphaShort=, isManualNetworkSelection=false(automatic), mRilVoiceRadioTechnology=3(UMTS), mRilDataRadioTechnology=0(Unknown), mCssIndicator=unsupported, mNetworkId=-1, mSystemId=-1, mCdmaRoamingIndicator=-1, mCdmaDefaultRoamingIndicator=-1, mIsEmergencyOnly=true, mIsDataRoamingFromRegistration=false, mIsUsingCarrierAggregation=false, mLteEarfcnRsrpBoost=0, mNetworkRegistrationStates=[NetworkRegistrationState{transportType=1 domain=PS regState=NOT_REG_NOT_SEARCHING accessNetworkTechnology=UNKNOWN reasonForDenial=0 emergencyEnabled=false supportedServices=null cellIdentity=null voiceSpecificStates=null dataSpecificStates=DataSpecificRegistrationStates { mMaxDataCalls=20}}, NetworkRegistrationState{transportType=1 domain=CS regState=NOT_REG_SEARCHING accessNetworkTechnology=UMTS reasonForDenial=0 emergencyEnabled=true supportedServices=[I@a40afaf cellIdentity=CellIdentityWcdma:{ mMcc=460 mMnc=01 mAlphaLong=CHN-UNICOM mAlphaShort=UNICOM} voiceSpecificStates=VoiceSpecificRegistrationStates { mCssSupported=false mRoamingIndicator=-1 mSystemIsInPrl=-1 mDefaultRoamingIndicator=-1} dataSpecificStates=null}]}] oldMaxDataCalls=20 mNewMaxDataCalls=20 oldReasonDataDenied=0 mNewReasonDataDenied=0
09-21 16:41:15.045   853  1020 E ThermalEngine: read_thermal_config
09-21 16:41:15.046   853  1020 D ThermalEngine: algo_monitor: Timer EVT
09-21 16:41:15.047   853  1020 I ThermalEngine: Sensor:sdm-therm:48571 mC
09-21 16:41:15.047   853  1020 D ThermalEngine: handle_timer_sig: SS Id SS-QUIET-THERM-GOLD2 Read sdm-therm 48571mC, Err -1571mC, SampleCnt 1
09-21 16:41:15.047   853  1020 D ThermalEngine: handle_timer_sig: SS Id SS-QUIET-THERM-GOLD2 Read sdm-therm 48571mC, Err -1571mC, SampleCnt 1
09-21 16:41:15.047   853  1020 D ThermalEngine: handle_timer_sig: SS Id SS-QUIET-THERM-GOLD2, E0 -1571mC, E1 -1571mC
09-21 16:41:15.047   853  1020 D ThermalEngine: Already at device mitigation max limit
09-21 16:41:15.048   853  1020 I ThermalEngine: Sensor:sdm-therm:48571 mC
09-21 16:41:15.048   853  1020 D ThermalEngine: handle_timer_sig: SS Id SS-QUIET-THERM-GOLD Read sdm-therm 48571mC, Err -3571mC, SampleCnt 1
09-21 16:41:15.048   853  1020 D ThermalEngine: handle_timer_sig: SS Id SS-QUIET-THERM-GOLD Read sdm-therm 48571mC, Err -3571mC, SampleCnt 1
09-21 16:41:15.048   853  1020 D ThermalEngine: handle_timer_sig: SS Id SS-QUIET-THERM-GOLD, E0 -3571mC, E1 -3571mC
09-21 16:41:15.048   853  1020 D ThermalEngine: Already at device mitigation max limit
09-21 16:41:15.049   853  1020 I ThermalEngine: Sensor:sdm-therm:48571 mC
09-21 16:41:15.049   853  1020 D ThermalEngine: handle_timer_sig: SS Id SS-QUIET-THERM-SILVER3 Read sdm-therm 48571mC, Err -571mC, SampleCnt 1
09-21 16:41:15.049   853  1020 D ThermalEngine: handle_timer_sig: SS Id SS-QUIET-THERM-SILVER3 Read sdm-therm 48571mC, Err -571mC, SampleCnt 1
09-21 16:41:15.049   853  1020 D ThermalEngine: handle_timer_sig: SS Id SS-QUIET-THERM-SILVER3, E0 -571mC, E1 -571mC
09-21 16:41:15.049   853  1020 D ThermalEngine: Already at device mitigation max limit
09-21 16:41:15.050   853  1020 I ThermalEngine: Sensor:sdm-therm:48571 mC
09-21 16:41:15.050   853  1020 D ThermalEngine: handle_timer_sig: SS Id SS-QUIET-THERM-SILVER2 Read sdm-therm 48571mC, Err -2571mC, SampleCnt 1
09-21 16:41:15.050   853  1020 D ThermalEngine: handle_timer_sig: SS Id SS-QUIET-THERM-SILVER2 Read sdm-therm 48571mC, Err -2571mC, SampleCnt 1
09-21 16:41:15.050   853  1020 D ThermalEngine: handle_timer_sig: SS Id SS-QUIET-THERM-SILVER2, E0 -2571mC, E1 -2571mC
09-21 16:41:15.050   853  1020 D ThermalEngine: Already at device mitigation max limit
09-21 16:41:15.051   853  1020 I ThermalEngine: Sensor:sdm-therm:48571 mC
09-21 16:41:15.051   853  1020 D ThermalEngine: handle_timer_sig: SS Id SS-QUIET-THERM-SILVER Read sdm-therm 48571mC, Err -4571mC, SampleCnt 1
09-21 16:41:15.051   853  1020 D ThermalEngine: handle_timer_sig: SS Id SS-QUIET-THERM-SILVER Read sdm-therm 48571mC, Err -4571mC, SampleCnt 1
09-21 16:41:15.051   853  1020 D ThermalEngine: handle_timer_sig: SS Id SS-QUIET-THERM-SILVER, E0 -4571mC, E1 -4571mC
09-21 16:41:15.051   853  1020 D ThermalEngine: Already at device mitigation max limit
09-21 16:41:15.051   853  1020 I ThermalEngine: settimer: Start timer 2.000(sec)
09-21 16:41:15.051   853  1020 D ThermalEngine: algo_monitor: Wait for EV
09-21 16:41:17.051   853  1020 E ThermalEngine: read_thermal_config
09-21 16:41:17.052   853  1020 D ThermalEngine: algo_monitor: Timer EVT
09-21 16:41:17.053   853  1020 I ThermalEngine: Sensor:sdm-therm:48636 mC
09-21 16:41:17.053   853  1020 D ThermalEngine: handle_timer_sig: SS Id SS-QUIET-THERM-GOLD2 Read sdm-therm 48636mC, Err -1636mC, SampleCnt 1
09-21 16:41:17.053   853  1020 D ThermalEngine: handle_timer_sig: SS Id SS-QUIET-THERM-GOLD2 Read sdm-therm 48636mC, Err -1636mC, SampleCnt 1
09-21 16:41:17.053   853  1020 D ThermalEngine: handle_timer_sig: SS Id SS-QUIET-THERM-GOLD2, E0 -1636mC, E1 -1571mC
09-21 16:41:17.053   853  1020 D ThermalEngine: Already at device mitigation max limit
09-21 16:41:17.055   853  1020 I ThermalEngine: Sensor:sdm-therm:48636 mC
09-21 16:41:17.055   853  1020 D ThermalEngine: handle_timer_sig: SS Id SS-QUIET-THERM-GOLD Read sdm-therm 48636mC, Err -3636mC, SampleCnt 1
09-21 16:41:17.055   853  1020 D ThermalEngine: handle_timer_sig: SS Id SS-QUIET-THERM-GOLD Read sdm-therm 48636mC, Err -3636mC, SampleCnt 1
09-21 16:41:17.055   853  1020 D ThermalEngine: handle_timer_sig: SS Id SS-QUIET-THERM-GOLD, E0 -3636mC, E1 -3571mC
09-21 16:41:17.055   853  1020 D ThermalEngine: Already at device mitigation max limit
09-21 16:41:17.057   853  1020 I ThermalEngine: Sensor:sdm-therm:48571 mC
09-21 16:41:17.057   853  1020 D ThermalEngine: handle_timer_sig: SS Id SS-QUIET-THERM-SILVER3 Read sdm-therm 48571mC, Err -571mC, SampleCnt 1
09-21 16:41:17.057   853  1020 D ThermalEngine: handle_timer_sig: SS Id SS-QUIET-THERM-SILVER3 Read sdm-therm 48571mC, Err -571mC, SampleCnt 1
09-21 16:41:17.057   853  1020 D ThermalEngine: handle_timer_sig: SS Id SS-QUIET-THERM-SILVER3, E0 -571mC, E1 -571mC
09-21 16:41:17.057   853  1020 D ThermalEngine: Already at device mitigation max limit
09-21 16:41:17.058   853  1020 I ThermalEngine: Sensor:sdm-therm:48636 mC
09-21 16:41:17.058   853  1020 D ThermalEngine: handle_timer_sig: SS Id SS-QUIET-THERM-SILVER2 Read sdm-therm 48636mC, Err -2636mC, SampleCnt 1
09-21 16:41:17.058   853  1020 D ThermalEngine: handle_timer_sig: SS Id SS-QUIET-THERM-SILVER2 Read sdm-therm 48636mC, Err -2636mC, SampleCnt 1
09-21 16:41:17.058   853  1020 D ThermalEngine: handle_timer_sig: SS Id SS-QUIET-THERM-SILVER2, E0 -2636mC, E1 -2571mC
09-21 16:41:17.058   853  1020 D ThermalEngine: Already at device mitigation max limit
09-21 16:41:17.059   853  1020 I ThermalEngine: Sensor:sdm-therm:48571 mC
09-21 16:41:17.059   853  1020 D ThermalEngine: handle_timer_sig: SS Id SS-QUIET-THERM-SILVER Read sdm-therm 48571mC, Err -4571mC, SampleCnt 1
09-21 16:41:17.059   853  1020 D ThermalEngine: handle_timer_sig: SS Id SS-QUIET-THERM-SILVER Read sdm-therm 48571mC, Err -4571mC, SampleCnt 1
09-21 16:41:17.059   853  1020 D ThermalEngine: handle_timer_sig: SS Id SS-QUIET-THERM-SILVER, E0 -4571mC, E1 -4571mC
09-21 16:41:17.059   853  1020 D ThermalEngine: Already at device mitigation max limit
09-21 16:41:17.059   853  1020 I ThermalEngine: settimer: Start timer 2.000(sec)
09-21 16:41:17.059   853  1020 D ThermalEngine: algo_monitor: Wait for EV
09-21 16:41:18.613  2975  3199 E octvm_klo: logd seems exit or crashed, reinitialized.
09-21 16:41:19.060   853  1020 E ThermalEngine: read_thermal_config
09-21 16:41:19.060   853  1020 D ThermalEngine: algo_monitor: Timer EVT
09-21 16:41:19.061   853  1020 I ThermalEngine: Sensor:sdm-therm:48636 mC
09-21 16:41:19.061   853  1020 D ThermalEngine: handle_timer_sig: SS Id SS-QUIET-THERM-GOLD2 Read sdm-therm 48636mC, Err -1636mC, SampleCnt 1
09-21 16:41:19.061   853  1020 D ThermalEngine: handle_timer_sig: SS Id SS-QUIET-THERM-GOLD2 Read sdm-therm 48636mC, Err -1636mC, SampleCnt 1
09-21 16:41:19.061   853  1020 D ThermalEngine: handle_timer_sig: SS Id SS-QUIET-THERM-GOLD2, E0 -1636mC, E1 -1636mC
09-21 16:41:19.061   853  1020 D ThermalEngine: Already at device mitigation max limit
09-21 16:41:19.063   853  1020 I ThermalEngine: Sensor:sdm-therm:48636 mC
09-21 16:41:19.063   853  1020 D ThermalEngine: handle_timer_sig: SS Id SS-QUIET-THERM-GOLD Read sdm-therm 48636mC, Err -3636mC, SampleCnt 1
09-21 16:41:19.063   853  1020 D ThermalEngine: handle_timer_sig: SS Id SS-QUIET-THERM-GOLD Read sdm-therm 48636mC, Err -3636mC, SampleCnt 1
09-21 16:41:19.063   853  1020 D ThermalEngine: handle_timer_sig: SS Id SS-QUIET-THERM-GOLD, E0 -3636mC, E1 -3636mC
09-21 16:41:19.063   853  1020 D ThermalEngine: Already at device mitigation max limit
09-21 16:41:19.064   853  1020 I ThermalEngine: Sensor:sdm-therm:48636 mC
09-21 16:41:19.064   853  1020 D ThermalEngine: handle_timer_sig: SS Id SS-QUIET-THERM-SILVER3 Read sdm-therm 48636mC, Err -636mC, SampleCnt 1
09-21 16:41:19.064   853  1020 D ThermalEngine: handle_timer_sig: SS Id SS-QUIET-THERM-SILVER3 Read sdm-therm 48636mC, Err -636mC, SampleCnt 1
09-21 16:41:19.064   853  1020 D ThermalEngine: handle_timer_sig: SS Id SS-QUIET-THERM-SILVER3, E0 -636mC, E1 -571mC
09-21 16:41:19.064   853  1020 D ThermalEngine: Already at device mitigation max limit
09-21 16:41:19.065   853  1020 I ThermalEngine: Sensor:sdm-therm:48636 mC
09-21 16:41:19.066   853  1020 D ThermalEngine: handle_timer_sig: SS Id SS-QUIET-THERM-SILVER2 Read sdm-therm 48636mC, Err -2636mC, SampleCnt 1
09-21 16:41:19.066   853  1020 D ThermalEngine: handle_timer_sig: SS Id SS-QUIET-THERM-SILVER2 Read sdm-therm 48636mC, Err -2636mC, SampleCnt 1
09-21 16:41:19.066   853  1020 D ThermalEngine: handle_timer_sig: SS Id SS-QUIET-THERM-SILVER2, E0 -2636mC, E1 -2636mC
09-21 16:41:19.066   853  1020 D ThermalEngine: Already at device mitigation max limit
09-21 16:41:19.067   853  1020 I ThermalEngine: Sensor:sdm-therm:48636 mC
09-21 16:41:19.067   853  1020 D ThermalEngine: handle_timer_sig: SS Id SS-QUIET-THERM-SILVER Read sdm-therm 48636mC, Err -4636mC, SampleCnt 1
09-21 16:41:19.067   853  1020 D ThermalEngine: handle_timer_sig: SS Id SS-QUIET-THERM-SILVER Read sdm-therm 48636mC, Err -4636mC, SampleCnt 1
09-21 16:41:19.067   853  1020 D ThermalEngine: handle_timer_sig: SS Id SS-QUIET-THERM-SILVER, E0 -4636mC, E1 -4571mC
09-21 16:41:19.067   853  1020 D ThermalEngine: Already at device mitigation max limit
09-21 16:41:19.067   853  1020 I ThermalEngine: settimer: Start timer 2.000(sec)
09-21 16:41:19.067   853  1020 D ThermalEngine: algo_monitor: Wait for EV
