--------- beginning of events
09-21 16:07:50.697  1589  1737 I netstats_mobile_sample: [0,0,0,0,0,0,0,0,0,0,0,0,1726906070952]
09-21 16:07:50.697  1589  1737 I netstats_wifi_sample: [2036280372,2777093,56272811,694541,2036280372,2777093,56272811,694541,2100396112,2591491,55813781,691844,1726906070952]
09-21 16:07:50.757  1589  1737 I netstats_mobile_sample: [0,0,0,0,0,0,0,0,0,0,0,0,1726906071012]
09-21 16:07:50.757  1589  1737 I netstats_wifi_sample: [2036520328,2777151,56275047,694584,2036490616,2777145,56274787,694579,2100636196,2591548,55815913,691885,1726906071012]
--------- beginning of main
09-21 16:07:50.757  1589  1737 D NtpTrustedTime: currentTimeMillis() cache hit
09-21 16:07:50.761  2990  3462 I TrafficManageService: mina mTrafficStatsReceiver onReceive
09-21 16:07:50.789  1589  1737 D NtpTrustedTime: currentTimeMillis() cache hit
09-21 16:07:50.808  1589  1737 I netstats_mobile_sample: [0,0,0,0,0,0,0,0,0,0,0,0,1726906071064]
09-21 16:07:50.809  1589  1737 I netstats_wifi_sample: [2036769744,2777209,56277639,694632,2036752684,2777204,56277327,694626,2100874204,2591602,55818297,691929,1726906071064]
09-21 16:07:50.808  1589  1737 D NtpTrustedTime: currentTimeMillis() cache hit
09-21 16:07:50.811  2990  3462 I TrafficManageService: mina mTrafficStatsReceiver onReceive
09-21 16:07:50.842  1589  1737 D NtpTrustedTime: currentTimeMillis() cache hit
09-21 16:07:50.862  1589  1737 I netstats_mobile_sample: [0,0,0,0,0,0,0,0,0,0,0,0,1726906071118]
09-21 16:07:50.862  1589  1737 I netstats_wifi_sample: [2036975877,2777272,56279823,694674,2036958765,2777266,56279511,694668,2101087642,2591664,55820429,691970,1726906071118]
09-21 16:07:50.862  1589  1737 D NtpTrustedTime: currentTimeMillis() cache hit
09-21 16:07:50.864  2990  3462 I TrafficManageService: mina mTrafficStatsReceiver onReceive
09-21 16:07:50.895  1589  1737 D NtpTrustedTime: currentTimeMillis() cache hit
09-21 16:07:50.912  1589  1737 I netstats_mobile_sample: [0,0,0,0,0,0,0,0,0,0,0,0,1726906071168]
09-21 16:07:50.913  1589  1737 I netstats_wifi_sample: [2037217157,2777362,56283047,694736,2037212905,2777361,56283047,694736,2101335974,2591755,55823809,692035,1726906071168]
09-21 16:07:50.912  1589  1737 D NtpTrustedTime: currentTimeMillis() cache hit
09-21 16:07:50.914  2990  3462 I TrafficManageService: mina mTrafficStatsReceiver onReceive
09-21 16:07:50.962  1589  1737 D NtpTrustedTime: currentTimeMillis() cache hit
09-21 16:07:50.982  1589  1737 I netstats_mobile_sample: [0,0,0,0,0,0,0,0,0,0,0,0,1726906071237]
09-21 16:07:50.983  1589  1737 I netstats_wifi_sample: [2037445339,2777415,56285283,694779,2037417027,2777409,56285075,694775,2101562886,2591811,55826201,692081,1726906071237]
09-21 16:07:50.982  1589  1737 D NtpTrustedTime: currentTimeMillis() cache hit
09-21 16:07:50.985  2990  3462 I TrafficManageService: mina mTrafficStatsReceiver onReceive
09-21 16:07:51.033  1589  1737 D NtpTrustedTime: currentTimeMillis() cache hit
09-21 16:07:51.054  1589  1737 I netstats_mobile_sample: [0,0,0,0,0,0,0,0,0,0,0,0,1726906071309]
09-21 16:07:51.054  1589  1737 I netstats_wifi_sample: [2037694565,2777483,56287571,694823,2037694387,2777481,56287571,694823,2101842378,2591882,55828749,692130,1726906071309]
09-21 16:07:51.053  1589  1737 D NtpTrustedTime: currentTimeMillis() cache hit
09-21 16:07:51.057  2990  3462 I TrafficManageService: mina mTrafficStatsReceiver onReceive
09-21 16:07:51.085  1589  1737 D NtpTrustedTime: currentTimeMillis() cache hit
09-21 16:07:51.106  1589  1737 I netstats_mobile_sample: [0,0,0,0,0,0,0,0,0,0,0,0,1726906071362]
09-21 16:07:51.107  1589  1737 I netstats_wifi_sample: [2037928165,2777533,56289547,694861,2037896949,2777525,56289235,694855,2102013565,2591923,55830153,692157,1726906071362]
09-21 16:07:51.106  1589  1737 D NtpTrustedTime: currentTimeMillis() cache hit
09-21 16:07:51.110  2990  3462 I TrafficManageService: mina mTrafficStatsReceiver onReceive
09-21 16:07:51.141  1589  1737 D NtpTrustedTime: currentTimeMillis() cache hit
09-21 16:07:51.186  1589  1737 I netstats_mobile_sample: [0,0,0,0,0,0,0,0,0,0,0,0,1726906071442]
09-21 16:07:51.186  1589  1737 I netstats_wifi_sample: [2038166593,2777592,56291575,694900,2038166593,2777592,56291575,694900,2102281821,2591990,55832493,692202,1726906071442]
09-21 16:07:51.186  1589  1737 D NtpTrustedTime: currentTimeMillis() cache hit
09-21 16:07:51.188  2990  3462 I TrafficManageService: mina mTrafficStatsReceiver onReceive
09-21 16:07:51.211  1589  1737 D NtpTrustedTime: currentTimeMillis() cache hit
09-21 16:07:51.244  1589  1737 I netstats_mobile_sample: [0,0,0,0,0,0,0,0,0,0,0,0,1726906071500]
09-21 16:07:51.244  1589  1737 I netstats_wifi_sample: [2038413157,2777649,56293811,694943,2038380437,2777639,56293447,694936,2102498257,2592033,55834313,692237,1726906071500]
09-21 16:07:51.244  1589  1737 D NtpTrustedTime: currentTimeMillis() cache hit
09-21 16:07:51.246  2990  3462 I TrafficManageService: mina mTrafficStatsReceiver onReceive
09-21 16:07:51.274  1589  1737 D NtpTrustedTime: currentTimeMillis() cache hit
09-21 16:07:51.290  1589  1737 I netstats_mobile_sample: [0,0,0,0,0,0,0,0,0,0,0,0,1726906071546]
09-21 16:07:51.290  1589  1737 I netstats_wifi_sample: [2038664085,2777727,56296359,694992,2038664085,2777727,56296359,694992,2102780853,2592122,55837225,692293,1726906071546]
09-21 16:07:51.290  1589  1737 D NtpTrustedTime: currentTimeMillis() cache hit
09-21 16:07:51.292  2990  3462 I TrafficManageService: mina mTrafficStatsReceiver onReceive
09-21 16:07:51.318  1589  1737 D NtpTrustedTime: currentTimeMillis() cache hit
09-21 16:07:51.345  1589  1737 I netstats_mobile_sample: [0,0,0,0,0,0,0,0,0,0,0,0,1726906071601]
09-21 16:07:51.345  1589  1737 I netstats_wifi_sample: [2038947569,2777794,56299011,695043,2038909249,2777784,56298647,695036,2103013261,2592176,55839149,692330,1726906071601]
09-21 16:07:51.345  1589  1737 D NtpTrustedTime: currentTimeMillis() cache hit
09-21 16:07:51.347  2990  3462 I TrafficManageService: mina mTrafficStatsReceiver onReceive
09-21 16:07:51.375  1589  1737 D NtpTrustedTime: currentTimeMillis() cache hit
09-21 16:07:51.397  1589  1737 I netstats_mobile_sample: [0,0,0,0,0,0,0,0,0,0,0,0,1726906071652]
09-21 16:07:51.397  1589  1737 I netstats_wifi_sample: [2039196052,2777843,56300831,695078,2039187548,2777841,56300779,695077,2103293090,2592236,55841645,692378,1726906071652]
09-21 16:07:51.396  1589  1737 D NtpTrustedTime: currentTimeMillis() cache hit
09-21 16:07:51.399  2990  3462 I TrafficManageService: mina mTrafficStatsReceiver onReceive
09-21 16:07:51.428  1589  1737 D NtpTrustedTime: currentTimeMillis() cache hit
09-21 16:07:51.445  1589  1737 I netstats_mobile_sample: [0,0,0,0,0,0,0,0,0,0,0,0,1726906071701]
09-21 16:07:51.446  1589  1737 I netstats_wifi_sample: [2039441060,2777897,56303175,695121,2039436808,2777896,56303123,695120,2103555054,2592293,55843989,692421,1726906071701]
09-21 16:07:51.445  1589  1737 D NtpTrustedTime: currentTimeMillis() cache hit
09-21 16:07:51.447  2990  3462 I TrafficManageService: mina mTrafficStatsReceiver onReceive
09-21 16:07:51.476  1589  1737 D NtpTrustedTime: currentTimeMillis() cache hit
09-21 16:07:51.497  1589  1737 I netstats_mobile_sample: [0,0,0,0,0,0,0,0,0,0,0,0,1726906071753]
09-21 16:07:51.498  1589  1737 I netstats_wifi_sample: [2039662832,2777954,56305151,695159,2039647276,2777951,56305047,695157,2103768419,2592348,55845965,692459,1726906071753]
09-21 16:07:51.497  1589  1737 D NtpTrustedTime: currentTimeMillis() cache hit
09-21 16:07:51.501  2990  3462 I TrafficManageService: mina mTrafficStatsReceiver onReceive
09-21 16:07:51.529  1589  1737 D NtpTrustedTime: currentTimeMillis() cache hit
09-21 16:07:51.550  1589  1737 I netstats_mobile_sample: [0,0,0,0,0,0,0,0,0,0,0,0,1726906071806]
09-21 16:07:51.550  1589  1737 I netstats_wifi_sample: [2039945076,2778051,56308531,695224,2039920912,2778044,56308219,695218,2104036195,2592436,55849085,692519,1726906071806]
09-21 16:07:51.550  1589  1737 D NtpTrustedTime: currentTimeMillis() cache hit
09-21 16:07:51.552  2990  3462 I TrafficManageService: mina mTrafficStatsReceiver onReceive
09-21 16:07:51.586  1589  1737 D NtpTrustedTime: currentTimeMillis() cache hit
09-21 16:07:51.606  1589  1737 I netstats_mobile_sample: [0,0,0,0,0,0,0,0,0,0,0,0,1726906071861]
09-21 16:07:51.607  1589  1737 I netstats_wifi_sample: [2040196882,2778112,56310981,695267,2040169970,2778106,56310773,695263,2104278931,2592503,55851535,692562,1726906071861]
09-21 16:07:51.605  1589  1737 D NtpTrustedTime: currentTimeMillis() cache hit
09-21 16:07:51.609  2990  3462 I TrafficManageService: mina mTrafficStatsReceiver onReceive
09-21 16:07:51.637  1589  1737 D NtpTrustedTime: currentTimeMillis() cache hit
09-21 16:07:51.656  1589  1737 I netstats_mobile_sample: [0,0,0,0,0,0,0,0,0,0,0,0,1726906071911]
09-21 16:07:51.656  1589  1737 I netstats_wifi_sample: [2040433074,2778158,56312801,695302,2040433074,2778158,56312801,695302,2104549243,2592559,55853771,692605,1726906071911]
09-21 16:07:51.656  1589  1737 D NtpTrustedTime: currentTimeMillis() cache hit
09-21 16:07:51.663  2990  3462 I TrafficManageService: mina mTrafficStatsReceiver onReceive
09-21 16:07:51.689  1589  1737 D NtpTrustedTime: currentTimeMillis() cache hit
09-21 16:07:51.707  1589  1737 I netstats_mobile_sample: [0,0,0,0,0,0,0,0,0,0,0,0,1726906071963]
09-21 16:07:51.708  1589  1737 I netstats_wifi_sample: [2040699180,2778241,56315765,695359,2040682016,2778234,56315453,695353,2104798744,2592632,55856215,692652,1726906071963]
09-21 16:07:51.707  1589  1737 D NtpTrustedTime: currentTimeMillis() cache hit
09-21 16:07:51.710  2990  3462 I TrafficManageService: mina mTrafficStatsReceiver onReceive
09-21 16:07:51.745  1589  1737 D NtpTrustedTime: currentTimeMillis() cache hit
09-21 16:07:51.763  1589  1737 I netstats_mobile_sample: [0,0,0,0,0,0,0,0,0,0,0,0,1726906072018]
09-21 16:07:51.764  1589  1737 I netstats_wifi_sample: [2040920305,2778293,56317325,695389,2040919825,2778291,56317325,695389,2105049664,2592692,55858347,692693,1726906072018]
09-21 16:07:51.763  1589  1737 D NtpTrustedTime: currentTimeMillis() cache hit
09-21 16:07:51.765  2990  3462 I TrafficManageService: mina mTrafficStatsReceiver onReceive
09-21 16:07:51.795  1589  1737 D NtpTrustedTime: currentTimeMillis() cache hit
09-21 16:07:51.817  1589  1737 I netstats_mobile_sample: [0,0,0,0,0,0,0,0,0,0,0,0,1726906072073]
09-21 16:07:51.818  1589  1737 I netstats_wifi_sample: [2041218721,2778351,56319865,695436,2041183253,2778342,56319377,695428,2105297935,2592741,55860063,692726,1726906072073]
09-21 16:07:51.817  1589  1737 D NtpTrustedTime: currentTimeMillis() cache hit
09-21 16:07:51.821  2990  3462 I TrafficManageService: mina mTrafficStatsReceiver onReceive
09-21 16:07:51.860  1589  1737 D NtpTrustedTime: currentTimeMillis() cache hit
09-21 16:07:51.880  1589  1737 I netstats_mobile_sample: [0,0,0,0,0,0,0,0,0,0,0,0,1726906072135]
09-21 16:07:51.880  1589  1737 I netstats_wifi_sample: [2041447566,2778407,56321945,695476,2041437558,2778403,56321789,695473,2105560942,2592804,55862655,692774,1726906072135]
09-21 16:07:51.879  1589  1737 D NtpTrustedTime: currentTimeMillis() cache hit
09-21 16:07:51.882  2990  3462 I TrafficManageService: mina mTrafficStatsReceiver onReceive
09-21 16:07:51.912  1589  1737 D NtpTrustedTime: currentTimeMillis() cache hit
09-21 16:07:51.933  1589  1737 I netstats_mobile_sample: [0,0,0,0,0,0,0,0,0,0,0,0,1726906072188]
09-21 16:07:51.933  1589  1737 I netstats_wifi_sample: [2041693666,2778482,56324493,695525,2041676606,2778477,56324337,695522,2105799938,2592877,55865203,692823,1726906072188]
09-21 16:07:51.932  1589  1737 D NtpTrustedTime: currentTimeMillis() cache hit
09-21 16:07:51.935  2990  3462 I TrafficManageService: mina mTrafficStatsReceiver onReceive
09-21 16:07:52.019  1589  1737 D NtpTrustedTime: currentTimeMillis() cache hit
09-21 16:07:52.037  1589  1737 I netstats_mobile_sample: [0,0,0,0,0,0,0,0,0,0,0,0,1726906072293]
09-21 16:07:52.038  1589  1737 I netstats_wifi_sample: [2041919332,2778554,56326937,695572,2041919332,2778554,56326937,695572,2106040466,2592959,55867959,692876,1726906072293]
09-21 16:07:52.037  1589  1737 D NtpTrustedTime: currentTimeMillis() cache hit
09-21 16:07:52.040  2990  3462 I TrafficManageService: mina mTrafficStatsReceiver onReceive
09-21 16:07:52.082  2317  2341 I QcrilOemhookMsgTunnel: [1]processOemHookIndication length=21
09-21 16:07:52.082  2317  2317 D QcrilMsgTunnelIfaceManager: handleMessage what = 0
--------- beginning of radio
09-21 16:07:52.083  2197  2288 D RILJ    : Unsol response received; Sending ack to ril.cpp [SUB1]
09-21 16:07:52.083  2197  2288 D RILJ    : [UNSL]< UNSOL_RESPONSE_NETWORK_STATE_CHANGED [SUB1]
09-21 16:07:52.084  2197  2372 D NetworkRegistrationManager: onNetworkStateChanged
09-21 16:07:52.084  2197  2197 D SST[1]  : [1] pollState: modemTriggered=true
09-21 16:07:52.086  2178  2178 D use-Rlog/RLOG-QC_RIL_OEM_HOOK: Received Broadcast Intent ACTION_UNSOL_RESPONSE_OEM_HOOK_RAW
09-21 16:07:52.086  2178  2178 D use-Rlog/RLOG-QC_RIL_OEM_HOOK: Oem ID in QCRILHOOK UNSOL RESP is QOEMHOOK
09-21 16:07:52.087  2197  2197 D RILJ    : [5863]> OPERATOR [SUB1]
09-21 16:07:52.087  2197  2197 D NetworkRegistrationManager: getNetworkRegistrationState domain 2
09-21 16:07:52.088  2197  2197 D NetworkRegistrationManager: getNetworkRegistrationState domain 1
09-21 16:07:52.089  2197  2197 D RILJ    : [5864]> QUERY_NETWORK_SELECTION_MODE [SUB1]
09-21 16:07:52.090  2197  2197 D use-Rlog/RLOG-QC_RIL_OEM_HOOK: Received Broadcast Intent ACTION_UNSOL_RESPONSE_OEM_HOOK_RAW
09-21 16:07:52.090  2197  2197 D use-Rlog/RLOG-QC_RIL_OEM_HOOK: Oem ID in QCRILHOOK UNSOL RESP is QOEMHOOK
09-21 16:07:52.090  2197  2197 D use-Rlog/RLOG-QC_RIL_OEM_HOOK: Received Broadcast Intent ACTION_UNSOL_RESPONSE_OEM_HOOK_RAW
09-21 16:07:52.090  2197  2197 D use-Rlog/RLOG-QC_RIL_OEM_HOOK: Oem ID in QCRILHOOK UNSOL RESP is QOEMHOOK
09-21 16:07:52.090  2197  2197 E use-Rlog/RLOG-QC_RIL_OEM_HOOK: QcRilOemHook notifyRegistrants Failed
09-21 16:07:52.090  2197  2197 D use-Rlog/RLOG-QC_RIL_OEM_HOOK: Received Broadcast Intent ACTION_UNSOL_RESPONSE_OEM_HOOK_RAW
09-21 16:07:52.091  2197  2197 D use-Rlog/RLOG-QC_RIL_OEM_HOOK: Oem ID in QCRILHOOK UNSOL RESP is QOEMHOOK
09-21 16:07:52.091  2197  2197 D use-Rlog/RLOG-QC_RIL_OEM_HOOK: Received Broadcast Intent ACTION_UNSOL_RESPONSE_OEM_HOOK_RAW
09-21 16:07:52.091  2197  2197 D use-Rlog/RLOG-QC_RIL_OEM_HOOK: Oem ID in QCRILHOOK UNSOL RESP is QOEMHOOK
09-21 16:07:52.092  2197  2372 D RILJ    : [5865]> DATA_REGISTRATION_STATE [SUB1]
09-21 16:07:52.093  2317  2341 I QcrilOemhookMsgTunnel: [1]processOemHookIndication length=21
09-21 16:07:52.093  2197  2288 D RILJ    : Unsol response received; Sending ack to ril.cpp [SUB1]
09-21 16:07:52.094  2197  2288 D RILJ    : [UNSL]< UNSOL_RESPONSE_NETWORK_STATE_CHANGED [SUB1]
09-21 16:07:52.094  2197  2372 D RILJ    : [5866]> VOICE_REGISTRATION_STATE [SUB1]
09-21 16:07:52.094  2317  2317 D QcrilMsgTunnelIfaceManager: handleMessage what = 0
09-21 16:07:52.094  2197  2372 D NetworkRegistrationManager: onNetworkStateChanged
09-21 16:07:52.096  2197  2197 D PhoneSwitcher: handle event - 108
09-21 16:07:52.096  2197  2197 D SST[1]  : [1] pollState: modemTriggered=true
09-21 16:07:52.097  2178  2178 D use-Rlog/RLOG-QC_RIL_OEM_HOOK: Received Broadcast Intent ACTION_UNSOL_RESPONSE_OEM_HOOK_RAW
09-21 16:07:52.097  2178  2178 D use-Rlog/RLOG-QC_RIL_OEM_HOOK: Oem ID in QCRILHOOK UNSOL RESP is QOEMHOOK
09-21 16:07:52.097  2197  2197 D RILJ    : [5868]> OPERATOR [SUB1]
09-21 16:07:52.098  2197  2197 D NetworkRegistrationManager: getNetworkRegistrationState domain 2
09-21 16:07:52.098  2197  2197 D NetworkRegistrationManager: getNetworkRegistrationState domain 1
09-21 16:07:52.099  2197  2197 D RILJ    : [5869]> QUERY_NETWORK_SELECTION_MODE [SUB1]
09-21 16:07:52.100  2197  2197 D use-Rlog/RLOG-QC_RIL_OEM_HOOK: Received Broadcast Intent ACTION_UNSOL_RESPONSE_OEM_HOOK_RAW
09-21 16:07:52.100  2197  2197 D use-Rlog/RLOG-QC_RIL_OEM_HOOK: Oem ID in QCRILHOOK UNSOL RESP is QOEMHOOK
09-21 16:07:52.101  2197  2197 D use-Rlog/RLOG-QC_RIL_OEM_HOOK: Received Broadcast Intent ACTION_UNSOL_RESPONSE_OEM_HOOK_RAW
09-21 16:07:52.101  2197  2197 D use-Rlog/RLOG-QC_RIL_OEM_HOOK: Oem ID in QCRILHOOK UNSOL RESP is QOEMHOOK
09-21 16:07:52.101  2197  2372 D RILJ    : [5870]> DATA_REGISTRATION_STATE [SUB1]
09-21 16:07:52.102  2197  2288 D RILJ    : [5863]< OPERATOR {, , } [SUB1]
09-21 16:07:52.101  2197  2197 E use-Rlog/RLOG-QC_RIL_OEM_HOOK: QcRilOemHook notifyRegistrants Failed
09-21 16:07:52.102  2197  2197 D use-Rlog/RLOG-QC_RIL_OEM_HOOK: Received Broadcast Intent ACTION_UNSOL_RESPONSE_OEM_HOOK_RAW
09-21 16:07:52.102  2197  2197 D use-Rlog/RLOG-QC_RIL_OEM_HOOK: Oem ID in QCRILHOOK UNSOL RESP is QOEMHOOK
09-21 16:07:52.102  2197  2197 D use-Rlog/RLOG-QC_RIL_OEM_HOOK: Received Broadcast Intent ACTION_UNSOL_RESPONSE_OEM_HOOK_RAW
09-21 16:07:52.102  2197  2197 D use-Rlog/RLOG-QC_RIL_OEM_HOOK: Oem ID in QCRILHOOK UNSOL RESP is QOEMHOOK
09-21 16:07:52.102  2197  2197 D PhoneSwitcher: handle event - 108
09-21 16:07:52.102  2197  2372 D RILJ    : [5871]> VOICE_REGISTRATION_STATE [SUB1]
09-21 16:07:52.103  2197  2288 D RILJ    : [5868]< OPERATOR {, , } [SUB1]
09-21 16:07:52.103  2197  2288 D RILJ    : [5864]< QUERY_NETWORK_SELECTION_MODE {0} [SUB1]
09-21 16:07:52.103  2197  2288 D RILJ    : [5869]< QUERY_NETWORK_SELECTION_MODE {0} [SUB1]
09-21 16:07:52.105  2197  2197 D SST[1]  : [1] EVENT_POLL_STATE_NETWORK_SELECTION_MODE
09-21 16:07:52.105  2197  2197 D SST[1]  : [1] EVENT_POLL_STATE_NETWORK_SELECTION_MODE
09-21 16:07:52.106  2197  2288 D RILJ    : [5865]< DATA_REGISTRATION_STATE {.regState = NOT_REG_MT_NOT_SEARCHING_OP, .rat = 0, .reasonDataDenied = 0, .maxDataCalls = 20, .cellIdentity = {...}} [SUB1]
09-21 16:07:52.106  2197  2435 D NetworkRegistrationManager: onGetNetworkRegistrationStateComplete result 0 state NetworkRegistrationState{transportType=1 domain=PS regState=NOT_REG_NOT_SEARCHING accessNetworkTechnology=UNKNOWN reasonForDenial=0 emergencyEnabled=false supportedServices=null cellIdentity=null voiceSpecificStates=null dataSpecificStates=DataSpecificRegistrationStates { mMaxDataCalls=20}}
09-21 16:07:52.106  2197  2288 D RILJ    : [5870]< DATA_REGISTRATION_STATE {.regState = NOT_REG_MT_NOT_SEARCHING_OP, .rat = 0, .reasonDataDenied = 0, .maxDataCalls = 20, .cellIdentity = {...}} [SUB1]
09-21 16:07:52.106  2197  2435 D NetworkRegistrationManager: onGetNetworkRegistrationStateComplete result 0 state NetworkRegistrationState{transportType=1 domain=PS regState=NOT_REG_NOT_SEARCHING accessNetworkTechnology=UNKNOWN reasonForDenial=0 emergencyEnabled=false supportedServices=null cellIdentity=null voiceSpecificStates=null dataSpecificStates=DataSpecificRegistrationStates { mMaxDataCalls=20}}
09-21 16:07:52.109  2197  2197 D SST[1]  : [1] Could not set ServiceState channel number. CellIdentity null
09-21 16:07:52.109  2197  2197 D SST[1]  : [1] handlPollStateResultMessage: GsmSST dataServiceState=1 regState=0 dataRadioTechnology=0
09-21 16:07:52.110  2197  2288 D RILJ    : [5866]< VOICE_REGISTRATION_STATE {.regState = NOT_REG_MT_SEARCHING_OP_EM, .rat = 3, .cssSupported = false, .roamingIndicator = -1, .systemIsInPrl = -1, .defaultRoamingIndicator = -1, .reasonForDenial = 0, .cellIdentity = {...}} [SUB1]
09-21 16:07:52.111  2197  2288 D RILJ    : [5871]< VOICE_REGISTRATION_STATE {.regState = NOT_REG_MT_SEARCHING_OP_EM, .rat = 3, .cssSupported = false, .roamingIndicator = -1, .systemIsInPrl = -1, .defaultRoamingIndicator = -1, .reasonForDenial = 0, .cellIdentity = {...}} [SUB1]
09-21 16:07:52.111  2197  2435 D NetworkRegistrationManager: onGetNetworkRegistrationStateComplete result 0 state NetworkRegistrationState{transportType=1 domain=CS regState=NOT_REG_SEARCHING accessNetworkTechnology=UMTS reasonForDenial=0 emergencyEnabled=true supportedServices=[I@3294fd cellIdentity=CellIdentityWcdma:{ mMcc=460 mMnc=01 mAlphaLong=CHN-UNICOM mAlphaShort=UNICOM} voiceSpecificStates=VoiceSpecificRegistrationStates { mCssSupported=false mRoamingIndicator=-1 mSystemIsInPrl=-1 mDefaultRoamingIndicator=-1} dataSpecificStates=null}
09-21 16:07:52.112  2197  2435 D NetworkRegistrationManager: onGetNetworkRegistrationStateComplete result 0 state NetworkRegistrationState{transportType=1 domain=CS regState=NOT_REG_SEARCHING accessNetworkTechnology=UMTS reasonForDenial=0 emergencyEnabled=true supportedServices=[I@79cb5f2 cellIdentity=CellIdentityWcdma:{ mMcc=460 mMnc=01 mAlphaLong=CHN-UNICOM mAlphaShort=UNICOM} voiceSpecificStates=VoiceSpecificRegistrationStates { mCssSupported=false mRoamingIndicator=-1 mSystemIsInPrl=-1 mDefaultRoamingIndicator=-1} dataSpecificStates=null}
09-21 16:07:52.113  2197  2197 D SST[1]  : [1] handlPollVoiceRegResultMessage: regState=2 radioTechnology=3
09-21 16:07:52.116  2197  2197 D SST[1]  : [1] Poll ServiceState done:  oldSS=[{mVoiceRegState=1(OUT_OF_SERVICE), mDataRegState=1(OUT_OF_SERVICE), mChannelNumber=10763, duplexMode()=0, mCellBandwidths=[], mVoiceRoamingType=home, mDataRoamingType=home, mVoiceOperatorAlphaLong=, mVoiceOperatorAlphaShort=, mDataOperatorAlphaLong=, mDataOperatorAlphaShort=, isManualNetworkSelection=false(automatic), mRilVoiceRadioTechnology=3(UMTS), mRilDataRadioTechnology=0(Unknown), mCssIndicator=unsupported, mNetworkId=-1, mSystemId=-1, mCdmaRoamingIndicator=-1, mCdmaDefaultRoamingIndicator=-1, mIsEmergencyOnly=true, mIsDataRoamingFromRegistration=false, mIsUsingCarrierAggregation=false, mLteEarfcnRsrpBoost=0, mNetworkRegistrationStates=[NetworkRegistrationState{transportType=1 domain=PS regState=NOT_REG_NOT_SEARCHING accessNetworkTechnology=UNKNOWN reasonForDenial=0 emergencyEnabled=false supportedServices=null cellIdentity=null voiceSpecificStates=null dataSpecificStates=DataSpecificRegistrationStates { mMaxDataCalls=20}}, NetworkRegistrationState{transportType=1 domain=CS regState=NOT_REG_SEARCHING accessNetworkTechnology=UMTS reasonForDenial=0 emergencyEnabled=true supportedServices=[I@1c1c2bc cellIdentity=CellIdentityWcdma:{ mMcc=460 mMnc=01 mAlphaLong=CHN-UNICOM mAlphaShort=UNICOM} voiceSpecificStates=VoiceSpecificRegistrationStates { mCssSupported=false mRoamingIndicator=-1 mSystemIsInPrl=-1 mDefaultRoamingIndicator=-1} dataSpecificStates=null}]}] newSS=[{mVoiceRegState=1(OUT_OF_SERVICE), mDataRegState=1(OUT_OF_SERVICE), mChannelNumber=10763, duplexMode()=0, mCellBandwidths=[], mVoiceRoamingType=home, mDataRoamingType=home, mVoiceOperatorAlphaLong=, mVoiceOperatorAlphaShort=, mDataOperatorAlphaLong=, mDataOperatorAlphaShort=, isManualNetworkSelection=false(automatic), mRilVoiceRadioTechnology=3(UMTS), mRilDataRadioTechnology=0(Unknown), mCssIndicator=unsupported, mNetworkId=-1, mSystemId=-1, mCdmaRoamingIndicator=-1, mCdmaDefaultRoamingIndicator=-1, mIsEmergencyOnly=true, mIsDataRoamingFromRegistration=false, mIsUsingCarrierAggregation=false, mLteEarfcnRsrpBoost=0, mNetworkRegistrationStates=[NetworkRegistrationState{transportType=1 domain=PS regState=NOT_REG_NOT_SEARCHING accessNetworkTechnology=UNKNOWN reasonForDenial=0 emergencyEnabled=false supportedServices=null cellIdentity=null voiceSpecificStates=null dataSpecificStates=DataSpecificRegistrationStates { mMaxDataCalls=20}}, NetworkRegistrationState{transportType=1 domain=CS regState=NOT_REG_SEARCHING accessNetworkTechnology=UMTS reasonForDenial=0 emergencyEnabled=true supportedServices=[I@79cb5f2 cellIdentity=CellIdentityWcdma:{ mMcc=460 mMnc=01 mAlphaLong=CHN-UNICOM mAlphaShort=UNICOM} voiceSpecificStates=VoiceSpecificRegistrationStates { mCssSupported=false mRoamingIndicator=-1 mSystemIsInPrl=-1 mDefaultRoamingIndicator=-1} dataSpecificStates=null}]}] oldMaxDataCalls=20 mNewMaxDataCalls=20 oldReasonDataDenied=0 mNewReasonDataDenied=0
09-21 16:07:52.117  2197  2197 D SST[1]  : [1] pollStateDone: hasRegistered=false hasDeregistered=false hasDataAttached=false hasDataDetached=false hasDataRegStateChanged=false hasRilVoiceRadioTechnologyChanged= false hasRilDataRadioTechnologyChanged=false hasChanged=false hasVoiceRoamingOn=false hasVoiceRoamingOff=false hasDataRoamingOn=false hasDataRoamingOff=false hasLocationChanged=false has4gHandoff = false hasMultiApnSupport=false hasLostMultiApnSupport=false hasCssIndicatorChanged=false
09-21 16:07:52.117  1589  1737 D NtpTrustedTime: currentTimeMillis() cache hit
09-21 16:07:52.138  1589  1737 I netstats_mobile_sample: [0,0,0,0,0,0,0,0,0,0,0,0,1726906072393]
09-21 16:07:52.138  1589  1737 I netstats_wifi_sample: [2042142706,2778619,56329017,695612,2042142706,2778619,56329017,695612,2106265099,2593029,55870039,692916,1726906072393]
09-21 16:07:52.138  1589  1737 D NtpTrustedTime: currentTimeMillis() cache hit
09-21 16:07:52.140  2990  3462 I TrafficManageService: mina mTrafficStatsReceiver onReceive
09-21 16:07:52.171  1589  1737 D NtpTrustedTime: currentTimeMillis() cache hit
09-21 16:07:52.189  1589  1737 I netstats_mobile_sample: [0,0,0,0,0,0,0,0,0,0,0,0,1726906072444]
09-21 16:07:52.189  1589  1737 I netstats_wifi_sample: [2042379904,2778676,56331253,695655,2042376592,2778674,56331201,695654,2106497403,2593081,55872067,692955,1726906072444]
09-21 16:07:52.189  1589  1737 D NtpTrustedTime: currentTimeMillis() cache hit
09-21 16:07:52.191  2990  3462 I TrafficManageService: mina mTrafficStatsReceiver onReceive
09-21 16:07:52.435  6391  6434 I Unity   : Finished: tlous_video_p
09-21 16:07:52.435  6391  6434 I Unity   : DownLoadTask:FinishInternal(String)
09-21 16:07:52.435  6391  6434 I Unity   : DownLoadTask:Finished(String)
09-21 16:07:52.435  6391  6434 I Unity   : <Download>d__23:MoveNext()
09-21 16:07:52.435  6391  6434 I Unity   : Logger:Log(Object)
09-21 16:07:52.435  6391  6434 I Unity   : UnityEngine.SetupCoroutine:InvokeMoveNext(IEnumerator, IntPtr)
09-21 16:07:52.435  6391  6434 I Unity   :
09-21 16:07:52.435  6391  6434 I Unity   : <color=green>Download required bundle: tlous_video_p</color>
09-21 16:07:52.435  6391  6434 I Unity   : DownloadOpenningBundles:OnBundleDownloaded(String, UInt32)
09-21 16:07:52.435  6391  6434 I Unity   : DownLoadTask:FinishInternal(String)
09-21 16:07:52.435  6391  6434 I Unity   : DownLoadTask:Finished(String)
09-21 16:07:52.435  6391  6434 I Unity   : <Download>d__23:MoveNext()
09-21 16:07:52.435  6391  6434 I Unity   : Logger:LogGreen(Object)
09-21 16:07:52.435  6391  6434 I Unity   : UnityEngine.SetupCoroutine:InvokeMoveNext(IEnumerator, IntPtr)
09-21 16:07:52.435  6391  6434 I Unity   :
09-21 16:07:52.455  6391  6434 I Unity   : <color=yellow>DownLoad bundleName :ui__</color>
09-21 16:07:52.455  6391  6434 I Unity   : <Download>d__23:MoveNext()
09-21 16:07:52.455  6391  6434 I Unity   : <ReqWWW>d__21:MoveNext()
09-21 16:07:52.455  6391  6434 I Unity   : Logger:LogYellow(Object)
09-21 16:07:52.455  6391  6434 I Unity   : UnityEngine.SetupCoroutine:InvokeMoveNext(IEnumerator, IntPtr)
09-21 16:07:52.455  6391  6434 I Unity   : UnityEngine.SetupCoroutine:InvokeMoveNext(IEnumerator, IntPtr)
09-21 16:07:52.455  6391  6434 I Unity   :
09-21 16:07:52.455  6391  6434 I Unity   : Connect http://106.75.53.116:9857/Doomsday/android/hybrid/ui__
09-21 16:07:52.455  6391  6434 I Unity   : CamelHot.Network.WebClientTimerTask:.ctor(String, String, Single, Callback2`2, DownLoadTask, Boolean)
09-21 16:07:52.455  6391  6434 I Unity   : <Download>d__23:MoveNext()
09-21 16:07:52.455  6391  6434 I Unity   : <ReqWWW>d__21:MoveNext()
09-21 16:07:52.455  6391  6434 I Unity   : Logger:Log(Object)
09-21 16:07:52.455  6391  6434 I Unity   : CamelHot.Network.WebClientTimer:.ctor(String, String, Single, Boolean)
09-21 16:07:52.455  6391  6434 I Unity   : UnityEngine.SetupCoroutine:InvokeMoveNext(IEnumerator, IntPtr)
09-21 16:07:52.455  6391  6434 I Unity   : UnityEngine.SetupCoroutine:InvokeMoveNext(IEnumerator, IntPtr)
09-21 16:07:52.455  6391  6434 I Unity   :
09-21 16:07:52.662  6391  6434 I Unity   : Finished: ui__
09-21 16:07:52.662  6391  6434 I Unity   : DownLoadTask:FinishInternal(String)
09-21 16:07:52.662  6391  6434 I Unity   : DownLoadTask:Finished(String)
09-21 16:07:52.662  6391  6434 I Unity   : <Download>d__23:MoveNext()
09-21 16:07:52.662  6391  6434 I Unity   : Logger:Log(Object)
09-21 16:07:52.662  6391  6434 I Unity   : UnityEngine.SetupCoroutine:InvokeMoveNext(IEnumerator, IntPtr)
09-21 16:07:52.662  6391  6434 I Unity   :
09-21 16:07:52.663  6391  6434 I Unity   : <color=green>Download required bundle: ui__</color>
09-21 16:07:52.663  6391  6434 I Unity   : DownloadOpenningBundles:OnBundleDownloaded(String, UInt32)
09-21 16:07:52.663  6391  6434 I Unity   : DownLoadTask:FinishInternal(String)
09-21 16:07:52.663  6391  6434 I Unity   : DownLoadTask:Finished(String)
09-21 16:07:52.663  6391  6434 I Unity   : <Download>d__23:MoveNext()
09-21 16:07:52.663  6391  6434 I Unity   : Logger:LogGreen(Object)
09-21 16:07:52.663  6391  6434 I Unity   : UnityEngine.SetupCoroutine:InvokeMoveNext(IEnumerator, IntPtr)
09-21 16:07:52.663  6391  6434 I Unity   :
09-21 16:07:52.739  6391  6434 I Unity   : <color=yellow>DownLoad bundleName :utl_common_p</color>
09-21 16:07:52.739  6391  6434 I Unity   : <Download>d__23:MoveNext()
09-21 16:07:52.739  6391  6434 I Unity   : <ReqWWW>d__21:MoveNext()
09-21 16:07:52.739  6391  6434 I Unity   : Logger:LogYellow(Object)
09-21 16:07:52.739  6391  6434 I Unity   : UnityEngine.SetupCoroutine:InvokeMoveNext(IEnumerator, IntPtr)
09-21 16:07:52.739  6391  6434 I Unity   : UnityEngine.SetupCoroutine:InvokeMoveNext(IEnumerator, IntPtr)
09-21 16:07:52.739  6391  6434 I Unity   :
09-21 16:07:52.740  6391  6434 I Unity   : Connect http://106.75.53.116:9857/Doomsday/android/hybrid/utl_common_p
09-21 16:07:52.740  6391  6434 I Unity   : CamelHot.Network.WebClientTimerTask:.ctor(String, String, Single, Callback2`2, DownLoadTask, Boolean)
09-21 16:07:52.740  6391  6434 I Unity   : <Download>d__23:MoveNext()
09-21 16:07:52.740  6391  6434 I Unity   : <ReqWWW>d__21:MoveNext()
09-21 16:07:52.740  6391  6434 I Unity   : Logger:Log(Object)
09-21 16:07:52.740  6391  6434 I Unity   : CamelHot.Network.WebClientTimer:.ctor(String, String, Single, Boolean)
09-21 16:07:52.740  6391  6434 I Unity   : UnityEngine.SetupCoroutine:InvokeMoveNext(IEnumerator, IntPtr)
09-21 16:07:52.740  6391  6434 I Unity   : UnityEngine.SetupCoroutine:InvokeMoveNext(IEnumerator, IntPtr)
09-21 16:07:52.740  6391  6434 I Unity   :
09-21 16:07:52.792  1589  1737 D NtpTrustedTime: currentTimeMillis() cache hit
09-21 16:07:52.815  1589  1737 I netstats_mobile_sample: [0,0,0,0,0,0,0,0,0,0,0,0,1726906073071]
09-21 16:07:52.816  1589  1737 I netstats_wifi_sample: [2042547416,2778820,56335259,695725,2042538611,2778813,56335051,695721,2106692243,2593228,55876229,693028,1726906073071]
09-21 16:07:52.815  1589  1737 D NtpTrustedTime: currentTimeMillis() cache hit
09-21 16:07:52.817  2990  3462 I TrafficManageService: mina mTrafficStatsReceiver onReceive
09-21 16:07:52.891  1589  1642 I cpu     : [12,6,4,0,1,0]
09-21 16:07:52.962  6391  6434 I Unity   : Finished: utl_common_p
09-21 16:07:52.962  6391  6434 I Unity   : DownLoadTask:FinishInternal(String)
09-21 16:07:52.962  6391  6434 I Unity   : DownLoadTask:Finished(String)
09-21 16:07:52.962  6391  6434 I Unity   : <Download>d__23:MoveNext()
09-21 16:07:52.962  6391  6434 I Unity   : Logger:Log(Object)
09-21 16:07:52.962  6391  6434 I Unity   : UnityEngine.SetupCoroutine:InvokeMoveNext(IEnumerator, IntPtr)
09-21 16:07:52.962  6391  6434 I Unity   :
09-21 16:07:52.963  6391  6434 I Unity   : <color=green>Download required bundle: utl_common_p</color>
09-21 16:07:52.963  6391  6434 I Unity   : DownloadOpenningBundles:OnBundleDownloaded(String, UInt32)
09-21 16:07:52.963  6391  6434 I Unity   : DownLoadTask:FinishInternal(String)
09-21 16:07:52.963  6391  6434 I Unity   : DownLoadTask:Finished(String)
09-21 16:07:52.963  6391  6434 I Unity   : <Download>d__23:MoveNext()
09-21 16:07:52.963  6391  6434 I Unity   : Logger:LogGreen(Object)
09-21 16:07:52.963  6391  6434 I Unity   : UnityEngine.SetupCoroutine:InvokeMoveNext(IEnumerator, IntPtr)
09-21 16:07:52.963  6391  6434 I Unity   :
09-21 16:07:52.964  6391  6434 I Unity   : ResourceDownload Time 7.040398
09-21 16:07:52.964  6391  6434 I Unity   : DownloadOpenningBundles:LoadOver(Boolean, Boolean)
09-21 16:07:52.964  6391  6434 I Unity   : DownloadOpenningBundles:OnBundleDownloaded(String, UInt32)
09-21 16:07:52.964  6391  6434 I Unity   : DownLoadTask:FinishInternal(String)
09-21 16:07:52.964  6391  6434 I Unity   : DownLoadTask:Finished(String)
09-21 16:07:52.964  6391  6434 I Unity   : <Download>d__23:MoveNext()
09-21 16:07:52.964  6391  6434 I Unity   : UnityEngine.SetupCoroutine:InvokeMoveNext(IEnumerator, IntPtr)
09-21 16:07:52.964  6391  6434 I Unity   :
09-21 16:07:52.972  6391  6434 I Unity   : ResManager OnInitiated
09-21 16:07:52.972  6391  6434 I Unity   : <OnInitiated>d__75:MoveNext()
09-21 16:07:52.972  6391  6434 I Unity   : ResManager:<DownloadBundles>b__74_0(TexInfo[])
09-21 16:07:52.972  6391  6434 I Unity   : DownloadOpenningBundles:LoadOver(Boolean, Boolean)
09-21 16:07:52.972  6391  6434 I Unity   : DownloadOpenningBundles:OnBundleDownloaded(String, UInt32)
09-21 16:07:52.972  6391  6434 I Unity   : DownLoadTask:FinishInternal(String)
09-21 16:07:52.972  6391  6434 I Unity   : DownLoadTask:Finished(String)
09-21 16:07:52.972  6391  6434 I Unity   : <Download>d__23:MoveNext()
09-21 16:07:52.972  6391  6434 I Unity   : Logger:Log(Object)
09-21 16:07:52.972  6391  6434 I Unity   : UnityEngine.SetupCoroutine:InvokeMoveNext(IEnumerator, IntPtr)
09-21 16:07:52.972  6391  6434 I Unity   : UnityEngine.SetupCoroutine:InvokeMoveNext(IEnumerator, IntPtr)
09-21 16:07:52.972  6391  6434 I Unity   :
09-21 16:07:52.973  6391  6434 I Unity   : BundleManager Initiate. Time = 58.82433s
09-21 16:07:52.973  6391  6434 I Unity   : <Initiate>d__34:MoveNext()
09-21 16:07:52.973  6391  6434 I Unity   : <OnInitiated>d__75:MoveNext()
09-21 16:07:52.973  6391  6434 I Unity   : ResManager:<DownloadBundles>b__74_0(TexInfo[])
09-21 16:07:52.973  6391  6434 I Unity   : DownloadOpenningBundles:LoadOver(Boolean, Boolean)
09-21 16:07:52.973  6391  6434 I Unity   : DownloadOpenningBundles:OnBundleDownloaded(String, UInt32)
09-21 16:07:52.973  6391  6434 I Unity   : DownLoadTask:FinishInternal(String)
09-21 16:07:52.973  6391  6434 I Unity   : DownLoadTask:Finished(String)
09-21 16:07:52.973  6391  6434 I Unity   : <Download>d__23:MoveNext()
09-21 16:07:52.973  6391  6434 I Unity   : UnityEngine.SetupCoroutine:InvokeMoveNext(IEnumerator, IntPtr)
09-21 16:07:52.973  6391  6434 I Unity   : UnityEngine.SetupCoroutine:InvokeMoveNext(IEnumerator, IntPtr)
09-21 16:07:52.973  6391  6434 I Unity   : UnityEngine.SetupCoroutine:InvokeMoveNext(IEnumerator, IntPtr)
09-21 16:07:52.973  6391  6434 I Unity   :
09-21 16:07:52.974  6391  6434 I Unity   : BundleManager Initiate
09-21 16:07:52.974  6391  6434 I Unity   : <Initiate>d__34:MoveNext()
09-21 16:07:52.974  6391  6434 I Unity   : <OnInitiated>d__75:MoveNext()
09-21 16:07:52.974  6391  6434 I Unity   : ResManager:<DownloadBundles>b__74_0(TexInfo[])
09-21 16:07:52.974  6391  6434 I Unity   : DownloadOpenningBundles:LoadOver(Boolean, Boolean)
09-21 16:07:52.974  6391  6434 I Unity   : DownloadOpenningBundles:OnBundleDownloaded(String, UInt32)
09-21 16:07:52.974  6391  6434 I Unity   : DownLoadTask:FinishInternal(String)
09-21 16:07:52.974  6391  6434 I Unity   : DownLoadTask:Finished(String)
09-21 16:07:52.974  6391  6434 I Unity   : <Download>d__23:MoveNext()
09-21 16:07:52.974  6391  6434 I Unity   : Logger:Log(Object)
09-21 16:07:52.974  6391  6434 I Unity   : UnityEngine.SetupCoroutine:InvokeMoveNext(IEnumerator, IntPtr)
09-21 16:07:52.974  6391  6434 I Unity   : UnityEngine.SetupCoroutine:InvokeMoveNext(IEnumerator, IntPtr)
09-21 16:07:52.974  6391  6434 I Unity   : UnityEngine.SetupCoroutine:InvokeMoveNext(IEnumerator, IntPtr)
09-21 16:07:52.974  6391  6434 I Unity   :
09-21 16:07:52.978  6391  6434 I Unity   : <color=green>init bundle login</color>
09-21 16:07:52.978  6391  6434 I Unity   : <Initiate>d__34:MoveNext()
09-21 16:07:52.978  6391  6434 I Unity   : <OnInitiated>d__75:MoveNext()
09-21 16:07:52.978  6391  6434 I Unity   : ResManager:<DownloadBundles>b__74_0(TexInfo[])
09-21 16:07:52.978  6391  6434 I Unity   : DownloadOpenningBundles:LoadOver(Boolean, Boolean)
09-21 16:07:52.978  6391  6434 I Unity   : DownloadOpenningBundles:OnBundleDownloaded(String, UInt32)
09-21 16:07:52.978  6391  6434 I Unity   : DownLoadTask:FinishInternal(String)
09-21 16:07:52.978  6391  6434 I Unity   : DownLoadTask:Finished(String)
09-21 16:07:52.978  6391  6434 I Unity   : <Download>d__23:MoveNext()
09-21 16:07:52.978  6391  6434 I Unity   : Logger:LogGreen(Object)
09-21 16:07:52.978  6391  6434 I Unity   : UnityEngine.SetupCoroutine:InvokeMoveNext(IEnumerator, IntPtr)
09-21 16:07:52.978  6391  6434 I Unity   : UnityEngine.SetupCoroutine:InvokeMoveNext(IEnumerator, IntPtr)
09-21 16:07:52.978  6391  6434 I Unity   : UnityEngine.SetupCoroutine:InvokeMoveNext(IEnumerator, IntPtr)
09-21 16:07:52.978  6391  6434 I Unity   :
09-21 16:07:52.979  6391  6434 I Unity   : <color=green>init bundle _ast_spine_runtime</color>
09-21 16:07:52.979  6391  6434 I Unity   : <Initiate>d__34:MoveNext()
09-21 16:07:52.979  6391  6434 I Unity   : <OnInitiated>d__75:MoveNext()
09-21 16:07:52.979  6391  6434 I Unity   : ResManager:<DownloadBundles>b__74_0(TexInfo[])
09-21 16:07:52.979  6391  6434 I Unity   : DownloadOpenningBundles:LoadOver(Boolean, Boolean)
09-21 16:07:52.979  6391  6434 I Unity   : DownloadOpenningBundles:OnBundleDownloaded(String, UInt32)
09-21 16:07:52.979  6391  6434 I Unity   : DownLoadTask:FinishInternal(String)
09-21 16:07:52.979  6391  6434 I Unity   : DownLoadTask:Finished(String)
09-21 16:07:52.979  6391  6434 I Unity   : <Download>d__23:MoveNext()
09-21 16:07:52.979  6391  6434 I Unity   : Logger:LogGreen(Object)
09-21 16:07:52.979  6391  6434 I Unity   : UnityEngine.SetupCoroutine:InvokeMoveNext(IEnumerator, IntPtr)
09-21 16:07:52.979  6391  6434 I Unity   : UnityEngine.SetupCoroutine:InvokeMoveNext(IEnumerator, IntPtr)
09-21 16:07:52.979  6391  6434 I Unity   : UnityEngine.SetupCoroutine:InvokeMoveNext(IEnumerator, IntPtr)
09-21 16:07:52.979  6391  6434 I Unity   :
09-21 16:07:52.980  6391  6434 I Unity   : <color=green>init bundle backgroundmusic_battle</color>
09-21 16:07:52.980  6391  6434 I Unity   : <Initiate>d__34:MoveNext()
09-21 16:07:52.980  6391  6434 I Unity   : <OnInitiated>d__75:MoveNext()
09-21 16:07:52.980  6391  6434 I Unity   : ResManager:<DownloadBundles>b__74_0(TexInfo[])
09-21 16:07:52.980  6391  6434 I Unity   : DownloadOpenningBundles:LoadOver(Boolean, Boolean)
09-21 16:07:52.980  6391  6434 I Unity   : DownloadOpenningBundles:OnBundleDownloaded(String, UInt32)
09-21 16:07:52.980  6391  6434 I Unity   : DownLoadTask:FinishInternal(String)
09-21 16:07:52.980  6391  6434 I Unity   : DownLoadTask:Finished(String)
09-21 16:07:52.980  6391  6434 I Unity   : <Download>d__23:MoveNext()
09-21 16:07:52.980  6391  6434 I Unity   : Logger:LogGreen(Object)
09-21 16:07:52.980  6391  6434 I Unity   : UnityEngine.SetupCoroutine:InvokeMoveNext(IEnumerator, IntPtr)
09-21 16:07:52.980  6391  6434 I Unity   : UnityEngine.SetupCoroutine:InvokeMoveNext(IEnumerator, IntPtr)
09-21 16:07:52.980  6391  6434 I Unity   : UnityEngine.SetupCoroutine:InvokeMoveNext(IEnumerator, IntPtr)
09-21 16:07:52.980  6391  6434 I Unity   :
09-21 16:07:52.981  6391  6434 I Unity   : <color=green>init bundle dd_login</color>
09-21 16:07:52.981  6391  6434 I Unity   : <Initiate>d__34:MoveNext()
09-21 16:07:52.981  6391  6434 I Unity   : <OnInitiated>d__75:MoveNext()
09-21 16:07:52.981  6391  6434 I Unity   : ResManager:<DownloadBundles>b__74_0(TexInfo[])
09-21 16:07:52.981  6391  6434 I Unity   : DownloadOpenningBundles:LoadOver(Boolean, Boolean)
09-21 16:07:52.981  6391  6434 I Unity   : DownloadOpenningBundles:OnBundleDownloaded(String, UInt32)
09-21 16:07:52.981  6391  6434 I Unity   : DownLoadTask:FinishInternal(String)
09-21 16:07:52.981  6391  6434 I Unity   : DownLoadTask:Finished(String)
09-21 16:07:52.981  6391  6434 I Unity   : <Download>d__23:MoveNext()
09-21 16:07:52.981  6391  6434 I Unity   : Logger:LogGreen(Object)
09-21 16:07:52.981  6391  6434 I Unity   : UnityEngine.SetupCoroutine:InvokeMoveNext(IEnumerator, IntPtr)
09-21 16:07:52.981  6391  6434 I Unity   : UnityEngine.SetupCoroutine:InvokeMoveNext(IEnumerator, IntPtr)
09-21 16:07:52.981  6391  6434 I Unity   : UnityEngine.SetupCoroutine:InvokeMoveNext(IEnumerator, IntPtr)
09-21 16:07:52.981  6391  6434 I Unity   :
09-21 16:07:52.983  6391  6434 I Unity   : <color=green>init bundle shaders</color>
09-21 16:07:52.983  6391  6434 I Unity   : <Initiate>d__34:MoveNext()
09-21 16:07:52.983  6391  6434 I Unity   : <OnInitiated>d__75:MoveNext()
09-21 16:07:52.983  6391  6434 I Unity   : ResManager:<DownloadBundles>b__74_0(TexInfo[])
09-21 16:07:52.983  6391  6434 I Unity   : DownloadOpenningBundles:LoadOver(Boolean, Boolean)
09-21 16:07:52.983  6391  6434 I Unity   : DownloadOpenningBundles:OnBundleDownloaded(String, UInt32)
09-21 16:07:52.983  6391  6434 I Unity   : DownLoadTask:FinishInternal(String)
09-21 16:07:52.983  6391  6434 I Unity   : DownLoadTask:Finished(String)
09-21 16:07:52.983  6391  6434 I Unity   : <Download>d__23:MoveNext()
09-21 16:07:52.983  6391  6434 I Unity   : Logger:LogGreen(Object)
09-21 16:07:52.983  6391  6434 I Unity   : UnityEngine.SetupCoroutine:InvokeMoveNext(IEnumerator, IntPtr)
09-21 16:07:52.983  6391  6434 I Unity   : UnityEngine.SetupCoroutine:InvokeMoveNext(IEnumerator, IntPtr)
09-21 16:07:52.983  6391  6434 I Unity   : UnityEngine.SetupCoroutine:InvokeMoveNext(IEnumerator, IntPtr)
09-21 16:07:52.983  6391  6434 I Unity   :
09-21 16:07:52.984  6391  6434 I Unity   : <color=green>init bundle effect_material</color>
09-21 16:07:52.984  6391  6434 I Unity   : <Initiate>d__34:MoveNext()
09-21 16:07:52.984  6391  6434 I Unity   : <OnInitiated>d__75:MoveNext()
09-21 16:07:52.984  6391  6434 I Unity   : ResManager:<DownloadBundles>b__74_0(TexInfo[])
09-21 16:07:52.984  6391  6434 I Unity   : DownloadOpenningBundles:LoadOver(Boolean, Boolean)
09-21 16:07:52.984  6391  6434 I Unity   : DownloadOpenningBundles:OnBundleDownloaded(String, UInt32)
09-21 16:07:52.984  6391  6434 I Unity   : DownLoadTask:FinishInternal(String)
09-21 16:07:52.984  6391  6434 I Unity   : DownLoadTask:Finished(String)
09-21 16:07:52.984  6391  6434 I Unity   : <Download>d__23:MoveNext()
09-21 16:07:52.984  6391  6434 I Unity   : Logger:LogGreen(Object)
09-21 16:07:52.984  6391  6434 I Unity   : UnityEngine.SetupCoroutine:InvokeMoveNext(IEnumerator, IntPtr)
09-21 16:07:52.984  6391  6434 I Unity   : UnityEngine.SetupCoroutine:InvokeMoveNext(IEnumerator, IntPtr)
09-21 16:07:52.984  6391  6434 I Unity   : UnityEngine.SetupCoroutine:InvokeMoveNext(IEnumerator, IntPtr)
09-21 16:07:52.984  6391  6434 I Unity   :
09-21 16:07:52.985  6391  6434 I Unity   : <color=green>init bundle battlepass_torch_bptorch_effect</color>
09-21 16:07:52.985  6391  6434 I Unity   : <Initiate>d__34:MoveNext()
09-21 16:07:52.985  6391  6434 I Unity   : <OnInitiated>d__75:MoveNext()
09-21 16:07:52.985  6391  6434 I Unity   : ResManager:<DownloadBundles>b__74_0(TexInfo[])
09-21 16:07:52.985  6391  6434 I Unity   : DownloadOpenningBundles:LoadOver(Boolean, Boolean)
09-21 16:07:52.985  6391  6434 I Unity   : DownloadOpenningBundles:OnBundleDownloaded(String, UInt32)
09-21 16:07:52.985  6391  6434 I Unity   : DownLoadTask:FinishInternal(String)
09-21 16:07:52.985  6391  6434 I Unity   : DownLoadTask:Finished(String)
09-21 16:07:52.985  6391  6434 I Unity   : <Download>d__23:MoveNext()
09-21 16:07:52.985  6391  6434 I Unity   : Logger:LogGreen(Object)
09-21 16:07:52.985  6391  6434 I Unity   : UnityEngine.SetupCoroutine:InvokeMoveNext(IEnumerator, IntPtr)
09-21 16:07:52.985  6391  6434 I Unity   : UnityEngine.SetupCoroutine:InvokeMoveNext(IEnumerator, IntPtr)
09-21 16:07:52.985  6391  6434 I Unity   : UnityEngine.SetupCoroutine:InvokeMoveNext(IEnumerator, IntPtr)
09-21 16:07:52.985  6391  6434 I Unity   :
09-21 16:07:52.986  6391  6434 I Unity   : <color=green>init bundle effect_shader</color>
09-21 16:07:52.986  6391  6434 I Unity   : <Initiate>d__34:MoveNext()
09-21 16:07:52.986  6391  6434 I Unity   : <OnInitiated>d__75:MoveNext()
09-21 16:07:52.986  6391  6434 I Unity   : ResManager:<DownloadBundles>b__74_0(TexInfo[])
09-21 16:07:52.986  6391  6434 I Unity   : DownloadOpenningBundles:LoadOver(Boolean, Boolean)
09-21 16:07:52.986  6391  6434 I Unity   : DownloadOpenningBundles:OnBundleDownloaded(String, UInt32)
09-21 16:07:52.986  6391  6434 I Unity   : DownLoadTask:FinishInternal(String)
09-21 16:07:52.986  6391  6434 I Unity   : DownLoadTask:Finished(String)
09-21 16:07:52.986  6391  6434 I Unity   : <Download>d__23:MoveNext()
09-21 16:07:52.986  6391  6434 I Unity   : Logger:LogGreen(Object)
09-21 16:07:52.986  6391  6434 I Unity   : UnityEngine.SetupCoroutine:InvokeMoveNext(IEnumerator, IntPtr)
09-21 16:07:52.986  6391  6434 I Unity   : UnityEngine.SetupCoroutine:InvokeMoveNext(IEnumerator, IntPtr)
09-21 16:07:52.986  6391  6434 I Unity   : UnityEngine.SetupCoroutine:InvokeMoveNext(IEnumerator, IntPtr)
09-21 16:07:52.986  6391  6434 I Unity   :
09-21 16:07:52.987  6391  6434 I Unity   : <color=green>init bundle effect_texture_animation</color>
09-21 16:07:52.987  6391  6434 I Unity   : <Initiate>d__34:MoveNext()
09-21 16:07:52.987  6391  6434 I Unity   : <OnInitiated>d__75:MoveNext()
09-21 16:07:52.987  6391  6434 I Unity   : ResManager:<DownloadBundles>b__74_0(TexInfo[])
09-21 16:07:52.987  6391  6434 I Unity   : DownloadOpenningBundles:LoadOver(Boolean, Boolean)
09-21 16:07:52.987  6391  6434 I Unity   : DownloadOpenningBundles:OnBundleDownloaded(String, UInt32)
09-21 16:07:52.987  6391  6434 I Unity   : DownLoadTask:FinishInternal(String)
09-21 16:07:52.987  6391  6434 I Unity   : DownLoadTask:Finished(String)
09-21 16:07:52.987  6391  6434 I Unity   : <Download>d__23:MoveNext()
09-21 16:07:52.987  6391  6434 I Unity   : Logger:LogGreen(Object)
09-21 16:07:52.987  6391  6434 I Unity   : UnityEngine.SetupCoroutine:InvokeMoveNext(IEnumerator, IntPtr)
09-21 16:07:52.987  6391  6434 I Unity   : UnityEngine.SetupCoroutine:InvokeMoveNext(IEnumerator, IntPtr)
09-21 16:07:52.987  6391  6434 I Unity   : UnityEngine.SetupCoroutine:InvokeMoveNext(IEnumerator, IntPtr)
09-21 16:07:52.987  6391  6434 I Unity   :
09-21 16:07:52.988  6391  6434 I Unity   : <color=green>init bundle effect_texture_light</color>
09-21 16:07:52.988  6391  6434 I Unity   : <Initiate>d__34:MoveNext()
09-21 16:07:52.988  6391  6434 I Unity   : <OnInitiated>d__75:MoveNext()
09-21 16:07:52.988  6391  6434 I Unity   : ResManager:<DownloadBundles>b__74_0(TexInfo[])
09-21 16:07:52.988  6391  6434 I Unity   : DownloadOpenningBundles:LoadOver(Boolean, Boolean)
09-21 16:07:52.988  6391  6434 I Unity   : DownloadOpenningBundles:OnBundleDownloaded(String, UInt32)
09-21 16:07:52.988  6391  6434 I Unity   : DownLoadTask:FinishInternal(String)
09-21 16:07:52.988  6391  6434 I Unity   : DownLoadTask:Finished(String)
09-21 16:07:52.988  6391  6434 I Unity   : <Download>d__23:MoveNext()
09-21 16:07:52.988  6391  6434 I Unity   : Logger:LogGreen(Object)
09-21 16:07:52.988  6391  6434 I Unity   : UnityEngine.SetupCoroutine:InvokeMoveNext(IEnumerator, IntPtr)
09-21 16:07:52.988  6391  6434 I Unity   : UnityEngine.SetupCoroutine:InvokeMoveNext(IEnumerator, IntPtr)
09-21 16:07:52.988  6391  6434 I Unity   : UnityEngine.SetupCoroutine:InvokeMoveNext(IEnumerator, IntPtr)
09-21 16:07:52.988  6391  6434 I Unity   :
09-21 16:07:52.989  6391  6434 I Unity   : <color=green>init bundle effect_texture_magic</color>
09-21 16:07:52.989  6391  6434 I Unity   : <Initiate>d__34:MoveNext()
09-21 16:07:52.989  6391  6434 I Unity   : <OnInitiated>d__75:MoveNext()
09-21 16:07:52.989  6391  6434 I Unity   : ResManager:<DownloadBundles>b__74_0(TexInfo[])
09-21 16:07:52.989  6391  6434 I Unity   : DownloadOpenningBundles:LoadOver(Boolean, Boolean)
09-21 16:07:52.989  6391  6434 I Unity   : DownloadOpenningBundles:OnBundleDownloaded(String, UInt32)
09-21 16:07:52.989  6391  6434 I Unity   : DownLoadTask:FinishInternal(String)
09-21 16:07:52.989  6391  6434 I Unity   : DownLoadTask:Finished(String)
09-21 16:07:52.989  6391  6434 I Unity   : <Download>d__23:MoveNext()
09-21 16:07:52.989  6391  6434 I Unity   : Logger:LogGreen(Object)
09-21 16:07:52.989  6391  6434 I Unity   : UnityEngine.SetupCoroutine:InvokeMoveNext(IEnumerator, IntPtr)
09-21 16:07:52.989  6391  6434 I Unity   : UnityEngine.SetupCoroutine:InvokeMoveNext(IEnumerator, IntPtr)
09-21 16:07:52.989  6391  6434 I Unity   : UnityEngine.SetupCoroutine:InvokeMoveNext(IEnumerator, IntPtr)
09-21 16:07:52.989  6391  6434 I Unity   :
09-21 16:07:52.990  6391  6434 I Unity   : <color=green>init bundle effect_texture_nc_tex</color>
09-21 16:07:52.990  6391  6434 I Unity   : <Initiate>d__34:MoveNext()
09-21 16:07:52.990  6391  6434 I Unity   : <OnInitiated>d__75:MoveNext()
09-21 16:07:52.990  6391  6434 I Unity   : ResManager:<DownloadBundles>b__74_0(TexInfo[])
09-21 16:07:52.990  6391  6434 I Unity   : DownloadOpenningBundles:LoadOver(Boolean, Boolean)
09-21 16:07:52.990  6391  6434 I Unity   : DownloadOpenningBundles:OnBundleDownloaded(String, UInt32)
09-21 16:07:52.990  6391  6434 I Unity   : DownLoadTask:FinishInternal(String)
09-21 16:07:52.990  6391  6434 I Unity   : DownLoadTask:Finished(String)
09-21 16:07:52.990  6391  6434 I Unity   : <Download>d__23:MoveNext()
09-21 16:07:52.990  6391  6434 I Unity   : Logger:LogGreen(Object)
09-21 16:07:52.990  6391  6434 I Unity   : UnityEngine.SetupCoroutine:InvokeMoveNext(IEnumerator, IntPtr)
09-21 16:07:52.990  6391  6434 I Unity   : UnityEngine.SetupCoroutine:InvokeMoveNext(IEnumerator, IntPtr)
09-21 16:07:52.990  6391  6434 I Unity   : UnityEngine.SetupCoroutine:InvokeMoveNext(IEnumerator, IntPtr)
09-21 16:07:52.990  6391  6434 I Unity   :
