--------- beginning of main
09-21 16:09:54.433  7099  7124 I Unity   : _testers is null or empty!
09-21 16:09:54.433  7099  7124 I Unity   : CamelHot.SSOTester.SSOTesterBase`1:get_AnyPassed()
09-21 16:09:54.433  7099  7124 I Unity   : UnityEngine.WaitUntil:get_keepWaiting()
09-21 16:09:54.433  7099  7124 I Unity   : UnityEngine.SetupCoroutine:InvokeMoveNext(IEnumerator, IntPtr)
09-21 16:09:54.433  7099  7124 I Unity   :
09-21 16:09:55.586  7099  7182 I Unity   : [HttpWebRequest] Index = 0 url = http://aoo_dev_sso.ageofzorigins.cn:10801/api2/ssoGetIP test finish status = Success cost = 103.1ms error =  result = {"headers":["Accept:*/*","Connection:keep-alive","Content-Type:text/html;charset=UTF-8","Content-Length:0","Host:aoo_dev_sso.ageofzorigins.cn:10801"],"succ":true,"err":0,"ip":"106.37.199.194","action":136,"err_t":0}
09-21 16:09:55.586  7099  7182 I Unity   : CamelHot.SSOTester.SSOTesterBase`1:FinishTest(TestStatus, String, String)
09-21 16:09:55.586  7099  7182 I Unity   : CamelHot.SSOTester.SSOTesterHttpWebRequest:GetResponseCallback(IAsyncResult)
09-21 16:09:55.586  7099  7182 I Unity   : System.Threading.Tasks.AwaitTaskContinuation:RunOrScheduleAction(Action, Boolean, Task&)
09-21 16:09:55.586  7099  7182 I Unity   : System.Threading.Tasks.Task:FinishContinuations()
09-21 16:09:55.586  7099  7182 I Unity   : System.Threading.Tasks.Task`1:TrySetResult(TResult)
09-21 16:09:55.586  7099  7182 I Unity   : System.Runtime.CompilerServices.AsyncTaskMethodBuilder`1:SetResult(TResult)
09-21 16:09:55.586  7099  7182 I Unity   : System.Net.<RunWithTimeoutWorker>d__241`1:MoveNext()
09-21 16:09:55.586  7099  7182 I Unity   : System.Threading.ExecutionContext:RunInternal(ExecutionContext, ContextCallback, Object, Boolean)
09-21 16:09:55.586  7099  7182 I Unity   : System.Runtime.CompilerServices.MoveNextRunner:Run()
09-21 16:09:55.586  7099  7182 I Unity   : System.Threading.Tasks.AwaitTaskCo
09-21 16:09:55.633  7099  7124 I Unity   : Read DID 83a7a68e-8599-4932-8e5b-11cc685b43b9
09-21 16:09:55.633  7099  7124 I Unity   : CamelHybrid.HybridDuplicate:GetDeviceId()
09-21 16:09:55.633  7099  7124 I Unity   : CamelHybrid.HybridStart:get_UrlParam()
09-21 16:09:55.633  7099  7124 I Unity   : CamelHybrid.<>c__DisplayClass27_0:<CommunicateWithSSO>b__0(Int32, Int32)
09-21 16:09:55.633  7099  7124 I Unity   : CamelHybrid.<Run>d__3:MoveNext()
09-21 16:09:55.633  7099  7124 I Unity   : UnityEngine.SetupCoroutine:InvokeMoveNext(IEnumerator, IntPtr)
09-21 16:09:55.633  7099  7124 I Unity   :
09-21 16:09:55.637  7099  7124 I Unity   : [HybridWebDataReader] Start RetryCount=6 Timeout=40
09-21 16:09:55.637  7099  7124 I Unity   : CamelHybrid.<Operation>d__30:MoveNext()
09-21 16:09:55.637  7099  7124 I Unity   : UnityEngine.SetupCoroutine:InvokeMoveNext(IEnumerator, IntPtr)
09-21 16:09:55.637  7099  7124 I Unity   :
09-21 16:09:55.715  7099  7124 I Unity   : [HybridWebDataReader] Operation success
09-21 16:09:55.715  7099  7124 I Unity   : CamelHybrid.<OperationAction>d__8:MoveNext()
09-21 16:09:55.715  7099  7124 I Unity   : UnityEngine.SetupCoroutine:InvokeMoveNext(IEnumerator, IntPtr)
09-21 16:09:55.715  7099  7124 I Unity   :
09-21 16:09:55.717  7099  7124 I Unity   : [HybridStart] [Log] http://aoo_dev_sso.ageofzorigins.cn:10801/api2/ssoGetCBundleUrl?ch=camel_google_dev&v=1.3.733&au_k=dc41a377-a6cf-44c6-8b90-fb5adf864c1b&dev_id=83a7a68e-8599-4932-8e5b-11cc685b43b9&uid=223320853 returns 204 bytes, converted: {"cc":"CN","vn_it":0,"bd_url_list":["http://106.75.53.116:9857/Doomsday_hybrid/"],"err":0,"l_bg":1,"is_enc":false,"succ":true,"dma":false,"action":1107,"i_dma_a":-1,"adma":true,"err_t":0,"open_log":false}
09-21 16:09:55.717  7099  7124 I Unity   : CamelHybrid.HybridStart:Log(String, LogType)
09-21 16:09:55.717  7099  7124 I Unity   : CamelHybrid.<>c__DisplayClass27_0:<CommunicateWithSSO>b__1(HybridWebDataReader)
09-21 16:09:55.717  7099  7124 I Unity   : CamelHybrid.<Run>d__3:MoveNext()
09-21 16:09:55.717  7099  7124 I Unity   : UnityEngine.SetupCoroutine:InvokeMoveNext(IEnumerator, IntPtr)
09-21 16:09:55.717  7099  7124 I Unity   :
09-21 16:09:55.722  7099  7124 I Unity   : [HybridStart] [Log] resultObject: action=1107 succ=True err=0 err_t=0 bundleUrlList=http://106.75.53.116:9857/Doomsday_hybrid/ dma=False is_enc=False vn_it=0
09-21 16:09:55.722  7099  7124 I Unity   : CamelHybrid.HybridStart:Log(String, LogType)
09-21 16:09:55.722  7099  7124 I Unity   : CamelHybrid.<>c__DisplayClass27_0:<CommunicateWithSSO>b__1(HybridWebDataReader)
09-21 16:09:55.722  7099  7124 I Unity   : CamelHybrid.<Run>d__3:MoveNext()
09-21 16:09:55.722  7099  7124 I Unity   : UnityEngine.SetupCoroutine:InvokeMoveNext(IEnumerator, IntPtr)
09-21 16:09:55.722  7099  7124 I Unity   :
09-21 16:09:55.729  7099  7124 I Unity   : [HybridStart] [Log] [LoadSafeFile] 0 pathToFile=/storage/emulated/0/Android/data/com.camelgames.aoz.debuglz4/files/wdeY33011010830_cli
09-21 16:09:55.729  7099  7124 I Unity   : CamelHybrid.HybridStart:Log(String, LogType)
09-21 16:09:55.729  7099  7124 I Unity   : CamelHybrid.<LoadSafeFile>d__32:MoveNext()
09-21 16:09:55.729  7099  7124 I Unity   : UnityEngine.SetupCoroutine:InvokeMoveNext(IEnumerator, IntPtr)
09-21 16:09:55.729  7099  7124 I Unity   :
09-21 16:09:55.736  7099  7124 I Unity   : [HybridStart] [Log] [LoadSafeFile] 2
09-21 16:09:55.736  7099  7124 I Unity   : CamelHybrid.HybridStart:Log(String, LogType)
09-21 16:09:55.736  7099  7124 I Unity   : CamelHybrid.<LoadSafeFile>d__32:MoveNext()
09-21 16:09:55.736  7099  7124 I Unity   : UnityEngine.SetupCoroutine:InvokeMoveNext(IEnumerator, IntPtr)
09-21 16:09:55.736  7099  7124 I Unity   :
09-21 16:09:55.739  7099  7124 I Unity   : [HybridLocalDataReader /storage/emulated/0/Android/data/com.camelgames.aoz.debuglz4/files/wdeY33011010830_cli] Start RetryCount=3 Timeout=30
09-21 16:09:55.739  7099  7124 I Unity   : CamelHybrid.<Operation>d__30:MoveNext()
09-21 16:09:55.739  7099  7124 I Unity   : UnityEngine.SetupCoroutine:InvokeMoveNext(IEnumerator, IntPtr)
09-21 16:09:55.739  7099  7124 I Unity   :
09-21 16:09:55.764  7099  7124 I Unity   : [HybridLocalDataReader /storage/emulated/0/Android/data/com.camelgames.aoz.debuglz4/files/wdeY33011010830_cli] Operation success
09-21 16:09:55.764  7099  7124 I Unity   : CamelHybrid.<OperationAction>d__8:MoveNext()
09-21 16:09:55.764  7099  7124 I Unity   : UnityEngine.SetupCoroutine:InvokeMoveNext(IEnumerator, IntPtr)
09-21 16:09:55.764  7099  7124 I Unity   :
09-21 16:09:55.765  7099  7124 I Unity   : [HybridStart] [Log] [LoadSafeFile] 3
09-21 16:09:55.765  7099  7124 I Unity   : CamelHybrid.HybridStart:Log(String, LogType)
09-21 16:09:55.765  7099  7124 I Unity   : CamelHybrid.<>c__DisplayClass32_0:<LoadSafeFile>b__1(HybridLocalDataReader)
09-21 16:09:55.765  7099  7124 I Unity   : CamelHybrid.<Run>d__3:MoveNext()
09-21 16:09:55.765  7099  7124 I Unity   : UnityEngine.SetupCoroutine:InvokeMoveNext(IEnumerator, IntPtr)
09-21 16:09:55.765  7099  7124 I Unity   :
09-21 16:09:55.767  7099  7124 I Unity   : [HybridStart] [Log] [LoadSafeFile] 4
09-21 16:09:55.767  7099  7124 I Unity   : CamelHybrid.HybridStart:Log(String, LogType)
09-21 16:09:55.767  7099  7124 I Unity   : CamelHybrid.<>c__DisplayClass32_0:<LoadSafeFile>b__1(HybridLocalDataReader)
09-21 16:09:55.767  7099  7124 I Unity   : CamelHybrid.<Run>d__3:MoveNext()
09-21 16:09:55.767  7099  7124 I Unity   : UnityEngine.SetupCoroutine:InvokeMoveNext(IEnumerator, IntPtr)
09-21 16:09:55.767  7099  7124 I Unity   :
09-21 16:09:55.770  7099  7124 I Unity   : [HybridStart] [Log] [LoadSafeFile] 6 fileBytes length=912 hash=8B3C85B674A3E317D0BE49C5EA1586B2
09-21 16:09:55.770  7099  7124 I Unity   : CamelHybrid.HybridStart:Log(String, LogType)
09-21 16:09:55.770  7099  7124 I Unity   : CamelHybrid.<LoadSafeFile>d__32:MoveNext()
09-21 16:09:55.770  7099  7124 I Unity   : UnityEngine.SetupCoroutine:InvokeMoveNext(IEnumerator, IntPtr)
09-21 16:09:55.770  7099  7124 I Unity   :
09-21 16:09:55.771  7099  7124 I Unity   : [HybridDataCryptor] Start RetryCount=3 Timeout=30
09-21 16:09:55.771  7099  7124 I Unity   : CamelHybrid.<Operation>d__30:MoveNext()
09-21 16:09:55.771  7099  7124 I Unity   : UnityEngine.SetupCoroutine:InvokeMoveNext(IEnumerator, IntPtr)
09-21 16:09:55.771  7099  7124 I Unity   :
09-21 16:09:55.781  7099  7124 I Unity   : [HybridDataCryptor] Operation success
09-21 16:09:55.781  7099  7124 I Unity   : CamelHybrid.<OperationAction>d__19:MoveNext()
09-21 16:09:55.781  7099  7124 I Unity   : UnityEngine.SetupCoroutine:InvokeMoveNext(IEnumerator, IntPtr)
09-21 16:09:55.781  7099  7124 I Unity   :
09-21 16:09:55.781  7099  7124 I Unity   : [HybridStart] [Log] [LoadSafeFile] 7
09-21 16:09:55.781  7099  7124 I Unity   : CamelHybrid.HybridStart:Log(String, LogType)
09-21 16:09:55.781  7099  7124 I Unity   : CamelHybrid.<>c__DisplayClass32_0:<LoadSafeFile>b__4(HybridDataCryptor)
09-21 16:09:55.781  7099  7124 I Unity   : CamelHybrid.<Run>d__3:MoveNext()
09-21 16:09:55.781  7099  7124 I Unity   : UnityEngine.SetupCoroutine:InvokeMoveNext(IEnumerator, IntPtr)
09-21 16:09:55.781  7099  7124 I Unity   :
09-21 16:09:55.792  7099  7124 I Unity   : [HybridStart] [Log] [LoadSafeFile] 8 /storage/emulated/0/Android/data/com.camelgames.aoz.debuglz4/files/wdeY33011010830_cli spent 53.68ms
09-21 16:09:55.792  7099  7124 I Unity   : CamelHybrid.HybridStart:Log(String, LogType)
09-21 16:09:55.792  7099  7124 I Unity   : CamelHybrid.<LoadSafeFile>d__32:MoveNext()
09-21 16:09:55.792  7099  7124 I Unity   : UnityEngine.SetupCoroutine:InvokeMoveNext(IEnumerator, IntPtr)
09-21 16:09:55.792  7099  7124 I Unity   :
09-21 16:09:55.900  7099  7124 I Unity   : [HybridStart] [Log] PrepareLocalData finish LocalManifest.HashIn=0F7BC17DB6C8B89DC4A9895BE467D748 LocalManifest.HashOut=08BB0921D99E1140AB572FA39AFD54F9
09-21 16:09:55.900  7099  7124 I Unity   : CamelHybrid.HybridStart:Log(String, LogType)
09-21 16:09:55.900  7099  7124 I Unity   : CamelHybrid.<PrepareLocalData>d__28:MoveNext()
09-21 16:09:55.900  7099  7124 I Unity   : UnityEngine.SetupCoroutine:InvokeMoveNext(IEnumerator, IntPtr)
09-21 16:09:55.900  7099  7124 I Unity   :
09-21 16:09:55.902  7099  7124 I Unity   : [HybridStart] [Log] PrepareLocalData finish 174.27ms spent
09-21 16:09:55.902  7099  7124 I Unity   : CamelHybrid.HybridStart:Log(String, LogType)
09-21 16:09:55.902  7099  7124 I Unity   : CamelHybrid.<HybridStartup>d__24:MoveNext()
09-21 16:09:55.902  7099  7124 I Unity   : UnityEngine.SetupCoroutine:InvokeMoveNext(IEnumerator, IntPtr)
09-21 16:09:55.902  7099  7124 I Unity   :
09-21 16:09:55.904  7099  7124 I Unity   : [HybridStart] [Log] UpdateHybridData 0 RemoteDataRoot=http://106.75.53.116:9857/Doomsday_hybrid/android
09-21 16:09:55.904  7099  7124 I Unity   : CamelHybrid.HybridStart:Log(String, LogType)
09-21 16:09:55.904  7099  7124 I Unity   : CamelHybrid.<UpdateHybridData>d__29:MoveNext()
09-21 16:09:55.904  7099  7124 I Unity   : UnityEngine.SetupCoroutine:InvokeMoveNext(IEnumerator, IntPtr)
09-21 16:09:55.904  7099  7124 I Unity   :
09-21 16:09:55.906  7099  7124 I Unity   : [HybridStart] [Log] UpdateHybridData 1 manifestUrl=http://106.75.53.116:9857/Doomsday_hybrid/android/wdeY33011010830/m
09-21 16:09:55.906  7099  7124 I Unity   : CamelHybrid.HybridStart:Log(String, LogType)
09-21 16:09:55.906  7099  7124 I Unity   : CamelHybrid.<>c__DisplayClass29_0:<UpdateHybridData>b__0(Int32, Int32)
09-21 16:09:55.906  7099  7124 I Unity   : CamelHybrid.<Run>d__3:MoveNext()
09-21 16:09:55.906  7099  7124 I Unity   : UnityEngine.SetupCoroutine:InvokeMoveNext(IEnumerator, IntPtr)
09-21 16:09:55.906  7099  7124 I Unity   :
09-21 16:09:55.908  7099  7124 I Unity   : [HybridWebDataReader] Start RetryCount=3 Timeout=30
09-21 16:09:55.908  7099  7124 I Unity   : CamelHybrid.<Operation>d__30:MoveNext()
09-21 16:09:55.908  7099  7124 I Unity   : UnityEngine.SetupCoroutine:InvokeMoveNext(IEnumerator, IntPtr)
09-21 16:09:55.908  7099  7124 I Unity   :
09-21 16:09:55.947  7099  7124 I Unity   : [HybridWebDataReader] Operation success
09-21 16:09:55.947  7099  7124 I Unity   : CamelHybrid.<OperationAction>d__8:MoveNext()
09-21 16:09:55.947  7099  7124 I Unity   : UnityEngine.SetupCoroutine:InvokeMoveNext(IEnumerator, IntPtr)
09-21 16:09:55.947  7099  7124 I Unity   :
09-21 16:09:55.948  7099  7124 I Unity   : [HybridStart] [Log] UpdateHybridData 2 latestManifestData.Length=912
09-21 16:09:55.948  7099  7124 I Unity   : CamelHybrid.HybridStart:Log(String, LogType)
09-21 16:09:55.948  7099  7124 I Unity   : CamelHybrid.<UpdateHybridData>d__29:MoveNext()
09-21 16:09:55.948  7099  7124 I Unity   : UnityEngine.SetupCoroutine:InvokeMoveNext(IEnumerator, IntPtr)
09-21 16:09:55.948  7099  7124 I Unity   :
09-21 16:09:55.952  7099  7124 I Unity   : [HybridDataCryptor] Start RetryCount=3 Timeout=30
09-21 16:09:55.952  7099  7124 I Unity   : CamelHybrid.<Operation>d__30:MoveNext()
09-21 16:09:55.952  7099  7124 I Unity   : UnityEngine.SetupCoroutine:InvokeMoveNext(IEnumerator, IntPtr)
09-21 16:09:55.952  7099  7124 I Unity   :
09-21 16:09:55.981  7099  7124 I Unity   : [HybridDataCryptor] Operation success
09-21 16:09:55.981  7099  7124 I Unity   : CamelHybrid.<OperationAction>d__19:MoveNext()
09-21 16:09:55.981  7099  7124 I Unity   : UnityEngine.SetupCoroutine:InvokeMoveNext(IEnumerator, IntPtr)
09-21 16:09:55.981  7099  7124 I Unity   :
09-21 16:09:55.982  7099  7124 I Unity   : [HybridStart] [Log] UpdateHybridData 3 latestManifest.HashIn=0F7BC17DB6C8B89DC4A9895BE467D748 latestManifest.HashOut=08BB0921D99E1140AB572FA39AFD54F9
09-21 16:09:55.982  7099  7124 I Unity   : CamelHybrid.HybridStart:Log(String, LogType)
09-21 16:09:55.982  7099  7124 I Unity   : CamelHybrid.<UpdateHybridData>d__29:MoveNext()
09-21 16:09:55.982  7099  7124 I Unity   : UnityEngine.SetupCoroutine:InvokeMoveNext(IEnumerator, IntPtr)
09-21 16:09:55.982  7099  7124 I Unity   :
09-21 16:09:55.985  7099  7124 I Unity   : [HybridStart] [Log] UpdateHybridData finish no need to update LocalManifest.HashOut=08BB0921D99E1140AB572FA39AFD54F9 latestManifest.HashOut=08BB0921D99E1140AB572FA39AFD54F9
09-21 16:09:55.985  7099  7124 I Unity   : CamelHybrid.HybridStart:Log(String, LogType)
09-21 16:09:55.985  7099  7124 I Unity   : CamelHybrid.<UpdateHybridData>d__29:MoveNext()
09-21 16:09:55.985  7099  7124 I Unity   : UnityEngine.SetupCoroutine:InvokeMoveNext(IEnumerator, IntPtr)
09-21 16:09:55.985  7099  7124 I Unity   :
09-21 16:09:55.988  7099  7124 I Unity   : [HybridStart] [Log] UpdateHybridData finish 83.73ms spent
09-21 16:09:55.988  7099  7124 I Unity   : CamelHybrid.HybridStart:Log(String, LogType)
09-21 16:09:55.988  7099  7124 I Unity   : CamelHybrid.<HybridStartup>d__24:MoveNext()
09-21 16:09:55.988  7099  7124 I Unity   : UnityEngine.SetupCoroutine:InvokeMoveNext(IEnumerator, IntPtr)
09-21 16:09:55.988  7099  7124 I Unity   :
09-21 16:09:55.992  7099  7124 I Unity   : [HybridStart] [Log] [LoadSafeFile] 0 pathToFile=/storage/emulated/0/Android/data/com.camelgames.aoz.debuglz4/files/wdeY33011010830_cli
09-21 16:09:55.992  7099  7124 I Unity   : CamelHybrid.HybridStart:Log(String, LogType)
09-21 16:09:55.992  7099  7124 I Unity   : CamelHybrid.<LoadSafeFile>d__32:MoveNext()
09-21 16:09:55.992  7099  7124 I Unity   : UnityEngine.SetupCoroutine:InvokeMoveNext(IEnumerator, IntPtr)
09-21 16:09:55.992  7099  7124 I Unity   :
09-21 16:09:55.996  7099  7124 I Unity   : [HybridStart] [Log] [LoadSafeFile] 2
09-21 16:09:55.996  7099  7124 I Unity   : CamelHybrid.HybridStart:Log(String, LogType)
09-21 16:09:55.996  7099  7124 I Unity   : CamelHybrid.<LoadSafeFile>d__32:MoveNext()
09-21 16:09:55.996  7099  7124 I Unity   : UnityEngine.SetupCoroutine:InvokeMoveNext(IEnumerator, IntPtr)
09-21 16:09:55.996  7099  7124 I Unity   :
09-21 16:09:56.001  7099  7124 I Unity   : [HybridLocalDataReader /storage/emulated/0/Android/data/com.camelgames.aoz.debuglz4/files/wdeY33011010830_cli] Start RetryCount=3 Timeout=30
09-21 16:09:56.001  7099  7124 I Unity   : CamelHybrid.<Operation>d__30:MoveNext()
09-21 16:09:56.001  7099  7124 I Unity   : UnityEngine.SetupCoroutine:InvokeMoveNext(IEnumerator, IntPtr)
09-21 16:09:56.001  7099  7124 I Unity   :
09-21 16:09:56.015  7099  7124 I Unity   : [HybridLocalDataReader /storage/emulated/0/Android/data/com.camelgames.aoz.debuglz4/files/wdeY33011010830_cli] Operation success
09-21 16:09:56.015  7099  7124 I Unity   : CamelHybrid.<OperationAction>d__8:MoveNext()
09-21 16:09:56.015  7099  7124 I Unity   : UnityEngine.SetupCoroutine:InvokeMoveNext(IEnumerator, IntPtr)
09-21 16:09:56.015  7099  7124 I Unity   :
09-21 16:09:56.015  7099  7124 I Unity   : [HybridStart] [Log] [LoadSafeFile] 3
09-21 16:09:56.015  7099  7124 I Unity   : CamelHybrid.HybridStart:Log(String, LogType)
09-21 16:09:56.015  7099  7124 I Unity   : CamelHybrid.<>c__DisplayClass32_0:<LoadSafeFile>b__1(HybridLocalDataReader)
09-21 16:09:56.015  7099  7124 I Unity   : CamelHybrid.<Run>d__3:MoveNext()
09-21 16:09:56.015  7099  7124 I Unity   : UnityEngine.SetupCoroutine:InvokeMoveNext(IEnumerator, IntPtr)
09-21 16:09:56.015  7099  7124 I Unity   :
09-21 16:09:56.018  7099  7124 I Unity   : [HybridStart] [Log] [LoadSafeFile] 4
09-21 16:09:56.018  7099  7124 I Unity   : CamelHybrid.HybridStart:Log(String, LogType)
09-21 16:09:56.018  7099  7124 I Unity   : CamelHybrid.<>c__DisplayClass32_0:<LoadSafeFile>b__1(HybridLocalDataReader)
09-21 16:09:56.018  7099  7124 I Unity   : CamelHybrid.<Run>d__3:MoveNext()
09-21 16:09:56.018  7099  7124 I Unity   : UnityEngine.SetupCoroutine:InvokeMoveNext(IEnumerator, IntPtr)
09-21 16:09:56.018  7099  7124 I Unity   :
09-21 16:09:56.021  7099  7124 I Unity   : [HybridStart] [Log] [LoadSafeFile] 6 fileBytes length=912 hash=8B3C85B674A3E317D0BE49C5EA1586B2
09-21 16:09:56.021  7099  7124 I Unity   : CamelHybrid.HybridStart:Log(String, LogType)
09-21 16:09:56.021  7099  7124 I Unity   : CamelHybrid.<LoadSafeFile>d__32:MoveNext()
09-21 16:09:56.021  7099  7124 I Unity   : UnityEngine.SetupCoroutine:InvokeMoveNext(IEnumerator, IntPtr)
09-21 16:09:56.021  7099  7124 I Unity   :
09-21 16:09:56.024  7099  7124 I Unity   : [HybridDataCryptor] Start RetryCount=3 Timeout=30
09-21 16:09:56.024  7099  7124 I Unity   : CamelHybrid.<Operation>d__30:MoveNext()
09-21 16:09:56.024  7099  7124 I Unity   : UnityEngine.SetupCoroutine:InvokeMoveNext(IEnumerator, IntPtr)
09-21 16:09:56.024  7099  7124 I Unity   :
09-21 16:09:56.048  7099  7124 I Unity   : [HybridDataCryptor] Operation success
09-21 16:09:56.048  7099  7124 I Unity   : CamelHybrid.<OperationAction>d__19:MoveNext()
09-21 16:09:56.048  7099  7124 I Unity   : UnityEngine.SetupCoroutine:InvokeMoveNext(IEnumerator, IntPtr)
09-21 16:09:56.048  7099  7124 I Unity   :
09-21 16:09:56.049  7099  7124 I Unity   : [HybridStart] [Log] [LoadSafeFile] 7
09-21 16:09:56.049  7099  7124 I Unity   : CamelHybrid.HybridStart:Log(String, LogType)
09-21 16:09:56.049  7099  7124 I Unity   : CamelHybrid.<>c__DisplayClass32_0:<LoadSafeFile>b__4(HybridDataCryptor)
09-21 16:09:56.049  7099  7124 I Unity   : CamelHybrid.<Run>d__3:MoveNext()
09-21 16:09:56.049  7099  7124 I Unity   : UnityEngine.SetupCoroutine:InvokeMoveNext(IEnumerator, IntPtr)
09-21 16:09:56.049  7099  7124 I Unity   :
09-21 16:09:56.052  7099  7124 I Unity   : [HybridStart] [Log] [LoadSafeFile] 8 /storage/emulated/0/Android/data/com.camelgames.aoz.debuglz4/files/wdeY33011010830_cli spent 52.31ms
09-21 16:09:56.052  7099  7124 I Unity   : CamelHybrid.HybridStart:Log(String, LogType)
09-21 16:09:56.052  7099  7124 I Unity   : CamelHybrid.<LoadSafeFile>d__32:MoveNext()
09-21 16:09:56.052  7099  7124 I Unity   : UnityEngine.SetupCoroutine:InvokeMoveNext(IEnumerator, IntPtr)
09-21 16:09:56.052  7099  7124 I Unity   :
09-21 16:09:56.055  7099  7124 I Unity   : [HybridStart] [Log] LoadData 0 load manifest finish HashOut=08BB0921D99E1140AB572FA39AFD54F9 LengthOut=10788880 HashIn=0F7BC17DB6C8B89DC4A9895BE467D748 LengthIn=10788864
09-21 16:09:56.055  7099  7124 I Unity   : CamelHybrid.HybridStart:Log(String, LogType)
09-21 16:09:56.055  7099  7124 I Unity   : CamelHybrid.<LoadData>d__30:MoveNext()
09-21 16:09:56.055  7099  7124 I Unity   : UnityEngine.SetupCoroutine:InvokeMoveNext(IEnumerator, IntPtr)
09-21 16:09:56.055  7099  7124 I Unity   :
09-21 16:09:56.059  7099  7124 I Unity   : [HybridStart] [Log] [LoadSafeFile] 0 pathToFile=/storage/emulated/0/Android/data/com.camelgames.aoz.debuglz4/files/wdeY33011010830_cld
09-21 16:09:56.059  7099  7124 I Unity   : CamelHybrid.HybridStart:Log(String, LogType)
09-21 16:09:56.059  7099  7124 I Unity   : CamelHybrid.<LoadSafeFile>d__32:MoveNext()
09-21 16:09:56.059  7099  7124 I Unity   : UnityEngine.SetupCoroutine:InvokeMoveNext(IEnumerator, IntPtr)
09-21 16:09:56.059  7099  7124 I Unity   :
09-21 16:09:56.066  7099  7124 I Unity   : [HybridStart] [Log] [LoadSafeFile] 2
09-21 16:09:56.066  7099  7124 I Unity   : CamelHybrid.HybridStart:Log(String, LogType)
09-21 16:09:56.066  7099  7124 I Unity   : CamelHybrid.<LoadSafeFile>d__32:MoveNext()
09-21 16:09:56.066  7099  7124 I Unity   : UnityEngine.SetupCoroutine:InvokeMoveNext(IEnumerator, IntPtr)
09-21 16:09:56.066  7099  7124 I Unity   :
09-21 16:09:56.069  7099  7124 I Unity   : [HybridLocalDataReader /storage/emulated/0/Android/data/com.camelgames.aoz.debuglz4/files/wdeY33011010830_cld] Start RetryCount=3 Timeout=30
09-21 16:09:56.069  7099  7124 I Unity   : CamelHybrid.<Operation>d__30:MoveNext()
09-21 16:09:56.069  7099  7124 I Unity   : UnityEngine.SetupCoroutine:InvokeMoveNext(IEnumerator, IntPtr)
09-21 16:09:56.069  7099  7124 I Unity   :
09-21 16:09:56.206  7099  7124 I Unity   : [HybridLocalDataReader /storage/emulated/0/Android/data/com.camelgames.aoz.debuglz4/files/wdeY33011010830_cld] Operation success
09-21 16:09:56.206  7099  7124 I Unity   : CamelHybrid.<OperationAction>d__8:MoveNext()
09-21 16:09:56.206  7099  7124 I Unity   : UnityEngine.SetupCoroutine:InvokeMoveNext(IEnumerator, IntPtr)
09-21 16:09:56.206  7099  7124 I Unity   :
09-21 16:09:56.207  7099  7124 I Unity   : [HybridStart] [Log] [LoadSafeFile] 3
09-21 16:09:56.207  7099  7124 I Unity   : CamelHybrid.HybridStart:Log(String, LogType)
09-21 16:09:56.207  7099  7124 I Unity   : CamelHybrid.<>c__DisplayClass32_0:<LoadSafeFile>b__1(HybridLocalDataReader)
09-21 16:09:56.207  7099  7124 I Unity   : CamelHybrid.<Run>d__3:MoveNext()
09-21 16:09:56.207  7099  7124 I Unity   : UnityEngine.SetupCoroutine:InvokeMoveNext(IEnumerator, IntPtr)
09-21 16:09:56.207  7099  7124 I Unity   :
09-21 16:09:56.208  7099  7124 I Unity   : [HybridStart] [Log] [LoadSafeFile] 4
09-21 16:09:56.208  7099  7124 I Unity   : CamelHybrid.HybridStart:Log(String, LogType)
09-21 16:09:56.208  7099  7124 I Unity   : CamelHybrid.<>c__DisplayClass32_0:<LoadSafeFile>b__1(HybridLocalDataReader)
09-21 16:09:56.208  7099  7124 I Unity   : CamelHybrid.<Run>d__3:MoveNext()
09-21 16:09:56.208  7099  7124 I Unity   : UnityEngine.SetupCoroutine:InvokeMoveNext(IEnumerator, IntPtr)
09-21 16:09:56.208  7099  7124 I Unity   :
09-21 16:09:56.262  7099  7124 I Unity   : [HybridStart] [Log] [LoadSafeFile] 6 fileBytes length=10788880 hash=08BB0921D99E1140AB572FA39AFD54F9
09-21 16:09:56.262  7099  7124 I Unity   : CamelHybrid.HybridStart:Log(String, LogType)
09-21 16:09:56.262  7099  7124 I Unity   : CamelHybrid.<LoadSafeFile>d__32:MoveNext()
09-21 16:09:56.262  7099  7124 I Unity   : UnityEngine.SetupCoroutine:InvokeMoveNext(IEnumerator, IntPtr)
09-21 16:09:56.262  7099  7124 I Unity   :
09-21 16:09:56.265  7099  7124 I Unity   : [HybridDataCryptor] Start RetryCount=3 Timeout=30
09-21 16:09:56.265  7099  7124 I Unity   : CamelHybrid.<Operation>d__30:MoveNext()
09-21 16:09:56.265  7099  7124 I Unity   : UnityEngine.SetupCoroutine:InvokeMoveNext(IEnumerator, IntPtr)
09-21 16:09:56.265  7099  7124 I Unity   :
09-21 16:09:56.427  2317  2341 I QcrilOemhookMsgTunnel: [1]processOemHookIndication length=21
09-21 16:09:56.427  2317  2317 D QcrilMsgTunnelIfaceManager: handleMessage what = 0
--------- beginning of radio
09-21 16:09:56.428  2197  2288 D RILJ    : Unsol response received; Sending ack to ril.cpp [SUB1]
09-21 16:09:56.428  2197  2288 D RILJ    : [UNSL]< UNSOL_RESPONSE_NETWORK_STATE_CHANGED [SUB1]
09-21 16:09:56.429  2197  2372 D NetworkRegistrationManager: onNetworkStateChanged
09-21 16:09:56.429  2197  2197 D SST[1]  : [1] pollState: modemTriggered=true
09-21 16:09:56.430  2178  2178 D use-Rlog/RLOG-QC_RIL_OEM_HOOK: Received Broadcast Intent ACTION_UNSOL_RESPONSE_OEM_HOOK_RAW
09-21 16:09:56.431  2178  2178 D use-Rlog/RLOG-QC_RIL_OEM_HOOK: Oem ID in QCRILHOOK UNSOL RESP is QOEMHOOK
09-21 16:09:56.433  2197  2197 D RILJ    : [6082]> OPERATOR [SUB1]
09-21 16:09:56.434  2197  2197 D NetworkRegistrationManager: getNetworkRegistrationState domain 2
09-21 16:09:56.434  2197  2197 D NetworkRegistrationManager: getNetworkRegistrationState domain 1
09-21 16:09:56.436  2197  2197 D RILJ    : [6083]> QUERY_NETWORK_SELECTION_MODE [SUB1]
09-21 16:09:56.437  2197  2197 D use-Rlog/RLOG-QC_RIL_OEM_HOOK: Received Broadcast Intent ACTION_UNSOL_RESPONSE_OEM_HOOK_RAW
09-21 16:09:56.437  2197  2197 D use-Rlog/RLOG-QC_RIL_OEM_HOOK: Oem ID in QCRILHOOK UNSOL RESP is QOEMHOOK
09-21 16:09:56.437  2197  2197 D use-Rlog/RLOG-QC_RIL_OEM_HOOK: Received Broadcast Intent ACTION_UNSOL_RESPONSE_OEM_HOOK_RAW
09-21 16:09:56.437  2197  2197 D use-Rlog/RLOG-QC_RIL_OEM_HOOK: Oem ID in QCRILHOOK UNSOL RESP is QOEMHOOK
09-21 16:09:56.437  2197  2197 E use-Rlog/RLOG-QC_RIL_OEM_HOOK: QcRilOemHook notifyRegistrants Failed
09-21 16:09:56.437  2197  2197 D use-Rlog/RLOG-QC_RIL_OEM_HOOK: Received Broadcast Intent ACTION_UNSOL_RESPONSE_OEM_HOOK_RAW
09-21 16:09:56.437  2197  2372 D RILJ    : [6084]> DATA_REGISTRATION_STATE [SUB1]
09-21 16:09:56.437  2197  2197 D use-Rlog/RLOG-QC_RIL_OEM_HOOK: Oem ID in QCRILHOOK UNSOL RESP is QOEMHOOK
09-21 16:09:56.437  2197  2197 D use-Rlog/RLOG-QC_RIL_OEM_HOOK: Received Broadcast Intent ACTION_UNSOL_RESPONSE_OEM_HOOK_RAW
09-21 16:09:56.438  2197  2197 D use-Rlog/RLOG-QC_RIL_OEM_HOOK: Oem ID in QCRILHOOK UNSOL RESP is QOEMHOOK
09-21 16:09:56.438  2197  2197 D PhoneSwitcher: handle event - 108
09-21 16:09:56.439  2197  2372 D RILJ    : [6085]> VOICE_REGISTRATION_STATE [SUB1]
09-21 16:09:56.444  2317  2341 I QcrilOemhookMsgTunnel: [1]processOemHookIndication length=21
09-21 16:09:56.444  2197  2288 D RILJ    : Unsol response received; Sending ack to ril.cpp [SUB1]
09-21 16:09:56.444  2197  2288 D RILJ    : [UNSL]< UNSOL_RESPONSE_NETWORK_STATE_CHANGED [SUB1]
09-21 16:09:56.444  2317  2317 D QcrilMsgTunnelIfaceManager: handleMessage what = 0
09-21 16:09:56.445  2197  2372 D NetworkRegistrationManager: onNetworkStateChanged
09-21 16:09:56.446  2197  2197 D SST[1]  : [1] pollState: modemTriggered=true
09-21 16:09:56.447  2178  2178 D use-Rlog/RLOG-QC_RIL_OEM_HOOK: Received Broadcast Intent ACTION_UNSOL_RESPONSE_OEM_HOOK_RAW
09-21 16:09:56.447  2178  2178 D use-Rlog/RLOG-QC_RIL_OEM_HOOK: Oem ID in QCRILHOOK UNSOL RESP is QOEMHOOK
09-21 16:09:56.447  2197  2197 D RILJ    : [6087]> OPERATOR [SUB1]
09-21 16:09:56.448  2197  2197 D NetworkRegistrationManager: getNetworkRegistrationState domain 2
09-21 16:09:56.448  2197  2197 D NetworkRegistrationManager: getNetworkRegistrationState domain 1
09-21 16:09:56.449  2197  2288 D RILJ    : [6082]< OPERATOR {, , } [SUB1]
09-21 16:09:56.450  2197  2197 D RILJ    : [6088]> QUERY_NETWORK_SELECTION_MODE [SUB1]
09-21 16:09:56.451  2197  2197 D use-Rlog/RLOG-QC_RIL_OEM_HOOK: Received Broadcast Intent ACTION_UNSOL_RESPONSE_OEM_HOOK_RAW
09-21 16:09:56.451  2197  2197 D use-Rlog/RLOG-QC_RIL_OEM_HOOK: Oem ID in QCRILHOOK UNSOL RESP is QOEMHOOK
09-21 16:09:56.451  2197  2197 D use-Rlog/RLOG-QC_RIL_OEM_HOOK: Received Broadcast Intent ACTION_UNSOL_RESPONSE_OEM_HOOK_RAW
09-21 16:09:56.451  2197  2197 D use-Rlog/RLOG-QC_RIL_OEM_HOOK: Oem ID in QCRILHOOK UNSOL RESP is QOEMHOOK
09-21 16:09:56.451  2197  2197 E use-Rlog/RLOG-QC_RIL_OEM_HOOK: QcRilOemHook notifyRegistrants Failed
09-21 16:09:56.451  2197  2197 D use-Rlog/RLOG-QC_RIL_OEM_HOOK: Received Broadcast Intent ACTION_UNSOL_RESPONSE_OEM_HOOK_RAW
09-21 16:09:56.451  2197  2197 D use-Rlog/RLOG-QC_RIL_OEM_HOOK: Oem ID in QCRILHOOK UNSOL RESP is QOEMHOOK
09-21 16:09:56.451  2197  2197 D use-Rlog/RLOG-QC_RIL_OEM_HOOK: Received Broadcast Intent ACTION_UNSOL_RESPONSE_OEM_HOOK_RAW
09-21 16:09:56.451  2197  2197 D use-Rlog/RLOG-QC_RIL_OEM_HOOK: Oem ID in QCRILHOOK UNSOL RESP is QOEMHOOK
09-21 16:09:56.452  2197  2197 D PhoneSwitcher: handle event - 108
09-21 16:09:56.452  2197  2372 D RILJ    : [6089]> DATA_REGISTRATION_STATE [SUB1]
09-21 16:09:56.453  2197  2288 D RILJ    : [6087]< OPERATOR {, , } [SUB1]
09-21 16:09:56.453  2197  2372 D RILJ    : [6090]> VOICE_REGISTRATION_STATE [SUB1]
09-21 16:09:56.453  2197  2288 D RILJ    : [6083]< QUERY_NETWORK_SELECTION_MODE {0} [SUB1]
09-21 16:09:56.453  2197  2197 D SST[1]  : [1] EVENT_POLL_STATE_NETWORK_SELECTION_MODE
09-21 16:09:56.456  2197  2288 D RILJ    : [6084]< DATA_REGISTRATION_STATE {.regState = NOT_REG_MT_NOT_SEARCHING_OP, .rat = 0, .reasonDataDenied = 0, .maxDataCalls = 20, .cellIdentity = {...}} [SUB1]
09-21 16:09:56.456  2197  2288 D RILJ    : [6089]< DATA_REGISTRATION_STATE {.regState = NOT_REG_MT_NOT_SEARCHING_OP, .rat = 0, .reasonDataDenied = 0, .maxDataCalls = 20, .cellIdentity = {...}} [SUB1]
09-21 16:09:56.456  2197  2435 D NetworkRegistrationManager: onGetNetworkRegistrationStateComplete result 0 state NetworkRegistrationState{transportType=1 domain=PS regState=NOT_REG_NOT_SEARCHING accessNetworkTechnology=UNKNOWN reasonForDenial=0 emergencyEnabled=false supportedServices=null cellIdentity=null voiceSpecificStates=null dataSpecificStates=DataSpecificRegistrationStates { mMaxDataCalls=20}}
09-21 16:09:56.457  2197  2435 D NetworkRegistrationManager: onGetNetworkRegistrationStateComplete result 0 state NetworkRegistrationState{transportType=1 domain=PS regState=NOT_REG_NOT_SEARCHING accessNetworkTechnology=UNKNOWN reasonForDenial=0 emergencyEnabled=false supportedServices=null cellIdentity=null voiceSpecificStates=null dataSpecificStates=DataSpecificRegistrationStates { mMaxDataCalls=20}}
09-21 16:09:56.457  2197  2197 D SST[1]  : [1] Could not set ServiceState channel number. CellIdentity null
09-21 16:09:56.457  2197  2197 D SST[1]  : [1] handlPollStateResultMessage: GsmSST dataServiceState=1 regState=0 dataRadioTechnology=0
09-21 16:09:56.459  2197  2288 D RILJ    : [6085]< VOICE_REGISTRATION_STATE {.regState = NOT_REG_MT_SEARCHING_OP_EM, .rat = 3, .cssSupported = false, .roamingIndicator = -1, .systemIsInPrl = -1, .defaultRoamingIndicator = -1, .reasonForDenial = 0, .cellIdentity = {...}} [SUB1]
09-21 16:09:56.459  2197  2288 D RILJ    : [6090]< VOICE_REGISTRATION_STATE {.regState = NOT_REG_MT_SEARCHING_OP_EM, .rat = 3, .cssSupported = false, .roamingIndicator = -1, .systemIsInPrl = -1, .defaultRoamingIndicator = -1, .reasonForDenial = 0, .cellIdentity = {...}} [SUB1]
09-21 16:09:56.459  2197  2435 D NetworkRegistrationManager: onGetNetworkRegistrationStateComplete result 0 state NetworkRegistrationState{transportType=1 domain=CS regState=NOT_REG_SEARCHING accessNetworkTechnology=UMTS reasonForDenial=0 emergencyEnabled=true supportedServices=[I@82e1be2 cellIdentity=CellIdentityWcdma:{ mMcc=460 mMnc=01 mAlphaLong=CHN-UNICOM mAlphaShort=UNICOM} voiceSpecificStates=VoiceSpecificRegistrationStates { mCssSupported=false mRoamingIndicator=-1 mSystemIsInPrl=-1 mDefaultRoamingIndicator=-1} dataSpecificStates=null}
09-21 16:09:56.460  2197  2288 D RILJ    : [6088]< QUERY_NETWORK_SELECTION_MODE {0} [SUB1]
09-21 16:09:56.460  2197  2435 D NetworkRegistrationManager: onGetNetworkRegistrationStateComplete result 0 state NetworkRegistrationState{transportType=1 domain=CS regState=NOT_REG_SEARCHING accessNetworkTechnology=UMTS reasonForDenial=0 emergencyEnabled=true supportedServices=[I@aeceb73 cellIdentity=CellIdentityWcdma:{ mMcc=460 mMnc=01 mAlphaLong=CHN-UNICOM mAlphaShort=UNICOM} voiceSpecificStates=VoiceSpecificRegistrationStates { mCssSupported=false mRoamingIndicator=-1 mSystemIsInPrl=-1 mDefaultRoamingIndicator=-1} dataSpecificStates=null}
09-21 16:09:56.460  2197  2197 D SST[1]  : [1] EVENT_POLL_STATE_NETWORK_SELECTION_MODE
09-21 16:09:56.460  2197  2197 D SST[1]  : [1] handlPollVoiceRegResultMessage: regState=2 radioTechnology=3
09-21 16:09:56.462  2197  2197 D SST[1]  : [1] Poll ServiceState done:  oldSS=[{mVoiceRegState=1(OUT_OF_SERVICE), mDataRegState=1(OUT_OF_SERVICE), mChannelNumber=10763, duplexMode()=0, mCellBandwidths=[], mVoiceRoamingType=home, mDataRoamingType=home, mVoiceOperatorAlphaLong=, mVoiceOperatorAlphaShort=, mDataOperatorAlphaLong=, mDataOperatorAlphaShort=, isManualNetworkSelection=false(automatic), mRilVoiceRadioTechnology=3(UMTS), mRilDataRadioTechnology=0(Unknown), mCssIndicator=unsupported, mNetworkId=-1, mSystemId=-1, mCdmaRoamingIndicator=-1, mCdmaDefaultRoamingIndicator=-1, mIsEmergencyOnly=true, mIsDataRoamingFromRegistration=false, mIsUsingCarrierAggregation=false, mLteEarfcnRsrpBoost=0, mNetworkRegistrationStates=[NetworkRegistrationState{transportType=1 domain=PS regState=NOT_REG_NOT_SEARCHING accessNetworkTechnology=UNKNOWN reasonForDenial=0 emergencyEnabled=false supportedServices=null cellIdentity=null voiceSpecificStates=null dataSpecificStates=DataSpecificRegistrationStates { mMaxDataCalls=20}}, NetworkRegistrationState{transportType=1 domain=CS regState=NOT_REG_SEARCHING accessNetworkTechnology=UMTS reasonForDenial=0 emergencyEnabled=true supportedServices=[I@b56fd2c cellIdentity=CellIdentityWcdma:{ mMcc=460 mMnc=01 mAlphaLong=CHN-UNICOM mAlphaShort=UNICOM} voiceSpecificStates=VoiceSpecificRegistrationStates { mCssSupported=false mRoamingIndicator=-1 mSystemIsInPrl=-1 mDefaultRoamingIndicator=-1} dataSpecificStates=null}]}] newSS=[{mVoiceRegState=1(OUT_OF_SERVICE), mDataRegState=1(OUT_OF_SERVICE), mChannelNumber=10763, duplexMode()=0, mCellBandwidths=[], mVoiceRoamingType=home, mDataRoamingType=home, mVoiceOperatorAlphaLong=, mVoiceOperatorAlphaShort=, mDataOperatorAlphaLong=, mDataOperatorAlphaShort=, isManualNetworkSelection=false(automatic), mRilVoiceRadioTechnology=3(UMTS), mRilDataRadioTechnology=0(Unknown), mCssIndicator=unsupported, mNetworkId=-1, mSystemId=-1, mCdmaRoamingIndicator=-1, mCdmaDefaultRoamingIndicator=-1, mIsEmergencyOnly=true, mIsDataRoamingFromRegistration=false, mIsUsingCarrierAggregation=false, mLteEarfcnRsrpBoost=0, mNetworkRegistrationStates=[NetworkRegistrationState{transportType=1 domain=PS regState=NOT_REG_NOT_SEARCHING accessNetworkTechnology=UNKNOWN reasonForDenial=0 emergencyEnabled=false supportedServices=null cellIdentity=null voiceSpecificStates=null dataSpecificStates=DataSpecificRegistrationStates { mMaxDataCalls=20}}, NetworkRegistrationState{transportType=1 domain=CS regState=NOT_REG_SEARCHING accessNetworkTechnology=UMTS reasonForDenial=0 emergencyEnabled=true supportedServices=[I@aeceb73 cellIdentity=CellIdentityWcdma:{ mMcc=460 mMnc=01 mAlphaLong=CHN-UNICOM mAlphaShort=UNICOM} voiceSpecificStates=VoiceSpecificRegistrationStates { mCssSupported=false mRoamingIndicator=-1 mSystemIsInPrl=-1 mDefaultRoamingIndicator=-1} dataSpecificStates=null}]}] oldMaxDataCalls=20 mNewMaxDataCalls=20 oldReasonDataDenied=0 mNewReasonDataDenied=0
09-21 16:09:56.463  2197  2197 D SST[1]  : [1] pollStateDone: hasRegistered=false hasDeregistered=false hasDataAttached=false hasDataDetached=false hasDataRegStateChanged=false hasRilVoiceRadioTechnologyChanged= false hasRilDataRadioTechnologyChanged=false hasChanged=false hasVoiceRoamingOn=false hasVoiceRoamingOff=false hasDataRoamingOn=false hasDataRoamingOff=false hasLocationChanged=false has4gHandoff = false hasMultiApnSupport=false hasLostMultiApnSupport=false hasCssIndicatorChanged=false
09-21 16:09:56.672  7099  7124 I Unity   : [HybridDataCryptor] Operation success
09-21 16:09:56.672  7099  7124 I Unity   : CamelHybrid.<OperationAction>d__19:MoveNext()
09-21 16:09:56.672  7099  7124 I Unity   : UnityEngine.SetupCoroutine:InvokeMoveNext(IEnumerator, IntPtr)
09-21 16:09:56.672  7099  7124 I Unity   :
09-21 16:09:56.674  7099  7124 I Unity   : [HybridStart] [Log] [LoadSafeFile] 7
09-21 16:09:56.674  7099  7124 I Unity   : CamelHybrid.HybridStart:Log(String, LogType)
09-21 16:09:56.674  7099  7124 I Unity   : CamelHybrid.<>c__DisplayClass32_0:<LoadSafeFile>b__4(HybridDataCryptor)
09-21 16:09:56.674  7099  7124 I Unity   : CamelHybrid.<Run>d__3:MoveNext()
09-21 16:09:56.674  7099  7124 I Unity   : UnityEngine.SetupCoroutine:InvokeMoveNext(IEnumerator, IntPtr)
09-21 16:09:56.674  7099  7124 I Unity   :
09-21 16:09:56.678  7099  7124 I Unity   : [HybridStart] [Log] [LoadSafeFile] 8 /storage/emulated/0/Android/data/com.camelgames.aoz.debuglz4/files/wdeY33011010830_cld spent 608.72ms
09-21 16:09:56.678  7099  7124 I Unity   : CamelHybrid.HybridStart:Log(String, LogType)
09-21 16:09:56.678  7099  7124 I Unity   : CamelHybrid.<LoadSafeFile>d__32:MoveNext()
09-21 16:09:56.678  7099  7124 I Unity   : UnityEngine.SetupCoroutine:InvokeMoveNext(IEnumerator, IntPtr)
09-21 16:09:56.678  7099  7124 I Unity   :
09-21 16:09:56.753  7099  7124 I Unity   : [HybridStart] [Log] LoadData 1 open file finish length=10788864 hash=0F7BC17DB6C8B89DC4A9895BE467D748
09-21 16:09:56.753  7099  7124 I Unity   : CamelHybrid.HybridStart:Log(String, LogType)
09-21 16:09:56.753  7099  7124 I Unity   : CamelHybrid.<LoadData>d__30:MoveNext()
09-21 16:09:56.753  7099  7124 I Unity   : UnityEngine.SetupCoroutine:InvokeMoveNext(IEnumerator, IntPtr)
09-21 16:09:56.753  7099  7124 I Unity   :
09-21 16:09:56.766  7099  7124 I Unity   : [HybridStart] [Log] LoadData 3 index=0 result=OK
09-21 16:09:56.766  7099  7124 I Unity   : CamelHybrid.HybridStart:Log(String, LogType)
09-21 16:09:56.766  7099  7124 I Unity   : CamelHybrid.<>c__DisplayClass30_0:<LoadData>b__2(Int32, Byte[])
09-21 16:09:56.766  7099  7124 I Unity   : CamelHybrid.<DoLoadData>d__33:MoveNext()
09-21 16:09:56.766  7099  7124 I Unity   : UnityEngine.SetupCoroutine:InvokeMoveNext(IEnumerator, IntPtr)
09-21 16:09:56.766  7099  7124 I Unity   :
09-21 16:09:56.783  7099  7124 I Unity   : [HybridStart] [Log] LoadData 3 index=1 result=OK
09-21 16:09:56.783  7099  7124 I Unity   : CamelHybrid.HybridStart:Log(String, LogType)
09-21 16:09:56.783  7099  7124 I Unity   : CamelHybrid.<>c__DisplayClass30_0:<LoadData>b__2(Int32, Byte[])
09-21 16:09:56.783  7099  7124 I Unity   : CamelHybrid.<DoLoadData>d__33:MoveNext()
09-21 16:09:56.783  7099  7124 I Unity   : UnityEngine.SetupCoroutine:InvokeMoveNext(IEnumerator, IntPtr)
09-21 16:09:56.783  7099  7124 I Unity   :
09-21 16:09:56.833  7099  7124 I Unity   : [HybridStart] [Log] LoadData 3 index=2 result=OK
09-21 16:09:56.833  7099  7124 I Unity   : CamelHybrid.HybridStart:Log(String, LogType)
09-21 16:09:56.833  7099  7124 I Unity   : CamelHybrid.<>c__DisplayClass30_0:<LoadData>b__2(Int32, Byte[])
09-21 16:09:56.833  7099  7124 I Unity   : CamelHybrid.<DoLoadData>d__33:MoveNext()
09-21 16:09:56.833  7099  7124 I Unity   : UnityEngine.SetupCoroutine:InvokeMoveNext(IEnumerator, IntPtr)
09-21 16:09:56.833  7099  7124 I Unity   :
09-21 16:09:56.861  7099  7124 I Unity   : [HybridStart] [Log] LoadData 3 index=3 result=OK
09-21 16:09:56.861  7099  7124 I Unity   : CamelHybrid.HybridStart:Log(String, LogType)
09-21 16:09:56.861  7099  7124 I Unity   : CamelHybrid.<>c__DisplayClass30_0:<LoadData>b__2(Int32, Byte[])
09-21 16:09:56.861  7099  7124 I Unity   : CamelHybrid.<DoLoadData>d__33:MoveNext()
09-21 16:09:56.861  7099  7124 I Unity   : UnityEngine.SetupCoroutine:InvokeMoveNext(IEnumerator, IntPtr)
09-21 16:09:56.861  7099  7124 I Unity   :
09-21 16:09:56.883  7099  7124 I Unity   : [HybridStart] [Log] LoadData 3 index=4 result=OK
09-21 16:09:56.883  7099  7124 I Unity   : CamelHybrid.HybridStart:Log(String, LogType)
09-21 16:09:56.883  7099  7124 I Unity   : CamelHybrid.<>c__DisplayClass30_0:<LoadData>b__2(Int32, Byte[])
09-21 16:09:56.883  7099  7124 I Unity   : CamelHybrid.<DoLoadData>d__33:MoveNext()
09-21 16:09:56.883  7099  7124 I Unity   : UnityEngine.SetupCoroutine:InvokeMoveNext(IEnumerator, IntPtr)
09-21 16:09:56.883  7099  7124 I Unity   :
09-21 16:09:56.930  7099  7124 I Unity   : [HybridStart] [Log] LoadData 3 index=5 result=OK
09-21 16:09:56.930  7099  7124 I Unity   : CamelHybrid.HybridStart:Log(String, LogType)
09-21 16:09:56.930  7099  7124 I Unity   : CamelHybrid.<>c__DisplayClass30_0:<LoadData>b__2(Int32, Byte[])
09-21 16:09:56.930  7099  7124 I Unity   : CamelHybrid.<DoLoadData>d__33:MoveNext()
09-21 16:09:56.930  7099  7124 I Unity   : UnityEngine.SetupCoroutine:InvokeMoveNext(IEnumerator, IntPtr)
09-21 16:09:56.930  7099  7124 I Unity   :
09-21 16:09:57.019  7099  7124 I Unity   : [HybridStart] [Log] LoadData 3 index=6 result=OK
09-21 16:09:57.019  7099  7124 I Unity   : CamelHybrid.HybridStart:Log(String, LogType)
09-21 16:09:57.019  7099  7124 I Unity   : CamelHybrid.<>c__DisplayClass30_0:<LoadData>b__2(Int32, Byte[])
09-21 16:09:57.019  7099  7124 I Unity   : CamelHybrid.<DoLoadData>d__33:MoveNext()
09-21 16:09:57.019  7099  7124 I Unity   : UnityEngine.SetupCoroutine:InvokeMoveNext(IEnumerator, IntPtr)
09-21 16:09:57.019  7099  7124 I Unity   :
09-21 16:09:57.043  7099  7124 I Unity   : [HybridStart] [Log] LoadData 3 index=7 result=OK
09-21 16:09:57.043  7099  7124 I Unity   : CamelHybrid.HybridStart:Log(String, LogType)
09-21 16:09:57.043  7099  7124 I Unity   : CamelHybrid.<>c__DisplayClass30_0:<LoadData>b__2(Int32, Byte[])
09-21 16:09:57.043  7099  7124 I Unity   : CamelHybrid.<DoLoadData>d__33:MoveNext()
09-21 16:09:57.043  7099  7124 I Unity   : UnityEngine.SetupCoroutine:InvokeMoveNext(IEnumerator, IntPtr)
09-21 16:09:57.043  7099  7124 I Unity   :
09-21 16:09:57.058  7099  7124 I Unity   : [HybridStart] [Log] LoadData 3 index=8 result=OK
09-21 16:09:57.058  7099  7124 I Unity   : CamelHybrid.HybridStart:Log(String, LogType)
09-21 16:09:57.058  7099  7124 I Unity   : CamelHybrid.<>c__DisplayClass30_0:<LoadData>b__2(Int32, Byte[])
09-21 16:09:57.058  7099  7124 I Unity   : CamelHybrid.<DoLoadData>d__33:MoveNext()
09-21 16:09:57.058  7099  7124 I Unity   : UnityEngine.SetupCoroutine:InvokeMoveNext(IEnumerator, IntPtr)
09-21 16:09:57.058  7099  7124 I Unity   :
09-21 16:09:57.084  7099  7124 I Unity   : [HybridStart] [Log] LoadData 3 index=9 result=OK
09-21 16:09:57.084  7099  7124 I Unity   : CamelHybrid.HybridStart:Log(String, LogType)
09-21 16:09:57.084  7099  7124 I Unity   : CamelHybrid.<>c__DisplayClass30_0:<LoadData>b__2(Int32, Byte[])
09-21 16:09:57.084  7099  7124 I Unity   : CamelHybrid.<DoLoadData>d__33:MoveNext()
09-21 16:09:57.084  7099  7124 I Unity   : UnityEngine.SetupCoroutine:InvokeMoveNext(IEnumerator, IntPtr)
09-21 16:09:57.084  7099  7124 I Unity   :
09-21 16:09:57.118  7099  7124 I Unity   : [HybridStart] [Log] LoadData 3 index=10 result=OK
09-21 16:09:57.118  7099  7124 I Unity   : CamelHybrid.HybridStart:Log(String, LogType)
09-21 16:09:57.118  7099  7124 I Unity   : CamelHybrid.<>c__DisplayClass30_0:<LoadData>b__2(Int32, Byte[])
09-21 16:09:57.118  7099  7124 I Unity   : CamelHybrid.<DoLoadData>d__33:MoveNext()
09-21 16:09:57.118  7099  7124 I Unity   : UnityEngine.SetupCoroutine:InvokeMoveNext(IEnumerator, IntPtr)
09-21 16:09:57.118  7099  7124 I Unity   :
09-21 16:09:57.153  7099  7124 I Unity   : [HybridStart] [Log] LoadData 3 index=11 result=OK
09-21 16:09:57.153  7099  7124 I Unity   : CamelHybrid.HybridStart:Log(String, LogType)
09-21 16:09:57.153  7099  7124 I Unity   : CamelHybrid.<>c__DisplayClass30_0:<LoadData>b__2(Int32, Byte[])
09-21 16:09:57.153  7099  7124 I Unity   : CamelHybrid.<DoLoadData>d__33:MoveNext()
09-21 16:09:57.153  7099  7124 I Unity   : UnityEngine.SetupCoroutine:InvokeMoveNext(IEnumerator, IntPtr)
09-21 16:09:57.153  7099  7124 I Unity   :
09-21 16:09:57.183  7099  7124 I Unity   : [HybridStart] [Log] LoadData 3 index=12 result=OK
09-21 16:09:57.183  7099  7124 I Unity   : CamelHybrid.HybridStart:Log(String, LogType)
09-21 16:09:57.183  7099  7124 I Unity   : CamelHybrid.<>c__DisplayClass30_0:<LoadData>b__2(Int32, Byte[])
09-21 16:09:57.183  7099  7124 I Unity   : CamelHybrid.<DoLoadData>d__33:MoveNext()
09-21 16:09:57.183  7099  7124 I Unity   : UnityEngine.SetupCoroutine:InvokeMoveNext(IEnumerator, IntPtr)
09-21 16:09:57.183  7099  7124 I Unity   :
09-21 16:09:57.273  7099  7124 I Unity   : [HybridStart] [Log] LoadData 3 index=13 result=OK
09-21 16:09:57.273  7099  7124 I Unity   : CamelHybrid.HybridStart:Log(String, LogType)
09-21 16:09:57.273  7099  7124 I Unity   : CamelHybrid.<>c__DisplayClass30_0:<LoadData>b__2(Int32, Byte[])
09-21 16:09:57.273  7099  7124 I Unity   : CamelHybrid.<DoLoadData>d__33:MoveNext()
09-21 16:09:57.273  7099  7124 I Unity   : UnityEngine.SetupCoroutine:InvokeMoveNext(IEnumerator, IntPtr)
09-21 16:09:57.273  7099  7124 I Unity   :
09-21 16:09:57.284  7099  7124 I Unity   : [HybridStart] [Log] LoadData 3 index=14 result=OK
09-21 16:09:57.284  7099  7124 I Unity   : CamelHybrid.HybridStart:Log(String, LogType)
09-21 16:09:57.284  7099  7124 I Unity   : CamelHybrid.<>c__DisplayClass30_0:<LoadData>b__2(Int32, Byte[])
09-21 16:09:57.284  7099  7124 I Unity   : CamelHybrid.<DoLoadData>d__33:MoveNext()
09-21 16:09:57.284  7099  7124 I Unity   : UnityEngine.SetupCoroutine:InvokeMoveNext(IEnumerator, IntPtr)
09-21 16:09:57.284  7099  7124 I Unity   :
09-21 16:09:57.379  7099  7124 I Unity   : [HybridStart] [Log] LoadData 3 index=15 result=OK
09-21 16:09:57.379  7099  7124 I Unity   : CamelHybrid.HybridStart:Log(String, LogType)
09-21 16:09:57.379  7099  7124 I Unity   : CamelHybrid.<>c__DisplayClass30_0:<LoadData>b__2(Int32, Byte[])
09-21 16:09:57.379  7099  7124 I Unity   : CamelHybrid.<DoLoadData>d__33:MoveNext()
09-21 16:09:57.379  7099  7124 I Unity   : UnityEngine.SetupCoroutine:InvokeMoveNext(IEnumerator, IntPtr)
09-21 16:09:57.379  7099  7124 I Unity   :
09-21 16:09:57.458  7099  7124 I Unity   : [HybridStart] [Log] LoadData 4 index=0 success
09-21 16:09:57.458  7099  7124 I Unity   : CamelHybrid.HybridStart:Log(String, LogType)
09-21 16:09:57.458  7099  7124 I Unity   : CamelHybrid.<>c__DisplayClass30_0:<LoadData>b__3(Int32, Byte[])
09-21 16:09:57.458  7099  7124 I Unity   : CamelHybrid.<DoLoadData>d__33:MoveNext()
09-21 16:09:57.458  7099  7124 I Unity   : UnityEngine.SetupCoroutine:InvokeMoveNext(IEnumerator, IntPtr)
09-21 16:09:57.458  7099  7124 I Unity   :
09-21 16:09:57.461  7099  7124 I Unity   : [HybridStart] [Log] LoadData finish 1469.99ms spent
09-21 16:09:57.461  7099  7124 I Unity   : CamelHybrid.HybridStart:Log(String, LogType)
09-21 16:09:57.461  7099  7124 I Unity   : CamelHybrid.<HybridStartup>d__24:MoveNext()
09-21 16:09:57.461  7099  7124 I Unity   : UnityEngine.SetupCoroutine:InvokeMoveNext(IEnumerator, IntPtr)
09-21 16:09:57.461  7099  7124 I Unity   :
09-21 16:09:57.464  7099  7124 I Unity   : [HybridSceneChanger] EnterInitial 0 started
09-21 16:09:57.464  7099  7124 I Unity   : CamelHybrid.<EnterInitial>d__6:MoveNext()
09-21 16:09:57.464  7099  7124 I Unity   : UnityEngine.SetupCoroutine:InvokeMoveNext(IEnumerator, IntPtr)
09-21 16:09:57.464  7099  7124 I Unity   : CamelHybrid.<HybridStartup>d__24:MoveNext()
09-21 16:09:57.464  7099  7124 I Unity   : UnityEngine.SetupCoroutine:InvokeMoveNext(IEnumerator, IntPtr)
09-21 16:09:57.464  7099  7124 I Unity   :
09-21 16:09:57.464  7099  7124 I Unity   : [HybridSceneChanger] EnterInitial 1 bundlePath=/storage/emulated/0/Android/data/com.camelgames.aoz.debuglz4/files/wdeY/hybrid_initial.cmlbundle
09-21 16:09:57.464  7099  7124 I Unity   : CamelHybrid.<EnterInitial>d__6:MoveNext()
09-21 16:09:57.464  7099  7124 I Unity   : UnityEngine.SetupCoroutine:InvokeMoveNext(IEnumerator, IntPtr)
09-21 16:09:57.464  7099  7124 I Unity   : CamelHybrid.<HybridStartup>d__24:MoveNext()
09-21 16:09:57.464  7099  7124 I Unity   : UnityEngine.SetupCoroutine:InvokeMoveNext(IEnumerator, IntPtr)
09-21 16:09:57.464  7099  7124 I Unity   :
09-21 16:09:57.467  7099  7124 I Unity   : [HybridSceneChanger] EnterInitial 4 start create load bundle request
09-21 16:09:57.467  7099  7124 I Unity   : CamelHybrid.<EnterInitial>d__6:MoveNext()
09-21 16:09:57.467  7099  7124 I Unity   : UnityEngine.SetupCoroutine:InvokeMoveNext(IEnumerator, IntPtr)
09-21 16:09:57.467  7099  7124 I Unity   : CamelHybrid.<HybridStartup>d__24:MoveNext()
09-21 16:09:57.467  7099  7124 I Unity   : UnityEngine.SetupCoroutine:InvokeMoveNext(IEnumerator, IntPtr)
09-21 16:09:57.467  7099  7124 I Unity   :
09-21 16:09:57.468  7099  7124 I Unity   : [HybridSceneChanger] EnterInitial 6 create load bundle request success
09-21 16:09:57.468  7099  7124 I Unity   : CamelHybrid.<EnterInitial>d__6:MoveNext()
09-21 16:09:57.468  7099  7124 I Unity   : UnityEngine.SetupCoroutine:InvokeMoveNext(IEnumerator, IntPtr)
09-21 16:09:57.468  7099  7124 I Unity   : CamelHybrid.<HybridStartup>d__24:MoveNext()
09-21 16:09:57.468  7099  7124 I Unity   : UnityEngine.SetupCoroutine:InvokeMoveNext(IEnumerator, IntPtr)
09-21 16:09:57.468  7099  7124 I Unity   :
09-21 16:09:57.474  7099  7124 I Unity   : [HybridSceneChanger] EnterInitial 7 load bundle finish
09-21 16:09:57.474  7099  7124 I Unity   : CamelHybrid.<EnterInitial>d__6:MoveNext()
09-21 16:09:57.474  7099  7124 I Unity   : UnityEngine.SetupCoroutine:InvokeMoveNext(IEnumerator, IntPtr)
09-21 16:09:57.474  7099  7124 I Unity   :
09-21 16:09:57.474  7099  7124 I Unity   : [HybridSceneChanger] EnterInitial 8 request.assetBundle is null? False
09-21 16:09:57.474  7099  7124 I Unity   : CamelHybrid.<EnterInitial>d__6:MoveNext()
09-21 16:09:57.474  7099  7124 I Unity   : UnityEngine.SetupCoroutine:InvokeMoveNext(IEnumerator, IntPtr)
09-21 16:09:57.474  7099  7124 I Unity   :
09-21 16:09:57.475  7099  7124 I Unity   : [HybridSceneChanger] EnterInitial 10
09-21 16:09:57.475  7099  7124 I Unity   : CamelHybrid.<EnterInitial>d__6:MoveNext()
09-21 16:09:57.475  7099  7124 I Unity   : UnityEngine.SetupCoroutine:InvokeMoveNext(IEnumerator, IntPtr)
09-21 16:09:57.475  7099  7124 I Unity   :
