09-21 16:09:57.475  7099  7124 I Unity   : [HybridSceneChanger] EnterInitial 11
09-21 16:09:57.475  7099  7124 I Unity   : CamelHybrid.<EnterInitial>d__6:MoveNext()
09-21 16:09:57.475  7099  7124 I Unity   : UnityEngine.SetupCoroutine:InvokeMoveNext(IEnumerator, IntPtr)
09-21 16:09:57.475  7099  7124 I Unity   :
09-21 16:09:57.476  7099  7124 I Unity   : [HybridSceneChanger] EnterInitial 12 isDone=False progress=0.3078947
09-21 16:09:57.476  7099  7124 I Unity   : CamelHybrid.<EnterInitial>d__6:MoveNext()
09-21 16:09:57.476  7099  7124 I Unity   : UnityEngine.SetupCoroutine:InvokeMoveNext(IEnumerator, IntPtr)
09-21 16:09:57.476  7099  7124 I Unity   :
09-21 16:09:57.478  7099  7162 D Unity   : Unloading 6 Unused Serialized files (Serialized files now loaded: 2)
09-21 16:09:57.499  7099  7124 I Unity   : [HybridSceneChanger] EnterInitial 12 isDone=False progress=0.9
09-21 16:09:57.499  7099  7124 I Unity   : CamelHybrid.<EnterInitial>d__6:MoveNext()
09-21 16:09:57.499  7099  7124 I Unity   : UnityEngine.SetupCoroutine:InvokeMoveNext(IEnumerator, IntPtr)
09-21 16:09:57.499  7099  7124 I Unity   :
09-21 16:09:57.540  7099  7124 D Unity   : UnloadTime: 7.970417 ms
09-21 16:09:57.559  7099  7124 I Unity   : OnDeeplinkActivated url = [null or empty string]
09-21 16:09:57.559  7099  7124 I Unity   : DeeplinkHandler:OnDeeplinkActivated(String)
09-21 16:09:57.559  7099  7124 I Unity   : DeeplinkHandler:Init()
09-21 16:09:57.559  7099  7124 I Unity   : Initial:Awake()
09-21 16:09:57.559  7099  7124 I Unity   :
09-21 16:09:57.561  7099  7124 I Unity   : InitHumeSDK On Initial!
09-21 16:09:57.561  7099  7124 I Unity   : Initial:InitHumeSDK()
09-21 16:09:57.561  7099  7124 I Unity   : Initial:Awake()
09-21 16:09:57.561  7099  7124 I Unity   :
09-21 16:09:57.566  7099  7124 I Unity   : [HybridSceneChanger] EnterInitial 13 isDone=True progress=1
09-21 16:09:57.566  7099  7124 I Unity   : CamelHybrid.<EnterInitial>d__6:MoveNext()
09-21 16:09:57.566  7099  7124 I Unity   : UnityEngine.SetupCoroutine:InvokeMoveNext(IEnumerator, IntPtr)
09-21 16:09:57.566  7099  7124 I Unity   :
09-21 16:09:57.568  7099  7124 D lofelt-sdk: Initializing Lofelt SDK version 1.3.4
09-21 16:09:57.570  7099  7124 D lofelt-sdk: Creating LofeltHaptics instance
09-21 16:09:57.577  7099  7124 I Unity   : NiceVibrationHelper.HapticsSupported=True
09-21 16:09:57.577  7099  7124 I Unity   : Initial:Start()
09-21 16:09:57.577  7099  7124 I Unity   :
09-21 16:09:57.644  7099  7124 I Unity   : REPORTER INITED!!!!!
09-21 16:09:57.644  7099  7124 I Unity   : Initial:initGame()
09-21 16:09:57.644  7099  7124 I Unity   : Initial:Start()
09-21 16:09:57.644  7099  7124 I Unity   :
09-21 16:09:57.644  7099  7124 I Unity   : UNITY_EDITOR = FALSE
09-21 16:09:57.644  7099  7124 I Unity   : Initial:initGame()
09-21 16:09:57.644  7099  7124 I Unity   : Initial:Start()
09-21 16:09:57.644  7099  7124 I Unity   :
09-21 16:09:57.645  7099  7124 I Unity   : AB_UNLOAD_DYNAMIC = TRUE
09-21 16:09:57.645  7099  7124 I Unity   : Initial:initGame()
09-21 16:09:57.645  7099  7124 I Unity   : Initial:Start()
09-21 16:09:57.645  7099  7124 I Unity   :
09-21 16:09:57.645  7099  7124 I Unity   : DEBUG = TRUE
09-21 16:09:57.645  7099  7124 I Unity   : Initial:initGame()
09-21 16:09:57.645  7099  7124 I Unity   : Initial:Start()
09-21 16:09:57.645  7099  7124 I Unity   :
09-21 16:09:57.645  7099  7124 I Unity   : OPEN_LOG = TRUE
09-21 16:09:57.645  7099  7124 I Unity   : Initial:initGame()
09-21 16:09:57.645  7099  7124 I Unity   : Initial:Start()
09-21 16:09:57.645  7099  7124 I Unity   :
09-21 16:09:57.645  7099  7124 I Unity   : Application.absoluteURL =
09-21 16:09:57.645  7099  7124 I Unity   : Initial:initGame()
09-21 16:09:57.645  7099  7124 I Unity   : Initial:Start()
09-21 16:09:57.645  7099  7124 I Unity   :
09-21 16:09:57.646  7099  7124 I Unity   : Application.companyName = Camel Games Inc
09-21 16:09:57.646  7099  7124 I Unity   : Initial:initGame()
09-21 16:09:57.646  7099  7124 I Unity   : Initial:Start()
09-21 16:09:57.646  7099  7124 I Unity   :
09-21 16:09:57.646  7099  7124 I Unity   : Application.identifier = com.camelgames.aoz.debuglz4
09-21 16:09:57.646  7099  7124 I Unity   : Initial:initGame()
09-21 16:09:57.646  7099  7124 I Unity   : Initial:Start()
09-21 16:09:57.646  7099  7124 I Unity   :
09-21 16:09:57.647  7099  7124 I Unity   : Application.installerName = com.miui.packageinstaller
09-21 16:09:57.647  7099  7124 I Unity   : Initial:initGame()
09-21 16:09:57.647  7099  7124 I Unity   : Initial:Start()
09-21 16:09:57.647  7099  7124 I Unity   :
09-21 16:09:57.647  7099  7124 I Unity   : Application.productName = WDEY_Dev_debug_lz4-LOG
09-21 16:09:57.647  7099  7124 I Unity   : Initial:initGame()
09-21 16:09:57.647  7099  7124 I Unity   : Initial:Start()
09-21 16:09:57.647  7099  7124 I Unity   :
09-21 16:09:57.648  7099  7124 I Unity   : Application.dataPath = /data/app/com.camelgames.aoz.debuglz4-KA1Iy21z2n5Z8eCopnEsqQ==/base.apk
09-21 16:09:57.648  7099  7124 I Unity   : Initial:initGame()
09-21 16:09:57.648  7099  7124 I Unity   : Initial:Start()
09-21 16:09:57.648  7099  7124 I Unity   :
09-21 16:09:57.648  7099  7124 I Unity   : Application.persistentDataPath = /storage/emulated/0/Android/data/com.camelgames.aoz.debuglz4/files
09-21 16:09:57.648  7099  7124 I Unity   : Initial:initGame()
09-21 16:09:57.648  7099  7124 I Unity   : Initial:Start()
09-21 16:09:57.648  7099  7124 I Unity   :
09-21 16:09:57.648  7099  7124 I Unity   : Application.streamingAssetsPath = jar:file:///data/app/com.camelgames.aoz.debuglz4-KA1Iy21z2n5Z8eCopnEsqQ==/base.apk!/assets
09-21 16:09:57.648  7099  7124 I Unity   : Initial:initGame()
09-21 16:09:57.648  7099  7124 I Unity   : Initial:Start()
09-21 16:09:57.648  7099  7124 I Unity   :
09-21 16:09:57.649  7099  7124 I Unity   : Application.temporaryCachePath = /storage/emulated/0/Android/data/com.camelgames.aoz.debuglz4/cache
09-21 16:09:57.649  7099  7124 I Unity   : Initial:initGame()
09-21 16:09:57.649  7099  7124 I Unity   : Initial:Start()
09-21 16:09:57.649  7099  7124 I Unity   :
09-21 16:09:57.906 11568 11568 D BoundBrokerSvc: onUnbind: Intent { act=com.google.android.gms.mdns.service.START dat=chimera-action: cmp=com.google.android.gms/.chimera.PersistentApiService }
09-21 16:09:57.932  1589  3371 D NtpTrustedTime: currentTimeMillis() cache hit
09-21 16:09:57.937  1589  3369 D CompatibilityInfo: mCompatibilityFlags - 0
09-21 16:09:57.937  1589  3369 D CompatibilityInfo: applicationDensity - 440
09-21 16:09:57.937  1589  3369 D CompatibilityInfo: applicationScale - 1.0
09-21 16:09:57.940 11568 11568 D BoundBrokerSvc: onBind: Intent { act=com.google.android.gms.mdns.service.START dat=chimera-action: cmp=com.google.android.gms/.chimera.PersistentApiService }
09-21 16:09:57.940 11568 11568 D BoundBrokerSvc: Loading bound service for intent: Intent { act=com.google.android.gms.mdns.service.START dat=chimera-action: cmp=com.google.android.gms/.chimera.PersistentApiService }
09-21 16:09:57.956  1589  3371 D NtpTrustedTime: currentTimeMillis() cache hit
--------- beginning of events
09-21 16:09:57.956  1589  3371 I netstats_mobile_sample: [0,0,0,0,0,0,0,0,0,0,0,0,1726906198211]
09-21 16:09:57.956  1589  3371 I netstats_wifi_sample: [2044746374,2783934,56381895,696322,2044746374,2783934,56381895,696322,2109129223,2598485,55923073,693629,1726906198211]
09-21 16:09:57.957  2197 25377 E PhoneInterfaceManager: [PhoneIntfMgr] checkCarrierPrivilegesForPackage: No UICC
09-21 16:09:57.957  2990  3462 I TrafficManageService: mina mTrafficStatsReceiver onReceive
09-21 16:09:57.959  2197 25377 E PhoneInterfaceManager: [PhoneIntfMgr] checkCarrierPrivilegesForPackage: No UICC
09-21 16:09:57.972  1589  1641 I am_pss  : [6992,10189,com.google.android.gms.unstable,50962432,18063360,161792,209342464,0,18,61]
09-21 16:09:58.192  7099  7124 I Unity   : Start Login. Time = 5.079652s
09-21 16:09:58.192  7099  7124 I Unity   : <LoadLogin>d__12:MoveNext()
09-21 16:09:58.192  7099  7124 I Unity   : Initial:initGame()
09-21 16:09:58.192  7099  7124 I Unity   : Initial:Start()
09-21 16:09:58.192  7099  7124 I Unity   : UnityEngine.SetupCoroutine:InvokeMoveNext(IEnumerator, IntPtr)
09-21 16:09:58.192  7099  7124 I Unity   :
09-21 16:09:58.193  7099  7124 I Unity   : BundleManager Initiate. Time = 5.080949s
09-21 16:09:58.193  7099  7124 I Unity   : <Initiate>d__34:MoveNext()
09-21 16:09:58.193  7099  7124 I Unity   : <LoadLogin>d__12:MoveNext()
09-21 16:09:58.193  7099  7124 I Unity   : Initial:initGame()
09-21 16:09:58.193  7099  7124 I Unity   : Initial:Start()
09-21 16:09:58.193  7099  7124 I Unity   : UnityEngine.SetupCoroutine:InvokeMoveNext(IEnumerator, IntPtr)
09-21 16:09:58.193  7099  7124 I Unity   : UnityEngine.SetupCoroutine:InvokeMoveNext(IEnumerator, IntPtr)
09-21 16:09:58.193  7099  7124 I Unity   :
09-21 16:09:58.194  7099  7124 I Unity   : BundleManager Initiate
09-21 16:09:58.194  7099  7124 I Unity   : <Initiate>d__34:MoveNext()
09-21 16:09:58.194  7099  7124 I Unity   : <LoadLogin>d__12:MoveNext()
09-21 16:09:58.194  7099  7124 I Unity   : Initial:initGame()
09-21 16:09:58.194  7099  7124 I Unity   : Initial:Start()
09-21 16:09:58.194  7099  7124 I Unity   : Logger:Log(Object)
09-21 16:09:58.194  7099  7124 I Unity   : UnityEngine.SetupCoroutine:InvokeMoveNext(IEnumerator, IntPtr)
09-21 16:09:58.194  7099  7124 I Unity   : UnityEngine.SetupCoroutine:InvokeMoveNext(IEnumerator, IntPtr)
09-21 16:09:58.194  7099  7124 I Unity   :
09-21 16:09:58.197  7099  7124 I Unity   : <color=green>init bundle login</color>
09-21 16:09:58.197  7099  7124 I Unity   : <Initiate>d__34:MoveNext()
09-21 16:09:58.197  7099  7124 I Unity   : <LoadLogin>d__12:MoveNext()
09-21 16:09:58.197  7099  7124 I Unity   : Initial:initGame()
09-21 16:09:58.197  7099  7124 I Unity   : Initial:Start()
09-21 16:09:58.197  7099  7124 I Unity   : Logger:LogGreen(Object)
09-21 16:09:58.197  7099  7124 I Unity   : UnityEngine.SetupCoroutine:InvokeMoveNext(IEnumerator, IntPtr)
09-21 16:09:58.197  7099  7124 I Unity   : UnityEngine.SetupCoroutine:InvokeMoveNext(IEnumerator, IntPtr)
09-21 16:09:58.197  7099  7124 I Unity   :
09-21 16:09:58.197  7099  7124 I Unity   : <color=green>init bundle _ast_spine_runtime</color>
09-21 16:09:58.197  7099  7124 I Unity   : <Initiate>d__34:MoveNext()
09-21 16:09:58.197  7099  7124 I Unity   : <LoadLogin>d__12:MoveNext()
09-21 16:09:58.197  7099  7124 I Unity   : Initial:initGame()
09-21 16:09:58.197  7099  7124 I Unity   : Initial:Start()
09-21 16:09:58.197  7099  7124 I Unity   : Logger:LogGreen(Object)
09-21 16:09:58.197  7099  7124 I Unity   : UnityEngine.SetupCoroutine:InvokeMoveNext(IEnumerator, IntPtr)
09-21 16:09:58.197  7099  7124 I Unity   : UnityEngine.SetupCoroutine:InvokeMoveNext(IEnumerator, IntPtr)
09-21 16:09:58.197  7099  7124 I Unity   :
09-21 16:09:58.198  7099  7124 I Unity   : <color=green>init bundle backgroundmusic_battle</color>
09-21 16:09:58.198  7099  7124 I Unity   : <Initiate>d__34:MoveNext()
09-21 16:09:58.198  7099  7124 I Unity   : <LoadLogin>d__12:MoveNext()
09-21 16:09:58.198  7099  7124 I Unity   : Initial:initGame()
09-21 16:09:58.198  7099  7124 I Unity   : Initial:Start()
09-21 16:09:58.198  7099  7124 I Unity   : Logger:LogGreen(Object)
09-21 16:09:58.198  7099  7124 I Unity   : UnityEngine.SetupCoroutine:InvokeMoveNext(IEnumerator, IntPtr)
09-21 16:09:58.198  7099  7124 I Unity   : UnityEngine.SetupCoroutine:InvokeMoveNext(IEnumerator, IntPtr)
09-21 16:09:58.198  7099  7124 I Unity   :
09-21 16:09:58.199  7099  7124 I Unity   : <color=green>init bundle dd_login</color>
09-21 16:09:58.199  7099  7124 I Unity   : <Initiate>d__34:MoveNext()
09-21 16:09:58.199  7099  7124 I Unity   : <LoadLogin>d__12:MoveNext()
09-21 16:09:58.199  7099  7124 I Unity   : Initial:initGame()
09-21 16:09:58.199  7099  7124 I Unity   : Initial:Start()
09-21 16:09:58.199  7099  7124 I Unity   : Logger:LogGreen(Object)
09-21 16:09:58.199  7099  7124 I Unity   : UnityEngine.SetupCoroutine:InvokeMoveNext(IEnumerator, IntPtr)
09-21 16:09:58.199  7099  7124 I Unity   : UnityEngine.SetupCoroutine:InvokeMoveNext(IEnumerator, IntPtr)
09-21 16:09:58.199  7099  7124 I Unity   :
09-21 16:09:58.199  7099  7124 I Unity   : <color=green>init bundle shaders</color>
09-21 16:09:58.199  7099  7124 I Unity   : <Initiate>d__34:MoveNext()
09-21 16:09:58.199  7099  7124 I Unity   : <LoadLogin>d__12:MoveNext()
09-21 16:09:58.199  7099  7124 I Unity   : Initial:initGame()
09-21 16:09:58.199  7099  7124 I Unity   : Initial:Start()
09-21 16:09:58.199  7099  7124 I Unity   : Logger:LogGreen(Object)
09-21 16:09:58.199  7099  7124 I Unity   : UnityEngine.SetupCoroutine:InvokeMoveNext(IEnumerator, IntPtr)
09-21 16:09:58.199  7099  7124 I Unity   : UnityEngine.SetupCoroutine:InvokeMoveNext(IEnumerator, IntPtr)
09-21 16:09:58.199  7099  7124 I Unity   :
09-21 16:09:58.200  7099  7124 I Unity   : <color=green>init bundle effect_material</color>
09-21 16:09:58.200  7099  7124 I Unity   : <Initiate>d__34:MoveNext()
09-21 16:09:58.200  7099  7124 I Unity   : <LoadLogin>d__12:MoveNext()
09-21 16:09:58.200  7099  7124 I Unity   : Initial:initGame()
09-21 16:09:58.200  7099  7124 I Unity   : Initial:Start()
09-21 16:09:58.200  7099  7124 I Unity   : Logger:LogGreen(Object)
09-21 16:09:58.200  7099  7124 I Unity   : UnityEngine.SetupCoroutine:InvokeMoveNext(IEnumerator, IntPtr)
09-21 16:09:58.200  7099  7124 I Unity   : UnityEngine.SetupCoroutine:InvokeMoveNext(IEnumerator, IntPtr)
09-21 16:09:58.200  7099  7124 I Unity   :
09-21 16:09:58.200  7099  7124 I Unity   : <color=green>init bundle battlepass_torch_bptorch_effect</color>
09-21 16:09:58.200  7099  7124 I Unity   : <Initiate>d__34:MoveNext()
09-21 16:09:58.200  7099  7124 I Unity   : <LoadLogin>d__12:MoveNext()
09-21 16:09:58.200  7099  7124 I Unity   : Initial:initGame()
09-21 16:09:58.200  7099  7124 I Unity   : Initial:Start()
09-21 16:09:58.200  7099  7124 I Unity   : Logger:LogGreen(Object)
09-21 16:09:58.200  7099  7124 I Unity   : UnityEngine.SetupCoroutine:InvokeMoveNext(IEnumerator, IntPtr)
09-21 16:09:58.200  7099  7124 I Unity   : UnityEngine.SetupCoroutine:InvokeMoveNext(IEnumerator, IntPtr)
09-21 16:09:58.200  7099  7124 I Unity   :
09-21 16:09:58.201  7099  7124 I Unity   : <color=green>init bundle effect_shader</color>
09-21 16:09:58.201  7099  7124 I Unity   : <Initiate>d__34:MoveNext()
09-21 16:09:58.201  7099  7124 I Unity   : <LoadLogin>d__12:MoveNext()
09-21 16:09:58.201  7099  7124 I Unity   : Initial:initGame()
09-21 16:09:58.201  7099  7124 I Unity   : Initial:Start()
09-21 16:09:58.201  7099  7124 I Unity   : Logger:LogGreen(Object)
09-21 16:09:58.201  7099  7124 I Unity   : UnityEngine.SetupCoroutine:InvokeMoveNext(IEnumerator, IntPtr)
09-21 16:09:58.201  7099  7124 I Unity   : UnityEngine.SetupCoroutine:InvokeMoveNext(IEnumerator, IntPtr)
09-21 16:09:58.201  7099  7124 I Unity   :
09-21 16:09:58.202  7099  7124 I Unity   : <color=green>init bundle effect_texture_animation</color>
09-21 16:09:58.202  7099  7124 I Unity   : <Initiate>d__34:MoveNext()
09-21 16:09:58.202  7099  7124 I Unity   : <LoadLogin>d__12:MoveNext()
09-21 16:09:58.202  7099  7124 I Unity   : Initial:initGame()
09-21 16:09:58.202  7099  7124 I Unity   : Initial:Start()
09-21 16:09:58.202  7099  7124 I Unity   : Logger:LogGreen(Object)
09-21 16:09:58.202  7099  7124 I Unity   : UnityEngine.SetupCoroutine:InvokeMoveNext(IEnumerator, IntPtr)
09-21 16:09:58.202  7099  7124 I Unity   : UnityEngine.SetupCoroutine:InvokeMoveNext(IEnumerator, IntPtr)
09-21 16:09:58.202  7099  7124 I Unity   :
09-21 16:09:58.202  7099  7124 I Unity   : <color=green>init bundle effect_texture_light</color>
09-21 16:09:58.202  7099  7124 I Unity   : <Initiate>d__34:MoveNext()
09-21 16:09:58.202  7099  7124 I Unity   : <LoadLogin>d__12:MoveNext()
09-21 16:09:58.202  7099  7124 I Unity   : Initial:initGame()
09-21 16:09:58.202  7099  7124 I Unity   : Initial:Start()
09-21 16:09:58.202  7099  7124 I Unity   : Logger:LogGreen(Object)
09-21 16:09:58.202  7099  7124 I Unity   : UnityEngine.SetupCoroutine:InvokeMoveNext(IEnumerator, IntPtr)
09-21 16:09:58.202  7099  7124 I Unity   : UnityEngine.SetupCoroutine:InvokeMoveNext(IEnumerator, IntPtr)
09-21 16:09:58.202  7099  7124 I Unity   :
09-21 16:09:58.203  7099  7124 I Unity   : <color=green>init bundle effect_texture_magic</color>
09-21 16:09:58.203  7099  7124 I Unity   : <Initiate>d__34:MoveNext()
09-21 16:09:58.203  7099  7124 I Unity   : <LoadLogin>d__12:MoveNext()
09-21 16:09:58.203  7099  7124 I Unity   : Initial:initGame()
09-21 16:09:58.203  7099  7124 I Unity   : Initial:Start()
09-21 16:09:58.203  7099  7124 I Unity   : Logger:LogGreen(Object)
09-21 16:09:58.203  7099  7124 I Unity   : UnityEngine.SetupCoroutine:InvokeMoveNext(IEnumerator, IntPtr)
09-21 16:09:58.203  7099  7124 I Unity   : UnityEngine.SetupCoroutine:InvokeMoveNext(IEnumerator, IntPtr)
09-21 16:09:58.203  7099  7124 I Unity   :
09-21 16:09:58.203  7099  7124 I Unity   : <color=green>init bundle effect_texture_nc_tex</color>
09-21 16:09:58.203  7099  7124 I Unity   : <Initiate>d__34:MoveNext()
09-21 16:09:58.203  7099  7124 I Unity   : <LoadLogin>d__12:MoveNext()
09-21 16:09:58.203  7099  7124 I Unity   : Initial:initGame()
09-21 16:09:58.203  7099  7124 I Unity   : Initial:Start()
09-21 16:09:58.203  7099  7124 I Unity   : Logger:LogGreen(Object)
09-21 16:09:58.203  7099  7124 I Unity   : UnityEngine.SetupCoroutine:InvokeMoveNext(IEnumerator, IntPtr)
09-21 16:09:58.203  7099  7124 I Unity   : UnityEngine.SetupCoroutine:InvokeMoveNext(IEnumerator, IntPtr)
09-21 16:09:58.203  7099  7124 I Unity   :
09-21 16:09:58.204  7099  7124 I Unity   : <color=green>init bundle effect_texture_object</color>
09-21 16:09:58.204  7099  7124 I Unity   : <Initiate>d__34:MoveNext()
09-21 16:09:58.204  7099  7124 I Unity   : <LoadLogin>d__12:MoveNext()
09-21 16:09:58.204  7099  7124 I Unity   : Initial:initGame()
09-21 16:09:58.204  7099  7124 I Unity   : Initial:Start()
09-21 16:09:58.204  7099  7124 I Unity   : Logger:LogGreen(Object)
09-21 16:09:58.204  7099  7124 I Unity   : UnityEngine.SetupCoroutine:InvokeMoveNext(IEnumerator, IntPtr)
09-21 16:09:58.204  7099  7124 I Unity   : UnityEngine.SetupCoroutine:InvokeMoveNext(IEnumerator, IntPtr)
09-21 16:09:58.204  7099  7124 I Unity   :
09-21 16:09:58.204  7099  7124 I Unity   : <color=green>init bundle effect_texture_terrain</color>
09-21 16:09:58.204  7099  7124 I Unity   : <Initiate>d__34:MoveNext()
09-21 16:09:58.204  7099  7124 I Unity   : <LoadLogin>d__12:MoveNext()
09-21 16:09:58.204  7099  7124 I Unity   : Initial:initGame()
09-21 16:09:58.204  7099  7124 I Unity   : Initial:Start()
09-21 16:09:58.204  7099  7124 I Unity   : Logger:LogGreen(Object)
09-21 16:09:58.204  7099  7124 I Unity   : UnityEngine.SetupCoroutine:InvokeMoveNext(IEnumerator, IntPtr)
09-21 16:09:58.204  7099  7124 I Unity   : UnityEngine.SetupCoroutine:InvokeMoveNext(IEnumerator, IntPtr)
09-21 16:09:58.204  7099  7124 I Unity   :
09-21 16:09:58.205  7099  7124 I Unity   : <color=green>init bundle effect_texture_trail</color>
09-21 16:09:58.205  7099  7124 I Unity   : <Initiate>d__34:MoveNext()
09-21 16:09:58.205  7099  7124 I Unity   : <LoadLogin>d__12:MoveNext()
09-21 16:09:58.205  7099  7124 I Unity   : Initial:initGame()
09-21 16:09:58.205  7099  7124 I Unity   : Initial:Start()
09-21 16:09:58.205  7099  7124 I Unity   : Logger:LogGreen(Object)
09-21 16:09:58.205  7099  7124 I Unity   : UnityEngine.SetupCoroutine:InvokeMoveNext(IEnumerator, IntPtr)
09-21 16:09:58.205  7099  7124 I Unity   : UnityEngine.SetupCoroutine:InvokeMoveNext(IEnumerator, IntPtr)
09-21 16:09:58.205  7099  7124 I Unity   :
09-21 16:09:58.206  7099  7124 I Unity   : <color=green>init bundle effect_texture_ui</color>
09-21 16:09:58.206  7099  7124 I Unity   : <Initiate>d__34:MoveNext()
09-21 16:09:58.206  7099  7124 I Unity   : <LoadLogin>d__12:MoveNext()
09-21 16:09:58.206  7099  7124 I Unity   : Initial:initGame()
09-21 16:09:58.206  7099  7124 I Unity   : Initial:Start()
09-21 16:09:58.206  7099  7124 I Unity   : Logger:LogGreen(Object)
09-21 16:09:58.206  7099  7124 I Unity   : UnityEngine.SetupCoroutine:InvokeMoveNext(IEnumerator, IntPtr)
09-21 16:09:58.206  7099  7124 I Unity   : UnityEngine.SetupCoroutine:InvokeMoveNext(IEnumerator, IntPtr)
09-21 16:09:58.206  7099  7124 I Unity   :
09-21 16:09:58.206  7099  7124 I Unity   : <color=green>init bundle recruit_effect_recruit_texture</color>
09-21 16:09:58.206  7099  7124 I Unity   : <Initiate>d__34:MoveNext()
09-21 16:09:58.206  7099  7124 I Unity   : <LoadLogin>d__12:MoveNext()
09-21 16:09:58.206  7099  7124 I Unity   : Initial:initGame()
09-21 16:09:58.206  7099  7124 I Unity   : Initial:Start()
09-21 16:09:58.206  7099  7124 I Unity   : Logger:LogGreen(Object)
09-21 16:09:58.206  7099  7124 I Unity   : UnityEngine.SetupCoroutine:InvokeMoveNext(IEnumerator, IntPtr)
09-21 16:09:58.206  7099  7124 I Unity   : UnityEngine.SetupCoroutine:InvokeMoveNext(IEnumerator, IntPtr)
09-21 16:09:58.206  7099  7124 I Unity   :
09-21 16:09:58.207  7099  7124 I Unity   : <color=green>init bundle recruit_effect_recruit_material</color>
09-21 16:09:58.207  7099  7124 I Unity   : <Initiate>d__34:MoveNext()
09-21 16:09:58.207  7099  7124 I Unity   : <LoadLogin>d__12:MoveNext()
09-21 16:09:58.207  7099  7124 I Unity   : Initial:initGame()
09-21 16:09:58.207  7099  7124 I Unity   : Initial:Start()
09-21 16:09:58.207  7099  7124 I Unity   : Logger:LogGreen(Object)
09-21 16:09:58.207  7099  7124 I Unity   : UnityEngine.SetupCoroutine:InvokeMoveNext(IEnumerator, IntPtr)
09-21 16:09:58.207  7099  7124 I Unity   : UnityEngine.SetupCoroutine:InvokeMoveNext(IEnumerator, IntPtr)
09-21 16:09:58.207  7099  7124 I Unity   :
09-21 16:09:58.207  7099  7124 I Unity   : <color=green>init bundle decorationsystem_ds_dock_effect</color>
09-21 16:09:58.207  7099  7124 I Unity   : <Initiate>d__34:MoveNext()
09-21 16:09:58.207  7099  7124 I Unity   : <LoadLogin>d__12:MoveNext()
09-21 16:09:58.207  7099  7124 I Unity   : Initial:initGame()
09-21 16:09:58.207  7099  7124 I Unity   : Initial:Start()
09-21 16:09:58.207  7099  7124 I Unity   : Logger:LogGreen(Object)
09-21 16:09:58.207  7099  7124 I Unity   : UnityEngine.SetupCoroutine:InvokeMoveNext(IEnumerator, IntPtr)
09-21 16:09:58.207  7099  7124 I Unity   : UnityEngine.SetupCoroutine:InvokeMoveNext(IEnumerator, IntPtr)
09-21 16:09:58.207  7099  7124 I Unity   :
09-21 16:09:58.208  7099  7124 I Unity   : <color=green>init bundle dungeonexplore_de_effect</color>
09-21 16:09:58.208  7099  7124 I Unity   : <Initiate>d__34:MoveNext()
09-21 16:09:58.208  7099  7124 I Unity   : <LoadLogin>d__12:MoveNext()
09-21 16:09:58.208  7099  7124 I Unity   : Initial:initGame()
09-21 16:09:58.208  7099  7124 I Unity   : Initial:Start()
09-21 16:09:58.208  7099  7124 I Unity   : Logger:LogGreen(Object)
09-21 16:09:58.208  7099  7124 I Unity   : UnityEngine.SetupCoroutine:InvokeMoveNext(IEnumerator, IntPtr)
09-21 16:09:58.208  7099  7124 I Unity   : UnityEngine.SetupCoroutine:InvokeMoveNext(IEnumerator, IntPtr)
09-21 16:09:58.208  7099  7124 I Unity   :
09-21 16:09:58.208  7099  7124 I Unity   : <color=green>init bundle _pkg_universal</color>
09-21 16:09:58.208  7099  7124 I Unity   : <Initiate>d__34:MoveNext()
09-21 16:09:58.208  7099  7124 I Unity   : <LoadLogin>d__12:MoveNext()
09-21 16:09:58.208  7099  7124 I Unity   : Initial:initGame()
09-21 16:09:58.208  7099  7124 I Unity   : Initial:Start()
09-21 16:09:58.208  7099  7124 I Unity   : Logger:LogGreen(Object)
09-21 16:09:58.208  7099  7124 I Unity   : UnityEngine.SetupCoroutine:InvokeMoveNext(IEnumerator, IntPtr)
09-21 16:09:58.208  7099  7124 I Unity   : UnityEngine.SetupCoroutine:InvokeMoveNext(IEnumerator, IntPtr)
09-21 16:09:58.208  7099  7124 I Unity   :
09-21 16:09:58.209  7099  7124 I Unity   : <color=green>init bundle warriormesh_warriormesh_effect</color>
09-21 16:09:58.209  7099  7124 I Unity   : <Initiate>d__34:MoveNext()
09-21 16:09:58.209  7099  7124 I Unity   : <LoadLogin>d__12:MoveNext()
09-21 16:09:58.209  7099  7124 I Unity   : Initial:initGame()
09-21 16:09:58.209  7099  7124 I Unity   : Initial:Start()
09-21 16:09:58.209  7099  7124 I Unity   : Logger:LogGreen(Object)
09-21 16:09:58.209  7099  7124 I Unity   : UnityEngine.SetupCoroutine:InvokeMoveNext(IEnumerator, IntPtr)
09-21 16:09:58.209  7099  7124 I Unity   : UnityEngine.SetupCoroutine:InvokeMoveNext(IEnumerator, IntPtr)
09-21 16:09:58.209  7099  7124 I Unity   :
09-21 16:09:58.210  7099  7124 I Unity   : <color=green>init bundle herodisplay_hd_effect</color>
09-21 16:09:58.210  7099  7124 I Unity   : <Initiate>d__34:MoveNext()
09-21 16:09:58.210  7099  7124 I Unity   : <LoadLogin>d__12:MoveNext()
09-21 16:09:58.210  7099  7124 I Unity   : Initial:initGame()
09-21 16:09:58.210  7099  7124 I Unity   : Initial:Start()
09-21 16:09:58.210  7099  7124 I Unity   : Logger:LogGreen(Object)
09-21 16:09:58.210  7099  7124 I Unity   : UnityEngine.SetupCoroutine:InvokeMoveNext(IEnumerator, IntPtr)
09-21 16:09:58.210  7099  7124 I Unity   : UnityEngine.SetupCoroutine:InvokeMoveNext(IEnumerator, IntPtr)
09-21 16:09:58.210  7099  7124 I Unity   :
09-21 16:09:58.210  7099  7124 I Unity   : <color=green>init bundle shaders_misc_p</color>
09-21 16:09:58.210  7099  7124 I Unity   : <Initiate>d__34:MoveNext()
09-21 16:09:58.210  7099  7124 I Unity   : <LoadLogin>d__12:MoveNext()
09-21 16:09:58.210  7099  7124 I Unity   : Initial:initGame()
09-21 16:09:58.210  7099  7124 I Unity   : Initial:Start()
09-21 16:09:58.210  7099  7124 I Unity   : Logger:LogGreen(Object)
09-21 16:09:58.210  7099  7124 I Unity   : UnityEngine.SetupCoroutine:InvokeMoveNext(IEnumerator, IntPtr)
09-21 16:09:58.210  7099  7124 I Unity   : UnityEngine.SetupCoroutine:InvokeMoveNext(IEnumerator, IntPtr)
09-21 16:09:58.210  7099  7124 I Unity   :
09-21 16:09:58.211  7099  7124 I Unity   : <color=green>init bundle emergencytraining_et_effect</color>
09-21 16:09:58.211  7099  7124 I Unity   : <Initiate>d__34:MoveNext()
09-21 16:09:58.211  7099  7124 I Unity   : <LoadLogin>d__12:MoveNext()
09-21 16:09:58.211  7099  7124 I Unity   : Initial:initGame()
09-21 16:09:58.211  7099  7124 I Unity   : Initial:Start()
09-21 16:09:58.211  7099  7124 I Unity   : Logger:LogGreen(Object)
09-21 16:09:58.211  7099  7124 I Unity   : UnityEngine.SetupCoroutine:InvokeMoveNext(IEnumerator, IntPtr)
09-21 16:09:58.211  7099  7124 I Unity   : UnityEngine.SetupCoroutine:InvokeMoveNext(IEnumerator, IntPtr)
09-21 16:09:58.211  7099  7124 I Unity   :
09-21 16:09:58.211  7099  7124 I Unity   : <color=green>init bundle equipmatrix_em_effect</color>
09-21 16:09:58.211  7099  7124 I Unity   : <Initiate>d__34:MoveNext()
09-21 16:09:58.211  7099  7124 I Unity   : <LoadLogin>d__12:MoveNext()
09-21 16:09:58.211  7099  7124 I Unity   : Initial:initGame()
09-21 16:09:58.211  7099  7124 I Unity   : Initial:Start()
09-21 16:09:58.211  7099  7124 I Unity   : Logger:LogGreen(Object)
09-21 16:09:58.211  7099  7124 I Unity   : UnityEngine.SetupCoroutine:InvokeMoveNext(IEnumerator, IntPtr)
09-21 16:09:58.211  7099  7124 I Unity   : UnityEngine.SetupCoroutine:InvokeMoveNext(IEnumerator, IntPtr)
09-21 16:09:58.211  7099  7124 I Unity   :
09-21 16:09:58.212  7099  7124 I Unity   : <color=green>init bundle threekingdoms_tk_effect</color>
09-21 16:09:58.212  7099  7124 I Unity   : <Initiate>d__34:MoveNext()
09-21 16:09:58.212  7099  7124 I Unity   : <LoadLogin>d__12:MoveNext()
09-21 16:09:58.212  7099  7124 I Unity   : Initial:initGame()
09-21 16:09:58.212  7099  7124 I Unity   : Initial:Start()
09-21 16:09:58.212  7099  7124 I Unity   : Logger:LogGreen(Object)
09-21 16:09:58.212  7099  7124 I Unity   : UnityEngine.SetupCoroutine:InvokeMoveNext(IEnumerator, IntPtr)
09-21 16:09:58.212  7099  7124 I Unity   : UnityEngine.SetupCoroutine:InvokeMoveNext(IEnumerator, IntPtr)
09-21 16:09:58.212  7099  7124 I Unity   :
09-21 16:09:58.212  7099  7124 I Unity   : <color=green>init bundle slg_msyh_10</color>
09-21 16:09:58.212  7099  7124 I Unity   : <Initiate>d__34:MoveNext()
09-21 16:09:58.212  7099  7124 I Unity   : <LoadLogin>d__12:MoveNext()
09-21 16:09:58.212  7099  7124 I Unity   : Initial:initGame()
09-21 16:09:58.212  7099  7124 I Unity   : Initial:Start()
09-21 16:09:58.212  7099  7124 I Unity   : Logger:LogGreen(Object)
09-21 16:09:58.212  7099  7124 I Unity   : UnityEngine.SetupCoroutine:InvokeMoveNext(IEnumerator, IntPtr)
09-21 16:09:58.212  7099  7124 I Unity   : UnityEngine.SetupCoroutine:InvokeMoveNext(IEnumerator, IntPtr)
09-21 16:09:58.212  7099  7124 I Unity   :
09-21 16:09:58.213  7099  7124 I Unity   : <color=green>init bundle towerdefence_td_effect</color>
09-21 16:09:58.213  7099  7124 I Unity   : <Initiate>d__34:MoveNext()
09-21 16:09:58.213  7099  7124 I Unity   : <LoadLogin>d__12:MoveNext()
09-21 16:09:58.213  7099  7124 I Unity   : Initial:initGame()
09-21 16:09:58.213  7099  7124 I Unity   : Initial:Start()
09-21 16:09:58.213  7099  7124 I Unity   : Logger:LogGreen(Object)
09-21 16:09:58.213  7099  7124 I Unity   : UnityEngine.SetupCoroutine:InvokeMoveNext(IEnumerator, IntPtr)
09-21 16:09:58.213  7099  7124 I Unity   : UnityEngine.SetupCoroutine:InvokeMoveNext(IEnumerator, IntPtr)
09-21 16:09:58.213  7099  7124 I Unity   :
09-21 16:09:58.214  7099  7124 I Unity   : <color=green>init bundle global_p</color>
09-21 16:09:58.214  7099  7124 I Unity   : <Initiate>d__34:MoveNext()
09-21 16:09:58.214  7099  7124 I Unity   : <LoadLogin>d__12:MoveNext()
09-21 16:09:58.214  7099  7124 I Unity   : Initial:initGame()
09-21 16:09:58.214  7099  7124 I Unity   : Initial:Start()
09-21 16:09:58.214  7099  7124 I Unity   : Logger:LogGreen(Object)
09-21 16:09:58.214  7099  7124 I Unity   : UnityEngine.SetupCoroutine:InvokeMoveNext(IEnumerator, IntPtr)
09-21 16:09:58.214  7099  7124 I Unity   : UnityEngine.SetupCoroutine:InvokeMoveNext(IEnumerator, IntPtr)
09-21 16:09:58.214  7099  7124 I Unity   :
09-21 16:09:58.214  7099  7124 I Unity   : <color=green>init bundle d_main</color>
09-21 16:09:58.214  7099  7124 I Unity   : <Initiate>d__34:MoveNext()
09-21 16:09:58.214  7099  7124 I Unity   : <LoadLogin>d__12:MoveNext()
09-21 16:09:58.214  7099  7124 I Unity   : Initial:initGame()
09-21 16:09:58.214  7099  7124 I Unity   : Initial:Start()
09-21 16:09:58.214  7099  7124 I Unity   : Logger:LogGreen(Object)
09-21 16:09:58.214  7099  7124 I Unity   : UnityEngine.SetupCoroutine:InvokeMoveNext(IEnumerator, IntPtr)
09-21 16:09:58.214  7099  7124 I Unity   : UnityEngine.SetupCoroutine:InvokeMoveNext(IEnumerator, IntPtr)
09-21 16:09:58.214  7099  7124 I Unity   :
09-21 16:09:58.215  7099  7124 I Unity   : <color=green>init bundle d_newcommon1</color>
09-21 16:09:58.215  7099  7124 I Unity   : <Initiate>d__34:MoveNext()
09-21 16:09:58.215  7099  7124 I Unity   : <LoadLogin>d__12:MoveNext()
09-21 16:09:58.215  7099  7124 I Unity   : Initial:initGame()
09-21 16:09:58.215  7099  7124 I Unity   : Initial:Start()
09-21 16:09:58.215  7099  7124 I Unity   : Logger:LogGreen(Object)
09-21 16:09:58.215  7099  7124 I Unity   : UnityEngine.SetupCoroutine:InvokeMoveNext(IEnumerator, IntPtr)
09-21 16:09:58.215  7099  7124 I Unity   : UnityEngine.SetupCoroutine:InvokeMoveNext(IEnumerator, IntPtr)
09-21 16:09:58.215  7099  7124 I Unity   :
09-21 16:09:58.215  7099  7124 I Unity   : <color=green>init bundle d_replaceui</color>
09-21 16:09:58.215  7099  7124 I Unity   : <Initiate>d__34:MoveNext()
09-21 16:09:58.215  7099  7124 I Unity   : <LoadLogin>d__12:MoveNext()
09-21 16:09:58.215  7099  7124 I Unity   : Initial:initGame()
09-21 16:09:58.215  7099  7124 I Unity   : Initial:Start()
09-21 16:09:58.215  7099  7124 I Unity   : Logger:LogGreen(Object)
09-21 16:09:58.215  7099  7124 I Unity   : UnityEngine.SetupCoroutine:InvokeMoveNext(IEnumerator, IntPtr)
09-21 16:09:58.215  7099  7124 I Unity   : UnityEngine.SetupCoroutine:InvokeMoveNext(IEnumerator, IntPtr)
09-21 16:09:58.215  7099  7124 I Unity   :
09-21 16:09:58.216  7099  7124 I Unity   : <color=green>init bundle dd_misc</color>
09-21 16:09:58.216  7099  7124 I Unity   : <Initiate>d__34:MoveNext()
09-21 16:09:58.216  7099  7124 I Unity   : <LoadLogin>d__12:MoveNext()
09-21 16:09:58.216  7099  7124 I Unity   : Initial:initGame()
09-21 16:09:58.216  7099  7124 I Unity   : Initial:Start()
09-21 16:09:58.216  7099  7124 I Unity   : Logger:LogGreen(Object)
09-21 16:09:58.216  7099  7124 I Unity   : UnityEngine.SetupCoroutine:InvokeMoveNext(IEnumerator, IntPtr)
09-21 16:09:58.216  7099  7124 I Unity   : UnityEngine.SetupCoroutine:InvokeMoveNext(IEnumerator, IntPtr)
09-21 16:09:58.216  7099  7124 I Unity   :
09-21 16:09:58.217  7099  7124 I Unity   : <color=green>init bundle dd_vnlogin</color>
09-21 16:09:58.217  7099  7124 I Unity   : <Initiate>d__34:MoveNext()
09-21 16:09:58.217  7099  7124 I Unity   : <LoadLogin>d__12:MoveNext()
09-21 16:09:58.217  7099  7124 I Unity   : Initial:initGame()
09-21 16:09:58.217  7099  7124 I Unity   : Initial:Start()
09-21 16:09:58.217  7099  7124 I Unity   : Logger:LogGreen(Object)
09-21 16:09:58.217  7099  7124 I Unity   : UnityEngine.SetupCoroutine:InvokeMoveNext(IEnumerator, IntPtr)
09-21 16:09:58.217  7099  7124 I Unity   : UnityEngine.SetupCoroutine:InvokeMoveNext(IEnumerator, IntPtr)
09-21 16:09:58.217  7099  7124 I Unity   :
09-21 16:09:58.217  7099  7124 I Unity   : <color=green>init bundle text</color>
09-21 16:09:58.217  7099  7124 I Unity   : <Initiate>d__34:MoveNext()
09-21 16:09:58.217  7099  7124 I Unity   : <LoadLogin>d__12:MoveNext()
09-21 16:09:58.217  7099  7124 I Unity   : Initial:initGame()
09-21 16:09:58.217  7099  7124 I Unity   : Initial:Start()
09-21 16:09:58.217  7099  7124 I Unity   : Logger:LogGreen(Object)
09-21 16:09:58.217  7099  7124 I Unity   : UnityEngine.SetupCoroutine:InvokeMoveNext(IEnumerator, IntPtr)
09-21 16:09:58.217  7099  7124 I Unity   : UnityEngine.SetupCoroutine:InvokeMoveNext(IEnumerator, IntPtr)
09-21 16:09:58.217  7099  7124 I Unity   :
09-21 16:09:58.227  7099  7124 E Unity   : HTTP/1.1 404 Not Found
09-21 16:09:58.227  7099  7124 E Unity   : <readInfo>d__188:MoveNext()
09-21 16:09:58.227  7099  7124 E Unity   : UnityEngine.SetupCoroutine:InvokeMoveNext(IEnumerator, IntPtr)
09-21 16:09:58.227  7099  7124 E Unity   :
09-21 16:09:58.232  7099  7124 D Unity   : Unloading 141 unused Assets / (63.0 KB). Loaded Objects now: 3703.
09-21 16:09:58.232  7099  7124 D Unity   : Memory consumption went from 46.3 MB to 46.2 MB.
09-21 16:09:58.232  7099  7124 D Unity   : Total: 5.005782 ms (FindLiveObjects: 0.426511 ms CreateObjectMapping: 0.339271 ms MarkObjects: 3.893906 ms  DeleteObjects: 0.344427 ms)
09-21 16:09:58.232  7099  7124 D Unity   :
09-21 16:09:58.233  7099  7162 D Unity   : Unloading 35 Unused Serialized files (Serialized files now loaded: 2)
09-21 16:09:58.347  7099  7124 I Unity   : Enter LoginScene. Time = 5.234632s
09-21 16:09:58.347  7099  7124 I Unity   : Initial:EnterLogin()
09-21 16:09:58.347  7099  7124 I Unity   : <LoadLogin>d__12:MoveNext()
09-21 16:09:58.347  7099  7124 I Unity   : UnityEngine.SetupCoroutine:InvokeMoveNext(IEnumerator, IntPtr)
09-21 16:09:58.347  7099  7124 I Unity   :
09-21 16:09:58.364  7099  7124 I Unity   : LoadSceneInBundle called, fullSceneName = Login.unity, null == indexer ? no
09-21 16:09:58.364  7099  7124 I Unity   : <LoadSceneInBundle>d__55:MoveNext()
09-21 16:09:58.364  7099  7124 I Unity   : BundleManager:LoadScene(MonoBehaviour, String, Callback)
09-21 16:09:58.364  7099  7124 I Unity   : Initial:EnterLogin()
09-21 16:09:58.364  7099  7124 I Unity   : <LoadLogin>d__12:MoveNext()
09-21 16:09:58.364  7099  7124 I Unity   : UnityEngine.SetupCoroutine:InvokeMoveNext(IEnumerator, IntPtr)
09-21 16:09:58.364  7099  7124 I Unity   : UnityEngine.SetupCoroutine:InvokeMoveNext(IEnumerator, IntPtr)
09-21 16:09:58.364  7099  7124 I Unity   :
09-21 16:09:58.365  7099  7124 I Unity   : LoadLevelAsync start load scene : Login, time = 5.252629
09-21 16:09:58.365  7099  7124 I Unity   : <LoadLevelAsync>d__56:MoveNext()
09-21 16:09:58.365  7099  7124 I Unity   : <LoadSceneInBundle>d__55:MoveNext()
09-21 16:09:58.365  7099  7124 I Unity   : BundleManager:LoadScene(MonoBehaviour, String, Callback)
09-21 16:09:58.365  7099  7124 I Unity   : Initial:EnterLogin()
09-21 16:09:58.365  7099  7124 I Unity   : <LoadLogin>d__12:MoveNext()
09-21 16:09:58.365  7099  7124 I Unity   : UnityEngine.SetupCoroutine:InvokeMoveNext(IEnumerator, IntPtr)
09-21 16:09:58.365  7099  7124 I Unity   : UnityEngine.SetupCoroutine:InvokeMoveNext(IEnumerator, IntPtr)
09-21 16:09:58.365  7099  7124 I Unity   : UnityEngine.SetupCoroutine:InvokeMoveNext(IEnumerator, IntPtr)
09-21 16:09:58.365  7099  7124 I Unity   :
09-21 16:09:58.374  7099  7124 D Unity   : Unloading 0 unused Assets / (0 B). Loaded Objects now: 3732.
09-21 16:09:58.374  7099  7124 D Unity   : Memory consumption went from 49.9 MB to 49.9 MB.
09-21 16:09:58.374  7099  7124 D Unity   : Total: 7.506458 ms (FindLiveObjects: 0.432188 ms CreateObjectMapping: 0.356302 ms MarkObjects: 6.695365 ms  DeleteObjects: 0.021042 ms)
09-21 16:09:58.374  7099  7124 D Unity   :
09-21 16:09:58.375  7099  7124 I Unity   : [HybridSceneChanger] EnterInitial 14 UnloadUnusedAssets finish
09-21 16:09:58.375  7099  7124 I Unity   : CamelHybrid.<EnterInitial>d__6:MoveNext()
09-21 16:09:58.375  7099  7124 I Unity   : UnityEngine.SetupCoroutine:InvokeMoveNext(IEnumerator, IntPtr)
09-21 16:09:58.375  7099  7124 I Unity   :
09-21 16:09:58.375  7099  7124 I Unity   : [HybridSceneChanger] EnterInitial 15
09-21 16:09:58.375  7099  7124 I Unity   : CamelHybrid.<EnterInitial>d__6:MoveNext()
09-21 16:09:58.375  7099  7124 I Unity   : UnityEngine.SetupCoroutine:InvokeMoveNext(IEnumerator, IntPtr)
09-21 16:09:58.375  7099  7124 I Unity   :
09-21 16:09:58.455  7099  7162 D Unity   : Unloading 1 Unused Serialized files (Serialized files now loaded: 32)
09-21 16:09:58.533  7099  7124 D Unity   : UnloadTime: 1.543229 ms
09-21 16:09:58.600  7099  7124 I Unity   : CNInfo.SetCNOfficial on CNInfo, cnofficial=False
09-21 16:09:58.600  7099  7124 I Unity   : CNInfo:SetCNOfficial(Boolean)
09-21 16:09:58.600  7099  7124 I Unity   : CNInfo:Awake()
09-21 16:09:58.600  7099  7124 I Unity   :
09-21 16:09:58.601  7099  7124 I Unity   : ReplaceLogoInfo.SetReplaceLogo on Openning, replaceLogo=True, name=logo_aoz_official.png
09-21 16:09:58.601  7099  7124 I Unity   : ReplaceLogoInfo:SetReplaceLogo(Boolean, String)
09-21 16:09:58.601  7099  7124 I Unity   : ReplaceLogoInfo:Awake()
09-21 16:09:58.601  7099  7124 I Unity   :
09-21 16:09:58.604  7099  7124 I Unity   : <color=yellow>Load asset logo_aoz_official.png from bundle ts_texture_p, bundle is not loaded, spend time = 1.237869ms</color>
09-21 16:09:58.604  7099  7124 I Unity   : BundleManager:GetAsset(ABIndexer, Type, Boolean)
09-21 16:09:58.604  7099  7124 I Unity   : BundleManager:GetAsset(String, Type, Boolean)
09-21 16:09:58.604  7099  7124 I Unity   : BundleManager:GetAsset(String, Type)
09-21 16:09:58.604  7099  7124 I Unity   : ReplaceLogoInfo:SetReplaceLogo(Boolean, String)
09-21 16:09:58.604  7099  7124 I Unity   : ReplaceLogoInfo:Awake()
09-21 16:09:58.604  7099  7124 I Unity   :
09-21 16:09:58.609  7099  7124 I Unity   : Scene Login is loaded
09-21 16:09:58.609  7099  7124 I Unity   : Reporter:_OnLevelWasLoaded(Scene, LoadSceneMode)
09-21 16:09:58.609  7099  7124 I Unity   :
09-21 16:09:58.611  7099  7124 I Unity   : SetUserArabDisplay ArabDisplay set to False
09-21 16:09:58.611  7099  7124 I Unity   : Lua:set_ArabDisplay(Boolean)
09-21 16:09:58.611  7099  7124 I Unity   : LocalizationManager:GetLanguage()
09-21 16:09:58.611  7099  7124 I Unity   : LocalizationManager:GetTextResName()
09-21 16:09:58.611  7099  7124 I Unity   : LocalizationManager:GetString(String)
09-21 16:09:58.611  7099  7124 I Unity   : MyDownloadingUI:Start()
09-21 16:09:58.611  7099  7124 I Unity   :
09-21 16:09:58.613  7099  7124 I Unity   : <color=yellow>Load asset string_zh_CN.txt from bundle text, bundle is not loaded, spend time = 0.6508827ms</color>
09-21 16:09:58.613  7099  7124 I Unity   : BundleManager:GetAsset(ABIndexer, Type, Boolean)
09-21 16:09:58.613  7099  7124 I Unity   : BundleManager:GetAsset(String, Type, Boolean)
09-21 16:09:58.613  7099  7124 I Unity   : BundleManager:GetAsset(String, Type)
09-21 16:09:58.613  7099  7124 I Unity   : LocalizationManager:LoadTextAsset(String)
09-21 16:09:58.613  7099  7124 I Unity   : LocalizationManager:GetString(String)
09-21 16:09:58.613  7099  7124 I Unity   : MyDownloadingUI:Start()
09-21 16:09:58.613  7099  7124 I Unity   :
--------- beginning of kernel
09-21 16:09:55.222     0     0 D uaudio_qmi_svc_disconnect_cb: client node:1 port:5048
09-21 16:09:58.668   678  1713 I sensors-hal: batch:140, android.sensor.rotation_vector/10, period=20000000, max_latency=0
09-21 16:09:58.668   678  1713 I sensors-hal: batch:149, android.sensor.rotation_vector/10, period=20000000, max_latency=0 request completed
09-21 16:09:58.668   678  1713 I sensors-hal: activate:107, android.sensor.rotation_vector/10 en=1
09-21 16:09:58.669   678  1713 I sensors-hal: ssc_enable_rt_task:254, ssc_enable_rt_task : true
09-21 16:09:55.224     0     0 D uaudio_qmi_svc_disconnect_cb: client node:1 port:5049
09-21 16:09:55.226     0     0 D uaudio_qmi_svc_disconnect_cb: client node:1 port:504a
09-21 16:09:55.230     0     0 D uaudio_qmi_svc_disconnect_cb: client node:1 port:504b
09-21 16:09:58.680   678  1713 I sensors-hal: activate:118, android.sensor.rotation_vector/10 en=1 completed
09-21 16:09:58.682   678   678 I sensors-hal: batch:140, android.sensor.gyroscope/32, period=200000000, max_latency=0
09-21 16:09:58.682   678   678 I sensors-hal: batch:149, android.sensor.gyroscope/32, period=200000000, max_latency=0 request completed
09-21 16:09:58.683   678   678 I sensors-hal: activate:107, android.sensor.gyroscope/32 en=1
09-21 16:09:58.683   678   678 I sensors-hal: ssc_enable_rt_task:254, ssc_enable_rt_task : true
09-21 16:09:55.235     0     0 D uaudio_qmi_svc_disconnect_cb: client node:1 port:504d
09-21 16:09:55.238     0     0 D uaudio_qmi_svc_disconnect_cb: client node:1 port:504e
09-21 16:09:55.240     0     0 D uaudio_qmi_svc_disconnect_cb: client node:1 port:504f
09-21 16:09:58.694   678  7201 I sensors-hal: handle_indication_realtime:352,  SCHED_FIFO(10) for qmi_cbk
09-21 16:09:58.680   678   678 I auditd  : type=1400 audit(0.0:32977): avc: denied { read write } for comm="sensors@1.0-ser" name="diag" dev="tmpfs" ino=15440 scontext=u:r:hal_sensors_default:s0 tcontext=u:object_r:diag_device:s0 tclass=chr_file permissive=0
09-21 16:09:58.680   678   678 W sensors@1.0-ser: type=1400 audit(0.0:32977): avc: denied { read write } for name="diag" dev="tmpfs" ino=15440 scontext=u:r:hal_sensors_default:s0 tcontext=u:object_r:diag_device:s0 tclass=chr_file permissive=0
09-21 16:09:58.695   678   678 E Diag_Lib:  Diag_LSM_Init: Failed to open handle to diag driver, error = 13
09-21 16:09:58.696   678   678 I sensors-hal: ssc_enable_rt_task:254, ssc_enable_rt_task : true
09-21 16:09:55.245     0     0 D uaudio_qmi_svc_disconnect_cb: client node:1 port:5050
09-21 16:09:55.249     0     0 D uaudio_qmi_svc_disconnect_cb: client node:1 port:5052
09-21 16:09:55.253     0     0 D uaudio_qmi_svc_disconnect_cb: client node:1 port:5053
09-21 16:09:58.709   678  7204 I sensors-hal: handle_indication_realtime:352,  SCHED_FIFO(10) for qmi_cbk
09-21 16:09:55.257     0     0 D uaudio_qmi_svc_disconnect_cb: client node:1 port:5054
09-21 16:09:55.260     0     0 D uaudio_qmi_svc_disconnect_cb: client node:1 port:5055
09-21 16:09:58.710   678   678 I sensors-hal: ssc_enable_rt_task:254, ssc_enable_rt_task : true
09-21 16:09:55.264     0     0 D uaudio_qmi_svc_disconnect_cb: client node:1 port:5057
09-21 16:09:55.267     0     0 D uaudio_qmi_svc_disconnect_cb: client node:1 port:5058
09-21 16:09:55.270     0     0 D uaudio_qmi_svc_disconnect_cb: client node:1 port:5059
09-21 16:09:55.272     0     0 D uaudio_qmi_svc_disconnect_cb: client node:1 port:505a
09-21 16:09:58.722   678  7206 I sensors-hal: handle_indication_realtime:352,  SCHED_FIFO(10) for qmi_cbk
09-21 16:09:58.723   678   678 I sensors-hal: activate:118, android.sensor.gyroscope/32 en=1 completed
09-21 16:09:58.723  7099  7124 D Unity   : Sensor :            Gyroscope ( 4) ; 0.000611 / 0.00s ; lsm6ds3c Gyroscope Non-wakeup / STMicro
09-21 16:09:58.724   678  1713 I sensors-hal: batch:140, android.sensor.gyroscope/32, period=20000000, max_latency=0
09-21 16:09:58.726   678  1713 I sensors-hal: batch:149, android.sensor.gyroscope/32, period=20000000, max_latency=0 request completed
09-21 16:09:58.727  7099  7124 D Unity   : Sensor :            Gyroscope ( 4) ; 0.000611 / 0.00s ; lsm6ds3c Gyroscope Non-wakeup / STMicro
09-21 16:09:58.730   678  1713 I sensors-hal: batch:140, android.sensor.gravity/26, period=200000000, max_latency=0
09-21 16:09:58.730   678  1713 I sensors-hal: batch:149, android.sensor.gravity/26, period=200000000, max_latency=0 request completed
09-21 16:09:58.730   678  1713 I sensors-hal: activate:107, android.sensor.gravity/26 en=1
09-21 16:09:58.731   678  1713 I sensors-hal: ssc_enable_rt_task:254, ssc_enable_rt_task : true
09-21 16:09:55.284     0     0 D uaudio_qmi_svc_disconnect_cb: client node:1 port:505c
09-21 16:09:55.288     0     0 D uaudio_qmi_svc_disconnect_cb: client node:1 port:505d
09-21 16:09:55.290     0     0 D uaudio_qmi_svc_disconnect_cb: client node:1 port:505e
09-21 16:09:58.745   678  1713 I sensors-hal: activate:118, android.sensor.gravity/26 en=1 completed
09-21 16:09:58.746  7099  7124 D Unity   : Sensor :              Gravity ( 9) ; 0.100000 / 0.00s ; gravity  Non-wakeup / qualcomm
09-21 16:09:58.746   678   678 I sensors-hal: batch:140, android.sensor.gravity/26, period=20000000, max_latency=0
09-21 16:09:55.293     0     0 D uaudio_qmi_svc_disconnect_cb: client node:1 port:505f
09-21 16:09:58.751   678   678 I sensors-hal: batch:149, android.sensor.gravity/26, period=20000000, max_latency=0 request completed
09-21 16:09:58.752  7099  7124 D Unity   : Sensor :              Gravity ( 9) ; 0.100000 / 0.00s ; gravity  Non-wakeup / qualcomm
09-21 16:09:58.754   678   678 I sensors-hal: batch:140, android.sensor.linear_acceleration/24, period=200000000, max_latency=0
09-21 16:09:58.754   678   678 I sensors-hal: batch:149, android.sensor.linear_acceleration/24, period=200000000, max_latency=0 request completed
09-21 16:09:58.755   678  7208 I sensors-hal: handle_indication_realtime:352,  SCHED_FIFO(10) for qmi_cbk
09-21 16:09:58.755   678   678 I sensors-hal: activate:107, android.sensor.linear_acceleration/24 en=1
09-21 16:09:58.755   678  7199 I sensors-hal: handle_indication_realtime:352,  SCHED_FIFO(10) for qmi_cbk
09-21 16:09:58.755   678   678 I sensors-hal: ssc_enable_rt_task:254, ssc_enable_rt_task : true
09-21 16:09:55.309     0     0 D uaudio_qmi_svc_disconnect_cb: client node:1 port:5061
09-21 16:09:55.314     0     0 D uaudio_qmi_svc_disconnect_cb: client node:1 port:5062
09-21 16:09:55.318     0     0 D uaudio_qmi_svc_disconnect_cb: client node:1 port:5063
09-21 16:09:55.322     0     0 D uaudio_qmi_svc_disconnect_cb: client node:1 port:5064
09-21 16:09:58.775   678   678 I sensors-hal: activate:118, android.sensor.linear_acceleration/24 en=1 completed
09-21 16:09:58.776  7099  7124 D Unity   : Sensor :  Linear Acceleration (10) ; 0.100000 / 0.00s ; linear_acceleration / qualcomm
09-21 16:09:58.776   678   678 I sensors-hal: batch:140, android.sensor.linear_acceleration/24, period=20000000, max_latency=0
09-21 16:09:58.781   678   678 I sensors-hal: batch:149, android.sensor.linear_acceleration/24, period=20000000, max_latency=0 request completed
09-21 16:09:58.781  7099  7124 D Unity   : Sensor :  Linear Acceleration (10) ; 0.100000 / 0.00s ; linear_acceleration / qualcomm
09-21 16:09:58.783   678   678 I sensors-hal: flush:169, android.sensor.rotation_vector/10
09-21 16:09:58.786   678   678 I sensors-hal: flush:175, android.sensor.rotation_vector/10 completed
09-21 16:09:58.787  7099  7124 D Unity   : Sensor :      Rotation Vector (11) ; 0.010000 / 0.00s ; Rotation Vector  Non-wakeup / qualcomm
09-21 16:09:58.787  7099  7124 D Unity   : Sensor :      Rotation Vector (11) ; 0.010000 / 0.00s ; Rotation Vector  Non-wakeup / qualcomm
09-21 16:09:58.787   678   678 I sensors-hal: batch:140, android.sensor.gyroscope/32, period=50000000, max_latency=0
09-21 16:09:58.791   678  7210 I sensors-hal: handle_indication_realtime:352,  SCHED_FIFO(10) for qmi_cbk
09-21 16:09:58.792   678   678 I sensors-hal: batch:149, android.sensor.gyroscope/32, period=50000000, max_latency=0 request completed
09-21 16:09:58.792  7099  7124 D Unity   : Sensor :            Gyroscope ( 4) ; 0.000611 / 0.00s ; lsm6ds3c Gyroscope Non-wakeup / STMicro
09-21 16:09:58.793   678  1713 I sensors-hal: batch:140, android.sensor.gravity/26, period=50000000, max_latency=0
09-21 16:09:58.795   678  1713 I sensors-hal: batch:149, android.sensor.gravity/26, period=50000000, max_latency=0 request completed
09-21 16:09:58.795  7099  7124 D Unity   : Sensor :              Gravity ( 9) ; 0.100000 / 0.00s ; gravity  Non-wakeup / qualcomm
09-21 16:09:58.796   678  1713 I sensors-hal: batch:140, android.sensor.linear_acceleration/24, period=50000000, max_latency=0
09-21 16:09:58.800   678  1713 I sensors-hal: batch:149, android.sensor.linear_acceleration/24, period=50000000, max_latency=0 request completed
09-21 16:09:58.801  7099  7124 D Unity   : Sensor :  Linear Acceleration (10) ; 0.100000 / 0.00s ; linear_acceleration / qualcomm
09-21 16:09:58.801  7099  7124 D Unity   : Sensor :      Rotation Vector (11) ; 0.010000 / 0.00s ; Rotation Vector  Non-wakeup / qualcomm
09-21 16:09:58.808  7099  7124 I Unity   : Load ab ui__ from /storage/emulated/0/Android/data/com.camelgames.aoz.debuglz4/files/hybrid_wdeY/ui__, result == null ? False
09-21 16:09:58.808  7099  7124 I Unity   : ResInfo2:get_Instance()
09-21 16:09:58.808  7099  7124 I Unity   : ResInfo2:get_UnityVersion()
