05-13 16:37:00.004  1367  1367 I chatty  : uid=1000 system_server expire 18 lines
05-13 16:37:00.074  1367  5057 I chatty  : uid=1000(system) Binder:1367_11 expire 11 lines
05-13 16:37:02.581  2018  2514 D Mapcon  : SMVoice-0-Normal: enter handleCarrierConfigChangedInd
05-13 16:37:02.581  2018  2514 D Mapcon  : SMVoice-0-Normal: PrepareState,handled msg=CMD_CARRIER_CONFIG_CHANGE_IND
05-13 16:37:02.581  2018  2514 D Mapcon  : SMVoice-0-Normal: enter handleCarrierConfigChangedInd
05-13 16:37:02.581  2018  2514 D Mapcon  : SMVoice-0-Normal: PrepareState,handled msg=CMD_CARRIER_CONFIG_CHANGE_IND
05-13 16:37:02.581  2018  2494 D Mapcon  : MapconConfigImpl-0: handleMessage, msg id=1800
05-13 16:37:02.581  2018  2494 D Mapcon  : MapconConfigImpl-0: enter handleCarrierConfigChangedInd
05-13 16:37:02.584  2018  2494 I Mapcon  : MapconConfigImpl-0: KEY_CARRIER_WFC_IMS_AVAILABLE_BOOL is false!!!!!!!!!!
05-13 16:37:02.584  2018  2494 D Mapcon  : MapconConfigImpl-0: enter reset
05-13 16:37:02.584  2018  2494 D Mapcon  : MapconConfigImpl-0: handleMessage, msg id=1800
05-13 16:37:02.584  2018  2514 D Mapcon  : SMVoice-0-Normal: enter handleCarrierConfigChangedCnf
05-13 16:37:02.584  2018  2494 D Mapcon  : MapconConfigImpl-0: enter handleCarrierConfigChangedInd
05-13 16:37:02.586  2018  2494 I Mapcon  : MapconConfigImpl-0: KEY_CARRIER_WFC_IMS_AVAILABLE_BOOL is false!!!!!!!!!!
05-13 16:37:02.587  2018  2494 D Mapcon  : MapconConfigImpl-0: enter reset
05-13 16:37:02.587  2018  2514 D Mapcon  : MapconConfigImpl-0: enter isConfigReady, Config State is not ready!!!
05-13 16:37:02.587  2018  2514 V Mapcon  : SMVoice-0-Normal: Switch in XML off No need SIM Adp !
05-13 16:37:02.587  2018  2514 D Mapcon  : SMVoice-0-Normal: usim ready,read carrierconfig delay
05-13 16:37:02.587  2018  2514 D Mapcon  : SMVoice-0-Normal: PrepareState,handled msg=1801
05-13 16:37:02.587  2018  2514 D Mapcon  : SMVoice-0-Normal: enter handleCarrierConfigChangedCnf
05-13 16:37:02.587  2018  2514 D Mapcon  : MapconConfigImpl-0: enter isConfigReady, Config State is not ready!!!
05-13 16:37:02.587  2018  2514 V Mapcon  : SMVoice-0-Normal: Switch in XML off No need SIM Adp !
05-13 16:37:02.587  2018  2514 D Mapcon  : SMVoice-0-Normal: usim ready,read carrierconfig delay
05-13 16:37:02.587  2018  2514 D Mapcon  : SMVoice-0-Normal: PrepareState,handled msg=1801
05-13 16:37:04.973  1367  1581 I chatty  : uid=1000(system) UEventObserver expire 12 lines
05-13 16:37:07.589  2018  2514 D Mapcon  : SMVoice-0-Normal: enter handleCarrierConfigChangedInd
05-13 16:37:07.590  2018  2514 D Mapcon  : SMVoice-0-Normal: PrepareState,handled msg=CMD_CARRIER_CONFIG_CHANGE_IND
05-13 16:37:07.590  2018  2494 D Mapcon  : MapconConfigImpl-0: handleMessage, msg id=1800
05-13 16:37:07.590  2018  2514 D Mapcon  : SMVoice-0-Normal: enter handleCarrierConfigChangedInd
05-13 16:37:07.590  2018  2494 D Mapcon  : MapconConfigImpl-0: enter handleCarrierConfigChangedInd
05-13 16:37:07.592  2018  2514 D Mapcon  : SMVoice-0-Normal: PrepareState,handled msg=CMD_CARRIER_CONFIG_CHANGE_IND
05-13 16:37:07.598  2018  2494 I Mapcon  : MapconConfigImpl-0: KEY_CARRIER_WFC_IMS_AVAILABLE_BOOL is false!!!!!!!!!!
05-13 16:37:07.599  2018  2494 D Mapcon  : MapconConfigImpl-0: enter reset
05-13 16:37:07.599  2018  2494 D Mapcon  : MapconConfigImpl-0: handleMessage, msg id=1800
05-13 16:37:07.599  2018  2494 D Mapcon  : MapconConfigImpl-0: enter handleCarrierConfigChangedInd
05-13 16:37:07.600  2018  2514 D Mapcon  : SMVoice-0-Normal: enter handleCarrierConfigChangedCnf
05-13 16:37:07.603  2018  2494 I Mapcon  : MapconConfigImpl-0: KEY_CARRIER_WFC_IMS_AVAILABLE_BOOL is false!!!!!!!!!!
05-13 16:37:07.603  2018  2494 D Mapcon  : MapconConfigImpl-0: enter reset
05-13 16:37:07.603  2018  2514 D Mapcon  : MapconConfigImpl-0: enter isConfigReady, Config State is not ready!!!
05-13 16:37:07.603  2018  2514 V Mapcon  : SMVoice-0-Normal: Switch in XML off No need SIM Adp !
05-13 16:37:07.603  2018  2514 D Mapcon  : SMVoice-0-Normal: usim ready,read carrierconfig delay
05-13 16:37:07.603  2018  2514 D Mapcon  : SMVoice-0-Normal: PrepareState,handled msg=1801
05-13 16:37:07.604  2018  2514 D Mapcon  : SMVoice-0-Normal: enter handleCarrierConfigChangedCnf
05-13 16:37:07.604  2018  2514 D Mapcon  : MapconConfigImpl-0: enter isConfigReady, Config State is not ready!!!
05-13 16:37:07.604  2018  2514 V Mapcon  : SMVoice-0-Normal: Switch in XML off No need SIM Adp !
05-13 16:37:07.604  2018  2514 D Mapcon  : SMVoice-0-Normal: usim ready,read carrierconfig delay
05-13 16:37:07.604  2018  2514 D Mapcon  : SMVoice-0-Normal: PrepareState,handled msg=1801
05-13 16:37:09.085  1367 12993 I chatty  : uid=1000(system) Binder:1367_1E expire 10 lines
05-13 16:37:12.609  2018  2514 D Mapcon  : SMVoice-0-Normal: enter handleCarrierConfigChangedInd
05-13 16:37:12.610  2018  2514 D Mapcon  : SMVoice-0-Normal: PrepareState,handled msg=CMD_CARRIER_CONFIG_CHANGE_IND
05-13 16:37:12.610  2018  2514 D Mapcon  : SMVoice-0-Normal: enter handleCarrierConfigChangedInd
05-13 16:37:12.610  2018  2514 D Mapcon  : SMVoice-0-Normal: PrepareState,handled msg=CMD_CARRIER_CONFIG_CHANGE_IND
05-13 16:37:12.610  2018  2494 D Mapcon  : MapconConfigImpl-0: handleMessage, msg id=1800
05-13 16:37:12.610  2018  2494 D Mapcon  : MapconConfigImpl-0: enter handleCarrierConfigChangedInd
05-13 16:37:12.614  2018  2494 I Mapcon  : MapconConfigImpl-0: KEY_CARRIER_WFC_IMS_AVAILABLE_BOOL is false!!!!!!!!!!
05-13 16:37:12.614  2018  2494 D Mapcon  : MapconConfigImpl-0: enter reset
05-13 16:37:12.615  2018  2494 D Mapcon  : MapconConfigImpl-0: handleMessage, msg id=1800
05-13 16:37:12.615  2018  2514 D Mapcon  : SMVoice-0-Normal: enter handleCarrierConfigChangedCnf
05-13 16:37:12.615  2018  2494 D Mapcon  : MapconConfigImpl-0: enter handleCarrierConfigChangedInd
05-13 16:37:12.617  2018  2494 I Mapcon  : MapconConfigImpl-0: KEY_CARRIER_WFC_IMS_AVAILABLE_BOOL is false!!!!!!!!!!
05-13 16:37:12.617  2018  2494 D Mapcon  : MapconConfigImpl-0: enter reset
05-13 16:37:12.617  2018  2514 D Mapcon  : MapconConfigImpl-0: enter isConfigReady, Config State is not ready!!!
05-13 16:37:12.617  2018  2514 V Mapcon  : SMVoice-0-Normal: Switch in XML off No need SIM Adp !
05-13 16:37:12.617  2018  2514 D Mapcon  : SMVoice-0-Normal: usim ready,read carrierconfig delay
05-13 16:37:12.617  2018  2514 D Mapcon  : SMVoice-0-Normal: PrepareState,handled msg=1801
05-13 16:37:12.617  2018  2514 D Mapcon  : SMVoice-0-Normal: enter handleCarrierConfigChangedCnf
05-13 16:37:12.617  2018  2514 D Mapcon  : MapconConfigImpl-0: enter isConfigReady, Config State is not ready!!!
05-13 16:37:12.617  2018  2514 V Mapcon  : SMVoice-0-Normal: Switch in XML off No need SIM Adp !
05-13 16:37:12.617  2018  2514 D Mapcon  : SMVoice-0-Normal: usim ready,read carrierconfig delay
05-13 16:37:12.617  2018  2514 D Mapcon  : SMVoice-0-Normal: PrepareState,handled msg=1801
05-13 16:37:17.618  2018  2514 D Mapcon  : SMVoice-0-Normal: enter handleCarrierConfigChangedInd
05-13 16:37:17.618  2018  2514 D Mapcon  : SMVoice-0-Normal: PrepareState,handled msg=CMD_CARRIER_CONFIG_CHANGE_IND
05-13 16:37:17.618  2018  2494 D Mapcon  : MapconConfigImpl-0: handleMessage, msg id=1800
05-13 16:37:17.618  2018  2494 D Mapcon  : MapconConfigImpl-0: enter handleCarrierConfigChangedInd
05-13 16:37:17.618  2018  2514 D Mapcon  : SMVoice-0-Normal: enter handleCarrierConfigChangedInd
05-13 16:37:17.618  2018  2514 D Mapcon  : SMVoice-0-Normal: PrepareState,handled msg=CMD_CARRIER_CONFIG_CHANGE_IND
05-13 16:37:17.621  2018  2494 I Mapcon  : MapconConfigImpl-0: KEY_CARRIER_WFC_IMS_AVAILABLE_BOOL is false!!!!!!!!!!
05-13 16:37:17.621  2018  2494 D Mapcon  : MapconConfigImpl-0: enter reset
05-13 16:37:17.621  2018  2494 D Mapcon  : MapconConfigImpl-0: handleMessage, msg id=1800
05-13 16:37:17.621  2018  2514 D Mapcon  : SMVoice-0-Normal: enter handleCarrierConfigChangedCnf
05-13 16:37:17.621  2018  2494 D Mapcon  : MapconConfigImpl-0: enter handleCarrierConfigChangedInd
05-13 16:37:17.623  2018  2494 I Mapcon  : MapconConfigImpl-0: KEY_CARRIER_WFC_IMS_AVAILABLE_BOOL is false!!!!!!!!!!
05-13 16:37:17.623  2018  2494 D Mapcon  : MapconConfigImpl-0: enter reset
05-13 16:37:17.624  2018  2514 D Mapcon  : MapconConfigImpl-0: enter isConfigReady, Config State is not ready!!!
05-13 16:37:17.624  2018  2514 V Mapcon  : SMVoice-0-Normal: Switch in XML off No need SIM Adp !
05-13 16:37:17.624  2018  2514 D Mapcon  : SMVoice-0-Normal: usim ready,read carrierconfig delay
05-13 16:37:17.624  2018  2514 D Mapcon  : SMVoice-0-Normal: PrepareState,handled msg=1801
05-13 16:37:17.624  2018  2514 D Mapcon  : SMVoice-0-Normal: enter handleCarrierConfigChangedCnf
05-13 16:37:17.624  2018  2514 D Mapcon  : MapconConfigImpl-0: enter isConfigReady, Config State is not ready!!!
05-13 16:37:17.624  2018  2514 V Mapcon  : SMVoice-0-Normal: Switch in XML off No need SIM Adp !
05-13 16:37:17.624  2018  2514 D Mapcon  : SMVoice-0-Normal: usim ready,read carrierconfig delay
05-13 16:37:17.624  2018  2514 D Mapcon  : SMVoice-0-Normal: PrepareState,handled msg=1801
05-13 16:37:17.962   729   735 I storaged: storaged_t::event: storage_info refreshed.
05-13 16:37:22.629  2018  2514 D Mapcon  : SMVoice-0-Normal: enter handleCarrierConfigChangedInd
05-13 16:37:22.630  2018  2494 D Mapcon  : MapconConfigImpl-0: handleMessage, msg id=1800
05-13 16:37:22.630  2018  2514 D Mapcon  : SMVoice-0-Normal: PrepareState,handled msg=CMD_CARRIER_CONFIG_CHANGE_IND
05-13 16:37:22.630  2018  2494 D Mapcon  : MapconConfigImpl-0: enter handleCarrierConfigChangedInd
05-13 16:37:22.630  2018  2514 D Mapcon  : SMVoice-0-Normal: enter handleCarrierConfigChangedInd
05-13 16:37:22.630  2018  2514 D Mapcon  : SMVoice-0-Normal: PrepareState,handled msg=CMD_CARRIER_CONFIG_CHANGE_IND
05-13 16:37:22.635  2018  2494 I Mapcon  : MapconConfigImpl-0: KEY_CARRIER_WFC_IMS_AVAILABLE_BOOL is false!!!!!!!!!!
05-13 16:37:22.635  2018  2494 D Mapcon  : MapconConfigImpl-0: enter reset
05-13 16:37:22.635  2018  2514 D Mapcon  : SMVoice-0-Normal: enter handleCarrierConfigChangedCnf
05-13 16:37:22.636  2018  2514 D Mapcon  : MapconConfigImpl-0: enter isConfigReady, Config State is not ready!!!
05-13 16:37:22.636  2018  2494 D Mapcon  : MapconConfigImpl-0: handleMessage, msg id=1800
05-13 16:37:22.636  2018  2514 V Mapcon  : SMVoice-0-Normal: Switch in XML off No need SIM Adp !
05-13 16:37:22.636  2018  2494 D Mapcon  : MapconConfigImpl-0: enter handleCarrierConfigChangedInd
05-13 16:37:22.636  2018  2514 D Mapcon  : SMVoice-0-Normal: usim ready,read carrierconfig delay
05-13 16:37:22.636  2018  2514 D Mapcon  : SMVoice-0-Normal: PrepareState,handled msg=1801
05-13 16:37:22.640  2018  2494 I Mapcon  : MapconConfigImpl-0: KEY_CARRIER_WFC_IMS_AVAILABLE_BOOL is false!!!!!!!!!!
05-13 16:37:22.640  2018  2494 D Mapcon  : MapconConfigImpl-0: enter reset
05-13 16:37:22.641  2018  2514 D Mapcon  : SMVoice-0-Normal: enter handleCarrierConfigChangedCnf
05-13 16:37:22.641  2018  2514 D Mapcon  : MapconConfigImpl-0: enter isConfigReady, Config State is not ready!!!
05-13 16:37:22.641  2018  2514 V Mapcon  : SMVoice-0-Normal: Switch in XML off No need SIM Adp !
05-13 16:37:22.641  2018  2514 D Mapcon  : SMVoice-0-Normal: usim ready,read carrierconfig delay
05-13 16:37:22.641  2018  2514 D Mapcon  : SMVoice-0-Normal: PrepareState,handled msg=1801
05-13 16:37:25.274  1919  2042 I DeepNoDisturbP: handleStateChanged reason=8
05-13 16:37:25.286  1919  2042 I HidataAppQoeP: handleStateChanged reason=8
05-13 16:37:25.302  2018  2018 D Mapcon  : TelephonyTracker: onSignalStrengthsChanged:phoneId=0, level=5
05-13 16:37:25.309  1919  2042 I PreDnsQuery: handleStateChanged reason=8
05-13 16:37:25.310  2018  2514 D Mapcon  : SMVoice-0-Normal: PrepareState:defaultStatehandle msg=CMD_SIGNAL_STRENGTH_CHANED_IND
05-13 16:37:25.310  2018  2514 D Mapcon  : MapconConfigImpl-0: enter isConfigReady, Config State is not ready!!!
05-13 16:37:25.312  1919  2042 I PreDnsQuery: No need to handled!
05-13 16:37:25.312  1919  2042 I BrowserChrP: handleStateChanged
05-13 16:37:25.348  1743  1743 I HwNetworkPolicyManager: forceUpdatePolicy isRoaming = false
05-13 16:37:25.361  1367  1497 I chatty  : uid=1000(system) ActivityManager expire 2 lines
05-13 16:37:25.365  2018  2018 D Telephony-TelecomAccountRegistry: onServiceStateChanged0 newState : 1, mServiceState : 1
05-13 16:37:25.384  2018  2018 V Mapcon  : TelephonyTracker: handleServiceStateChange,phoneId:0
05-13 16:37:25.384  2018  2018 D Mapcon  : EpdgManager: startFind, phoneId=0
05-13 16:37:25.386  2018  2018 D Mapcon  : EpdgManager: need not wait wifi init
05-13 16:37:25.386  2018  2502 V Mapcon  : EpdgFinding-0: handleStartFind,isFinding=false, mEpdgFindIntervalIndex=0
05-13 16:37:25.386  2018  2018 E Mapcon  : MapconSMManager: getStateMachineByIpsecId fail, ipsecId=4!!!!!!!!!!
05-13 16:37:25.392  2018  2502 V Mapcon  : EpdgFinding-0: CarrierConfig is not ready or PtfVowifi is false!
05-13 16:37:25.392  2018  2514 D Mapcon  : MapconConfigImpl-0: enter isConfigReady, Config State is not ready!!!
05-13 16:37:25.393  2018  2514 V Mapcon  : SMVoice-0-Normal: updateRoamingStatus:subId=0, mIsRoaming=false
05-13 16:37:25.394  2018  2514 D Mapcon  : TelephonyAdapter: isVSimEnabled=false
05-13 16:37:25.395  2018  2514 D Mapcon  : MapconUtils: updatePhoneIdModemIdMap,phoneIdToModemId=0, 1, 2
05-13 16:37:25.398  2018  2514 D Mapcon  : EpdgManager: isServiceConnected = true
05-13 16:37:25.401  2018  2514 D Mapcon  : MapconConfigImpl-0: enter isConfigReady, Config State is not ready!!!
05-13 16:37:25.401  2018  2514 D Mapcon  : SMVoice-0-Normal: readyForStartUp:isConfigStateReady,return false
05-13 16:37:25.401  2018  2514 D Mapcon  : SMVoice-0-Normal: PrepareState,handled msg=CMD_SERVICESTATE_CHANGE_IND
05-13 16:37:27.638  2018  2514 D Mapcon  : SMVoice-0-Normal: enter handleCarrierConfigChangedInd
05-13 16:37:27.639  2018  2514 D Mapcon  : SMVoice-0-Normal: PrepareState,handled msg=CMD_CARRIER_CONFIG_CHANGE_IND
05-13 16:37:27.639  2018  2494 D Mapcon  : MapconConfigImpl-0: handleMessage, msg id=1800
05-13 16:37:27.639  2018  2494 D Mapcon  : MapconConfigImpl-0: enter handleCarrierConfigChangedInd
05-13 16:37:27.642  2018  2514 D Mapcon  : SMVoice-0-Normal: enter handleCarrierConfigChangedInd
05-13 16:37:27.642  2018  2514 D Mapcon  : SMVoice-0-Normal: PrepareState,handled msg=CMD_CARRIER_CONFIG_CHANGE_IND
05-13 16:37:27.645  2018  2494 I Mapcon  : MapconConfigImpl-0: KEY_CARRIER_WFC_IMS_AVAILABLE_BOOL is false!!!!!!!!!!
05-13 16:37:27.645  2018  2494 D Mapcon  : MapconConfigImpl-0: enter reset
05-13 16:37:27.645  2018  2494 D Mapcon  : MapconConfigImpl-0: handleMessage, msg id=1800
05-13 16:37:27.645  2018  2494 D Mapcon  : MapconConfigImpl-0: enter handleCarrierConfigChangedInd
05-13 16:37:27.646  2018  2514 D Mapcon  : SMVoice-0-Normal: enter handleCarrierConfigChangedCnf
05-13 16:37:27.651  2018  2494 I Mapcon  : MapconConfigImpl-0: KEY_CARRIER_WFC_IMS_AVAILABLE_BOOL is false!!!!!!!!!!
05-13 16:37:27.652  2018  2494 D Mapcon  : MapconConfigImpl-0: enter reset
05-13 16:37:27.652  2018  2514 D Mapcon  : MapconConfigImpl-0: enter isConfigReady, Config State is not ready!!!
05-13 16:37:27.652  2018  2514 V Mapcon  : SMVoice-0-Normal: Switch in XML off No need SIM Adp !
05-13 16:37:27.652  2018  2514 D Mapcon  : SMVoice-0-Normal: usim ready,read carrierconfig delay
05-13 16:37:27.653  2018  2514 D Mapcon  : SMVoice-0-Normal: PrepareState,handled msg=1801
05-13 16:37:27.653  2018  2514 D Mapcon  : SMVoice-0-Normal: enter handleCarrierConfigChangedCnf
05-13 16:37:27.653  2018  2514 D Mapcon  : MapconConfigImpl-0: enter isConfigReady, Config State is not ready!!!
05-13 16:37:27.653  2018  2514 V Mapcon  : SMVoice-0-Normal: Switch in XML off No need SIM Adp !
05-13 16:37:27.653  2018  2514 D Mapcon  : SMVoice-0-Normal: usim ready,read carrierconfig delay
05-13 16:37:27.653  2018  2514 D Mapcon  : SMVoice-0-Normal: PrepareState,handled msg=1801
05-13 16:37:30.904  1919  2042 I DeepNoDisturbP: handleStateChanged reason=8
05-13 16:37:30.923  1919  2042 I HidataAppQoeP: handleStateChanged reason=8
05-13 16:37:30.930  2018  2018 D Mapcon  : TelephonyTracker: onSignalStrengthsChanged:phoneId=0, level=5
05-13 16:37:30.932  1919  2042 W BoosterPlugin: getPSNetworkType, need update cause telephony type=0, mNetworkType=3
05-13 16:37:30.934  1919  2042 I PreDnsQuery: handleStateChanged reason=8
05-13 16:37:30.934  2018  2514 D Mapcon  : SMVoice-0-Normal: PrepareState:defaultStatehandle msg=CMD_SIGNAL_STRENGTH_CHANED_IND
05-13 16:37:30.935  1919  2042 I PreDnsQuery: No need to handled!
05-13 16:37:30.935  1919  2042 I BrowserChrP: handleStateChanged
05-13 16:37:32.654  2018  2514 D Mapcon  : SMVoice-0-Normal: enter handleCarrierConfigChangedInd
05-13 16:37:32.654  2018  2514 D Mapcon  : SMVoice-0-Normal: PrepareState,handled msg=CMD_CARRIER_CONFIG_CHANGE_IND
05-13 16:37:32.654  2018  2514 D Mapcon  : SMVoice-0-Normal: enter handleCarrierConfigChangedInd
05-13 16:37:32.654  2018  2514 D Mapcon  : SMVoice-0-Normal: PrepareState,handled msg=CMD_CARRIER_CONFIG_CHANGE_IND
05-13 16:37:32.654  2018  2494 D Mapcon  : MapconConfigImpl-0: handleMessage, msg id=1800
05-13 16:37:32.654  2018  2494 D Mapcon  : MapconConfigImpl-0: enter handleCarrierConfigChangedInd
05-13 16:37:32.658  2018  2494 I Mapcon  : MapconConfigImpl-0: KEY_CARRIER_WFC_IMS_AVAILABLE_BOOL is false!!!!!!!!!!
05-13 16:37:32.658  2018  2494 D Mapcon  : MapconConfigImpl-0: enter reset
05-13 16:37:32.659  2018  2494 D Mapcon  : MapconConfigImpl-0: handleMessage, msg id=1800
05-13 16:37:32.659  2018  2514 D Mapcon  : SMVoice-0-Normal: enter handleCarrierConfigChangedCnf
05-13 16:37:32.659  2018  2494 D Mapcon  : MapconConfigImpl-0: enter handleCarrierConfigChangedInd
05-13 16:37:32.661  2018  2494 I Mapcon  : MapconConfigImpl-0: KEY_CARRIER_WFC_IMS_AVAILABLE_BOOL is false!!!!!!!!!!
05-13 16:37:32.662  2018  2494 D Mapcon  : MapconConfigImpl-0: enter reset
05-13 16:37:32.662  2018  2514 D Mapcon  : MapconConfigImpl-0: enter isConfigReady, Config State is not ready!!!
05-13 16:37:32.662  2018  2514 V Mapcon  : SMVoice-0-Normal: Switch in XML off No need SIM Adp !
05-13 16:37:32.662  2018  2514 D Mapcon  : SMVoice-0-Normal: usim ready,read carrierconfig delay
05-13 16:37:32.662  2018  2514 D Mapcon  : SMVoice-0-Normal: PrepareState,handled msg=1801
05-13 16:37:32.662  2018  2514 D Mapcon  : SMVoice-0-Normal: enter handleCarrierConfigChangedCnf
05-13 16:37:32.662  2018  2514 D Mapcon  : MapconConfigImpl-0: enter isConfigReady, Config State is not ready!!!
05-13 16:37:32.662  2018  2514 V Mapcon  : SMVoice-0-Normal: Switch in XML off No need SIM Adp !
05-13 16:37:32.662  2018  2514 D Mapcon  : SMVoice-0-Normal: usim ready,read carrierconfig delay
05-13 16:37:32.663  2018  2514 D Mapcon  : SMVoice-0-Normal: PrepareState,handled msg=1801
05-13 16:37:36.236  1367  1631 I chatty  : uid=1000(system) WifiStateMachin expire 3 lines
05-13 16:37:37.663  2018  2514 D Mapcon  : SMVoice-0-Normal: enter handleCarrierConfigChangedInd
05-13 16:37:37.664  2018  2494 D Mapcon  : MapconConfigImpl-0: handleMessage, msg id=1800
05-13 16:37:37.664  2018  2514 D Mapcon  : SMVoice-0-Normal: PrepareState,handled msg=CMD_CARRIER_CONFIG_CHANGE_IND
05-13 16:37:37.664  2018  2494 D Mapcon  : MapconConfigImpl-0: enter handleCarrierConfigChangedInd
05-13 16:37:37.664  2018  2514 D Mapcon  : SMVoice-0-Normal: enter handleCarrierConfigChangedInd
05-13 16:37:37.664  2018  2514 D Mapcon  : SMVoice-0-Normal: PrepareState,handled msg=CMD_CARRIER_CONFIG_CHANGE_IND
05-13 16:37:37.671  2018  2494 I Mapcon  : MapconConfigImpl-0: KEY_CARRIER_WFC_IMS_AVAILABLE_BOOL is false!!!!!!!!!!
05-13 16:37:37.672  2018  2494 D Mapcon  : MapconConfigImpl-0: enter reset
05-13 16:37:37.672  2018  2494 D Mapcon  : MapconConfigImpl-0: handleMessage, msg id=1800
05-13 16:37:37.672  2018  2514 D Mapcon  : SMVoice-0-Normal: enter handleCarrierConfigChangedCnf
05-13 16:37:37.672  2018  2494 D Mapcon  : MapconConfigImpl-0: enter handleCarrierConfigChangedInd
05-13 16:37:37.679  2018  2494 I Mapcon  : MapconConfigImpl-0: KEY_CARRIER_WFC_IMS_AVAILABLE_BOOL is false!!!!!!!!!!
05-13 16:37:37.679  2018  2494 D Mapcon  : MapconConfigImpl-0: enter reset
05-13 16:37:37.679  2018  2514 D Mapcon  : MapconConfigImpl-0: enter isConfigReady, Config State is not ready!!!
05-13 16:37:37.680  2018  2514 V Mapcon  : SMVoice-0-Normal: Switch in XML off No need SIM Adp !
05-13 16:37:37.680  2018  2514 D Mapcon  : SMVoice-0-Normal: usim ready,read carrierconfig delay
05-13 16:37:37.680  2018  2514 D Mapcon  : SMVoice-0-Normal: PrepareState,handled msg=1801
05-13 16:37:37.680  2018  2514 D Mapcon  : SMVoice-0-Normal: enter handleCarrierConfigChangedCnf
05-13 16:37:37.680  2018  2514 D Mapcon  : MapconConfigImpl-0: enter isConfigReady, Config State is not ready!!!
05-13 16:37:37.680  2018  2514 V Mapcon  : SMVoice-0-Normal: Switch in XML off No need SIM Adp !
05-13 16:37:37.680  2018  2514 D Mapcon  : SMVoice-0-Normal: usim ready,read carrierconfig delay
05-13 16:37:37.680  2018  2514 D Mapcon  : SMVoice-0-Normal: PrepareState,handled msg=1801
05-13 16:37:38.800  1919  2042 I DeepNoDisturbP: handleStateChanged reason=8
05-13 16:37:38.808  1919  2042 I HidataAppQoeP: handleStateChanged reason=8
05-13 16:37:38.825  2018  2018 D Mapcon  : TelephonyTracker: onSignalStrengthsChanged:phoneId=0, level=5
05-13 16:37:38.827  2018  2514 D Mapcon  : SMVoice-0-Normal: PrepareState:defaultStatehandle msg=CMD_SIGNAL_STRENGTH_CHANED_IND
05-13 16:37:38.830  2018  2018 D Mapcon  : TelephonyTracker: onSignalStrengthsChanged:phoneId=0, level=5
05-13 16:37:38.833  2018  2514 D Mapcon  : SMVoice-0-Normal: PrepareState:defaultStatehandle msg=CMD_SIGNAL_STRENGTH_CHANED_IND
05-13 16:37:38.839  1919  2042 I PreDnsQuery: handleStateChanged reason=8
05-13 16:37:38.841  1919  2042 I PreDnsQuery: No need to handled!
05-13 16:37:38.841  1919  2042 I BrowserChrP: handleStateChanged
05-13 16:37:38.844  1919  2042 I DeepNoDisturbP: handleStateChanged reason=8
05-13 16:37:38.846  1919  2042 I HidataAppQoeP: handleStateChanged reason=8
05-13 16:37:38.851  1919  2042 I PreDnsQuery: handleStateChanged reason=8
05-13 16:37:38.852  1919  2042 I PreDnsQuery: No need to handled!
05-13 16:37:38.853  1919  2042 I BrowserChrP: handleStateChanged
05-13 16:37:38.881  1743  1743 I HwNetworkPolicyManager: forceUpdatePolicy isRoaming = false
05-13 16:37:38.890  2018  2018 D Telephony-TelecomAccountRegistry: onServiceStateChanged0 newState : 1, mServiceState : 1
05-13 16:37:38.907  2018  2018 V Mapcon  : TelephonyTracker: handleServiceStateChange,phoneId:0
05-13 16:37:38.907  2018  2018 D Mapcon  : EpdgManager: startFind, phoneId=0
05-13 16:37:38.910  2018  2018 D Mapcon  : EpdgManager: need not wait wifi init
05-13 16:37:38.910  2018  2018 E Mapcon  : MapconSMManager: getStateMachineByIpsecId fail, ipsecId=4!!!!!!!!!!
05-13 16:37:38.910  2018  2502 V Mapcon  : EpdgFinding-0: handleStartFind,isFinding=false, mEpdgFindIntervalIndex=0
05-13 16:37:38.912  2018  2514 D Mapcon  : MapconConfigImpl-0: enter isConfigReady, Config State is not ready!!!
05-13 16:37:38.912  2018  2514 V Mapcon  : SMVoice-0-Normal: updateRoamingStatus:subId=0, mIsRoaming=false
05-13 16:37:38.914  2018  2514 D Mapcon  : TelephonyAdapter: isVSimEnabled=false
05-13 16:37:38.915  2018  2502 V Mapcon  : EpdgFinding-0: CarrierConfig is not ready or PtfVowifi is false!
05-13 16:37:38.915  2018  2514 D Mapcon  : MapconUtils: updatePhoneIdModemIdMap,phoneIdToModemId=0, 1, 2
05-13 16:37:38.917  2018  2514 D Mapcon  : EpdgManager: isServiceConnected = true
05-13 16:37:38.920  2018  2514 D Mapcon  : MapconConfigImpl-0: enter isConfigReady, Config State is not ready!!!
05-13 16:37:38.920  2018  2514 D Mapcon  : SMVoice-0-Normal: readyForStartUp:isConfigStateReady,return false
05-13 16:37:38.920  2018  2514 D Mapcon  : SMVoice-0-Normal: PrepareState,handled msg=CMD_SERVICESTATE_CHANGE_IND
05-13 16:37:42.684  2018  2514 D Mapcon  : SMVoice-0-Normal: enter handleCarrierConfigChangedInd
05-13 16:37:42.684  2018  2514 D Mapcon  : SMVoice-0-Normal: PrepareState,handled msg=CMD_CARRIER_CONFIG_CHANGE_IND
05-13 16:37:42.684  2018  2514 D Mapcon  : SMVoice-0-Normal: enter handleCarrierConfigChangedInd
05-13 16:37:42.684  2018  2514 D Mapcon  : SMVoice-0-Normal: PrepareState,handled msg=CMD_CARRIER_CONFIG_CHANGE_IND
05-13 16:37:42.684  2018  2494 D Mapcon  : MapconConfigImpl-0: handleMessage, msg id=1800
05-13 16:37:42.684  2018  2494 D Mapcon  : MapconConfigImpl-0: enter handleCarrierConfigChangedInd
05-13 16:37:42.687  2018  2494 I Mapcon  : MapconConfigImpl-0: KEY_CARRIER_WFC_IMS_AVAILABLE_BOOL is false!!!!!!!!!!
05-13 16:37:42.687  2018  2494 D Mapcon  : MapconConfigImpl-0: enter reset
05-13 16:37:42.687  2018  2494 D Mapcon  : MapconConfigImpl-0: handleMessage, msg id=1800
05-13 16:37:42.687  2018  2494 D Mapcon  : MapconConfigImpl-0: enter handleCarrierConfigChangedInd
05-13 16:37:42.687  2018  2514 D Mapcon  : SMVoice-0-Normal: enter handleCarrierConfigChangedCnf
05-13 16:37:42.689  2018  2494 I Mapcon  : MapconConfigImpl-0: KEY_CARRIER_WFC_IMS_AVAILABLE_BOOL is false!!!!!!!!!!
05-13 16:37:42.689  2018  2494 D Mapcon  : MapconConfigImpl-0: enter reset
05-13 16:37:42.689  2018  2514 D Mapcon  : MapconConfigImpl-0: enter isConfigReady, Config State is not ready!!!
05-13 16:37:42.689  2018  2514 V Mapcon  : SMVoice-0-Normal: Switch in XML off No need SIM Adp !
05-13 16:37:42.689  2018  2514 D Mapcon  : SMVoice-0-Normal: usim ready,read carrierconfig delay
05-13 16:37:42.690  2018  2514 D Mapcon  : SMVoice-0-Normal: PrepareState,handled msg=1801
05-13 16:37:42.690  2018  2514 D Mapcon  : SMVoice-0-Normal: enter handleCarrierConfigChangedCnf
05-13 16:37:42.690  2018  2514 D Mapcon  : MapconConfigImpl-0: enter isConfigReady, Config State is not ready!!!
05-13 16:37:42.690  2018  2514 V Mapcon  : SMVoice-0-Normal: Switch in XML off No need SIM Adp !
05-13 16:37:42.690  2018  2514 D Mapcon  : SMVoice-0-Normal: usim ready,read carrierconfig delay
05-13 16:37:42.690  2018  2514 D Mapcon  : SMVoice-0-Normal: PrepareState,handled msg=1801
05-13 16:37:46.253  1367  9476 I chatty  : uid=1000(system) Binder:1367_1C expire 6 lines
05-13 16:37:46.335  1367  5057 I chatty  : uid=1000(system) Binder:1367_11 expire 19 lines
05-13 16:37:46.430  1367  1493 I chatty  : uid=1000(system) android.bg expire 2 lines
05-13 16:37:46.439  1367  1621 I chatty  : uid=1000(system) NetdConnector expire 10 lines
05-13 16:37:47.693  2018  2514 D Mapcon  : SMVoice-0-Normal: enter handleCarrierConfigChangedInd
05-13 16:37:47.693  2018  2514 D Mapcon  : SMVoice-0-Normal: PrepareState,handled msg=CMD_CARRIER_CONFIG_CHANGE_IND
05-13 16:37:47.694  2018  2494 D Mapcon  : MapconConfigImpl-0: handleMessage, msg id=1800
05-13 16:37:47.694  2018  2494 D Mapcon  : MapconConfigImpl-0: enter handleCarrierConfigChangedInd
05-13 16:37:47.694  2018  2514 D Mapcon  : SMVoice-0-Normal: enter handleCarrierConfigChangedInd
05-13 16:37:47.694  2018  2514 D Mapcon  : SMVoice-0-Normal: PrepareState,handled msg=CMD_CARRIER_CONFIG_CHANGE_IND
05-13 16:37:47.698  2018  2494 I Mapcon  : MapconConfigImpl-0: KEY_CARRIER_WFC_IMS_AVAILABLE_BOOL is false!!!!!!!!!!
05-13 16:37:47.698  2018  2494 D Mapcon  : MapconConfigImpl-0: enter reset
05-13 16:37:47.698  2018  2494 D Mapcon  : MapconConfigImpl-0: handleMessage, msg id=1800
05-13 16:37:47.698  2018  2514 D Mapcon  : SMVoice-0-Normal: enter handleCarrierConfigChangedCnf
05-13 16:37:47.698  2018  2494 D Mapcon  : MapconConfigImpl-0: enter handleCarrierConfigChangedInd
05-13 16:37:47.701  2018  2494 I Mapcon  : MapconConfigImpl-0: KEY_CARRIER_WFC_IMS_AVAILABLE_BOOL is false!!!!!!!!!!
05-13 16:37:47.702  2018  2494 D Mapcon  : MapconConfigImpl-0: enter reset
05-13 16:37:47.703  2018  2514 D Mapcon  : MapconConfigImpl-0: enter isConfigReady, Config State is not ready!!!
05-13 16:37:47.703  2018  2514 V Mapcon  : SMVoice-0-Normal: Switch in XML off No need SIM Adp !
05-13 16:37:47.703  2018  2514 D Mapcon  : SMVoice-0-Normal: usim ready,read carrierconfig delay
05-13 16:37:47.704  2018  2514 D Mapcon  : SMVoice-0-Normal: PrepareState,handled msg=1801
05-13 16:37:47.704  2018  2514 D Mapcon  : SMVoice-0-Normal: enter handleCarrierConfigChangedCnf
05-13 16:37:47.704  2018  2514 D Mapcon  : MapconConfigImpl-0: enter isConfigReady, Config State is not ready!!!
05-13 16:37:47.705  2018  2514 V Mapcon  : SMVoice-0-Normal: Switch in XML off No need SIM Adp !
05-13 16:37:47.705  2018  2514 D Mapcon  : SMVoice-0-Normal: usim ready,read carrierconfig delay
05-13 16:37:47.705  2018  2514 D Mapcon  : SMVoice-0-Normal: PrepareState,handled msg=1801
05-13 16:37:48.794  1919  2042 I DeepNoDisturbP: handleStateChanged reason=8
05-13 16:37:48.803  1919  2042 I HidataAppQoeP: handleStateChanged reason=8
05-13 16:37:48.820  1919  2042 W BoosterPlugin: getPSNetworkType, need update cause telephony type=3, mNetworkType=0
05-13 16:37:48.820  1919  2042 I PreDnsQuery: handleStateChanged reason=8
05-13 16:37:48.821  1919  2042 I PreDnsQuery: No need to handled!
05-13 16:37:48.821  1919  2042 I BrowserChrP: handleStateChanged
05-13 16:37:48.826  2018  2018 D Mapcon  : TelephonyTracker: onSignalStrengthsChanged:phoneId=0, level=0
05-13 16:37:48.834  2018  2514 D Mapcon  : SMVoice-0-Normal: PrepareState:defaultStatehandle msg=CMD_SIGNAL_STRENGTH_CHANED_IND
05-13 16:37:48.835  2018  2514 D Mapcon  : MapconConfigImpl-0: enter isConfigReady, Config State is not ready!!!
05-13 16:37:51.574  1919  2042 I DeepNoDisturbP: handleStateChanged reason=8
05-13 16:37:51.579  2018  2018 D Mapcon  : TelephonyTracker: onSignalStrengthsChanged:phoneId=0, level=5
05-13 16:37:51.580  1919  2042 I HidataAppQoeP: handleStateChanged reason=8
05-13 16:37:51.582  2018  2514 D Mapcon  : SMVoice-0-Normal: PrepareState:defaultStatehandle msg=CMD_SIGNAL_STRENGTH_CHANED_IND
05-13 16:37:51.582  2018  2514 D Mapcon  : MapconConfigImpl-0: enter isConfigReady, Config State is not ready!!!
05-13 16:37:51.586  1919  2042 I PreDnsQuery: handleStateChanged reason=8
05-13 16:37:51.588  1919  2042 I PreDnsQuery: No need to handled!
05-13 16:37:51.588  1919  2042 I BrowserChrP: handleStateChanged
05-13 16:37:52.705  2018  2514 D Mapcon  : SMVoice-0-Normal: enter handleCarrierConfigChangedInd
05-13 16:37:52.705  2018  2514 D Mapcon  : SMVoice-0-Normal: PrepareState,handled msg=CMD_CARRIER_CONFIG_CHANGE_IND
05-13 16:37:52.705  2018  2514 D Mapcon  : SMVoice-0-Normal: enter handleCarrierConfigChangedInd
05-13 16:37:52.705  2018  2514 D Mapcon  : SMVoice-0-Normal: PrepareState,handled msg=CMD_CARRIER_CONFIG_CHANGE_IND
05-13 16:37:52.705  2018  2494 D Mapcon  : MapconConfigImpl-0: handleMessage, msg id=1800
05-13 16:37:52.705  2018  2494 D Mapcon  : MapconConfigImpl-0: enter handleCarrierConfigChangedInd
05-13 16:37:52.708  2018  2494 I Mapcon  : MapconConfigImpl-0: KEY_CARRIER_WFC_IMS_AVAILABLE_BOOL is false!!!!!!!!!!
05-13 16:37:52.708  2018  2494 D Mapcon  : MapconConfigImpl-0: enter reset
05-13 16:37:52.709  2018  2494 D Mapcon  : MapconConfigImpl-0: handleMessage, msg id=1800
05-13 16:37:52.709  2018  2514 D Mapcon  : SMVoice-0-Normal: enter handleCarrierConfigChangedCnf
05-13 16:37:52.709  2018  2494 D Mapcon  : MapconConfigImpl-0: enter handleCarrierConfigChangedInd
05-13 16:37:52.711  2018  2494 I Mapcon  : MapconConfigImpl-0: KEY_CARRIER_WFC_IMS_AVAILABLE_BOOL is false!!!!!!!!!!
05-13 16:37:52.711  2018  2494 D Mapcon  : MapconConfigImpl-0: enter reset
05-13 16:37:52.711  2018  2514 D Mapcon  : MapconConfigImpl-0: enter isConfigReady, Config State is not ready!!!
05-13 16:37:52.711  2018  2514 V Mapcon  : SMVoice-0-Normal: Switch in XML off No need SIM Adp !
05-13 16:37:52.711  2018  2514 D Mapcon  : SMVoice-0-Normal: usim ready,read carrierconfig delay
05-13 16:37:52.711  2018  2514 D Mapcon  : SMVoice-0-Normal: PrepareState,handled msg=1801
05-13 16:37:52.711  2018  2514 D Mapcon  : SMVoice-0-Normal: enter handleCarrierConfigChangedCnf
05-13 16:37:52.711  2018  2514 D Mapcon  : MapconConfigImpl-0: enter isConfigReady, Config State is not ready!!!
05-13 16:37:52.712  2018  2514 V Mapcon  : SMVoice-0-Normal: Switch in XML off No need SIM Adp !
05-13 16:37:52.712  2018  2514 D Mapcon  : SMVoice-0-Normal: usim ready,read carrierconfig delay
05-13 16:37:52.712  2018  2514 D Mapcon  : SMVoice-0-Normal: PrepareState,handled msg=1801
05-13 16:37:57.713  2018  2514 D Mapcon  : SMVoice-0-Normal: enter handleCarrierConfigChangedInd
05-13 16:37:57.714  2018  2514 D Mapcon  : SMVoice-0-Normal: PrepareState,handled msg=CMD_CARRIER_CONFIG_CHANGE_IND
05-13 16:37:57.714  2018  2514 D Mapcon  : SMVoice-0-Normal: enter handleCarrierConfigChangedInd
05-13 16:37:57.714  2018  2514 D Mapcon  : SMVoice-0-Normal: PrepareState,handled msg=CMD_CARRIER_CONFIG_CHANGE_IND
05-13 16:37:57.714  2018  2494 D Mapcon  : MapconConfigImpl-0: handleMessage, msg id=1800
05-13 16:37:57.714  2018  2494 D Mapcon  : MapconConfigImpl-0: enter handleCarrierConfigChangedInd
05-13 16:37:57.722  2018  2494 I Mapcon  : MapconConfigImpl-0: KEY_CARRIER_WFC_IMS_AVAILABLE_BOOL is false!!!!!!!!!!
05-13 16:37:57.722  2018  2494 D Mapcon  : MapconConfigImpl-0: enter reset
05-13 16:37:57.722  2018  2494 D Mapcon  : MapconConfigImpl-0: handleMessage, msg id=1800
05-13 16:37:57.722  2018  2514 D Mapcon  : SMVoice-0-Normal: enter handleCarrierConfigChangedCnf
05-13 16:37:57.722  2018  2494 D Mapcon  : MapconConfigImpl-0: enter handleCarrierConfigChangedInd
05-13 16:37:57.724  2018  2494 I Mapcon  : MapconConfigImpl-0: KEY_CARRIER_WFC_IMS_AVAILABLE_BOOL is false!!!!!!!!!!
05-13 16:37:57.724  2018  2494 D Mapcon  : MapconConfigImpl-0: enter reset
05-13 16:37:57.724  2018  2514 D Mapcon  : MapconConfigImpl-0: enter isConfigReady, Config State is not ready!!!
05-13 16:37:57.724  2018  2514 V Mapcon  : SMVoice-0-Normal: Switch in XML off No need SIM Adp !
05-13 16:37:57.725  2018  2514 D Mapcon  : SMVoice-0-Normal: usim ready,read carrierconfig delay
05-13 16:37:57.725  2018  2514 D Mapcon  : SMVoice-0-Normal: PrepareState,handled msg=1801
05-13 16:37:57.725  2018  2514 D Mapcon  : SMVoice-0-Normal: enter handleCarrierConfigChangedCnf
05-13 16:37:57.725  2018  2514 D Mapcon  : MapconConfigImpl-0: enter isConfigReady, Config State is not ready!!!
05-13 16:37:57.725  2018  2514 V Mapcon  : SMVoice-0-Normal: Switch in XML off No need SIM Adp !
05-13 16:37:57.725  2018  2514 D Mapcon  : SMVoice-0-Normal: usim ready,read carrierconfig delay
05-13 16:37:57.725  2018  2514 D Mapcon  : SMVoice-0-Normal: PrepareState,handled msg=1801
05-13 16:37:59.027  1367  1498 I chatty  : uid=1000(system) android.ui expire 16 lines
05-13 16:38:00.007  1367  1367 I chatty  : uid=1000 system_server expire 12 lines
05-13 16:38:01.575  1919  2042 I DeepNoDisturbP: handleStateChanged reason=8
05-13 16:38:01.583  1919  2042 I HidataAppQoeP: handleStateChanged reason=8
05-13 16:38:01.602  1919  2042 I PreDnsQuery: handleStateChanged reason=8
05-13 16:38:01.605  1919  2042 I PreDnsQuery: No need to handled!
05-13 16:38:01.605  1919  2042 I BrowserChrP: handleStateChanged
05-13 16:38:01.613  2018  2018 D Mapcon  : TelephonyTracker: onSignalStrengthsChanged:phoneId=0, level=0
05-13 16:38:01.621  2018  2514 D Mapcon  : SMVoice-0-Normal: PrepareState:defaultStatehandle msg=CMD_SIGNAL_STRENGTH_CHANED_IND
05-13 16:38:01.621  2018  2514 D Mapcon  : MapconConfigImpl-0: enter isConfigReady, Config State is not ready!!!
05-13 16:38:02.727  2018  2514 D Mapcon  : SMVoice-0-Normal: enter handleCarrierConfigChangedInd
05-13 16:38:02.727  2018  2514 D Mapcon  : SMVoice-0-Normal: PrepareState,handled msg=CMD_CARRIER_CONFIG_CHANGE_IND
05-13 16:38:02.727  2018  2514 D Mapcon  : SMVoice-0-Normal: enter handleCarrierConfigChangedInd
05-13 16:38:02.727  2018  2494 D Mapcon  : MapconConfigImpl-0: handleMessage, msg id=1800
05-13 16:38:02.727  2018  2514 D Mapcon  : SMVoice-0-Normal: PrepareState,handled msg=CMD_CARRIER_CONFIG_CHANGE_IND
05-13 16:38:02.727  2018  2494 D Mapcon  : MapconConfigImpl-0: enter handleCarrierConfigChangedInd
05-13 16:38:02.730  2018  2494 I Mapcon  : MapconConfigImpl-0: KEY_CARRIER_WFC_IMS_AVAILABLE_BOOL is false!!!!!!!!!!
05-13 16:38:02.730  2018  2494 D Mapcon  : MapconConfigImpl-0: enter reset
05-13 16:38:02.730  2018  2494 D Mapcon  : MapconConfigImpl-0: handleMessage, msg id=1800
05-13 16:38:02.730  2018  2494 D Mapcon  : MapconConfigImpl-0: enter handleCarrierConfigChangedInd
05-13 16:38:02.730  2018  2514 D Mapcon  : SMVoice-0-Normal: enter handleCarrierConfigChangedCnf
05-13 16:38:02.736  2018  2494 I Mapcon  : MapconConfigImpl-0: KEY_CARRIER_WFC_IMS_AVAILABLE_BOOL is false!!!!!!!!!!
05-13 16:38:02.736  2018  2494 D Mapcon  : MapconConfigImpl-0: enter reset
05-13 16:38:02.736  2018  2514 D Mapcon  : MapconConfigImpl-0: enter isConfigReady, Config State is not ready!!!
05-13 16:38:02.736  2018  2514 V Mapcon  : SMVoice-0-Normal: Switch in XML off No need SIM Adp !
05-13 16:38:02.736  2018  2514 D Mapcon  : SMVoice-0-Normal: usim ready,read carrierconfig delay
05-13 16:38:02.736  2018  2514 D Mapcon  : SMVoice-0-Normal: PrepareState,handled msg=1801
05-13 16:38:02.736  2018  2514 D Mapcon  : SMVoice-0-Normal: enter handleCarrierConfigChangedCnf
05-13 16:38:02.736  2018  2514 D Mapcon  : MapconConfigImpl-0: enter isConfigReady, Config State is not ready!!!
05-13 16:38:02.736  2018  2514 V Mapcon  : SMVoice-0-Normal: Switch in XML off No need SIM Adp !
05-13 16:38:02.737  2018  2514 D Mapcon  : SMVoice-0-Normal: usim ready,read carrierconfig delay
05-13 16:38:02.737  2018  2514 D Mapcon  : SMVoice-0-Normal: PrepareState,handled msg=1801
05-13 16:38:03.742  1367  1500 I chatty  : uid=1000(system) ActivityManager expire 1 line
05-13 16:38:03.742  1367  1916 I chatty  : uid=1000(system) MultiTaskManage expire 1 line
05-13 16:38:03.772 23724 23724 D ActivityThread: Attach thread to application
05-13 16:38:04.859  1919  2042 I DeepNoDisturbP: handleStateChanged reason=8
05-13 16:38:04.866  2018  2018 D Mapcon  : TelephonyTracker: onSignalStrengthsChanged:phoneId=0, level=5
05-13 16:38:04.871  1919  2042 I HidataAppQoeP: handleStateChanged reason=8
05-13 16:38:04.872  2018  2514 D Mapcon  : SMVoice-0-Normal: PrepareState:defaultStatehandle msg=CMD_SIGNAL_STRENGTH_CHANED_IND
05-13 16:38:04.872  2018  2514 D Mapcon  : MapconConfigImpl-0: enter isConfigReady, Config State is not ready!!!
05-13 16:38:04.876  1919  2042 I PreDnsQuery: handleStateChanged reason=8
05-13 16:38:04.878  1919  2042 I PreDnsQuery: No need to handled!
05-13 16:38:04.878  1919  2042 I BrowserChrP: handleStateChanged
05-13 16:38:06.417  1367  1581 I chatty  : uid=1000(system) UEventObserver expire 12 lines
05-13 16:38:07.737  2018  2514 D Mapcon  : SMVoice-0-Normal: enter handleCarrierConfigChangedInd
05-13 16:38:07.738  2018  2514 D Mapcon  : SMVoice-0-Normal: PrepareState,handled msg=CMD_CARRIER_CONFIG_CHANGE_IND
05-13 16:38:07.738  2018  2494 D Mapcon  : MapconConfigImpl-0: handleMessage, msg id=1800
05-13 16:38:07.738  2018  2494 D Mapcon  : MapconConfigImpl-0: enter handleCarrierConfigChangedInd
05-13 16:38:07.738  2018  2514 D Mapcon  : SMVoice-0-Normal: enter handleCarrierConfigChangedInd
05-13 16:38:07.738  2018  2514 D Mapcon  : SMVoice-0-Normal: PrepareState,handled msg=CMD_CARRIER_CONFIG_CHANGE_IND
05-13 16:38:07.744  2018  2494 I Mapcon  : MapconConfigImpl-0: KEY_CARRIER_WFC_IMS_AVAILABLE_BOOL is false!!!!!!!!!!
05-13 16:38:07.745  2018  2494 D Mapcon  : MapconConfigImpl-0: enter reset
05-13 16:38:07.745  2018  2494 D Mapcon  : MapconConfigImpl-0: handleMessage, msg id=1800
05-13 16:38:07.745  2018  2494 D Mapcon  : MapconConfigImpl-0: enter handleCarrierConfigChangedInd
05-13 16:38:07.745  2018  2514 D Mapcon  : SMVoice-0-Normal: enter handleCarrierConfigChangedCnf
05-13 16:38:07.751  2018  2494 I Mapcon  : MapconConfigImpl-0: KEY_CARRIER_WFC_IMS_AVAILABLE_BOOL is false!!!!!!!!!!
05-13 16:38:07.751  2018  2494 D Mapcon  : MapconConfigImpl-0: enter reset
05-13 16:38:07.753  2018  2514 D Mapcon  : MapconConfigImpl-0: enter isConfigReady, Config State is not ready!!!
05-13 16:38:07.753  2018  2514 V Mapcon  : SMVoice-0-Normal: Switch in XML off No need SIM Adp !
05-13 16:38:07.753  2018  2514 D Mapcon  : SMVoice-0-Normal: usim ready,read carrierconfig delay
05-13 16:38:07.753  2018  2514 D Mapcon  : SMVoice-0-Normal: PrepareState,handled msg=1801
05-13 16:38:07.753  2018  2514 D Mapcon  : SMVoice-0-Normal: enter handleCarrierConfigChangedCnf
05-13 16:38:07.753  2018  2514 D Mapcon  : MapconConfigImpl-0: enter isConfigReady, Config State is not ready!!!
05-13 16:38:07.754  2018  2514 V Mapcon  : SMVoice-0-Normal: Switch in XML off No need SIM Adp !
05-13 16:38:07.754  2018  2514 D Mapcon  : SMVoice-0-Normal: usim ready,read carrierconfig delay
05-13 16:38:07.754  2018  2514 D Mapcon  : SMVoice-0-Normal: PrepareState,handled msg=1801
05-13 16:38:12.759  2018  2514 D Mapcon  : SMVoice-0-Normal: enter handleCarrierConfigChangedInd
05-13 16:38:12.759  2018  2514 D Mapcon  : SMVoice-0-Normal: PrepareState,handled msg=CMD_CARRIER_CONFIG_CHANGE_IND
05-13 16:38:12.759  2018  2494 D Mapcon  : MapconConfigImpl-0: handleMessage, msg id=1800
05-13 16:38:12.759  2018  2494 D Mapcon  : MapconConfigImpl-0: enter handleCarrierConfigChangedInd
05-13 16:38:12.759  2018  2514 D Mapcon  : SMVoice-0-Normal: enter handleCarrierConfigChangedInd
05-13 16:38:12.759  2018  2514 D Mapcon  : SMVoice-0-Normal: PrepareState,handled msg=CMD_CARRIER_CONFIG_CHANGE_IND
05-13 16:38:12.763  2018  2494 I Mapcon  : MapconConfigImpl-0: KEY_CARRIER_WFC_IMS_AVAILABLE_BOOL is false!!!!!!!!!!
05-13 16:38:12.763  2018  2494 D Mapcon  : MapconConfigImpl-0: enter reset
05-13 16:38:12.763  2018  2494 D Mapcon  : MapconConfigImpl-0: handleMessage, msg id=1800
05-13 16:38:12.763  2018  2494 D Mapcon  : MapconConfigImpl-0: enter handleCarrierConfigChangedInd
05-13 16:38:12.764  2018  2514 D Mapcon  : SMVoice-0-Normal: enter handleCarrierConfigChangedCnf
05-13 16:38:12.767  2018  2494 I Mapcon  : MapconConfigImpl-0: KEY_CARRIER_WFC_IMS_AVAILABLE_BOOL is false!!!!!!!!!!
05-13 16:38:12.767  2018  2494 D Mapcon  : MapconConfigImpl-0: enter reset
05-13 16:38:12.768  2018  2514 D Mapcon  : MapconConfigImpl-0: enter isConfigReady, Config State is not ready!!!
05-13 16:38:12.768  2018  2514 V Mapcon  : SMVoice-0-Normal: Switch in XML off No need SIM Adp !
05-13 16:38:12.768  2018  2514 D Mapcon  : SMVoice-0-Normal: usim ready,read carrierconfig delay
05-13 16:38:12.768  2018  2514 D Mapcon  : SMVoice-0-Normal: PrepareState,handled msg=1801
05-13 16:38:12.768  2018  2514 D Mapcon  : SMVoice-0-Normal: enter handleCarrierConfigChangedCnf
05-13 16:38:12.768  2018  2514 D Mapcon  : MapconConfigImpl-0: enter isConfigReady, Config State is not ready!!!
05-13 16:38:12.768  2018  2514 V Mapcon  : SMVoice-0-Normal: Switch in XML off No need SIM Adp !
05-13 16:38:12.768  2018  2514 D Mapcon  : SMVoice-0-Normal: usim ready,read carrierconfig delay
05-13 16:38:12.768  2018  2514 D Mapcon  : SMVoice-0-Normal: PrepareState,handled msg=1801
05-13 16:38:14.854  1919  2042 I DeepNoDisturbP: handleStateChanged reason=8
05-13 16:38:14.872  1919  2042 I HidataAppQoeP: handleStateChanged reason=8
05-13 16:38:14.890  1919  2042 I PreDnsQuery: handleStateChanged reason=8
05-13 16:38:14.893  1919  2042 I PreDnsQuery: No need to handled!
05-13 16:38:14.893  1919  2042 I BrowserChrP: handleStateChanged
05-13 16:38:14.893  1367  5057 I chatty  : uid=1000(system) Binder:1367_11 expire 8 lines
05-13 16:38:14.897  2018  2018 D Mapcon  : TelephonyTracker: onSignalStrengthsChanged:phoneId=0, level=0
05-13 16:38:14.907  2018  2514 D Mapcon  : SMVoice-0-Normal: PrepareState:defaultStatehandle msg=CMD_SIGNAL_STRENGTH_CHANED_IND
05-13 16:38:14.907  2018  2514 D Mapcon  : MapconConfigImpl-0: enter isConfigReady, Config State is not ready!!!
05-13 16:38:17.769  2018  2514 D Mapcon  : SMVoice-0-Normal: enter handleCarrierConfigChangedInd
05-13 16:38:17.769  2018  2514 D Mapcon  : SMVoice-0-Normal: PrepareState,handled msg=CMD_CARRIER_CONFIG_CHANGE_IND
05-13 16:38:17.769  2018  2494 D Mapcon  : MapconConfigImpl-0: handleMessage, msg id=1800
05-13 16:38:17.769  2018  2494 D Mapcon  : MapconConfigImpl-0: enter handleCarrierConfigChangedInd
05-13 16:38:17.769  2018  2514 D Mapcon  : SMVoice-0-Normal: enter handleCarrierConfigChangedInd
05-13 16:38:17.769  2018  2514 D Mapcon  : SMVoice-0-Normal: PrepareState,handled msg=CMD_CARRIER_CONFIG_CHANGE_IND
05-13 16:38:17.773  2018  2494 I Mapcon  : MapconConfigImpl-0: KEY_CARRIER_WFC_IMS_AVAILABLE_BOOL is false!!!!!!!!!!
05-13 16:38:17.773  2018  2494 D Mapcon  : MapconConfigImpl-0: enter reset
05-13 16:38:17.773  2018  2494 D Mapcon  : MapconConfigImpl-0: handleMessage, msg id=1800
05-13 16:38:17.773  2018  2494 D Mapcon  : MapconConfigImpl-0: enter handleCarrierConfigChangedInd
05-13 16:38:17.774  2018  2514 D Mapcon  : SMVoice-0-Normal: enter handleCarrierConfigChangedCnf
05-13 16:38:17.777  2018  2494 I Mapcon  : MapconConfigImpl-0: KEY_CARRIER_WFC_IMS_AVAILABLE_BOOL is false!!!!!!!!!!
05-13 16:38:17.777  2018  2494 D Mapcon  : MapconConfigImpl-0: enter reset
05-13 16:38:17.778  2018  2514 D Mapcon  : MapconConfigImpl-0: enter isConfigReady, Config State is not ready!!!
05-13 16:38:17.778  2018  2514 V Mapcon  : SMVoice-0-Normal: Switch in XML off No need SIM Adp !
05-13 16:38:17.778  2018  2514 D Mapcon  : SMVoice-0-Normal: usim ready,read carrierconfig delay
05-13 16:38:17.778  2018  2514 D Mapcon  : SMVoice-0-Normal: PrepareState,handled msg=1801
05-13 16:38:17.778  2018  2514 D Mapcon  : SMVoice-0-Normal: enter handleCarrierConfigChangedCnf
05-13 16:38:17.778  2018  2514 D Mapcon  : MapconConfigImpl-0: enter isConfigReady, Config State is not ready!!!
05-13 16:38:17.778  2018  2514 V Mapcon  : SMVoice-0-Normal: Switch in XML off No need SIM Adp !
05-13 16:38:17.778  2018  2514 D Mapcon  : SMVoice-0-Normal: usim ready,read carrierconfig delay
05-13 16:38:17.778  2018  2514 D Mapcon  : SMVoice-0-Normal: PrepareState,handled msg=1801
05-13 16:38:17.963   729   735 I storaged: storaged_t::event: storage_info refreshed.
05-13 16:38:17.972  1919  2042 I DeepNoDisturbP: handleStateChanged reason=8
05-13 16:38:17.980  2018  2018 D Mapcon  : TelephonyTracker: onSignalStrengthsChanged:phoneId=0, level=5
05-13 16:38:17.984  1919  2042 I HidataAppQoeP: handleStateChanged reason=8
05-13 16:38:17.985  2018  2514 D Mapcon  : SMVoice-0-Normal: PrepareState:defaultStatehandle msg=CMD_SIGNAL_STRENGTH_CHANED_IND
05-13 16:38:17.985  2018  2514 D Mapcon  : MapconConfigImpl-0: enter isConfigReady, Config State is not ready!!!
05-13 16:38:17.990  1919  2042 I PreDnsQuery: handleStateChanged reason=8
05-13 16:38:17.993  1919  2042 I PreDnsQuery: No need to handled!
05-13 16:38:17.993  1919  2042 I BrowserChrP: handleStateChanged
05-13 16:38:22.316  1367 12986 I chatty  : uid=1000(system) Binder:1367_1D expire 3 lines
05-13 16:38:22.416  1367  6102 I chatty  : uid=1000(system) Binder:1367_14 expire 3 lines
05-13 16:38:22.783  2018  2514 D Mapcon  : SMVoice-0-Normal: enter handleCarrierConfigChangedInd
05-13 16:38:22.785  2018  2494 D Mapcon  : MapconConfigImpl-0: handleMessage, msg id=1800
05-13 16:38:22.785  2018  2494 D Mapcon  : MapconConfigImpl-0: enter handleCarrierConfigChangedInd
05-13 16:38:22.785  2018  2514 D Mapcon  : SMVoice-0-Normal: PrepareState,handled msg=CMD_CARRIER_CONFIG_CHANGE_IND
05-13 16:38:22.785  2018  2514 D Mapcon  : SMVoice-0-Normal: enter handleCarrierConfigChangedInd
05-13 16:38:22.786  2018  2514 D Mapcon  : SMVoice-0-Normal: PrepareState,handled msg=CMD_CARRIER_CONFIG_CHANGE_IND
05-13 16:38:22.791  2018  2494 I Mapcon  : MapconConfigImpl-0: KEY_CARRIER_WFC_IMS_AVAILABLE_BOOL is false!!!!!!!!!!
05-13 16:38:22.791  2018  2494 D Mapcon  : MapconConfigImpl-0: enter reset
05-13 16:38:22.791  2018  2494 D Mapcon  : MapconConfigImpl-0: handleMessage, msg id=1800
05-13 16:38:22.791  2018  2514 D Mapcon  : SMVoice-0-Normal: enter handleCarrierConfigChangedCnf
05-13 16:38:22.791  2018  2494 D Mapcon  : MapconConfigImpl-0: enter handleCarrierConfigChangedInd
05-13 16:38:22.796  2018  2494 I Mapcon  : MapconConfigImpl-0: KEY_CARRIER_WFC_IMS_AVAILABLE_BOOL is false!!!!!!!!!!
05-13 16:38:22.796  2018  2494 D Mapcon  : MapconConfigImpl-0: enter reset
05-13 16:38:22.796  2018  2514 D Mapcon  : MapconConfigImpl-0: enter isConfigReady, Config State is not ready!!!
05-13 16:38:22.797  2018  2514 V Mapcon  : SMVoice-0-Normal: Switch in XML off No need SIM Adp !
05-13 16:38:22.797  2018  2514 D Mapcon  : SMVoice-0-Normal: usim ready,read carrierconfig delay
05-13 16:38:22.797  2018  2514 D Mapcon  : SMVoice-0-Normal: PrepareState,handled msg=1801
05-13 16:38:22.797  2018  2514 D Mapcon  : SMVoice-0-Normal: enter handleCarrierConfigChangedCnf
05-13 16:38:22.797  2018  2514 D Mapcon  : MapconConfigImpl-0: enter isConfigReady, Config State is not ready!!!
05-13 16:38:22.797  2018  2514 V Mapcon  : SMVoice-0-Normal: Switch in XML off No need SIM Adp !
05-13 16:38:22.797  2018  2514 D Mapcon  : SMVoice-0-Normal: usim ready,read carrierconfig delay
05-13 16:38:22.797  2018  2514 D Mapcon  : SMVoice-0-Normal: PrepareState,handled msg=1801
05-13 16:38:27.801  2018  2514 D Mapcon  : SMVoice-0-Normal: enter handleCarrierConfigChangedInd
05-13 16:38:27.802  2018  2514 D Mapcon  : SMVoice-0-Normal: PrepareState,handled msg=CMD_CARRIER_CONFIG_CHANGE_IND
05-13 16:38:27.802  2018  2514 D Mapcon  : SMVoice-0-Normal: enter handleCarrierConfigChangedInd
05-13 16:38:27.802  2018  2514 D Mapcon  : SMVoice-0-Normal: PrepareState,handled msg=CMD_CARRIER_CONFIG_CHANGE_IND
05-13 16:38:27.802  2018  2494 D Mapcon  : MapconConfigImpl-0: handleMessage, msg id=1800
05-13 16:38:27.802  2018  2494 D Mapcon  : MapconConfigImpl-0: enter handleCarrierConfigChangedInd
05-13 16:38:27.807  2018  2494 I Mapcon  : MapconConfigImpl-0: KEY_CARRIER_WFC_IMS_AVAILABLE_BOOL is false!!!!!!!!!!
05-13 16:38:27.807  2018  2494 D Mapcon  : MapconConfigImpl-0: enter reset
05-13 16:38:27.807  2018  2494 D Mapcon  : MapconConfigImpl-0: handleMessage, msg id=1800
