--------- beginning of crash
05-11 02:04:32.849   722   722 F libc    : crash_dump helper failed to exec
05-11 18:57:06.551 20439 20449 F libc    : FORTIFY: pthread_mutex_destroy called on a destroyed mutex (0x730822f2bc)
05-11 20:44:09.257   722   722 F libc    : crash_dump helper failed to exec
--------- beginning of system
05-13 15:57:46.309 19942 19942 D ActivityThread: Attach thread to application
05-13 15:57:46.555 19942 19942 D HwCustConnectivityManagerImpl: isBlockNetworkRequestByNonAis, INVALID_SUBSCRIPTION_ID
05-13 15:57:47.162  1367  5742 I chatty  : uid=1000(system) Binder:1367_13 expire 10 lines
05-13 15:57:47.233  1367 12986 I chatty  : uid=1000(system) Binder:1367_1D expire 10 lines
05-13 15:57:48.337  1367  3039 I chatty  : uid=1000(system) Binder:1367_E expire 10 lines
05-13 15:57:52.100  2018  2514 I chatty  : uid=1001(radio) SMVoice-0 expire 73 lines
05-13 15:57:54.422  1743  1743 I HwNetworkPolicyManager: forceUpdatePolicy isRoaming = false
05-13 15:57:54.444  1367  1497 I chatty  : uid=1000(system) ActivityManager expire 12 lines
05-13 15:57:57.101  2018  2494 I chatty  : uid=1001(radio) ConfigHandlerTh expire 24 lines
05-13 15:58:07.108  1919  2042 I chatty  : uid=1000(system) HwCommBoosterTh expire 15 lines
05-13 15:58:10.114  1367  1581 I chatty  : uid=1000(system) UEventObserver expire 14 lines
05-13 15:58:10.234 20031 20031 D ActivityThread: Attach thread to application
05-13 15:58:10.357  1367  5742 I chatty  : uid=1000(system) Binder:1367_13 expire 12 lines
05-13 15:58:12.145  2018  2494 I chatty  : uid=1001(radio) ConfigHandlerTh expire 40 lines
05-13 15:58:12.154  2018  2514 I chatty  : uid=1001(radio) SMVoice-0 expire 61 lines
05-13 15:58:13.995  1919  1932 I chatty  : uid=1000(system) Binder:1919_2 expire 11 lines
05-13 15:58:14.197  1367  1367 I chatty  : uid=1000 system_server expire 13 lines
05-13 15:58:15.097  1953  3801 W ContextImpl: Calling a method in the system process without a qualified user: android.app.ContextImpl.sendBroadcast:1176 com.huawei.android.chr.ChrCore.sendBroadcastToFieldTool:266 com.huawei.android.chr.ChrCore.report:231 com.huawei.android.chr.ChrCore.report:207 com.huawei.android.chr.network.ChrNetwork.setMmRejectEvent:2883 
05-13 15:58:15.101  1953  3801 W ContextImpl: Calling a method in the system process without a qualified user: android.app.ContextImpl.sendBroadcast:1176 com.huawei.android.chr.ProtocolLogManager.setChrInfo2DbEx:1151 com.huawei.android.chr.ProtocolLogManager.setChrInfo2Db:1046 com.huawei.android.chr.network.ChrNetwork.setMmRejectEvent:2889 com.huawei.android.chr.network.ChrNetwork.handleMessage:527 
05-13 15:58:17.769   729   735 I storaged: storaged_t::event: storage_info refreshed.
05-13 15:58:22.203  1367 12986 I chatty  : uid=1000(system) Binder:1367_1D expire 17 lines
05-13 15:58:22.670  1367  1801 I chatty  : uid=1000(system) Binder:1367_7 expire 18 lines
05-13 15:58:24.522  1367  2583 I chatty  : uid=1000(system) Binder:1367_D expire 22 lines
05-13 15:58:25.853  2018  2018 I chatty  : uid=1001(radio) com.android.phone expire 19 lines
05-13 15:58:26.099  1953  3801 W ContextImpl: Calling a method in the system process without a qualified user: android.app.ContextImpl.sendBroadcast:1176 com.huawei.android.chr.ChrCore.sendBroadcastToFieldTool:266 com.huawei.android.chr.ChrCore.report:231 com.huawei.android.chr.ChrCore.report:207 com.huawei.android.chr.network.ChrNetwork.setMmRejectEvent:2883 
05-13 15:58:26.103  1953  3801 W ContextImpl: Calling a method in the system process without a qualified user: android.app.ContextImpl.sendBroadcast:1176 com.huawei.android.chr.ProtocolLogManager.setChrInfo2DbEx:1151 com.huawei.android.chr.ProtocolLogManager.setChrInfo2Db:1046 com.huawei.android.chr.network.ChrNetwork.setMmRejectEvent:2889 com.huawei.android.chr.network.ChrNetwork.handleMessage:527 
05-13 15:58:37.201  2018  2514 I chatty  : uid=1001(radio) SMVoice-0 expire 162 lines
05-13 15:58:37.201  2018  2494 I chatty  : uid=1001(radio) ConfigHandlerTh expire 56 lines
05-13 15:58:37.869  1919  2042 I chatty  : uid=1000(system) HwCommBoosterTh expire 35 lines
05-13 15:58:58.941  1367  1621 I chatty  : uid=1000(system) NetdConnector expire 10 lines
05-13 15:59:00.002  1367  1367 I chatty  : uid=1000 system_server expire 12 lines
05-13 15:59:06.615  1367  1825 I chatty  : uid=1000(system) watchdog expire 10 lines
05-13 15:59:11.698  1367  1581 I chatty  : uid=1000(system) UEventObserver expire 12 lines
05-13 15:59:11.799 20123 20123 D ActivityThread: Attach thread to application
05-13 15:59:11.991  1367 16819 I chatty  : uid=1000(system) Binder:1367_20 expire 11 lines
05-13 15:59:12.276  2018  2494 I chatty  : uid=1001(radio) ConfigHandlerTh expire 56 lines
05-13 15:59:14.703  1367 20149 I chatty  : uid=1000 system_server expire 1 line
05-13 15:59:14.704  1367  1677 I chatty  : uid=1000(system) iaware.clean expire 10 lines
05-13 15:59:17.769   729   735 I storaged: storaged_t::event: storage_info refreshed.
05-13 15:59:30.099  1367  2583 I chatty  : uid=1000(system) Binder:1367_D expire 10 lines
05-13 15:59:32.325  2018  2514 I chatty  : uid=1001(radio) SMVoice-0 expire 53 lines
05-13 15:59:36.209  1919  2042 I chatty  : uid=1000(system) HwCommBoosterTh expire 28 lines
05-13 15:59:36.264  1743  1743 I HwNetworkPolicyManager: forceUpdatePolicy isRoaming = false
05-13 15:59:42.509 20176 20176 D ActivityThread: Attach thread to application
05-13 15:59:42.617  1367  5742 I chatty  : uid=1000(system) Binder:1367_13 expire 18 lines
05-13 15:59:47.353  2018  2514 I chatty  : uid=1001(radio) SMVoice-0 expire 119 lines
05-13 15:59:47.354  2018  2494 I chatty  : uid=1001(radio) ConfigHandlerTh expire 64 lines
05-13 15:59:49.260  1367  1621 I chatty  : uid=1000(system) NetdConnector expire 10 lines
05-13 15:59:49.300  1743  1743 I HwNetworkPolicyManager: forceUpdatePolicy isRoaming = false
05-13 15:59:49.301  2018  2018 I chatty  : uid=1001(radio) com.android.phone expire 13 lines
05-13 15:59:50.489  1919  2042 I chatty  : uid=1000(system) HwCommBoosterTh expire 29 lines
05-13 16:00:13.141  1367  1581 I chatty  : uid=1000(system) UEventObserver expire 18 lines
05-13 16:00:15.644  1367 20230 I chatty  : uid=1000 system_server expire 1 line
05-13 16:00:15.651  1919  1932 I chatty  : uid=1000(system) Binder:1919_2 expire 1 line
05-13 16:00:17.770   729   735 I storaged: storaged_t::event: storage_info refreshed.
05-13 16:00:22.437  2018  2514 I chatty  : uid=1001(radio) SMVoice-0 expire 212 lines
05-13 16:00:25.257  1919  2042 I chatty  : uid=1000(system) HwCommBoosterTh expire 20 lines
05-13 16:00:25.292  1367 12986 I chatty  : uid=1000(system) Binder:1367_1D expire 18 lines
05-13 16:00:27.443  2018  2494 I chatty  : uid=1001(radio) ConfigHandlerTh expire 80 lines
05-13 16:00:38.911  2018  2018 I chatty  : uid=1001(radio) com.android.phone expire 17 lines
05-13 16:00:38.930  1367  1621 I chatty  : uid=1000(system) NetdConnector expire 14 lines
05-13 16:01:00.011  1367  1367 I chatty  : uid=1000 system_server expire 16 lines
05-13 16:01:07.399  1367  3039 I chatty  : uid=1000(system) Binder:1367_E expire 15 lines
05-13 16:01:15.132  1743  1743 I HwNetworkPolicyManager: forceUpdatePolicy isRoaming = false
05-13 16:01:15.165  2018  2502 I chatty  : uid=1001(radio) EpdgManager expire 12 lines
05-13 16:01:15.242  1367  9090 I chatty  : uid=1000(system) Binder:1367_18 expire 10 lines
05-13 16:01:15.529 20302 20302 D ActivityThread: Attach thread to application
05-13 16:01:17.567  2018  2494 I chatty  : uid=1001(radio) ConfigHandlerTh expire 32 lines
05-13 16:01:17.770   729   735 I storaged: storaged_t::event: storage_info refreshed.
05-13 16:01:27.919  1919  2042 I chatty  : uid=1000(system) HwCommBoosterTh expire 47 lines
05-13 16:01:27.943  2018  2514 I chatty  : uid=1001(radio) SMVoice-0 expire 226 lines
05-13 16:01:28.001  1743  1743 I HwNetworkPolicyManager: forceUpdatePolicy isRoaming = false
05-13 16:01:37.634  2018  2494 I chatty  : uid=1001(radio) ConfigHandlerTh expire 88 lines
05-13 16:01:45.291  1367  1581 I chatty  : uid=1000(system) UEventObserver expire 12 lines
05-13 16:01:53.350  2018  2018 I chatty  : uid=1001(radio) com.android.phone expire 14 lines
05-13 16:02:03.385  1367  9090 I chatty  : uid=1000(system) Binder:1367_18 expire 11 lines
05-13 16:02:03.386  1367  1621 I chatty  : uid=1000(system) NetdConnector expire 12 lines
05-13 16:02:17.774   729   735 I storaged: storaged_t::event: storage_info refreshed.
05-13 16:02:19.099  1919  2042 I chatty  : uid=1000(system) HwCommBoosterTh expire 20 lines
05-13 16:02:32.761  2018  2494 I chatty  : uid=1001(radio) ConfigHandlerTh expire 48 lines
05-13 16:02:42.108  2018  2514 I chatty  : uid=1001(radio) SMVoice-0 expire 44 lines
05-13 16:02:46.736  1367  1581 I chatty  : uid=1000(system) UEventObserver expire 12 lines
05-13 16:02:54.570   545   639 W SocketListener: sending broadcast to Pid = 1367, Uid = 1000 
05-13 16:02:54.574  1367  1507 I chatty  : uid=1000(system) android.fg expire 11 lines
05-13 16:02:54.577  1367  1624 I chatty  : uid=1000(system) NetworkStats expire 12 lines
05-13 16:02:57.821  2018  2514 I chatty  : uid=1001(radio) SMVoice-0 expire 56 lines
05-13 16:03:00.062  1367  5742 I chatty  : uid=1000(system) Binder:1367_13 expire 19 lines
05-13 16:03:02.834  2018  2494 I chatty  : uid=1001(radio) ConfigHandlerTh expire 24 lines
05-13 16:03:17.774   729   735 I storaged: storaged_t::event: storage_info refreshed.
05-13 16:03:17.869  2018  2514 I chatty  : uid=1001(radio) SMVoice-0 expire 52 lines
05-13 16:03:17.870  2018  2494 I chatty  : uid=1001(radio) ConfigHandlerTh expire 24 lines
05-13 16:03:20.275  1919  2042 I chatty  : uid=1000(system) HwCommBoosterTh expire 5 lines
05-13 16:03:20.312  1367  1621 I chatty  : uid=1000(system) NetdConnector expire 12 lines
05-13 16:03:20.351  1367  1367 I chatty  : uid=1000 system_server expire 11 lines
05-13 16:03:20.363  1743  1743 I HwNetworkPolicyManager: forceUpdatePolicy isRoaming = false
05-13 16:03:20.381  1367  9090 I chatty  : uid=1000(system) Binder:1367_18 expire 13 lines
05-13 16:03:22.237  1367  3039 I chatty  : uid=1000(system) Binder:1367_E expire 2 lines
05-13 16:03:22.268 20447 20447 D ActivityThread: Attach thread to application
05-13 16:03:22.332  1367  1801 I chatty  : uid=1000(system) Binder:1367_7 expire 12 lines
05-13 16:03:22.463 20447 20447 W ContextImpl: Calling a method in the system process without a qualified user: android.app.ContextImpl.startService:1764 android.content.ContextWrapper.startService:664 com.huawei.recsys.service.ServiceHelper.startHwRecSysService:135 com.huawei.recsys.HwRecSysApp.onCreate:81 android.app.Instrumentation.callApplicationOnCreate:1162 
05-13 16:03:22.478 20447 20447 W ContextImpl: Calling a method in the system process without a qualified user: android.app.ContextImpl.startService:1764 android.content.ContextWrapper.startService:664 com.huawei.decision.service.RuleExecutorService.a:115 com.huawei.recsys.HwRecSysApp.onCreate:106 android.app.Instrumentation.callApplicationOnCreate:1162 
05-13 16:03:22.484 20447 20447 W ContextImpl: Calling a method in the system process without a qualified user: android.app.ContextImpl.bindService:1844 android.content.ContextWrapper.bindService:698 com.huawei.common.resup.RuleManager.bindService:77 com.huawei.recsys.HwRecSysApp.onCreate:108 android.app.Instrumentation.callApplicationOnCreate:1162 
05-13 16:03:22.503 20447 20469 W ContextImpl: Calling a method in the system process without a qualified user: android.app.ContextImpl.startService:1764 android.content.ContextWrapper.startService:664 com.huawei.decision.service.RuleExecutorService.a:115 com.huawei.decision.integration.collector.MinuteGeneratorService$2.run:81 com.huawei.common.util.ThreadPool$PoolThread.doInBackground:70 
05-13 16:03:24.726  1367 20479 I chatty  : uid=1000 system_server expire 7 lines
05-13 16:03:24.732  1919  1932 I chatty  : uid=1000(system) Binder:1919_2 expire 3 lines
05-13 16:03:24.747  1919 14516 I chatty  : uid=1000(system) Binder:1919_D expire 6 lines
05-13 16:03:24.751  1367  1640 I chatty  : uid=1000(system) ConnectivitySer expire 34 lines
05-13 16:03:25.744  1367  1497 I chatty  : uid=1000(system) ActivityManager expire 10 lines
05-13 16:03:25.772  1367  1916 I chatty  : uid=1000(system) MultiTaskManage expire 10 lines
05-13 16:03:25.791 20486 20486 D ActivityThread: Attach thread to application
05-13 16:03:25.964 20486 20486 D HwCustConnectivityManagerImpl: isBlockNetworkRequestByNonAis, INVALID_SUBSCRIPTION_ID
05-13 16:03:26.631  1367  1436 I chatty  : uid=1000(system) Binder:1367_2 expire 11 lines
05-13 16:03:28.493  1367  3479 I chatty  : uid=1000(system) Binder:1367_F expire 14 lines
05-13 16:03:30.375  1367  1500 I chatty  : uid=1000(system) ActivityManager expire 11 lines
05-13 16:03:30.393 20565 20565 D ActivityThread: Attach thread to application
05-13 16:03:30.602 20565 20565 D HwCustConnectivityManagerImpl: isBlockNetworkRequestByNonAis, INVALID_SUBSCRIPTION_ID
05-13 16:03:31.529  1367  2244 I chatty  : uid=1000(system) Binder:1367_B expire 11 lines
05-13 16:03:32.430  1367  1367 I chatty  : uid=1000 system_server expire 11 lines
05-13 16:03:32.901  2018  2514 I chatty  : uid=1001(radio) SMVoice-0 expire 52 lines
05-13 16:03:32.902  2018  2494 I chatty  : uid=1001(radio) ConfigHandlerTh expire 24 lines
05-13 16:03:33.847  1919  2042 I chatty  : uid=1000(system) HwCommBoosterTh expire 22 lines
05-13 16:03:33.884  2018  2018 I chatty  : uid=1001(radio) com.android.phone expire 11 lines
05-13 16:03:33.961  1743  1743 I HwNetworkPolicyManager: forceUpdatePolicy isRoaming = false
05-13 16:03:43.886  2018  2514 I chatty  : uid=1001(radio) SMVoice-0 expire 64 lines
05-13 16:03:47.923  2018  2494 I chatty  : uid=1001(radio) ConfigHandlerTh expire 24 lines
05-13 16:03:48.174  1367  1581 I chatty  : uid=1000(system) UEventObserver expire 18 lines
05-13 16:03:48.195  1367  1608 I chatty  : uid=1000(system) HwBinder:1367_2 expire 10 lines
05-13 16:03:48.216  1367  3479 I chatty  : uid=1000(system) Binder:1367_F expire 18 lines
05-13 16:03:48.295 20647 20647 D ActivityThread: Attach thread to application
05-13 16:03:56.466  1919  2042 I chatty  : uid=1000(system) HwCommBoosterTh expire 5 lines
05-13 16:03:57.734  1919 31886 I chatty  : uid=1000(system) Binder:1919_C expire 6 lines
05-13 16:03:57.806  1367  1621 I chatty  : uid=1000(system) NetdConnector expire 10 lines
05-13 16:03:57.807  1367  1624 I chatty  : uid=1000(system) NetworkStats expire 11 lines
05-13 16:03:59.273  1919  2042 I chatty  : uid=1000(system) HwCommBoosterTh expire 15 lines
05-13 16:04:02.946  2018  2494 I chatty  : uid=1001(radio) ConfigHandlerTh expire 40 lines
05-13 16:04:06.641  1367  1825 I chatty  : uid=1000(system) watchdog expire 10 lines
05-13 16:04:07.965  2018  2514 I chatty  : uid=1001(radio) SMVoice-0 expire 46 lines
05-13 16:04:09.310  2018  2018 I chatty  : uid=1001(radio) com.android.phone expire 20 lines
05-13 16:04:17.775   729   735 I storaged: storaged_t::event: storage_info refreshed.
05-13 16:04:18.933  1367  1497 I chatty  : uid=1000(system) ActivityManager expire 10 lines
05-13 16:04:18.991 20702 20702 D ActivityThread: Attach thread to application
05-13 16:04:22.074  1919  2042 I chatty  : uid=1000(system) HwCommBoosterTh expire 5 lines
05-13 16:04:22.119  2018  2514 I chatty  : uid=1001(radio) SMVoice-0 expire 92 lines
05-13 16:04:25.350  1919  2042 I DeepNoDisturbP: handleStateChanged reason=8
05-13 16:04:25.361  1919  2042 I HidataAppQoeP: handleStateChanged reason=8
05-13 16:04:25.368  1919  2042 I PreDnsQuery: handleStateChanged reason=8
05-13 16:04:25.370  1919  2042 I PreDnsQuery: No need to handled!
05-13 16:04:25.370  1919  2042 I BrowserChrP: handleStateChanged
05-13 16:04:26.815  1919  1932 I BoosterSwitchP: notifyUidState do nothing
05-13 16:04:26.815  1919  1932 I DeepNoDisturbP: notifyUidState
05-13 16:04:26.815  1919  1932 I BrowserChrP: notifyUidState
05-13 16:04:28.016  2018  2494 I chatty  : uid=1001(radio) ConfigHandlerTh expire 40 lines
05-13 16:04:29.118 20734 20734 D ActivityThread: Attach thread to application
05-13 16:04:30.189  1367  5057 I chatty  : uid=1000(system) Binder:1367_11 expire 14 lines
05-13 16:04:31.500  1367  1677 I chatty  : uid=1000(system) iaware.clean expire 10 lines
05-13 16:04:31.505  1919  1932 I BoosterSwitchP: notifyUidState do nothing
05-13 16:04:31.505  1919  1932 I DeepNoDisturbP: notifyUidState
05-13 16:04:31.505  1919  1932 I BrowserChrP: notifyUidState
05-13 16:04:32.006  1367  1654 I chatty  : uid=1000(system) Thread-6 expire 10 lines
05-13 16:04:32.494  1367  1435 I chatty  : uid=1000(system) Binder:1367_1 expire 13 lines
05-13 16:04:32.495  1367  2244 I chatty  : uid=1000(system) Binder:1367_B expire 25 lines
05-13 16:04:35.342  1919  2042 I DeepNoDisturbP: handleStateChanged reason=8
05-13 16:04:35.346  1919  2042 I HidataAppQoeP: handleStateChanged reason=8
05-13 16:04:35.363  1919  2042 I PreDnsQuery: handleStateChanged reason=8
05-13 16:04:35.368  1919  2042 I PreDnsQuery: No need to handled!
05-13 16:04:35.369  1919  2042 I BrowserChrP: handleStateChanged
05-13 16:04:38.327  1919  2042 I DeepNoDisturbP: handleStateChanged reason=8
05-13 16:04:38.333  1919  2042 I HidataAppQoeP: handleStateChanged reason=8
05-13 16:04:38.343  1919  2042 I PreDnsQuery: handleStateChanged reason=8
05-13 16:04:38.348  1919  2042 I PreDnsQuery: No need to handled!
05-13 16:04:38.348  1919  2042 I BrowserChrP: handleStateChanged
05-13 16:04:48.364  1919  2042 I DeepNoDisturbP: handleStateChanged reason=8
05-13 16:04:48.366  1919  2042 I HidataAppQoeP: handleStateChanged reason=8
05-13 16:04:48.368  2018  2514 I chatty  : uid=1001(radio) SMVoice-0 expire 44 lines
05-13 16:04:48.370  1919  2042 I PreDnsQuery: handleStateChanged reason=8
05-13 16:04:48.371  1919  2042 I PreDnsQuery: No need to handled!
05-13 16:04:48.371  1919  2042 I BrowserChrP: handleStateChanged
05-13 16:04:49.624  1367  1581 I chatty  : uid=1000(system) UEventObserver expire 12 lines
05-13 16:04:49.732 20776 20776 D ActivityThread: Attach thread to application
05-13 16:04:53.069  2018  2494 I chatty  : uid=1001(radio) ConfigHandlerTh expire 48 lines
05-13 16:05:00.246  1919 31886 I BoosterSwitchP: notifyUidState do nothing
05-13 16:05:00.246  1919 31886 I DeepNoDisturbP: notifyUidState
05-13 16:05:00.246  1919 31886 I BrowserChrP: notifyUidState
05-13 16:05:00.442  1367  1367 I chatty  : uid=1000 system_server expire 10 lines
05-13 16:05:02.524  1367  1493 I chatty  : uid=1000(system) android.bg expire 3 lines
05-13 16:05:02.526  1367  1621 I chatty  : uid=1000(system) NetdConnector expire 18 lines
05-13 16:05:08.118  2018  2514 I chatty  : uid=1001(radio) SMVoice-0 expire 94 lines
05-13 16:05:17.775   729   735 I storaged: storaged_t::event: storage_info refreshed.
05-13 16:05:23.155  2018  2494 I chatty  : uid=1001(radio) ConfigHandlerTh expire 48 lines
05-13 16:05:25.529  1919  2042 I DeepNoDisturbP: handleStateChanged reason=8
05-13 16:05:25.532  1919  2042 I HidataAppQoeP: handleStateChanged reason=8
05-13 16:05:25.544  1919  2042 I PreDnsQuery: handleStateChanged reason=8
05-13 16:05:25.546  1919  2042 I PreDnsQuery: No need to handled!
05-13 16:05:25.546  1919  2042 I BrowserChrP: handleStateChanged
05-13 16:05:25.586  1743  1743 I HwNetworkPolicyManager: forceUpdatePolicy isRoaming = false
05-13 16:05:38.195  2018  2514 I chatty  : uid=1001(radio) SMVoice-0 expire 84 lines
05-13 16:05:38.811  1919  2042 I DeepNoDisturbP: handleStateChanged reason=8
05-13 16:05:38.814  1919  2042 I HidataAppQoeP: handleStateChanged reason=8
05-13 16:05:38.832  1919  2042 W BoosterPlugin: getPSNetworkType, need update cause telephony type=0, mNetworkType=3
05-13 16:05:38.834  1919  2042 I PreDnsQuery: handleStateChanged reason=8
05-13 16:05:38.835  1919  2042 I PreDnsQuery: No need to handled!
05-13 16:05:38.835  1919  2042 I BrowserChrP: handleStateChanged
05-13 16:05:38.837  1919  2042 I DeepNoDisturbP: handleStateChanged reason=8
05-13 16:05:38.841  1919  2042 I HidataAppQoeP: handleStateChanged reason=8
05-13 16:05:38.846  1919  2042 I PreDnsQuery: handleStateChanged reason=8
05-13 16:05:38.847  1919  2042 I PreDnsQuery: No need to handled!
05-13 16:05:38.847  1919  2042 I BrowserChrP: handleStateChanged
05-13 16:05:38.905  1367  1435 I chatty  : uid=1000(system) Binder:1367_1 expire 15 lines
05-13 16:05:38.905  1743  1743 I HwNetworkPolicyManager: forceUpdatePolicy isRoaming = false
05-13 16:05:48.810  2018  2018 I chatty  : uid=1001(radio) com.android.phone expire 10 lines
05-13 16:05:48.811  1919  2042 I DeepNoDisturbP: handleStateChanged reason=8
05-13 16:05:48.814  1919  2042 I HidataAppQoeP: handleStateChanged reason=8
05-13 16:05:48.819  1919  2042 W BoosterPlugin: getPSNetworkType, need update cause telephony type=3, mNetworkType=0
05-13 16:05:48.819  1919  2042 I PreDnsQuery: handleStateChanged reason=8
05-13 16:05:48.821  1919  2042 I PreDnsQuery: No need to handled!
05-13 16:05:48.821  1919  2042 I BrowserChrP: handleStateChanged
05-13 16:05:48.822  1367  5057 I chatty  : uid=1000(system) Binder:1367_11 expire 17 lines
05-13 16:05:51.053  1367  1581 I chatty  : uid=1000(system) UEventObserver expire 12 lines
05-13 16:05:51.581  1919  2042 I DeepNoDisturbP: handleStateChanged reason=8
05-13 16:05:51.585  1919  2042 I HidataAppQoeP: handleStateChanged reason=8
05-13 16:05:51.592  1919  2042 I PreDnsQuery: handleStateChanged reason=8
05-13 16:05:51.594  1919  2042 I PreDnsQuery: No need to handled!
05-13 16:05:51.594  1919  2042 I BrowserChrP: handleStateChanged
05-13 16:05:53.233  2018  2494 I chatty  : uid=1001(radio) ConfigHandlerTh expire 48 lines
05-13 16:06:01.589  1919  2042 I DeepNoDisturbP: handleStateChanged reason=8
05-13 16:06:01.596  1919  2042 I HidataAppQoeP: handleStateChanged reason=8
05-13 16:06:01.616  1919  2042 I PreDnsQuery: handleStateChanged reason=8
05-13 16:06:01.618  1919  2042 I PreDnsQuery: No need to handled!
05-13 16:06:01.619  1919  2042 I BrowserChrP: handleStateChanged
05-13 16:06:01.639  2018  2514 I chatty  : uid=1001(radio) SMVoice-0 expire 46 lines
05-13 16:06:07.362  1367  1436 I chatty  : uid=1000(system) Binder:1367_2 expire 10 lines
05-13 16:06:10.944  1919  2042 I DeepNoDisturbP: handleStateChanged reason=8
05-13 16:06:10.950  1919  2042 I HidataAppQoeP: handleStateChanged reason=8
05-13 16:06:10.954  1919  2042 I PreDnsQuery: handleStateChanged reason=8
05-13 16:06:10.955  1919  2042 I PreDnsQuery: No need to handled!
05-13 16:06:10.955  1919  2042 I BrowserChrP: handleStateChanged
05-13 16:06:10.956  1367  9310 I chatty  : uid=1000(system) Binder:1367_1B expire 11 lines
05-13 16:06:17.776   729   735 I storaged: storaged_t::event: storage_info refreshed.
05-13 16:06:17.777   729   735 I storaged: storaged_t::event: Pidm reported.
05-13 16:06:17.777   729   735 E storaged: pid_info get_pids failed
05-13 16:06:18.294  2018  2514 I chatty  : uid=1001(radio) SMVoice-0 expire 92 lines
05-13 16:06:20.996  1919  2042 I DeepNoDisturbP: handleStateChanged reason=8
05-13 16:06:21.003  1919  2042 I HidataAppQoeP: handleStateChanged reason=8
05-13 16:06:21.009  1919  2042 I PreDnsQuery: handleStateChanged reason=8
05-13 16:06:21.011  1919  2042 I PreDnsQuery: No need to handled!
05-13 16:06:21.011  1919  2042 I BrowserChrP: handleStateChanged
05-13 16:06:23.311  2018  2494 I chatty  : uid=1001(radio) ConfigHandlerTh expire 24 lines
05-13 16:06:23.577  1919  2042 I DeepNoDisturbP: handleStateChanged reason=8
05-13 16:06:23.583  1919  2042 I HidataAppQoeP: handleStateChanged reason=8
05-13 16:06:23.591  1919  2042 I PreDnsQuery: handleStateChanged reason=8
05-13 16:06:23.592  1919  2042 I PreDnsQuery: No need to handled!
05-13 16:06:23.592  1919  2042 I BrowserChrP: handleStateChanged
05-13 16:06:33.602  1919  2042 I DeepNoDisturbP: handleStateChanged reason=8
05-13 16:06:33.619  1919  2042 I HidataAppQoeP: handleStateChanged reason=8
05-13 16:06:33.643  1919  2042 I PreDnsQuery: handleStateChanged reason=8
05-13 16:06:33.646  1919  2042 I PreDnsQuery: No need to handled!
05-13 16:06:33.646  1919  2042 I BrowserChrP: handleStateChanged
05-13 16:06:33.650  1367  1621 I chatty  : uid=1000(system) NetdConnector expire 10 lines
05-13 16:06:37.021  1919  2042 I DeepNoDisturbP: handleStateChanged reason=8
05-13 16:06:37.027  1919  2042 I HidataAppQoeP: handleStateChanged reason=8
05-13 16:06:37.034  1919  2042 I PreDnsQuery: handleStateChanged reason=8
05-13 16:06:37.036  1919  2042 I PreDnsQuery: No need to handled!
05-13 16:06:37.037  1919  2042 I BrowserChrP: handleStateChanged
05-13 16:06:38.345  2018  2494 I chatty  : uid=1001(radio) ConfigHandlerTh expire 24 lines
05-13 16:06:47.034  1919  2042 I DeepNoDisturbP: handleStateChanged reason=8
05-13 16:06:47.043  1919  2042 I HidataAppQoeP: handleStateChanged reason=8
05-13 16:06:47.063  1919  2042 I PreDnsQuery: handleStateChanged reason=8
05-13 16:06:47.066  1919  2042 I PreDnsQuery: No need to handled!
05-13 16:06:47.067  1919  2042 I BrowserChrP: handleStateChanged
05-13 16:06:47.078  2018  2514 I chatty  : uid=1001(radio) SMVoice-0 expire 90 lines
05-13 16:06:49.671  1919  2042 I DeepNoDisturbP: handleStateChanged reason=8
05-13 16:06:49.680  1919  2042 I HidataAppQoeP: handleStateChanged reason=8
05-13 16:06:49.686  1919  2042 I PreDnsQuery: handleStateChanged reason=8
05-13 16:06:49.687  1919  2042 I PreDnsQuery: No need to handled!
05-13 16:06:49.687  1919  2042 I BrowserChrP: handleStateChanged
05-13 16:06:52.500  1367  1581 I chatty  : uid=1000(system) UEventObserver expire 12 lines
05-13 16:06:53.381  2018  2494 I chatty  : uid=1001(radio) ConfigHandlerTh expire 40 lines
05-13 16:06:59.693  2018  2018 I chatty  : uid=1001(radio) com.android.phone expire 15 lines
05-13 16:06:59.696  1919  2042 I DeepNoDisturbP: handleStateChanged reason=8
05-13 16:06:59.698  1919  2042 I HidataAppQoeP: handleStateChanged reason=8
05-13 16:06:59.701  1919  2042 I PreDnsQuery: handleStateChanged reason=8
05-13 16:06:59.703  1919  2042 I PreDnsQuery: No need to handled!
05-13 16:06:59.703  1919  2042 I BrowserChrP: handleStateChanged
05-13 16:07:00.004  1367  1367 I chatty  : uid=1000 system_server expire 15 lines
05-13 16:07:17.778   729   735 I storaged: storaged_t::event: storage_info refreshed.
05-13 16:07:18.445  2018  2514 I chatty  : uid=1001(radio) SMVoice-0 expire 206 lines
05-13 16:07:18.446  2018  2494 I chatty  : uid=1001(radio) ConfigHandlerTh expire 88 lines
05-13 16:07:53.930  1367  1581 I chatty  : uid=1000(system) UEventObserver expire 12 lines
05-13 16:08:11.222  1919  2042 I DeepNoDisturbP: handleStateChanged reason=8
05-13 16:08:11.238  1919  2042 I HidataAppQoeP: handleStateChanged reason=8
05-13 16:08:11.251  1919  2042 I PreDnsQuery: handleStateChanged reason=8
05-13 16:08:11.255  1919  2042 I PreDnsQuery: No need to handled!
05-13 16:08:11.255  1919  2042 I BrowserChrP: handleStateChanged
05-13 16:08:11.299  1743  1743 I HwNetworkPolicyManager: forceUpdatePolicy isRoaming = false
05-13 16:08:11.340  2018  2502 I chatty  : uid=1001(radio) EpdgManager expire 12 lines
05-13 16:08:13.587  2018  2494 I chatty  : uid=1001(radio) ConfigHandlerTh expire 24 lines
05-13 16:08:17.778   729   735 I storaged: storaged_t::event: storage_info refreshed.
05-13 16:08:24.515  1367  1367 I chatty  : uid=1000 system_server expire 18 lines
05-13 16:08:24.519  1367  5057 I chatty  : uid=1000(system) Binder:1367_11 expire 10 lines
05-13 16:08:24.724  1919  2042 I DeepNoDisturbP: handleStateChanged reason=8
05-13 16:08:24.730  1919  2042 I HidataAppQoeP: handleStateChanged reason=8
05-13 16:08:24.730  2018  2514 I chatty  : uid=1001(radio) SMVoice-0 expire 38 lines
05-13 16:08:24.748  1919  2042 W BoosterPlugin: getPSNetworkType, need update cause telephony type=0, mNetworkType=3
05-13 16:08:24.752  1919  2042 I PreDnsQuery: handleStateChanged reason=8
05-13 16:08:24.753  1919  2042 I PreDnsQuery: No need to handled!
05-13 16:08:24.753  1919  2042 I BrowserChrP: handleStateChanged
05-13 16:08:24.759  1919  2042 I DeepNoDisturbP: handleStateChanged reason=8
05-13 16:08:24.762  1919  2042 I HidataAppQoeP: handleStateChanged reason=8
05-13 16:08:24.782  1919  2042 I PreDnsQuery: handleStateChanged reason=8
05-13 16:08:24.783  1919  2042 I PreDnsQuery: No need to handled!
05-13 16:08:24.783  1919  2042 I BrowserChrP: handleStateChanged
05-13 16:08:24.836  1743  1743 I HwNetworkPolicyManager: forceUpdatePolicy isRoaming = false
05-13 16:08:24.957  1367  1621 I chatty  : uid=1000(system) NetdConnector expire 10 lines
05-13 16:08:28.618  2018  2494 I chatty  : uid=1001(radio) ConfigHandlerTh expire 56 lines
05-13 16:08:34.728  1919  2042 I DeepNoDisturbP: handleStateChanged reason=8
05-13 16:08:34.731  1919  2042 I HidataAppQoeP: handleStateChanged reason=8
05-13 16:08:34.733  2018  2514 I chatty  : uid=1001(radio) SMVoice-0 expire 78 lines
05-13 16:08:34.736  1919  2042 W BoosterPlugin: getPSNetworkType, need update cause telephony type=3, mNetworkType=0
05-13 16:08:34.736  1919  2042 I PreDnsQuery: handleStateChanged reason=8
05-13 16:08:34.737  1919  2042 I PreDnsQuery: No need to handled!
05-13 16:08:34.737  1919  2042 I BrowserChrP: handleStateChanged
05-13 16:08:34.738  1367  1435 I chatty  : uid=1000(system) Binder:1367_1 expire 8 lines
05-13 16:08:37.359  1919  2042 I DeepNoDisturbP: handleStateChanged reason=8
05-13 16:08:37.365  1919  2042 I HidataAppQoeP: handleStateChanged reason=8
05-13 16:08:37.366  2018  2018 I chatty  : uid=1001(radio) com.android.phone expire 23 lines
05-13 16:08:37.375  1919  2042 I PreDnsQuery: handleStateChanged reason=8
05-13 16:08:37.379  1919  2042 I PreDnsQuery: No need to handled!
05-13 16:08:37.379  1919  2042 I BrowserChrP: handleStateChanged
05-13 16:08:42.949  1367  5057 I chatty  : uid=1000(system) Binder:1367_11 expire 11 lines
05-13 16:08:47.358  1919  2042 I DeepNoDisturbP: handleStateChanged reason=8
05-13 16:08:47.363  1919  2042 I HidataAppQoeP: handleStateChanged reason=8
05-13 16:08:47.384  1919  2042 I PreDnsQuery: handleStateChanged reason=8
05-13 16:08:47.387  1919  2042 I PreDnsQuery: No need to handled!
05-13 16:08:47.387  1919  2042 I BrowserChrP: handleStateChanged
05-13 16:08:51.939  1919  2042 I DeepNoDisturbP: handleStateChanged reason=8
05-13 16:08:51.943  1919  2042 I HidataAppQoeP: handleStateChanged reason=8
05-13 16:08:51.950  1919  2042 I PreDnsQuery: handleStateChanged reason=8
05-13 16:08:51.952  1919  2042 I PreDnsQuery: No need to handled!
05-13 16:08:51.952  1919  2042 I BrowserChrP: handleStateChanged
05-13 16:08:55.363  1367  1581 I chatty  : uid=1000(system) UEventObserver expire 18 lines
05-13 16:09:01.929  1919  2042 I DeepNoDisturbP: handleStateChanged reason=8
05-13 16:09:01.934  1919  2042 I HidataAppQoeP: handleStateChanged reason=8
05-13 16:09:01.959  1919  2042 I PreDnsQuery: handleStateChanged reason=8
05-13 16:09:01.962  1919  2042 I PreDnsQuery: No need to handled!
05-13 16:09:01.962  1919  2042 I BrowserChrP: handleStateChanged
05-13 16:09:01.975  2018  2514 I chatty  : uid=1001(radio) SMVoice-0 expire 32 lines
05-13 16:09:03.713  2018  2494 I chatty  : uid=1001(radio) ConfigHandlerTh expire 24 lines
05-13 16:09:04.863  1919  2042 I DeepNoDisturbP: handleStateChanged reason=8
05-13 16:09:04.870  1919  2042 I HidataAppQoeP: handleStateChanged reason=8
05-13 16:09:04.879  1919  2042 I PreDnsQuery: handleStateChanged reason=8
05-13 16:09:04.880  1919  2042 I PreDnsQuery: No need to handled!
05-13 16:09:04.881  1919  2042 I BrowserChrP: handleStateChanged
05-13 16:09:06.661  1367  1825 I chatty  : uid=1000(system) watchdog expire 13 lines
05-13 16:09:13.248  1367 21028 I chatty  : uid=1000 system_server expire 4 lines
05-13 16:09:13.266  1919  1932 I BoosterSwitchP: notifyUidState do nothing
05-13 16:09:13.266  1919  1932 I DeepNoDisturbP: notifyUidState
05-13 16:09:13.266  1919  1932 I BrowserChrP: notifyUidState
05-13 16:09:13.270  1919  1932 I BoosterSwitchP: notifyUidState do nothing
05-13 16:09:13.271  1919  1932 I DeepNoDisturbP: notifyUidState
05-13 16:09:13.271  1919  1932 I BrowserChrP: notifyUidState
05-13 16:09:13.278  1919 31886 I BoosterSwitchP: notifyUidState do nothing
05-13 16:09:13.279  1919 31886 I DeepNoDisturbP: notifyUidState
05-13 16:09:13.279  1919 31886 I BrowserChrP: notifyUidState
05-13 16:09:13.284  1367  1640 I chatty  : uid=1000(system) ConnectivitySer expire 35 lines
05-13 16:09:13.298  1367  2244 I chatty  : uid=1000(system) Binder:1367_B expire 6 lines
05-13 16:09:13.737  2018  2514 I chatty  : uid=1001(radio) SMVoice-0 expire 62 lines
05-13 16:09:14.259  1367  1497 I chatty  : uid=1000(system) ActivityManager expire 10 lines
05-13 16:09:14.315 21033 21033 D ActivityThread: Attach thread to application
05-13 16:09:14.580 21033 21033 D HwCustConnectivityManagerImpl: isBlockNetworkRequestByNonAis, INVALID_SUBSCRIPTION_ID
05-13 16:09:14.866  1919  2042 I DeepNoDisturbP: handleStateChanged reason=8
05-13 16:09:14.874  1919  2042 I HidataAppQoeP: handleStateChanged reason=8
05-13 16:09:14.894  1919  2042 I PreDnsQuery: handleStateChanged reason=8
05-13 16:09:14.902  1919  2042 I PreDnsQuery: No need to handled!
05-13 16:09:14.902  1919  2042 I BrowserChrP: handleStateChanged
05-13 16:09:14.903  1367  6802 I chatty  : uid=1000(system) Binder:1367_16 expire 13 lines
05-13 16:09:17.781   729   735 I storaged: storaged_t::event: storage_info refreshed.
05-13 16:09:17.818  1919  2042 I DeepNoDisturbP: handleStateChanged reason=8
05-13 16:09:17.826  1919  2042 I HidataAppQoeP: handleStateChanged reason=8
05-13 16:09:17.831  1919  2042 I PreDnsQuery: handleStateChanged reason=8
05-13 16:09:17.834  1919  2042 I PreDnsQuery: No need to handled!
05-13 16:09:17.834  1919  2042 I BrowserChrP: handleStateChanged
05-13 16:09:18.123  1919 31886 I BoosterSwitchP: notifyUidState do nothing
05-13 16:09:18.123  1919 31886 I DeepNoDisturbP: notifyUidState
05-13 16:09:18.123  1919 31886 I BrowserChrP: notifyUidState
05-13 16:09:18.753  2018  2494 I chatty  : uid=1001(radio) ConfigHandlerTh expire 24 lines
05-13 16:09:19.167 21109 21109 D ActivityThread: Attach thread to application
05-13 16:09:19.401 21109 21109 D HwCustConnectivityManagerImpl: isBlockNetworkRequestByNonAis, INVALID_SUBSCRIPTION_ID
05-13 16:09:19.403  1367  1436 I chatty  : uid=1000(system) Binder:1367_2 expire 13 lines
05-13 16:09:20.309  1367  9476 I chatty  : uid=1000(system) Binder:1367_1C expire 10 lines
05-13 16:09:21.154  1367  1575 I chatty  : uid=1000(system) Binder:1367_3 expire 11 lines
05-13 16:09:27.868  1919  2042 I DeepNoDisturbP: handleStateChanged reason=8
05-13 16:09:27.870  1919  2042 I HidataAppQoeP: handleStateChanged reason=8
05-13 16:09:27.875  1919  2042 I PreDnsQuery: handleStateChanged reason=8
05-13 16:09:27.876  1919  2042 I PreDnsQuery: No need to handled!
05-13 16:09:27.876  1919  2042 I BrowserChrP: handleStateChanged
05-13 16:09:27.880  1367  1621 I chatty  : uid=1000(system) NetdConnector expire 10 lines
05-13 16:09:30.486  1919  2042 I DeepNoDisturbP: handleStateChanged reason=8
05-13 16:09:30.489  1919  2042 I HidataAppQoeP: handleStateChanged reason=8
05-13 16:09:30.491  2018  2514 I chatty  : uid=1001(radio) SMVoice-0 expire 30 lines
05-13 16:09:30.495  1919  2042 I PreDnsQuery: handleStateChanged reason=8
05-13 16:09:30.496  1919  2042 I PreDnsQuery: No need to handled!
05-13 16:09:30.496  1919  2042 I BrowserChrP: handleStateChanged
05-13 16:09:33.780  2018  2494 I chatty  : uid=1001(radio) ConfigHandlerTh expire 72 lines
05-13 16:09:40.530  1919  2042 I DeepNoDisturbP: handleStateChanged reason=8
05-13 16:09:40.533  1919  2042 I HidataAppQoeP: handleStateChanged reason=8
05-13 16:09:40.535  2018  2514 I chatty  : uid=1001(radio) SMVoice-0 expire 138 lines
05-13 16:09:40.540  1919  2042 I PreDnsQuery: handleStateChanged reason=8
05-13 16:09:40.542  1919  2042 I PreDnsQuery: No need to handled!
05-13 16:09:40.542  1919  2042 I BrowserChrP: handleStateChanged
05-13 16:10:17.781   729   735 I storaged: storaged_t::event: storage_info refreshed.
05-13 16:10:18.880  2018  2494 I chatty  : uid=1001(radio) ConfigHandlerTh expire 24 lines
05-13 16:10:20.200  1919  2042 I DeepNoDisturbP: handleStateChanged reason=8
05-13 16:10:20.211  1919  2042 I HidataAppQoeP: handleStateChanged reason=8
05-13 16:10:20.221  1919  2042 I PreDnsQuery: handleStateChanged reason=8
05-13 16:10:20.225  1919  2042 I PreDnsQuery: No need to handled!
05-13 16:10:20.225  1919  2042 I BrowserChrP: handleStateChanged
05-13 16:10:20.276  1367  1575 I chatty  : uid=1000(system) Binder:1367_3 expire 17 lines
05-13 16:10:20.277  1743  1743 I HwNetworkPolicyManager: forceUpdatePolicy isRoaming = false
05-13 16:10:27.542  1367  1581 I chatty  : uid=1000(system) UEventObserver expire 18 lines
05-13 16:10:28.904  2018  2514 I chatty  : uid=1001(radio) SMVoice-0 expire 52 lines
05-13 16:10:33.041  1919  2042 I DeepNoDisturbP: handleStateChanged reason=8
05-13 16:10:33.047  1919  2042 I HidataAppQoeP: handleStateChanged reason=8
05-13 16:10:33.064  1919  2042 W BoosterPlugin: getPSNetworkType, need update cause telephony type=0, mNetworkType=3
05-13 16:10:33.066  1919  2042 I PreDnsQuery: handleStateChanged reason=8
05-13 16:10:33.069  1919  2042 I PreDnsQuery: No need to handled!
05-13 16:10:33.069  1919  2042 I BrowserChrP: handleStateChanged
05-13 16:10:33.071  1919  2042 I DeepNoDisturbP: handleStateChanged reason=8
05-13 16:10:33.074  1919  2042 I HidataAppQoeP: handleStateChanged reason=8
05-13 16:10:33.081  1919  2042 I PreDnsQuery: handleStateChanged reason=8
05-13 16:10:33.082  1919  2042 I PreDnsQuery: No need to handled!
05-13 16:10:33.082  1919  2042 I BrowserChrP: handleStateChanged
05-13 16:10:33.082  1367  1436 I chatty  : uid=1000(system) Binder:1367_2 expire 10 lines
05-13 16:10:33.119  1743  1743 I HwNetworkPolicyManager: forceUpdatePolicy isRoaming = false
05-13 16:10:33.233  1367  1621 I chatty  : uid=1000(system) NetdConnector expire 18 lines
05-13 16:10:33.915  2018  2494 I chatty  : uid=1001(radio) ConfigHandlerTh expire 40 lines
05-13 16:10:38.903  1367  1631 I chatty  : uid=1000(system) WifiStateMachin expire 8 lines
05-13 16:10:43.027  1919  2042 I DeepNoDisturbP: handleStateChanged reason=8
05-13 16:10:43.036  1919  2042 I HidataAppQoeP: handleStateChanged reason=8
05-13 16:10:43.051  1919  2042 W BoosterPlugin: getPSNetworkType, need update cause telephony type=3, mNetworkType=0
05-13 16:10:43.051  1919  2042 I PreDnsQuery: handleStateChanged reason=8
05-13 16:10:43.054  1919  2042 I PreDnsQuery: No need to handled!
05-13 16:10:43.054  1919  2042 I BrowserChrP: handleStateChanged
05-13 16:10:43.056  2018  2018 I chatty  : uid=1001(radio) com.android.phone expire 25 lines
05-13 16:10:43.060  2018  2514 I chatty  : uid=1001(radio) SMVoice-0 expire 46 lines
05-13 16:10:47.582  1919  2042 I DeepNoDisturbP: handleStateChanged reason=8
05-13 16:10:47.589  1919  2042 I HidataAppQoeP: handleStateChanged reason=8
05-13 16:10:47.601  1919  2042 I PreDnsQuery: handleStateChanged reason=8
05-13 16:10:47.602  1919  2042 I PreDnsQuery: No need to handled!
05-13 16:10:47.602  1919  2042 I BrowserChrP: handleStateChanged
05-13 16:10:54.013   545   643 W SocketListener: sending broadcast to Pid = 1367, Uid = 1000 
05-13 16:10:57.580  1919  2042 I DeepNoDisturbP: handleStateChanged reason=8
05-13 16:10:57.592  1919  2042 I HidataAppQoeP: handleStateChanged reason=8
05-13 16:10:57.619  1919  2042 I PreDnsQuery: handleStateChanged reason=8
05-13 16:10:57.622  1919  2042 I PreDnsQuery: No need to handled!
05-13 16:10:57.622  1919  2042 I BrowserChrP: handleStateChanged
05-13 16:10:57.622  1367  9476 I chatty  : uid=1000(system) Binder:1367_1C expire 12 lines
05-13 16:10:57.636  2018  2514 I chatty  : uid=1001(radio) SMVoice-0 expire 46 lines
05-13 16:10:57.709  1367 12986 I chatty  : uid=1000(system) Binder:1367_1D expire 14 lines
05-13 16:10:58.253 21265 21265 D ActivityThread: Attach thread to application
05-13 16:10:58.976  2018  2494 I chatty  : uid=1001(radio) ConfigHandlerTh expire 24 lines
05-13 16:10:59.056 21298 21298 D ActivityThread: Attach thread to application
05-13 16:10:59.391  1367  1367 I chatty  : uid=1000 system_server expire 11 lines
05-13 16:10:59.808   545   639 W SocketListener: sending broadcast to Pid = 1367, Uid = 1000 
05-13 16:11:00.085  1367  9193 I chatty  : uid=1000(system) Binder:1367_1A expire 2 lines
05-13 16:11:00.536  1919  2042 I DeepNoDisturbP: handleStateChanged reason=8
05-13 16:11:00.542  1919  2042 I HidataAppQoeP: handleStateChanged reason=8
05-13 16:11:00.548  1919  2042 I PreDnsQuery: handleStateChanged reason=8
05-13 16:11:00.550  1919  2042 I PreDnsQuery: No need to handled!
05-13 16:11:00.550  1919  2042 I BrowserChrP: handleStateChanged
05-13 16:11:02.381  1367 16819 I chatty  : uid=1000(system) Binder:1367_20 expire 10 lines
05-13 16:11:02.424  1367  2583 I chatty  : uid=1000(system) Binder:1367_D expire 14 lines
05-13 16:11:10.578  1919  2042 I DeepNoDisturbP: handleStateChanged reason=8
05-13 16:11:10.603  1919  2042 I HidataAppQoeP: handleStateChanged reason=8
05-13 16:11:10.621  1919  2042 I PreDnsQuery: handleStateChanged reason=8
05-13 16:11:10.624  1919  2042 I PreDnsQuery: No need to handled!
05-13 16:11:10.624  1919  2042 I BrowserChrP: handleStateChanged
05-13 16:11:10.630  2018  2514 I chatty  : uid=1001(radio) SMVoice-0 expire 32 lines
05-13 16:11:13.976  1919  2042 I DeepNoDisturbP: handleStateChanged reason=8
05-13 16:11:13.980  1919  2042 I HidataAppQoeP: handleStateChanged reason=8
05-13 16:11:13.989  1919  2042 I PreDnsQuery: handleStateChanged reason=8
05-13 16:11:13.990  1919  2042 I PreDnsQuery: No need to handled!
05-13 16:11:13.990  1919  2042 I BrowserChrP: handleStateChanged
05-13 16:11:14.009  2018  2494 I chatty  : uid=1001(radio) ConfigHandlerTh expire 16 lines
05-13 16:11:17.782   729   735 I storaged: storaged_t::event: storage_info refreshed.
05-13 16:11:23.258  1367 21376 I chatty  : uid=1000 system_server expire 2 lines
05-13 16:11:23.262  1919 31886 I BoosterSwitchP: notifyUidState do nothing
05-13 16:11:23.262  1919 31886 I DeepNoDisturbP: notifyUidState
05-13 16:11:23.263  1919 31886 I BrowserChrP: notifyUidState
05-13 16:11:23.460  1367  1367 I chatty  : uid=1000 system_server expire 19 lines
05-13 16:11:23.977  1919  2042 I DeepNoDisturbP: handleStateChanged reason=8
05-13 16:11:23.990  1919  2042 I HidataAppQoeP: handleStateChanged reason=8
05-13 16:11:24.013  1919  2042 I PreDnsQuery: handleStateChanged reason=8
05-13 16:11:24.016  1919  2042 I PreDnsQuery: No need to handled!
05-13 16:11:24.016  1919  2042 I BrowserChrP: handleStateChanged
05-13 16:11:24.026  2018  2514 I chatty  : uid=1001(radio) SMVoice-0 expire 48 lines
05-13 16:11:24.026  2018  2494 I chatty  : uid=1001(radio) ConfigHandlerTh expire 24 lines
05-13 16:11:26.482  1919  2042 I DeepNoDisturbP: handleStateChanged reason=8
05-13 16:11:26.494  1919  2042 I HidataAppQoeP: handleStateChanged reason=8
05-13 16:11:26.498  1919  2042 I PreDnsQuery: handleStateChanged reason=8
05-13 16:11:26.498  1919  2042 I PreDnsQuery: No need to handled!
05-13 16:11:26.499  1919  2042 I BrowserChrP: handleStateChanged
05-13 16:11:27.870  1919  1932 I BoosterSwitchP: notifyUidState do nothing
05-13 16:11:27.870  1919  1932 I DeepNoDisturbP: notifyUidState
05-13 16:11:27.870  1919  1932 I BrowserChrP: notifyUidState
05-13 16:11:28.970  1367  1581 I chatty  : uid=1000(system) UEventObserver expire 12 lines
05-13 16:11:32.572  1367  6102 I chatty  : uid=1000(system) Binder:1367_14 expire 22 lines
05-13 16:11:36.491  1919  2042 I DeepNoDisturbP: handleStateChanged reason=8
05-13 16:11:36.498  1919  2042 I HidataAppQoeP: handleStateChanged reason=8
05-13 16:11:36.515  1919  2042 I PreDnsQuery: handleStateChanged reason=8
05-13 16:11:36.518  1919  2042 I PreDnsQuery: No need to handled!
05-13 16:11:36.518  1919  2042 I BrowserChrP: handleStateChanged
05-13 16:11:36.519  1367  1575 I chatty  : uid=1000(system) Binder:1367_3 expire 14 lines
05-13 16:11:39.061  2018  2514 I chatty  : uid=1001(radio) SMVoice-0 expire 44 lines
05-13 16:11:39.061  2018  2494 I chatty  : uid=1001(radio) ConfigHandlerTh expire 24 lines
05-13 16:11:40.060  1919  2042 I DeepNoDisturbP: handleStateChanged reason=8
05-13 16:11:40.067  1919  2042 I HidataAppQoeP: handleStateChanged reason=8
05-13 16:11:40.074  1919  2042 I PreDnsQuery: handleStateChanged reason=8
05-13 16:11:40.078  1919  2042 I PreDnsQuery: No need to handled!
05-13 16:11:40.078  1919  2042 I BrowserChrP: handleStateChanged
05-13 16:11:50.063  1919  2042 I DeepNoDisturbP: handleStateChanged reason=8
05-13 16:11:50.073  1919  2042 I HidataAppQoeP: handleStateChanged reason=8
05-13 16:11:50.091  1919  2042 I PreDnsQuery: handleStateChanged reason=8
05-13 16:11:50.093  1919  2042 I PreDnsQuery: No need to handled!
05-13 16:11:50.093  1919  2042 I BrowserChrP: handleStateChanged
05-13 16:11:50.101  1367  1621 I chatty  : uid=1000(system) NetdConnector expire 12 lines
05-13 16:11:50.105  2018  2514 I chatty  : uid=1001(radio) SMVoice-0 expire 72 lines
05-13 16:11:54.094  2018  2494 I chatty  : uid=1001(radio) ConfigHandlerTh expire 48 lines
05-13 16:12:17.783   729   735 I storaged: storaged_t::event: storage_info refreshed.
05-13 16:12:19.153  2018  2514 I chatty  : uid=1001(radio) SMVoice-0 expire 52 lines
05-13 16:12:23.607   545   639 W SocketListener: sending broadcast to Pid = 1367, Uid = 1000 
05-13 16:12:24.167  2018  2494 I chatty  : uid=1001(radio) ConfigHandlerTh expire 48 lines
05-13 16:12:26.361  1919  2042 I DeepNoDisturbP: handleStateChanged reason=8
05-13 16:12:26.369  1919  2042 I HidataAppQoeP: handleStateChanged reason=8
05-13 16:12:26.386  1919  2042 I PreDnsQuery: handleStateChanged reason=8
05-13 16:12:26.389  1919  2042 I PreDnsQuery: No need to handled!
05-13 16:12:26.389  1919  2042 I BrowserChrP: handleStateChanged
05-13 16:12:26.443  1743  1743 I HwNetworkPolicyManager: forceUpdatePolicy isRoaming = false
05-13 16:12:26.455  1367  1497 I chatty  : uid=1000(system) ActivityManager expire 11 lines
05-13 16:12:30.417  1367  1581 I chatty  : uid=1000(system) UEventObserver expire 18 lines
05-13 16:12:31.971  1919  2042 I DeepNoDisturbP: handleStateChanged reason=8
05-13 16:12:31.981  1919  2042 I HidataAppQoeP: handleStateChanged reason=8
05-13 16:12:31.999  1919  2042 W BoosterPlugin: getPSNetworkType, need update cause telephony type=0, mNetworkType=3
05-13 16:12:32.001  2018  2514 I chatty  : uid=1001(radio) SMVoice-0 expire 67 lines
05-13 16:12:32.004  1919  2042 I PreDnsQuery: handleStateChanged reason=8
05-13 16:12:32.005  1919  2042 I PreDnsQuery: No need to handled!
05-13 16:12:32.005  1919  2042 I BrowserChrP: handleStateChanged
05-13 16:12:39.630  1919  2042 I DeepNoDisturbP: handleStateChanged reason=8
05-13 16:12:39.634  1919  2042 I HidataAppQoeP: handleStateChanged reason=8
05-13 16:12:39.650  1919  2042 I PreDnsQuery: handleStateChanged reason=8
05-13 16:12:39.656  1919  2042 I PreDnsQuery: No need to handled!
05-13 16:12:39.656  1919  2042 I BrowserChrP: handleStateChanged
05-13 16:12:39.662  1919  2042 I DeepNoDisturbP: handleStateChanged reason=8
05-13 16:12:39.666  1919  2042 I HidataAppQoeP: handleStateChanged reason=8
05-13 16:12:39.672  1919  2042 I PreDnsQuery: handleStateChanged reason=8
05-13 16:12:39.673  1919  2042 I PreDnsQuery: No need to handled!
05-13 16:12:39.673  1919  2042 I BrowserChrP: handleStateChanged
05-13 16:12:39.713  1743  1743 I HwNetworkPolicyManager: forceUpdatePolicy isRoaming = false
05-13 16:12:39.822  1367  1621 I chatty  : uid=1000(system) NetdConnector expire 10 lines
05-13 16:12:39.827  1367  1575 I chatty  : uid=1000(system) Binder:1367_3 expire 10 lines
05-13 16:12:49.579  1919  2042 I DeepNoDisturbP: handleStateChanged reason=8
05-13 16:12:49.590  1919  2042 I HidataAppQoeP: handleStateChanged reason=8
05-13 16:12:49.609  1919  2042 W BoosterPlugin: getPSNetworkType, need update cause telephony type=3, mNetworkType=0
05-13 16:12:49.609  1919  2042 I PreDnsQuery: handleStateChanged reason=8
05-13 16:12:49.612  1919  2042 I PreDnsQuery: No need to handled!
05-13 16:12:49.612  1919  2042 I BrowserChrP: handleStateChanged
05-13 16:12:49.617  2018  2018 I chatty  : uid=1001(radio) com.android.phone expire 11 lines
05-13 16:12:49.623  2018  2514 I chatty  : uid=1001(radio) SMVoice-0 expire 32 lines
05-13 16:12:52.233  1919  2042 I DeepNoDisturbP: handleStateChanged reason=8
05-13 16:12:52.240  1919  2042 I HidataAppQoeP: handleStateChanged reason=8
05-13 16:12:52.244  1919  2042 I PreDnsQuery: handleStateChanged reason=8
05-13 16:12:52.245  1919  2042 I PreDnsQuery: No need to handled!
05-13 16:12:52.245  1919  2042 I BrowserChrP: handleStateChanged
05-13 16:12:54.223  2018  2494 I chatty  : uid=1001(radio) ConfigHandlerTh expire 24 lines
05-13 16:13:02.218  1919  2042 I DeepNoDisturbP: handleStateChanged reason=8
05-13 16:13:02.226  1919  2042 I HidataAppQoeP: handleStateChanged reason=8
05-13 16:13:02.244  1919  2042 I PreDnsQuery: handleStateChanged reason=8
05-13 16:13:02.246  1919  2042 I PreDnsQuery: No need to handled!
05-13 16:13:02.246  1919  2042 I BrowserChrP: handleStateChanged
05-13 16:13:02.257  2018  2514 I chatty  : uid=1001(radio) SMVoice-0 expire 62 lines
05-13 16:13:06.481  1919  2042 I DeepNoDisturbP: handleStateChanged reason=8
05-13 16:13:06.494  1919  2042 I HidataAppQoeP: handleStateChanged reason=8
05-13 16:13:06.507  1919  2042 I PreDnsQuery: handleStateChanged reason=8
05-13 16:13:06.508  1919  2042 I PreDnsQuery: No need to handled!
05-13 16:13:06.508  1919  2042 I BrowserChrP: handleStateChanged
05-13 16:13:09.253  2018  2494 I chatty  : uid=1001(radio) ConfigHandlerTh expire 24 lines
05-13 16:13:16.491  1919  2042 I DeepNoDisturbP: handleStateChanged reason=8
05-13 16:13:16.502  1919  2042 I HidataAppQoeP: handleStateChanged reason=8
05-13 16:13:16.521  1919  2042 I PreDnsQuery: handleStateChanged reason=8
05-13 16:13:16.525  1919  2042 I PreDnsQuery: No need to handled!
05-13 16:13:16.525  1919  2042 I BrowserChrP: handleStateChanged
