05-13 16:39:05.497  1367  1640 D ConnectivityService: Network NetworkAgentInfo [WIFI () - 100] was already satisfying request 1122. No change.
05-13 16:39:05.497  1367  1640 D ConnectivityService: Network NetworkAgentInfo [WIFI () - 100] was already satisfying request 15. No change.
05-13 16:39:05.497  1367  1640 D ConnectivityService: Network NetworkAgentInfo [WIFI () - 100] was already satisfying request 8. No change.
05-13 16:39:05.497  1367  1640 D ConnectivityService: Network NetworkAgentInfo [WIFI () - 100] was already satisfying request 1124. No change.
05-13 16:39:05.497  1367  1640 D ConnectivityService: Network NetworkAgentInfo [WIFI () - 100] was already satisfying request 12. No change.
05-13 16:39:05.497  1367  1640 D ConnectivityService: Network NetworkAgentInfo [WIFI () - 100] was already satisfying request 1. No change.
05-13 16:39:05.497  1367  1640 D ConnectivityService: Network NetworkAgentInfo [WIFI () - 100] was already satisfying request 16. No change.
05-13 16:39:05.497  1367  1640 D ConnectivityService: Network NetworkAgentInfo [WIFI () - 100] was already satisfying request 5. No change.
05-13 16:39:05.498 24295 24295 I e.process.gapp: The ClassLoaderContext is a special shared library.
05-13 16:39:05.505  1367 12993 I ActivityManager: Need to start process com.huawei.hwid.core for provider ContentProviderInfo{name=com.huawei.hms.contentprovider className=com.huawei.hms.fwkit.kams.provideragent.StubContentProvider}, callerApp: ProcessRecord{7836ef 23994:com.huawei.appmarket/u0a29}
05-13 16:39:05.505  1367 12993 V ActivityManager: startProcess: name=com.huawei.hwid.core app=null knownToBeDead=false thread=null pid=-1
05-13 16:39:05.506  2018  2018 D Mapcon  : TelephonyTracker: onSignalStrengthsChanged:phoneId=0, level=5
05-13 16:39:05.507 23994 24290 I NetworkKit_AIInterceptorService: aiServcie onCreate
05-13 16:39:05.508  1367 12993 V ActivityManager_MU: Waiting to start provider ContentProviderRecord{1317065 u0 com.huawei.hwid/com.huawei.hms.fwkit.kams.provideragent.StubContentProvider} launchingApp=ProcessRecord{622b55c 0:com.huawei.hwid.core/u0a61} caller pid= 23994
05-13 16:39:05.510 23994 24290 I NetworkKit_NetworkKit: init  Version:7.0.2.300  BuildTime:2023-05-09
05-13 16:39:05.510  2018  2018 D VoWifiFactory: got request NetworkRequest [ TRACK_DEFAULT id=1124, [ Capabilities: INTERNET&NOT_RESTRICTED&TRUSTED Uid: 10125] ] with score 60
05-13 16:39:05.510  2018  2018 D PhoneSwitcherNetworkRequstListener: got request NetworkRequest [ TRACK_DEFAULT id=1124, [ Capabilities: INTERNET&NOT_RESTRICTED&TRUSTED Uid: 10125] ] with score 60
05-13 16:39:05.511  2018  2018 D PhoneSwitcherNetworkRequstListener: got request NetworkRequest [ TRACK_DEFAULT id=1124, [ Capabilities: INTERNET&NOT_RESTRICTED&TRUSTED Uid: 10125] ] with score 60
05-13 16:39:05.513  2018  2018 E HwModemCapability: isCapabilitySupport java.lang.StringIndexOutOfBoundsException: length=7; index=7
05-13 16:39:05.514 23914 23914 W PrimesInit: Primes instant initialization
05-13 16:39:05.514  2018  2514 D Mapcon  : SMVoice-0-Normal: PrepareState:defaultStatehandle msg=CMD_SIGNAL_STRENGTH_CHANED_IND
05-13 16:39:05.517 23914 24329 W Primes  : background initialization
05-13 16:39:05.520  2018  2018 V TpProviderHw: insert begin subId = 0, match is 2
05-13 16:39:05.528   546   546 I Zygote  : say something before unblock SIGCHLD, uid: 10061 pid: 24331, do not delete this log!
05-13 16:39:05.531  1367  1500 I ActivityManager: Start proc 24331:com.huawei.hwid.core/u0a61 for content provider com.huawei.hwid/com.huawei.hms.fwkit.kams.provideragent.StubContentProvider
05-13 16:39:05.531  1367  1916 E ProcessInfoCollector: getProcessInfo: failed to find this proc 
05-13 16:39:05.533 24295 24324 I HwLogExceptionInner: Log blacklist 
05-13 16:39:05.541 23994 24327 I NetworkKit_g0: Ipsort Model create table
05-13 16:39:05.541 23994 24327 I NetworkKit_g0: Ipsort Record create table
05-13 16:39:05.541 23994 24327 I NetworkKit_e0: InitModel create table
05-13 16:39:05.541 24295 24324 I AwareBitmapCacher: init processName:com.google.process.gapps pid=24295 uid=10120
05-13 16:39:05.542 23994 24327 I NetworkKit_WebSocketPingModel: ping modle create status table
05-13 16:39:05.542 23994 24327 I NetworkKit_ConnectTimeoutModelData: connectTimeout modle create time table
05-13 16:39:05.542 23994 24327 I NetworkKit_ConnectTimeoutModelData: connectTimeout modle create status table
05-13 16:39:05.542 23994 24327 I NetworkKit_ConnectTimeoutModelData: connectTimeout timezone create time table
05-13 16:39:05.543 23994 24327 I NetworkKit_c: checkDate, old db is not exists
05-13 16:39:05.544 23994 24338 I NetworkKit_InitModel: InitModule start execute
05-13 16:39:05.544 23994 24338 I NetworkKit_c: query
05-13 16:39:05.546  2018  2443 D PhoneInterfaceManager: [PhoneIntfMgr] isUserDataEnabled: subId=0 phoneId=0
05-13 16:39:05.547 24331 24331 I chatty  : uid=10061 com.huawei.hwid.core expire 141 lines
05-13 16:39:05.548  2018  2443 D PhoneInterfaceManager: [PhoneIntfMgr] isUserDataEnabled: subId=0 retVal=true
05-13 16:39:05.551 23994 24338 I NetworkKit_e0: size 0
05-13 16:39:05.552 23914 23914 I CarrierServices: [1] CarrierServicesReleaseApp.onCreate: Primes set up successful
05-13 16:39:05.553 23994 24339 I NetworkKit_c: query
05-13 16:39:05.557 23994 24339 I NetworkKit_o: size 2
05-13 16:39:05.557 23994 24339 I NetworkKit_c: query
05-13 16:39:05.558 23994 24339 I NetworkKit_o: size 1
05-13 16:39:05.558 23994 24339 I NetworkKit_c: query
05-13 16:39:05.559 23994 24339 I NetworkKit_o: size 1
05-13 16:39:05.564 23914 24329 I PrimesTesting: GserviceFlagsSupplier.get()
05-13 16:39:05.570  2018  2443 D PhoneInterfaceManager: [PhoneIntfMgr] isUserDataEnabled: subId=0 phoneId=0
05-13 16:39:05.571  2018  2443 D PhoneInterfaceManager: [PhoneIntfMgr] isUserDataEnabled: subId=0 retVal=true
05-13 16:39:05.572 24331 24331 D ActivityThread: Attach thread to application
05-13 16:39:05.579  2018  2443 D PhoneInterfaceManager: [PhoneIntfMgr] isUserDataEnabled: subId=0 phoneId=0
05-13 16:39:05.579  1367  1367 D JobScheduler: Maybe queuing ready jobs...
05-13 16:39:05.579  2018  2443 D PhoneInterfaceManager: [PhoneIntfMgr] isUserDataEnabled: subId=0 retVal=true
05-13 16:39:05.589 24047 24159 D OpenGLRenderer: Skia GL Pipeline
05-13 16:39:05.592  1367  5057 I HwNetworkPolicy: onTransact, code = 14
05-13 16:39:05.602 23841 24090 I MicroDetectionWorker: #startMicroDetector [speakerMode: 0]
05-13 16:39:05.611  2018  2443 D PhoneInterfaceManager: [PhoneIntfMgr] isUserDataEnabled: subId=0 phoneId=0
05-13 16:39:05.611  2018  2443 D PhoneInterfaceManager: [PhoneIntfMgr] isUserDataEnabled: subId=0 retVal=true
05-13 16:39:05.613  1367  2381 I HwNetworkPolicy: onTransact, code = 14
05-13 16:39:05.616 23841 23841 I FLTAG_FM: loadFeature class:com.huawei.featurelayer.systemfeature.HwWidget.IHwSplineOverScrollerEx
05-13 16:39:05.616 23841 23841 I FLTAG_SFM: getRequireClassLoader() succ ! className: com.huawei.featurelayer.systemfeature.HwWidget.IHwSplineOverScrollerEx
05-13 16:39:05.616 23841 23841 D FeatureFactory: loadFeature() : com.huawei.featurelayer.systemfeature.HwWidget.IHwSplineOverScrollerEx
05-13 16:39:05.616 23841 23841 D FeatureFactory: loadFeature() new IHwSplineOverScrollerEx()
05-13 16:39:05.616 23841 23841 D HwSplineOverScrollerExImpl: initSplineOverScrollerImpl paras: android.widget.OverScroller$SplineOverScroller@6168b7f,com.google.android.apps.gsa.nowoverlayservice.c@3e0c415
05-13 16:39:05.616 23841 23841 D HwSplineOverScrollerExImpl: initSplineOverScrollerImpl: mScrollerVelocity is 0, value is 0
05-13 16:39:05.620 23841 23841 I FLTAG_FM: loadFeature class:com.huawei.featurelayer.systemfeature.HwWidget.IHwSplineOverScrollerEx
05-13 16:39:05.620 23841 23841 I FLTAG_SFM: getRequireClassLoader() succ ! className: com.huawei.featurelayer.systemfeature.HwWidget.IHwSplineOverScrollerEx
05-13 16:39:05.620 23841 23841 D FeatureFactory: loadFeature() : com.huawei.featurelayer.systemfeature.HwWidget.IHwSplineOverScrollerEx
05-13 16:39:05.620 23841 23841 D FeatureFactory: loadFeature() new IHwSplineOverScrollerEx()
05-13 16:39:05.620 23841 23841 D HwSplineOverScrollerExImpl: initSplineOverScrollerImpl paras: android.widget.OverScroller$SplineOverScroller@f64bad6,com.google.android.apps.gsa.nowoverlayservice.c@3e0c415
05-13 16:39:05.620 23841 23841 D HwSplineOverScrollerExImpl: initSplineOverScrollerImpl: mScrollerVelocity is 0, value is 0
05-13 16:39:05.625 24331 24355 I chatty  : uid=10061 com.huawei.hwid.core expire 5 lines
05-13 16:39:05.626 24295 24295 I GoogleHttpClient: GMS http client unavailable, use old client
05-13 16:39:05.629 23866 23866 W Primes  : Primes not initialized, returning default (no-op) Primes instance which will ignore all calls. Please call Primes.initialize(...) before using any Primes API.
05-13 16:39:05.629 23841 24090 I AudioController: Created new AudioSource
05-13 16:39:05.632 23841 24090 I MicroDetectionWorker: onReady
05-13 16:39:05.633 23994 24277 I NetworkKit_LocalManagerProxy: list by AssetsManager, timeCost:215
05-13 16:39:05.633 23994 24277 I NetworkKit_LocalManagerProxy: appConfigName is: grs_app_global_route_config.json
05-13 16:39:05.634 23994 24274 E BundleMgrProxy: get device type failed by the key hw_sc.build.os.devicetype, and get it again by the old key ro.build.characteristic instead.
05-13 16:39:05.634 23994 24274 E BundleMgrProxy: get api version failed by the key hw_sc.build.os.apiversion, and get it again by the old key ro.build.ohos.apiversion instead.
05-13 16:39:05.635 23914 23914 W RcsProvisioning: Failed to read configuration: /data/user/0/com.google.android.ims/files/hvconfig (No such file or directory)
05-13 16:39:05.636 23914 23914 W RcsProvisioning: java.io.FileNotFoundException: /data/user/0/com.google.android.ims/files/hvconfig (No such file or directory)
05-13 16:39:05.636 23914 23914 W RcsProvisioning: 	at java.io.FileInputStream.open0(Native Method)
05-13 16:39:05.636 23914 23914 W RcsProvisioning: 	at java.io.FileInputStream.open(FileInputStream.java:231)
05-13 16:39:05.636 23914 23914 W RcsProvisioning: 	at java.io.FileInputStream.<init>(FileInputStream.java:165)
05-13 16:39:05.636 23914 23914 W RcsProvisioning: 	at android.app.ContextImpl.openFileInput(ContextImpl.java:592)
05-13 16:39:05.636 23914 23914 W RcsProvisioning: 	at android.content.ContextWrapper.openFileInput(ContextWrapper.java:202)
05-13 16:39:05.636 23914 23914 W RcsProvisioning: 	at dbm.a(SourceFile:2)
05-13 16:39:05.636 23914 23914 W RcsProvisioning: 	at cjz.a(SourceFile:4)
05-13 16:39:05.636 23914 23914 W RcsProvisioning: 	at cka.a(SourceFile:7)
05-13 16:39:05.636 23914 23914 W RcsProvisioning: 	at cjc.<init>(SourceFile:9)
05-13 16:39:05.636 23914 23914 W RcsProvisioning: 	at cjn.<init>(SourceFile:9)
05-13 16:39:05.636 23914 23914 W RcsProvisioning: 	at com.google.android.ims.CarrierServicesReleaseApp.onCreate(SourceFile:119)
05-13 16:39:05.636 23914 23914 W RcsProvisioning: 	at android.app.Instrumentation.callApplicationOnCreate(Instrumentation.java:1162)
05-13 16:39:05.636 23914 23914 W RcsProvisioning: 	at android.app.ActivityThread.handleBindApplication(ActivityThread.java:6717)
05-13 16:39:05.636 23914 23914 W RcsProvisioning: 	at android.app.ActivityThread.access$2000(ActivityThread.java:273)
05-13 16:39:05.636 23914 23914 W RcsProvisioning: 	at android.app.ActivityThread$H.handleMessage(ActivityThread.java:2020)
05-13 16:39:05.636 23914 23914 W RcsProvisioning: 	at android.os.Handler.dispatchMessage(Handler.java:112)
05-13 16:39:05.636 23914 23914 W RcsProvisioning: 	at android.os.Looper.loop(Looper.java:216)
05-13 16:39:05.636 23914 23914 W RcsProvisioning: 	at android.app.ActivityThread.main(ActivityThread.java:7625)
05-13 16:39:05.636 23914 23914 W RcsProvisioning: 	at java.lang.reflect.Method.invoke(Native Method)
05-13 16:39:05.636 23914 23914 W RcsProvisioning: 	at com.android.internal.os.RuntimeInit$MethodAndArgsCaller.run(RuntimeInit.java:524)
05-13 16:39:05.636 23914 23914 W RcsProvisioning: 	at com.android.internal.os.ZygoteInit.main(ZygoteInit.java:987)
05-13 16:39:05.636 23914 23914 D RcsProvisioning: Retrieving backup token
05-13 16:39:05.637 23994 24274 I HslPackageManager: Get Hsl Package Manager.
05-13 16:39:05.637 23994 24274 I HslPackageManager: is Support Hsl false
05-13 16:39:05.638 23866 23905 E MemoryLeakMonitorManager: MemoryLeakMonitor.jar is not exist!
05-13 16:39:05.641 23994 24290 I NetworkKit_NetworkServiceManager: networkServices map is: {netdiag=com.huawei.hms.network.netdiag.NetDiagnosisService@52f8e1a, ai=com.huawei.hms.network.ai.AIPolicyService@4a79d4b, dns=com.huawei.hms.network.dns.DNSService@4d0328, config=com.huawei.hms.network.conf.api.ConfigService@b0b841}
05-13 16:39:05.641 23994 24290 I NetworkKit_NetworkServiceManager: aiService,setOptions:
05-13 16:39:05.641 23994 24290 I NetworkKit_NetworkServiceManager: dnsService,setOptions:
05-13 16:39:05.641 23994 24290 I NetworkKit_NetworkServiceManager: netdiagService,setOptions:
05-13 16:39:05.647  1367  3039 I ActivityManager: Need to start process com.swiftkey.swiftkeyconfigurator for provider ContentProviderInfo{name=com.swiftkey.swiftkeyconfigurator className=com.swiftkey.swiftkeyconfigurator.ConfigProvider}, callerApp: ProcessRecord{c2800a4 24201:com.touchtype.swiftkey/u0a106}
05-13 16:39:05.647  1367  3039 V ActivityManager: startProcess: name=com.swiftkey.swiftkeyconfigurator app=null knownToBeDead=false thread=null pid=-1
05-13 16:39:05.649  1367  3039 V ActivityManager_MU: Waiting to start provider ContentProviderRecord{88f2bdb u0 com.swiftkey.swiftkeyconfigurator/.ConfigProvider} launchingApp=ProcessRecord{578fcea 0:com.swiftkey.swiftkeyconfigurator/u0a99} caller pid= 24201
05-13 16:39:05.649 24201 24221 E MemoryLeakMonitorManager: MemoryLeakMonitor.jar is not exist!
05-13 16:39:05.651  1367  1801 V ActivityManager: Successfully start provider ContentProviderRecord{a9f18a u0 com.google.android.gsf/.settings.GoogleSettingsProvider} launchingApp=ProcessRecord{8f79ff5 24295:com.google.process.gapps/u0a120} caller pid= 23841
05-13 16:39:05.654 24295 24324 E MemoryLeakMonitorManager: MemoryLeakMonitor.jar is not exist!
05-13 16:39:05.657 23994 24004 E         : [ZeroHung]zrhung_get_config: Get config failed for wp[0x0008]
05-13 16:39:05.662 23994 24277 I NetworkKit_AbstractLocalManager: load APP_CONFIG_FILE success{grs_app_global_route_config.json}.
05-13 16:39:05.667 23994 24370 I NetworkKit_TaskManager: DNS ThreadPool init!
05-13 16:39:05.668 23994 24370 I NetworkKit_DNResolverManager: enter Dns lazy update flow, domain: store-dra.hispace.dbankcloud.com, trigger type: dns_init, source: LocalDns
05-13 16:39:05.670 23994 24370 I NetworkKit_DNResolverManager: enter Dns lazy update flow, domain: metrics-dra.dt.dbankcloud.com, trigger type: dns_init, source: LocalDns
05-13 16:39:05.671  2018  2443 D PhoneInterfaceManager: [PhoneIntfMgr] isUserDataEnabled: subId=0 phoneId=0
05-13 16:39:05.671  2018  2443 D PhoneInterfaceManager: [PhoneIntfMgr] isUserDataEnabled: subId=0 retVal=true
05-13 16:39:05.673   546   546 I Zygote  : say something before unblock SIGCHLD, uid: 10099 pid: 24380, do not delete this log!
05-13 16:39:05.676  1367  1500 I ActivityManager: Start proc 24380:com.swiftkey.swiftkeyconfigurator/u0a99 for content provider com.swiftkey.swiftkeyconfigurator/.ConfigProvider
05-13 16:39:05.677  1367  1916 E ProcessInfoCollector: getProcessInfo: failed to find this proc 
05-13 16:39:05.680   545   645 I PreDnsController: canPreDnsQuery,persist.sys.predns is false!
05-13 16:39:05.681 24201 24201 I HwSecImmHelper: mSecurityInputMethodService is null
05-13 16:39:05.681   545   645 I PreDnsController: canPreDnsQuery,persist.sys.predns is false!
05-13 16:39:05.683  1367  7424 I HwNetworkPolicy: onTransact, code = 14
05-13 16:39:05.686 24201 24201 V HwPolicyFactory: : success to get AllImpl object and return....
05-13 16:39:05.686  1367  7424 D PackageManager: resolve intent for uid:10125, matchs:2, res:ResolveInfo{2083f42 com.huawei.android.launcher/.unihome.UniHomeLauncher m=0x108000}
05-13 16:39:05.689 23994 24277 I NetworkKit_LocalManagerProxy: on initLocalManager finish, check appGrs: false
05-13 16:39:05.689 23994 24277 I NetworkKit_c: postList is:{*s*r*i*e*"*[*c*m*h*a*e*.*p*t*u*h*u*d*t*s*k*,*c*m*h*a*e*.*p*m*r*e*V*5*,*c*m*h*a*e*.*l*u*.*e*w*r*c*e*k*,*c*m*h*a*e*.*p*a*e*,*c*m*h*a*e*.*l*u*.*p*n*d*h*a*a*y*i*s*,*c*m*h*a*e*.*l*u*.*m*c*r*I*s*a*l*r*D*"*"*o*.*u*w*i*u*d*t*s*k*,*c*m*h*a*e*.*p*m*r*e*V*2*,*c*m*h*a*e*.*p*m*r*e*V*1*,*c*m*h*a*e*.*p*m*r*e*V*4*,*c*m*h*a*e*.*l*u*.*u*c*c*r*"*"*o*.*u*w*i*a*p*a*k*t*0*"*"*o*.*u*w*i*d*k*e*e*"*"*o*.*u*w*i*c*o*d*q*i*k*p*.*d*"*"*o*.*u*w*i*h*s*o*e*d*v*c*s*k*,*c*m*h*a*e*.*l*u*.*i*n*l*t*c*.*s*g*,*c*m*h*a*e*.*h*n*s*r*i*e*d*"*"*o*.*u*w*i*c*o*d*l*g*e*v*c*"*"*o*.*u*w*i*c*o*d*m*k*t*i*n*l*t*c*"*"*o*.*u*w*i*c*o*d*h*a*a*y*i*s*,*c*m*h*a*e*.*l*u*.*g*e*m*n*s*r*i*e*,*c*m*h*a*e*.*i*e*l*p*.*o*e*a*c*s*"*"*o*.*u*w*i*c*o*d*h*i*"*"*o*.*u*w*i*w*a*"*}
05-13 16:39:05.689 23994 24277 I NetworkKit_c: Try to clear unUsed sp data.
05-13 16:39:05.690 23994 24277 I NetworkKit_PLSharedPreferences: sp size 10
05-13 16:39:05.691 24380 24380 I keyconfigurato: Reinit property: dalvik.vm.checkjni= false
05-13 16:39:05.692 23994 24273 I NetworkKit_e: isSpExpire false.
05-13 16:39:05.692 23994 24273 I NetworkKit_a: GrsClientManager.getUrlsLocal: Get URL from GRS Server Cache
05-13 16:39:05.692 23994 24273 I NetworkKit_a: GrsClientManager.ayncGetGrsUrlsReturn [com.huawei.cloud.hianalytics.aspg] Urls: {*R*O*"*"*t*p*:*/*/*e*r*c*-*r*.*t*d*a*k*l*u*.*o*:*4*"*"*O*T*2*:*h*t*s*\*\*m*t*i*s*d*a*d*.*b*n*c*o*d*c*m*4*3*}
05-13 16:39:05.692 23994 24273 I NetworkKit_a: ayncGetGrsUrls: {*R*O*"*"*t*p*:*/*/*e*r*c*-*r*.*t*d*a*k*l*u*.*o*:*4*"*"*O*T*2*:*h*t*s*\*\*m*t*i*s*d*a*d*.*b*n*c*o*d*c*m*4*3*}
05-13 16:39:05.693 24380 24380 E keyconfigurato: Not starting debugger since process cannot load the jdwp agent.
05-13 16:39:05.695 24201 24201 V HwWidgetFactory: : successes to get AllImpl object and return....
05-13 16:39:05.703 24201 24201 I HwApsImpl: APS: new HwApsImpl created
05-13 16:39:05.709 23841 24043 I cr_CronetLibraryLoader: Cronet version: 75.0.3770.8, arch: aarch64
05-13 16:39:05.711 24380 24380 D ZrHung.AppEyeUiProbe: AppEyeUIP created.
05-13 16:39:05.714 24201 24201 I HwPhoneWindow: updateLayoutParamsColor true mSpecialSet=false, mForcedNavigationBarColor=false, navigationBarColor=0, mNavBarShow=false, mIsFloating=true
05-13 16:39:05.714 24201 24201 I HwPhoneWindow: updateLayoutParamsColor true mSpecialSet=false, mForcedNavigationBarColor=false, navigationBarColor=ffffffff, mNavBarShow=false, mIsFloating=true
05-13 16:39:05.718 24380 24380 D ActivityThread: Attach thread to application
05-13 16:39:05.724 23994 23994 I HslPackageManager: Get Hsl Package Manager.
05-13 16:39:05.748 24380 24380 I keyconfigurato: The ClassLoaderContext is a special shared library.
05-13 16:39:05.749 24380 24404 I HwApiCacheMangerEx: apicache path=/storage/emulated/0 state=mounted key=com.swiftkey.swiftkeyconfigurator#10099#256
05-13 16:39:05.754 24380 24404 I HwApiCacheMangerEx: apicache path=/storage/emulated/0 state=mounted key=com.swiftkey.swiftkeyconfigurator#10099#0
05-13 16:39:05.756 23994 23994 I QuickCard: [ComponentRegistry] register div
05-13 16:39:05.758 23994 23994 I QuickCard: [ComponentRegistry] register text
05-13 16:39:05.759 24380 24404 I HwLogExceptionInner: Log blacklist 
05-13 16:39:05.760 23994 23994 I QuickCard: [ComponentRegistry] register image
05-13 16:39:05.761 23994 23994 I QuickCard: [ComponentRegistry] register stack
05-13 16:39:05.762 23994 23994 I QuickCard: [ComponentRegistry] register list
05-13 16:39:05.763 23994 23994 I QuickCard: [ComponentRegistry] register list-item
05-13 16:39:05.765 23994 23994 I QuickCard: [ComponentRegistry] register progress_horizontal
05-13 16:39:05.766 23994 23994 I QuickCard: [ComponentRegistry] register progress
05-13 16:39:05.767 23994 23994 I QuickCard: [ComponentRegistry] register progress_circular
05-13 16:39:05.767 23994 23994 I QuickCard: [ComponentRegistry] register span
05-13 16:39:05.767 23994 23994 I QuickCard: [ComponentRegistry] register span
05-13 16:39:05.767 23994 23994 I QuickCard: [ComponentRegistry] register statefulbutton
05-13 16:39:05.774 23994 23994 I QuickCard: [ComponentRegistry] register input
05-13 16:39:05.774 23994 23994 I QuickCard: [ComponentRegistry] register input_text
05-13 16:39:05.774 23994 23994 I QuickCard: [ComponentRegistry] register input_email
05-13 16:39:05.774 23994 23994 I QuickCard: [ComponentRegistry] register input_date
05-13 16:39:05.774 23994 23994 I QuickCard: [ComponentRegistry] register input_time
05-13 16:39:05.774 23994 23994 I QuickCard: [ComponentRegistry] register input_number
05-13 16:39:05.774 23994 23994 I QuickCard: [ComponentRegistry] register input_password
05-13 16:39:05.775 23994 23994 I QuickCard: [ComponentRegistry] register input_button
05-13 16:39:05.775 23994 23994 I QuickCard: [ComponentRegistry] register input_checkbox
05-13 16:39:05.776 23994 23994 I QuickCard: [ComponentRegistry] register input_radio
05-13 16:39:05.777 23994 23994 I QuickCard: [ComponentRegistry] register input_checkbox
05-13 16:39:05.778 23994 23994 I QuickCard: [ComponentRegistry] register input
05-13 16:39:05.778 23994 23994 I QuickCard: [ComponentRegistry] register input_text
05-13 16:39:05.778 23994 23994 I QuickCard: [ComponentRegistry] register input_email
05-13 16:39:05.778 23994 23994 I QuickCard: [ComponentRegistry] register input_date
05-13 16:39:05.778 23994 23994 I QuickCard: [ComponentRegistry] register input_time
05-13 16:39:05.778 23994 23994 I QuickCard: [ComponentRegistry] register input_number
05-13 16:39:05.778 23994 23994 I QuickCard: [ComponentRegistry] register input_password
05-13 16:39:05.780 23994 23994 I QuickCard: [ComponentRegistry] register drawable-image
05-13 16:39:05.781 23994 23994 I QuickCard: [ComponentRegistry] register download-button
05-13 16:39:05.783 23994 23994 I QuickCard: [ComponentRegistry] register interact-recom-app-view
05-13 16:39:05.784 23994 23994 I QuickCard: [ComponentRegistry] register interact-recom-word-view
05-13 16:39:05.785 23841 24282 I MicroDataManager: Created a new hotword model for:
05-13 16:39:05.785 23841 24282 I MicroDataManager:  LOC: https://www.gstatic.com/android-search/hotword/okgoogle/d11515beb088c22a5b4cfcbe50ed64be/hotword.data SR: 16000 CC: 1
05-13 16:39:05.785  1367  7424 I ActivityManager: Need to start process com.google.android.gms for provider ContentProviderInfo{name=com.google.android.gms.fonts className=com.google.android.gms.fonts.provider.FontsProvider}, callerApp: ProcessRecord{5d8b686 23841:com.google.android.googlequicksearchbox:search/u0a125}
05-13 16:39:05.785  1367  7424 V ActivityManager: startProcess: name=com.google.android.gms app=null knownToBeDead=false thread=null pid=-1
05-13 16:39:05.785 23994 24273 E FormalHASDK: HWPU==> setProtectionLabel: System no such method.
05-13 16:39:05.786  1367  7424 V ActivityManager_MU: Waiting to start provider ContentProviderRecord{94c31 u0 com.google.android.gms/.fonts.provider.FontsProvider} launchingApp=ProcessRecord{67cb0d8 0:com.google.android.gms/u0a120} caller pid= 23841
05-13 16:39:05.790 23841 24105 I GsaNativeCrashHandler: Loaded shared library: nativecrashreporter
05-13 16:39:05.792 23841 24291 I MicroRecognitionRunner: Starting detection.
05-13 16:39:05.799 23914 23914 D RcsProvisioning: No backup token found
05-13 16:39:05.801 23914 23914 I CarrierServices: [1] CarrierServicesReleaseApp.a: Initializing MMTel
05-13 16:39:05.801 23994 24004 I uawei.appmarke: Background concurrent copying GC freed 76798(3MB) AllocSpace objects, 35(760KB) LOS objects, 57% free, 4MB/10MB, paused 1.529ms total 142.261ms
05-13 16:39:05.805   546   546 I Zygote  : say something before unblock SIGCHLD, uid: 10120 pid: 24421, do not delete this log!
05-13 16:39:05.805 23841 24291 I MultipleReaderAudioSrc: Using micInputStream
05-13 16:39:05.806 23841 24105 I MicrophoneInputStream: mic_starting  SR : 16000 CC : 16 SO : 1999
05-13 16:39:05.808   578   578 E audio_custom: get_config_value: invalid path /proc/device-tree/audio_hw_config/asr_algo_info/asr_algo_name.
05-13 16:39:05.808   578   578 W audio_custom: get_asr_algo_info:query asr_algo_info /proc/device-tree/audio_hw_config/asr_algo_info/asr_algo_name fail, set asr_algo_name = null as default
05-13 16:39:05.808   610 13799 I hash_map_utils: key: 'asr_algo_info#asr_algo_name' value: ''
05-13 16:39:05.808   610 13799 I bt_a2dp_hw: adev_get_parameters: audio a2dp receive kvpairs asr_algo_info#asr_algo_name ,but need not handle
05-13 16:39:05.813  1367  1500 I ActivityManager: Start proc 24421:com.google.android.gms/u0a120 for content provider com.google.android.gms/.fonts.provider.FontsProvider
05-13 16:39:05.813  1367  1916 E ProcessInfoCollector: getProcessInfo: failed to find this proc 
05-13 16:39:05.816 24162 24174 E         : [ZeroHung]zrhung_get_config: Get config failed for wp[0x0008]
05-13 16:39:05.817   610 13799 D AudioFlinger: event 162 
05-13 16:39:05.821 23914 23914 I CarrierServices: [1] dax.a: CarrierServices.apk is not sim call manager. Not enabling MMTel.
05-13 16:39:05.822 23914 23914 I CarrierServices: [1] ProvisioningService.a: Should not enable MMTel. Not scheduling provisioning.
05-13 16:39:05.822 24421 24421 I gle.android.gm: Reinit property: dalvik.vm.checkjni= false
05-13 16:39:05.825   610 13799 I APM_AudioPolicyManager: getInputForAttr() source 1999, sampling rate 16000, format 0x1, channel mask 0x10,session 601, flags 0  attr.flags 0
05-13 16:39:05.825   610 13799 W APM_AudioPolicyManager: getInputForDevice() sucess find profile for device 0x80000004, sampling rate 16000, format 0x1, channel mask 0x10, flags 0  concurretnFlag 0x0
05-13 16:39:05.825   578   578 I audio_hw_primary: adev_open_input_stream++ d:0x80000004 ch:0x10 fmt:1 rate:16000 flg:0x0 s:6
05-13 16:39:05.825   578   578 I audio_hw_primary: update config period size 960, channels 2
05-13 16:39:05.825   578   578 I audio_hw_primary: change channel_mask form 10 to AUDIO_CHANNEL_IN_STEREO
05-13 16:39:05.827 24421 24421 E gle.android.gm: Not starting debugger since process cannot load the jdwp agent.
05-13 16:39:05.838 24047 24059 E         : [ZeroHung]zrhung_get_config: Get config failed for wp[0x0008]
05-13 16:39:05.838   578   578 I audio_hw_effect: set in device = 80000004 to hifi
05-13 16:39:05.838   578   578 I audio_hw_primary: adev_open_input_stream ---
05-13 16:39:05.841   610 13799 I AudioFlinger: 0x7607415c40 RecordThread params: mChannelCount=1, mFormat=0x1, mFrameSize=2, mBufferSize=640, mFrameCount=320
05-13 16:39:05.843   610 24437 I AudioFlinger: AudioFlinger's thread 0x7607415c40 tid=24437 ready to run
05-13 16:39:05.843   578   578 I audio_hw_primary: do_in_standby standby:1,in_dev:0,in->dev:4,pcm_dev:0,flg:0
05-13 16:39:05.844   578   578 I audio_hw_primary: do_in_standby standby:1,in_dev:0,in->dev:4,pcm_dev:0,flg:0
05-13 16:39:05.847 24421 24421 D ZrHung.AppEyeUiProbe: AppEyeUIP created.
05-13 16:39:05.848   610 13799 D AudioFlinger: event 162 
05-13 16:39:05.848   610 13799 D AudioFlinger: Open Record uid=10125 rate=16000 format=1 channel=16
05-13 16:39:05.849 24421 24421 D ActivityThread: Attach thread to application
05-13 16:39:05.851 23994 23994 I uawei.appmarke: Rejecting re-init on previously-failed class java.lang.Class<com.huawei.appmarket.zy>: java.lang.NoClassDefFoundError: Failed resolution of: Lcom/hihonor/android/fsm/HwFoldScreenManagerEx$FoldDisplayModeListener;
05-13 16:39:05.851 23994 23994 I uawei.appmarke:   at void com.huawei.appmarket.framework.app.StoreApplication.onCreate() (:39)
05-13 16:39:05.851 23994 23994 I uawei.appmarke:   at void android.app.Instrumentation.callApplicationOnCreate(android.app.Application) (Instrumentation.java:1162)
05-13 16:39:05.851 23994 23994 I uawei.appmarke:   at void android.app.ActivityThread.handleBindApplication(android.app.ActivityThread$AppBindData) (ActivityThread.java:6717)
05-13 16:39:05.851 23994 23994 I uawei.appmarke:   at void android.app.ActivityThread.access$2000(android.app.ActivityThread, android.app.ActivityThread$AppBindData) (ActivityThread.java:273)
05-13 16:39:05.851 23994 23994 I uawei.appmarke:   at void android.app.ActivityThread$H.handleMessage(android.os.Message) (ActivityThread.java:2020)
05-13 16:39:05.851 23994 23994 I uawei.appmarke:   at void android.os.Handler.dispatchMessage(android.os.Message) (Handler.java:112)
05-13 16:39:05.851 23994 23994 I uawei.appmarke:   at void android.os.Looper.loop() (Looper.java:216)
05-13 16:39:05.851 23994 23994 I uawei.appmarke:   at void android.app.ActivityThread.main(java.lang.String[]) (ActivityThread.java:7625)
05-13 16:39:05.851 23994 23994 I uawei.appmarke:   at java.lang.Object java.lang.reflect.Method.invoke(java.lang.Object, java.lang.Object[]) (Method.java:-2)
05-13 16:39:05.851 23994 23994 I uawei.appmarke:   at void com.android.internal.os.RuntimeInit$MethodAndArgsCaller.run() (RuntimeInit.java:524)
05-13 16:39:05.851 23994 23994 I uawei.appmarke:   at void com.android.internal.os.ZygoteInit.main(java.lang.String[]) (ZygoteInit.java:987)
05-13 16:39:05.851 23994 23994 I uawei.appmarke: Caused by: java.lang.ClassNotFoundException: Didn't find class "com.hihonor.android.fsm.HwFoldScreenManagerEx$FoldDisplayModeListener" on path: DexPathList[[zip file "/system/framework/org.apache.http.legacy.boot.jar", zip file "/system/framework/hwkeystore.jar", zip file "/data/app/com.huawei.appmarket-bWkl_hR4S96vpDP-wq-OjQ==/base.apk"],nativeLibraryDirectories=[/data/app/com.huawei.appmarket-bWkl_hR4S96vpDP-wq-OjQ==/lib/arm64, /data/app/com.huawei.appmarket-bWkl_hR4S96vpDP-wq-OjQ==/base.apk!/lib/arm64-v8a, /system/lib64, /product/lib64]]
05-13 16:39:05.851 23994 23994 I uawei.appmarke:   at java.lang.Class dalvik.system.BaseDexClassLoader.findClass(java.lang.String) (BaseDexClassLoader.java:134)
05-13 16:39:05.851 23994 23994 I uawei.appmarke:   at java.lang.Class java.lang.ClassLoader.loadClass(java.lang.String, boolean) (ClassLoader.java:379)
05-13 16:39:05.851 23994 23994 I uawei.appmarke:   at java.lang.Class java.lang.ClassLoader.loadClass(java.lang.String) (ClassLoader.java:312)
05-13 16:39:05.851 23994 23994 I uawei.appmarke:   at void com.huawei.appmarket.framework.app.StoreApplication.onCreate() (:39)
05-13 16:39:05.851 23994 23994 I uawei.appmarke:   at void android.app.Instrumentation.callApplicationOnCreate(android.app.Application) (Instrumentation.java:1162)
05-13 16:39:05.851 23994 23994 I uawei.appmarke:   at void android.app.ActivityThread.handleBindApplication(android.app.ActivityThread$AppBindData) (ActivityThread.java:6717)
05-13 16:39:05.851 23994 23994 I uawei.appmarke:   at void android.app.ActivityThread.access$2000(android.app.ActivityThread, android.app.ActivityThread$AppBindData) (ActivityThread.java:273)
05-13 16:39:05.851 23994 23994 I uawei.appmarke:   at void android.app.ActivityThread$H.handleMessage(android.os.Message) (ActivityThread.java:2020)
05-13 16:39:05.851 23994 23994 I uawei.appmarke:   at void android.os.Handler.dispatchMessage(android.os.Message) (Handler.java:112)
05-13 16:39:05.851 23994 23994 I uawei.appmarke:   at void android.os.Looper.loop() (Looper.java:216)
05-13 16:39:05.851 23994 23994 I uawei.appmarke:   at void android.app.ActivityThread.main(java.lang.String[]) (ActivityThread.java:7625)
05-13 16:39:05.851 23994 23994 I uawei.appmarke:   at java.lang.Object java.lang.reflect.Method.invoke(java.lang.Object, java.lang.Object[]) (Method.java:-2)
05-13 16:39:05.851 23994 23994 I uawei.appmarke:   at void com.android.internal.os.RuntimeInit$MethodAndArgsCaller.run() (RuntimeInit.java:524)
05-13 16:39:05.851 23994 23994 I uawei.appmarke:   at void com.android.internal.os.ZygoteInit.main(java.lang.String[]) (ZygoteInit.java:987)
05-13 16:39:05.851 23994 23994 I uawei.appmarke: 
05-13 16:39:05.852 23994 23994 I uawei.appmarke: Rejecting re-init on previously-failed class java.lang.Class<com.huawei.appmarket.zy>: java.lang.NoClassDefFoundError: Failed resolution of: Lcom/hihonor/android/fsm/HwFoldScreenManagerEx$FoldDisplayModeListener;
05-13 16:39:05.852 23994 23994 I uawei.appmarke:   at void com.huawei.appmarket.framework.app.StoreApplication.onCreate() (:39)
05-13 16:39:05.852 23994 23994 I uawei.appmarke:   at void android.app.Instrumentation.callApplicationOnCreate(android.app.Application) (Instrumentation.java:1162)
05-13 16:39:05.852 23994 23994 I uawei.appmarke:   at void android.app.ActivityThread.handleBindApplication(android.app.ActivityThread$AppBindData) (ActivityThread.java:6717)
05-13 16:39:05.852 23994 23994 I uawei.appmarke:   at void android.app.ActivityThread.access$2000(android.app.ActivityThread, android.app.ActivityThread$AppBindData) (ActivityThread.java:273)
05-13 16:39:05.852 23994 23994 I uawei.appmarke:   at void android.app.ActivityThread$H.handleMessage(android.os.Message) (ActivityThread.java:2020)
05-13 16:39:05.852 23994 23994 I uawei.appmarke:   at void android.os.Handler.dispatchMessage(android.os.Message) (Handler.java:112)
05-13 16:39:05.852 23994 23994 I uawei.appmarke:   at void android.os.Looper.loop() (Looper.java:216)
05-13 16:39:05.852 23994 23994 I uawei.appmarke:   at void android.app.ActivityThread.main(java.lang.String[]) (ActivityThread.java:7625)
05-13 16:39:05.852 23994 23994 I uawei.appmarke:   at java.lang.Object java.lang.reflect.Method.invoke(java.lang.Object, java.lang.Object[]) (Method.java:-2)
05-13 16:39:05.852 23994 23994 I uawei.appmarke:   at void com.android.internal.os.RuntimeInit$MethodAndArgsCaller.run() (RuntimeInit.java:524)
05-13 16:39:05.852 23994 23994 I uawei.appmarke:   at void com.android.internal.os.ZygoteInit.main(java.lang.String[]) (ZygoteInit.java:987)
05-13 16:39:05.852 23994 23994 I uawei.appmarke: Caused by: java.lang.ClassNotFoundException: Didn't find class "com.hihonor.android.fsm.HwFoldScreenManagerEx$FoldDisplayModeListener" on path: DexPathList[[zip file "/system/framework/org.apache.http.legacy.boot.jar", zip file "/system/framework/hwkeystore.jar", zip file "/data/app/com.huawei.appmarket-bWkl_hR4S96vpDP-wq-OjQ==/base.apk"],nativeLibraryDirectories=[/data/app/com.huawei.appmarket-bWkl_hR4S96vpDP-wq-OjQ==/lib/arm64, /data/app/com.huawei.appmarket-bWkl_hR4S96vpDP-wq-OjQ==/base.apk!/lib/arm64-v8a, /system/lib64, /product/lib64]]
05-13 16:39:05.852 23994 23994 I uawei.appmarke:   at java.lang.Class dalvik.system.BaseDexClassLoader.findClass(java.lang.String) (BaseDexClassLoader.java:134)
05-13 16:39:05.852 23994 23994 I uawei.appmarke:   at java.lang.Class java.lang.ClassLoader.loadClass(java.lang.String, boolean) (ClassLoader.java:379)
05-13 16:39:05.852 23994 23994 I uawei.appmarke:   at java.lang.Class java.lang.ClassLoader.loadClass(java.lang.String) (ClassLoader.java:312)
05-13 16:39:05.852 23994 23994 I uawei.appmarke:   at void com.huawei.appmarket.framework.app.StoreApplication.onCreate() (:39)
05-13 16:39:05.852 23994 23994 I uawei.appmarke:   at void android.app.Instrumentation.callApplicationOnCreate(android.app.Application) (Instrumentation.java:1162)
05-13 16:39:05.852 23994 23994 I uawei.appmarke:   at void android.app.ActivityThread.handleBindApplication(android.app.ActivityThread$AppBindData) (ActivityThread.java:6717)
05-13 16:39:05.852 23994 23994 I uawei.appmarke:   at void android.app.ActivityThread.access$2000(android.app.ActivityThread, android.app.ActivityThread$AppBindData) (ActivityThread.java:273)
05-13 16:39:05.852 23994 23994 I uawei.appmarke:   at void android.app.ActivityThread$H.handleMessage(android.os.Message) (ActivityThread.java:2020)
05-13 16:39:05.852 23994 23994 I uawei.appmarke:   at void android.os.Handler.dispatchMessage(android.os.Message) (Handler.java:112)
05-13 16:39:05.852 23994 23994 I uawei.appmarke:   at void android.os.Looper.loop() (Looper.java:216)
05-13 16:39:05.852 23994 23994 I uawei.appmarke:   at void android.app.ActivityThread.main(java.lang.String[]) (ActivityThread.java:7625)
05-13 16:39:05.852 23994 23994 I uawei.appmarke:   at java.lang.Object java.lang.reflect.Method.invoke(java.lang.Object, java.lang.Object[]) (Method.java:-2)
05-13 16:39:05.852 23994 23994 I uawei.appmarke:   at void com.android.internal.os.RuntimeInit$MethodAndArgsCaller.run() (RuntimeInit.java:524)
05-13 16:39:05.852 23994 23994 I uawei.appmarke:   at void com.android.internal.os.ZygoteInit.main(java.lang.String[]) (ZygoteInit.java:987)
05-13 16:39:05.852 23994 23994 I uawei.appmarke: 
05-13 16:39:05.855 23914 23914 I CarrierServices: [1] bst.a: Migration binding to RcsMigrationService
05-13 16:39:05.858  1367  1801 V ActivityManager: startProcess: name=com.google.android.apps.messaging app=null knownToBeDead=true thread=null pid=-1
05-13 16:39:05.861 23994 24178 W HiApp.UpM/UpdateDataManagerImpl: IAppDataManager-0{9871} infos is empty
05-13 16:39:05.864 23994 24178 W HiApp.AGUI/HwDisplaySafeInsetsUtils: main{1} the version sdk api < 28, need not get display safe insets.
05-13 16:39:05.865 24380 24380 D ContentProvider: onCreate
05-13 16:39:05.865 23841 24105 D AudioRecordPermission: AudioRecordPermission
05-13 16:39:05.872 24380 24404 I AwareBitmapCacher: init processName:com.swiftkey.swiftkeyconfigurator pid=24380 uid=10099
05-13 16:39:05.873  1367  3039 V ActivityManager: Successfully start provider ContentProviderRecord{88f2bdb u0 com.swiftkey.swiftkeyconfigurator/.ConfigProvider} launchingApp=ProcessRecord{578fcea 24380:com.swiftkey.swiftkeyconfigurator/u0a99} caller pid= 24201
05-13 16:39:05.875 24380 24406 D ContentProvider: openAssetFile
05-13 16:39:05.879 24421 24421 I gle.android.gm: The ClassLoaderContext is a special shared library.
05-13 16:39:05.882 24380 24404 E MemoryLeakMonitorManager: MemoryLeakMonitor.jar is not exist!
05-13 16:39:05.887 23841 24105 I AudioRecordPermission: remindWithResult:false
05-13 16:39:05.888   610 13799 W HuaweiAudioFlinger: soundtrigger is now disable or not support, pls enable it first from setting
05-13 16:39:05.890  1999  2182 I PGAudioState: AUDIO_CREATAE_TRACK, audioInfo : [trackId : 101, sessionId : 601, type : audio_in, threadType : RECORD, streamType : DEFAULT, pid : 23841, uid : 10125, createState : new, playState : stop, audioTrackVolume: 1.0, finalVolume : 0.0, loop : false, stopByZeroTime : 0]
05-13 16:39:05.891  1999  2182 I PGAudioState: AUDIO_ADD_ACTIVE_TRACK, track id : 101
05-13 16:39:05.891  1999  2182 I PGServer: report state:1 event type:1 pid:23841 uid:10125 pkg:null to pid: 1999
05-13 16:39:05.891  1999  2182 I PGServer: report state:1 event type:1 pid:23841 uid:10125 pkg:null to pid: 1367
05-13 16:39:05.891  1999  2182 D PGAudioState: audio type:in state:start pid:23841 uid:10125
05-13 16:39:05.892   610 13799 I APM_AudioPolicyManager: AudioPolicyManager::startInput(input:126, session:601, silenced:0, concurrency:0)
05-13 16:39:05.892   610 13799 I APM_AudioPolicyManager: getNewInputDevice() selected device 0x80000004
05-13 16:39:05.892   610 13799 I APM_AudioPolicyManager: setInputDevice() input 126 device 80000004 force 1
05-13 16:39:05.895 24421 24421 I gle.android.gm: The ClassLoaderContext is a special shared library.
05-13 16:39:05.895   578   578 D audio_hw_primary: adev_create_audio_patch start
05-13 16:39:05.895   578   578 D audio_hw_primary: adev_create_audio_patch() device to mix
05-13 16:39:05.895   578   578 D audio_hw_primary: in_set_parameters_no_lock input_src:6,in_dev:0x80000004
05-13 16:39:05.896   578   578 I dsp_interface: dsp_set_source:source = 6
05-13 16:39:05.896   578   578 I dsp_soc : set source 6 succ
05-13 16:39:05.896   578   578 I dsp_common: dsp_common_set_source:source = 6
05-13 16:39:05.896   578   578 D audio_hw_primary: adev_create_audio_patch end, handle:20
05-13 16:39:05.896  1999  2182 I DeviceMonitor: Add AudioIn uid:10125 pid:-2
05-13 16:39:05.897 24421 24421 I gle.android.gm: The ClassLoaderContext is a special shared library.
05-13 16:39:05.898 24047 24185 W Contacts: AccountTypeManager Skipping extension package com.google.android.apps.plus because it doesn't have the CONTACTS_STRUCTURE metadata
05-13 16:39:05.898   610 13799 D APM::AudioInputDescriptor: IOprofile maxActiveCount == 1 curActiveCount = 0
05-13 16:39:05.898   610 13799 D APM_AudioPolicyManager: Reset soundTrigger state for concurrent flags:0x0
05-13 16:39:05.899   610 13799 V SoundTrigger: setCaptureState(1)
05-13 16:39:05.899  1367  2381 I BackgroundPermManager: pkgName: com.google.android.googlequicksearchbox,pid: 0 ,uidOf3RdApk: 10125 ,permType: 1 ,permCfg: 1
05-13 16:39:05.904   546   546 I Zygote  : say something before unblock SIGCHLD, uid: 10107 pid: 24451, do not delete this log!
05-13 16:39:05.905  1743 14483 E HSM_SEC_BG: BMNCaller:is not PermissionEnabled.
05-13 16:39:05.907  1367  1500 I ActivityManager: Start proc 24451:com.google.android.apps.messaging/u0a107 for service com.google.android.apps.messaging/.rcsmigration.RcsMigrationService
05-13 16:39:05.907  1367  1916 E ProcessInfoCollector: getProcessInfo: failed to find this proc 
05-13 16:39:05.910   610 13799 V SoundTriggerHwService: setCaptureState 1
05-13 16:39:05.910   610 13799 I hash_map_utils: key: 'queryKaraokeWhiteUID' value: '10125'
05-13 16:39:05.910   610 13799 I bt_a2dp_hw: adev_get_parameters: audio a2dp receive kvpairs queryKaraokeWhiteUID=10125 ,but need not handle
05-13 16:39:05.911   610 13799 I HuaweiAudioFlinger: [combine record] getParametersEx(queryKaraokeWhiteUID) uid=10125
05-13 16:39:05.911   610 13799 D AudioFlinger: startRecord setRecordSilenced:0
05-13 16:39:05.913 23914 23914 I CarrierServices: [1] bgw.a: Clearing indexes: [] from call history.
05-13 16:39:05.913   578 24458 I audio_hw_primary: start_input_stream:in_dev 0,dev 0x4,pcm_dev 0,flg 0
05-13 16:39:05.913   578 24458 I audio_hw_primary: select_devices++ mode[0]
05-13 16:39:05.914   578 24458 I audio_hw_primary: soundtrigger_standing wakeup path no need to open, standby = 1, mode = 0
05-13 16:39:05.914   578 24458 I audio_hw_primary: input_source_id 0x4, output_device_id 0x2
05-13 16:39:05.914   578 24458 I audio_hw_primary: select_devices d:0x2 is:6 or:media-lowlatency-speaker ir:voice-rec-mic id:0x4
05-13 16:39:05.914   578 24458 I spk_dev_interface: spk_dev_power_off: use new smartpakit version
05-13 16:39:05.914   578 24458 I smartpakit: pdata->device = 2, output_device = 2, pdata->mode = 0, mode = 0, same_user_defined_scene_flag = 0,on = 0
05-13 16:39:05.914   578 24458 I smartpakit: is not tty mode
05-13 16:39:05.914   578 24458 I smartpakit: is not mmi mode
05-13 16:39:05.914   578 24458 I smartpakit: smartpa status not changed, skip!
05-13 16:39:05.914   578 24458 I dsp_common: dsp_common_control_algo:set device = 2
05-13 16:39:05.914   578 24458 D audio_route: Apply path: media-lowlatency-speaker
05-13 16:39:05.915   578 24458 D audio_route: Apply path: voice-rec-mic
05-13 16:39:05.915   578 24458 I audio_hw_primary: soundtrigger_standing wakeup path no need to open, standby = 1, mode = 0
05-13 16:39:05.915   578 24458 I audio_hw_primary: pa is on, cannot start ir study,device = 2
05-13 16:39:05.915   578 24458 D audio_route: Apply path: media-lowlatency-speaker
05-13 16:39:05.916   578 24458 D audio_route: Apply path: voice-rec-mic
05-13 16:39:05.916   578 24458 I audio_hw_primary: soundtrigger_standing wakeup path no need to open, standby = 1, mode = 0
05-13 16:39:05.916   578 24458 I audio_hw_primary: pa is on, cannot start ir study,device = 2
05-13 16:39:05.916 23914 23931 E MemoryLeakMonitorManager: MemoryLeakMonitor.jar is not exist!
05-13 16:39:05.918 24421 24439 I HwLogExceptionInner: Log blacklist 
05-13 16:39:05.919 23841 24105 I HwAudioRecordImpl: HwAudioRecordImpl
05-13 16:39:05.919 23841 24105 I HwAudioRecordImpl: sendStateChangedIntent, state=3
05-13 16:39:05.921 23841 24105 I MicrophoneInputStream: mic_started  SR : 16000 CC : 16 SO : 1999
05-13 16:39:05.921 23994 23994 I HiApp.StartUpLog_StoreApplication: main{1} application onCreate sync finish.
05-13 16:39:05.922 23994 24007 E MemoryLeakMonitorManager: MemoryLeakMonitor.jar is not exist!
05-13 16:39:05.927 23914 23914 I CarrierServices: [1] RcsService.a: Initializing RcsService.
05-13 16:39:05.929 23994 24178 W HiApp.AppShortCutMenu: ConcurrentGlobalQueue#7{9911} update shortcut info : IServerCallBack error, shortcutFromFlag: 0
05-13 16:39:05.937 24451 24451 I chatty  : uid=10107(com.google.android.apps.messaging) expire 20 lines
05-13 16:39:05.939 24380 24406 D ContentProvider: openAssetFile
05-13 16:39:05.946 24201 24364 D HwGalleryCacheManagerImpl: mIsEffect:false
05-13 16:39:05.951 23994 23994 E BundleMgrProxy: get device type failed by the key hw_sc.build.os.devicetype, and get it again by the old key ro.build.characteristic instead.
05-13 16:39:05.951 23994 23994 E BundleMgrProxy: get api version failed by the key hw_sc.build.os.apiversion, and get it again by the old key ro.build.ohos.apiversion instead.
05-13 16:39:05.954 24047 24185 W Contacts: AccountTypeManager Skipping extension package com.google.android.apps.plus because it doesn't have the CONTACTS_STRUCTURE metadata
05-13 16:39:05.955 24380 24406 D ContentProvider: openAssetFile
05-13 16:39:05.961 23994 23994 D HwInnerWifiManagerImpl: SupplicantState = COMPLETED
05-13 16:39:05.961 23994 23994 D HwInnerWifiManagerImpl: isPhoneAP = false
05-13 16:39:05.964  1367  1576 I chatty  : uid=1000(system) Binder:1367_4 expire 1 line
05-13 16:39:05.965 23994 23994 D HwInnerWifiManagerImpl: SupplicantState = COMPLETED
05-13 16:39:05.965 23994 23994 D HwInnerWifiManagerImpl: isPhoneAP = false
05-13 16:39: