05-13 16:24:37.188  1919  2042 I HidataAppQoeP: handleStateChanged reason=8
05-13 16:24:37.194  1919  2042 I PreDnsQuery: handleStateChanged reason=8
05-13 16:24:37.197  1919  2042 I PreDnsQuery: No need to handled!
05-13 16:24:37.197  1919  2042 I BrowserChrP: handleStateChanged
05-13 16:24:47.233  1919  2042 I DeepNoDisturbP: handleStateChanged reason=8
05-13 16:24:47.235  1919  2042 I HidataAppQoeP: handleStateChanged reason=8
05-13 16:24:47.236  2018  2514 I chatty  : uid=1001(radio) SMVoice-0 expire 32 lines
05-13 16:24:47.245  1919  2042 I PreDnsQuery: handleStateChanged reason=8
05-13 16:24:47.245  1919  2042 I PreDnsQuery: No need to handled!
05-13 16:24:47.245  1919  2042 I BrowserChrP: handleStateChanged
05-13 16:24:47.691  1367  1581 I chatty  : uid=1000(system) UEventObserver expire 12 lines
05-13 16:24:49.979  1919  2042 I DeepNoDisturbP: handleStateChanged reason=8
05-13 16:24:49.985  1919  2042 I HidataAppQoeP: handleStateChanged reason=8
05-13 16:24:49.989  1919  2042 I PreDnsQuery: handleStateChanged reason=8
05-13 16:24:49.991  1919  2042 I PreDnsQuery: No need to handled!
05-13 16:24:49.991  1919  2042 I BrowserChrP: handleStateChanged
05-13 16:24:50.832  2018  2494 I chatty  : uid=1001(radio) ConfigHandlerTh expire 64 lines
05-13 16:24:59.976  1919  2042 I DeepNoDisturbP: handleStateChanged reason=8
05-13 16:24:59.992  1919  2042 I HidataAppQoeP: handleStateChanged reason=8
05-13 16:25:00.011  1919  2042 I PreDnsQuery: handleStateChanged reason=8
05-13 16:25:00.014  1919  2042 I PreDnsQuery: No need to handled!
05-13 16:25:00.014  1919  2042 I BrowserChrP: handleStateChanged
05-13 16:25:00.019  2018  2514 I chatty  : uid=1001(radio) SMVoice-0 expire 58 lines
05-13 16:25:08.044  1367  1608 I chatty  : uid=1000(system) HwBinder:1367_2 expire 8 lines
05-13 16:25:08.075  1367 12986 I chatty  : uid=1000(system) Binder:1367_1D expire 12 lines
05-13 16:25:16.606  1367  1736 I chatty  : uid=1000(system) SyncManager expire 6 lines
05-13 16:25:17.948   729   735 I storaged: storaged_t::event: storage_info refreshed.
05-13 16:25:18.409  1367  1581 I chatty  : uid=1000(system) UEventObserver expire 12 lines
05-13 16:25:20.913  2018  2514 I chatty  : uid=1001(radio) SMVoice-0 expire 112 lines
05-13 16:25:30.929  2018  2494 I chatty  : uid=1001(radio) ConfigHandlerTh expire 56 lines
05-13 16:26:00.003  1367  1367 I chatty  : uid=1000 system_server expire 15 lines
05-13 16:26:00.950 22548 22548 D ActivityThread: Attach thread to application
05-13 16:26:01.013  2018  2514 I chatty  : uid=1001(radio) SMVoice-0 expire 42 lines
05-13 16:26:01.292 22548 22586 D HwCustConnectivityManagerImpl: isBlockNetworkRequestByNonAis, INVALID_SUBSCRIPTION_ID
05-13 16:26:01.295  1367  1640 I chatty  : uid=1000(system) ConnectivitySer expire 27 lines
05-13 16:26:01.300 22548 22586 D HwCustConnectivityManagerImpl: isBlockNetworkRequestByNonAis, INVALID_SUBSCRIPTION_ID
05-13 16:26:01.387  1367  1497 I chatty  : uid=1000(system) ActivityManager expire 11 lines
05-13 16:26:01.800 22628 22628 D ActivityThread: Attach thread to application
05-13 16:26:01.883  1367  3479 I chatty  : uid=1000(system) Binder:1367_F expire 10 lines
05-13 16:26:06.025  2018  2494 I chatty  : uid=1001(radio) ConfigHandlerTh expire 24 lines
05-13 16:26:06.758  1367  1825 I chatty  : uid=1000(system) watchdog expire 12 lines
05-13 16:26:13.042  1919  2042 I DeepNoDisturbP: handleStateChanged reason=8
05-13 16:26:13.055  1919  2042 I HidataAppQoeP: handleStateChanged reason=8
05-13 16:26:13.071  2018  2018 I chatty  : uid=1001(radio) com.android.phone expire 16 lines
05-13 16:26:13.077  1919  2042 I PreDnsQuery: handleStateChanged reason=8
05-13 16:26:13.078  2018  2514 I chatty  : uid=1001(radio) SMVoice-0 expire 76 lines
05-13 16:26:13.079  1919  2042 I PreDnsQuery: No need to handled!
05-13 16:26:13.079  1919  2042 I BrowserChrP: handleStateChanged
05-13 16:26:13.082  1367  1621 I chatty  : uid=1000(system) NetdConnector expire 18 lines
05-13 16:26:13.144  1743  1743 I HwNetworkPolicyManager: forceUpdatePolicy isRoaming = false
05-13 16:26:17.949   729   735 I storaged: storaged_t::event: storage_info refreshed.
05-13 16:26:19.864  1367  1581 I chatty  : uid=1000(system) UEventObserver expire 18 lines
05-13 16:26:21.061  2018  2494 I chatty  : uid=1001(radio) ConfigHandlerTh expire 24 lines
05-13 16:26:25.843  1919  2042 I DeepNoDisturbP: handleStateChanged reason=8
05-13 16:26:25.861  1919  2042 I HidataAppQoeP: handleStateChanged reason=8
05-13 16:26:25.872  1919  2042 W BoosterPlugin: getPSNetworkType, need update cause telephony type=0, mNetworkType=3
05-13 16:26:25.874  1919  2042 I PreDnsQuery: handleStateChanged reason=8
05-13 16:26:25.876  1919  2042 I PreDnsQuery: No need to handled!
05-13 16:26:25.876  1919  2042 I BrowserChrP: handleStateChanged
05-13 16:26:25.881  1919  2042 I DeepNoDisturbP: handleStateChanged reason=8
05-13 16:26:25.889  1919  2042 I HidataAppQoeP: handleStateChanged reason=8
05-13 16:26:25.892  1919  2042 I PreDnsQuery: handleStateChanged reason=8
05-13 16:26:25.894  1919  2042 I PreDnsQuery: No need to handled!
05-13 16:26:25.894  1919  2042 I BrowserChrP: handleStateChanged
05-13 16:26:25.973  1743  1743 I HwNetworkPolicyManager: forceUpdatePolicy isRoaming = false
05-13 16:26:25.980  1367  3479 I chatty  : uid=1000(system) Binder:1367_F expire 2 lines
05-13 16:26:26.047  1367 22686 I chatty  : uid=1000 system_server expire 4 lines
05-13 16:26:26.067  1367  1640 I chatty  : uid=1000(system) ConnectivitySer expire 35 lines
05-13 16:26:26.067  1919 31886 I BoosterSwitchP: notifyUidState do nothing
05-13 16:26:26.067  1919 31886 I DeepNoDisturbP: notifyUidState
05-13 16:26:26.067  1919 31886 I BrowserChrP: notifyUidState
05-13 16:26:26.085  1919 31886 I BoosterSwitchP: notifyUidState do nothing
05-13 16:26:26.085  1919 31886 I DeepNoDisturbP: notifyUidState
05-13 16:26:26.085  1919 31886 I BrowserChrP: notifyUidState
05-13 16:26:26.097  1367  1367 I chatty  : uid=1000 system_server expire 10 lines
05-13 16:26:26.099  1919 26156 I BoosterSwitchP: notifyUidState do nothing
05-13 16:26:26.099  1919 26156 I DeepNoDisturbP: notifyUidState
05-13 16:26:26.099  1919 26156 I BrowserChrP: notifyUidState
05-13 16:26:26.103  1367  5057 I chatty  : uid=1000(system) Binder:1367_11 expire 16 lines
05-13 16:26:26.106  1367  2183 I chatty  : uid=1000(system) Binder:1367_A expire 10 lines
05-13 16:26:27.116 22689 22689 D ActivityThread: Attach thread to application
05-13 16:26:27.340 22689 22689 D HwCustConnectivityManagerImpl: isBlockNetworkRequestByNonAis, INVALID_SUBSCRIPTION_ID
05-13 16:26:30.994  1919 31886 I BoosterSwitchP: notifyUidState do nothing
05-13 16:26:30.994  1919 31886 I DeepNoDisturbP: notifyUidState
05-13 16:26:30.994  1919 31886 I BrowserChrP: notifyUidState
05-13 16:26:32.052 22764 22764 D ActivityThread: Attach thread to application
05-13 16:26:32.318 22764 22764 D HwCustConnectivityManagerImpl: isBlockNetworkRequestByNonAis, INVALID_SUBSCRIPTION_ID
05-13 16:26:35.817  1919  2042 I DeepNoDisturbP: handleStateChanged reason=8
05-13 16:26:35.824  1919  2042 I HidataAppQoeP: handleStateChanged reason=8
05-13 16:26:35.843  1919  2042 W BoosterPlugin: getPSNetworkType, need update cause telephony type=3, mNetworkType=0
05-13 16:26:35.843  1919  2042 I PreDnsQuery: handleStateChanged reason=8
05-13 16:26:35.845  1919  2042 I PreDnsQuery: No need to handled!
05-13 16:26:35.846  1919  2042 I BrowserChrP: handleStateChanged
05-13 16:26:35.860  2018  2514 I chatty  : uid=1001(radio) SMVoice-0 expire 46 lines
05-13 16:26:36.097  2018  2494 I chatty  : uid=1001(radio) ConfigHandlerTh expire 24 lines
05-13 16:26:39.101  1919  2042 I DeepNoDisturbP: handleStateChanged reason=8
05-13 16:26:39.107  1919  2042 I HidataAppQoeP: handleStateChanged reason=8
05-13 16:26:39.113  1919  2042 I PreDnsQuery: handleStateChanged reason=8
05-13 16:26:39.114  1919  2042 I PreDnsQuery: No need to handled!
05-13 16:26:39.114  1919  2042 I BrowserChrP: handleStateChanged
05-13 16:26:49.094  1919  2042 I DeepNoDisturbP: handleStateChanged reason=8
05-13 16:26:49.100  1919  2042 I HidataAppQoeP: handleStateChanged reason=8
05-13 16:26:49.129  1919  2042 I PreDnsQuery: handleStateChanged reason=8
05-13 16:26:49.134  1919  2042 I PreDnsQuery: No need to handled!
05-13 16:26:49.134  1919  2042 I BrowserChrP: handleStateChanged
05-13 16:26:49.147  2018  2514 I chatty  : uid=1001(radio) SMVoice-0 expire 72 lines
05-13 16:26:51.126  2018  2494 I chatty  : uid=1001(radio) ConfigHandlerTh expire 24 lines
05-13 16:26:52.247  1919  2042 I DeepNoDisturbP: handleStateChanged reason=8
05-13 16:26:52.251  1919  2042 I HidataAppQoeP: handleStateChanged reason=8
05-13 16:26:52.260  2018  2018 I chatty  : uid=1001(radio) com.android.phone expire 14 lines
05-13 16:26:52.264  1919  2042 I PreDnsQuery: handleStateChanged reason=8
05-13 16:26:52.265  1919  2042 I PreDnsQuery: No need to handled!
05-13 16:26:52.265  1919  2042 I BrowserChrP: handleStateChanged
05-13 16:27:02.290  1919  2042 I DeepNoDisturbP: handleStateChanged reason=8
05-13 16:27:02.294  1919  2042 I HidataAppQoeP: handleStateChanged reason=8
05-13 16:27:02.300  1919  2042 I PreDnsQuery: handleStateChanged reason=8
05-13 16:27:02.303  1919  2042 I PreDnsQuery: No need to handled!
05-13 16:27:02.303  1919  2042 I BrowserChrP: handleStateChanged
05-13 16:27:05.516  1919  2042 I DeepNoDisturbP: handleStateChanged reason=8
05-13 16:27:05.525  1919  2042 I HidataAppQoeP: handleStateChanged reason=8
05-13 16:27:05.531  1919  2042 I PreDnsQuery: handleStateChanged reason=8
05-13 16:27:05.533  1919  2042 I PreDnsQuery: No need to handled!
05-13 16:27:05.533  1919  2042 I BrowserChrP: handleStateChanged
05-13 16:27:06.157  2018  2494 I chatty  : uid=1001(radio) ConfigHandlerTh expire 24 lines
05-13 16:27:08.704  1367  1916 I chatty  : uid=1000(system) MultiTaskManage expire 3 lines
05-13 16:27:08.730 22866 22866 D ActivityThread: Attach thread to application
05-13 16:27:11.177  2018  2514 I chatty  : uid=1001(radio) SMVoice-0 expire 74 lines
05-13 16:27:15.501  1919  2042 I DeepNoDisturbP: handleStateChanged reason=8
05-13 16:27:15.507  1919  2042 I HidataAppQoeP: handleStateChanged reason=8
05-13 16:27:15.531  1919  2042 I PreDnsQuery: handleStateChanged reason=8
05-13 16:27:15.536  1919  2042 I PreDnsQuery: No need to handled!
05-13 16:27:15.536  1919  2042 I BrowserChrP: handleStateChanged
05-13 16:27:17.949   729   735 I storaged: storaged_t::event: storage_info refreshed.
05-13 16:27:18.775  1919  2042 I DeepNoDisturbP: handleStateChanged reason=8
05-13 16:27:18.779  1919  2042 I HidataAppQoeP: handleStateChanged reason=8
05-13 16:27:18.782  1919  2042 I PreDnsQuery: handleStateChanged reason=8
05-13 16:27:18.783  1919  2042 I PreDnsQuery: No need to handled!
05-13 16:27:18.783  1919  2042 I BrowserChrP: handleStateChanged
05-13 16:27:21.184  2018  2494 I chatty  : uid=1001(radio) ConfigHandlerTh expire 24 lines
05-13 16:27:28.786  1919  2042 I DeepNoDisturbP: handleStateChanged reason=8
05-13 16:27:28.792  1919  2042 I HidataAppQoeP: handleStateChanged reason=8
05-13 16:27:28.805  1919  2042 I PreDnsQuery: handleStateChanged reason=8
05-13 16:27:28.808  1919  2042 I PreDnsQuery: No need to handled!
05-13 16:27:28.808  1919  2042 I BrowserChrP: handleStateChanged
05-13 16:27:31.607  1919  2042 I DeepNoDisturbP: handleStateChanged reason=8
05-13 16:27:31.616  1919  2042 I HidataAppQoeP: handleStateChanged reason=8
05-13 16:27:31.623  1919  2042 I PreDnsQuery: handleStateChanged reason=8
05-13 16:27:31.624  1919  2042 I PreDnsQuery: No need to handled!
05-13 16:27:31.624  1919  2042 I BrowserChrP: handleStateChanged
05-13 16:27:36.219  2018  2494 I chatty  : uid=1001(radio) ConfigHandlerTh expire 80 lines
05-13 16:27:36.223  2018  2514 I chatty  : uid=1001(radio) SMVoice-0 expire 148 lines
05-13 16:27:41.600  1919  2042 I DeepNoDisturbP: handleStateChanged reason=8
05-13 16:27:41.607  1919  2042 I HidataAppQoeP: handleStateChanged reason=8
05-13 16:27:41.633  1919  2042 I PreDnsQuery: handleStateChanged reason=8
05-13 16:27:41.636  1919  2042 I PreDnsQuery: No need to handled!
05-13 16:27:41.636  1919  2042 I BrowserChrP: handleStateChanged
05-13 16:27:41.639  1367  1621 I chatty  : uid=1000(system) NetdConnector expire 14 lines
05-13 16:27:52.005  1367  1581 I chatty  : uid=1000(system) UEventObserver expire 18 lines
05-13 16:28:00.076  1367  1576 I chatty  : uid=1000(system) Binder:1367_4 expire 10 lines
05-13 16:28:17.951   729   735 I storaged: storaged_t::event: storage_info refreshed.
05-13 16:28:18.282  1919  2042 I DeepNoDisturbP: handleStateChanged reason=8
05-13 16:28:18.285  1919  2042 I HidataAppQoeP: handleStateChanged reason=8
05-13 16:28:18.295  1919  2042 I PreDnsQuery: handleStateChanged reason=8
05-13 16:28:18.297  1919  2042 I PreDnsQuery: No need to handled!
05-13 16:28:18.297  1919  2042 I BrowserChrP: handleStateChanged
05-13 16:28:18.343  1743  1743 I HwNetworkPolicyManager: forceUpdatePolicy isRoaming = false
05-13 16:28:18.377  2018  2502 I chatty  : uid=1001(radio) EpdgManager expire 10 lines
05-13 16:28:22.194  1367  1367 I chatty  : uid=1000 system_server expire 10 lines
05-13 16:28:26.326  2018  2514 I chatty  : uid=1001(radio) SMVoice-0 expire 42 lines
05-13 16:28:26.326  2018  2494 I chatty  : uid=1001(radio) ConfigHandlerTh expire 24 lines
05-13 16:28:28.805  1367  5057 I chatty  : uid=1000(system) Binder:1367_11 expire 12 lines
05-13 16:28:28.854  1367  9090 I chatty  : uid=1000(system) Binder:1367_18 expire 1 line
05-13 16:28:32.316  1367  1787 I chatty  : uid=1000(system) Binder:1367_6 expire 2 lines
05-13 16:28:36.051  1367 22975 I chatty  : uid=1000 system_server expire 1 line
05-13 16:28:36.061  1919 26156 I BoosterSwitchP: notifyUidState do nothing
05-13 16:28:36.061  1919 26156 I DeepNoDisturbP: notifyUidState
05-13 16:28:36.061  1919 26156 I BrowserChrP: notifyUidState
05-13 16:28:37.530  1919  2042 I DeepNoDisturbP: handleStateChanged reason=8
05-13 16:28:37.533  1919  2042 I HidataAppQoeP: handleStateChanged reason=8
05-13 16:28:37.552  1919  2042 W BoosterPlugin: getPSNetworkType, need update cause telephony type=0, mNetworkType=3
05-13 16:28:37.553  2018  2018 I chatty  : uid=1001(radio) com.android.phone expire 15 lines
05-13 16:28:37.556  2018  2514 I chatty  : uid=1001(radio) SMVoice-0 expire 56 lines
05-13 16:28:37.557  1919  2042 I PreDnsQuery: handleStateChanged reason=8
05-13 16:28:37.560  1919  2042 I PreDnsQuery: No need to handled!
05-13 16:28:37.560  1919  2042 I BrowserChrP: handleStateChanged
05-13 16:28:37.562  1919  2042 I DeepNoDisturbP: handleStateChanged reason=8
05-13 16:28:37.565  1919  2042 I HidataAppQoeP: handleStateChanged reason=8
05-13 16:28:37.572  1919  2042 I PreDnsQuery: handleStateChanged reason=8
05-13 16:28:37.574  1919  2042 I PreDnsQuery: No need to handled!
05-13 16:28:37.574  1919  2042 I BrowserChrP: handleStateChanged
05-13 16:28:37.623  1743  1743 I HwNetworkPolicyManager: forceUpdatePolicy isRoaming = false
05-13 16:28:37.633  1367  1497 I chatty  : uid=1000(system) ActivityManager expire 10 lines
05-13 16:28:41.365  2018  2494 I chatty  : uid=1001(radio) ConfigHandlerTh expire 48 lines
05-13 16:28:47.506  1919  2042 I DeepNoDisturbP: handleStateChanged reason=8
05-13 16:28:47.514  1919  2042 I HidataAppQoeP: handleStateChanged reason=8
05-13 16:28:47.531  1919  2042 W BoosterPlugin: getPSNetworkType, need update cause telephony type=3, mNetworkType=0
05-13 16:28:47.531  1919  2042 I PreDnsQuery: handleStateChanged reason=8
05-13 16:28:47.535  1919  2042 I PreDnsQuery: No need to handled!
05-13 16:28:47.535  1919  2042 I BrowserChrP: handleStateChanged
05-13 16:28:47.535  1367  5057 I chatty  : uid=1000(system) Binder:1367_11 expire 19 lines
05-13 16:28:50.462  1919  2042 I DeepNoDisturbP: handleStateChanged reason=8
05-13 16:28:50.467  1919  2042 I HidataAppQoeP: handleStateChanged reason=8
05-13 16:28:50.476  1919  2042 I PreDnsQuery: handleStateChanged reason=8
05-13 16:28:50.478  1919  2042 I PreDnsQuery: No need to handled!
05-13 16:28:50.478  1919  2042 I BrowserChrP: handleStateChanged
05-13 16:28:56.394  2018  2514 I chatty  : uid=1001(radio) SMVoice-0 expire 92 lines
05-13 16:29:00.008  1367  1367 I chatty  : uid=1000 system_server expire 12 lines
05-13 16:29:00.470  1919  2042 I DeepNoDisturbP: handleStateChanged reason=8
05-13 16:29:00.480  1919  2042 I HidataAppQoeP: handleStateChanged reason=8
05-13 16:29:00.495  1919  2042 I PreDnsQuery: handleStateChanged reason=8
05-13 16:29:00.499  1919  2042 I PreDnsQuery: No need to handled!
05-13 16:29:00.499  1919  2042 I BrowserChrP: handleStateChanged
05-13 16:29:00.500  1367  1576 I chatty  : uid=1000(system) Binder:1367_4 expire 11 lines
05-13 16:29:03.420  1919  2042 I DeepNoDisturbP: handleStateChanged reason=8
05-13 16:29:03.427  1919  2042 I HidataAppQoeP: handleStateChanged reason=8
05-13 16:29:03.434  1919  2042 I PreDnsQuery: handleStateChanged reason=8
05-13 16:29:03.436  1919  2042 I PreDnsQuery: No need to handled!
05-13 16:29:03.436  1919  2042 I BrowserChrP: handleStateChanged
05-13 16:29:11.440  2018  2494 I chatty  : uid=1001(radio) ConfigHandlerTh expire 24 lines
05-13 16:29:13.414  1919  2042 I DeepNoDisturbP: handleStateChanged reason=8
05-13 16:29:13.418  1919  2042 I HidataAppQoeP: handleStateChanged reason=8
05-13 16:29:13.438  1919  2042 I PreDnsQuery: handleStateChanged reason=8
05-13 16:29:13.442  1919  2042 I PreDnsQuery: No need to handled!
05-13 16:29:13.442  1919  2042 I BrowserChrP: handleStateChanged
05-13 16:29:13.446  1367  1621 I chatty  : uid=1000(system) NetdConnector expire 18 lines
05-13 16:29:16.235  1919  2042 I DeepNoDisturbP: handleStateChanged reason=8
05-13 16:29:16.240  1919  2042 I HidataAppQoeP: handleStateChanged reason=8
05-13 16:29:16.244  1919  2042 I PreDnsQuery: handleStateChanged reason=8
05-13 16:29:16.245  1919  2042 I PreDnsQuery: No need to handled!
05-13 16:29:16.245  1919  2042 I BrowserChrP: handleStateChanged
05-13 16:29:17.952   729   735 I storaged: storaged_t::event: storage_info refreshed.
05-13 16:29:24.165  1367  1581 I chatty  : uid=1000(system) UEventObserver expire 12 lines
05-13 16:29:26.223  1919  2042 I DeepNoDisturbP: handleStateChanged reason=8
05-13 16:29:26.233  1919  2042 I HidataAppQoeP: handleStateChanged reason=8
05-13 16:29:26.252  1919  2042 I PreDnsQuery: handleStateChanged reason=8
05-13 16:29:26.255  1919  2042 I PreDnsQuery: No need to handled!
05-13 16:29:26.255  1919  2042 I BrowserChrP: handleStateChanged
05-13 16:29:26.269  2018  2514 I chatty  : uid=1001(radio) SMVoice-0 expire 92 lines
05-13 16:29:26.473  2018  2494 I chatty  : uid=1001(radio) ConfigHandlerTh expire 24 lines
05-13 16:29:29.344  1919  2042 I DeepNoDisturbP: handleStateChanged reason=8
05-13 16:29:29.352  1919  2042 I HidataAppQoeP: handleStateChanged reason=8
05-13 16:29:29.357  1919  2042 I PreDnsQuery: handleStateChanged reason=8
05-13 16:29:29.358  1919  2042 I PreDnsQuery: No need to handled!
05-13 16:29:29.358  1919  2042 I BrowserChrP: handleStateChanged
05-13 16:29:39.331  1919  2042 I DeepNoDisturbP: handleStateChanged reason=8
05-13 16:29:39.347  1919  2042 I HidataAppQoeP: handleStateChanged reason=8
05-13 16:29:39.364  1919  2042 I PreDnsQuery: handleStateChanged reason=8
05-13 16:29:39.367  1919  2042 I PreDnsQuery: No need to handled!
05-13 16:29:39.367  1919  2042 I BrowserChrP: handleStateChanged
05-13 16:29:39.372  2018  2018 I chatty  : uid=1001(radio) com.android.phone expire 16 lines
05-13 16:29:41.520  2018  2494 I chatty  : uid=1001(radio) ConfigHandlerTh expire 24 lines
05-13 16:29:42.137  1919  2042 I DeepNoDisturbP: handleStateChanged reason=8
05-13 16:29:42.140  1919  2042 I HidataAppQoeP: handleStateChanged reason=8
05-13 16:29:42.147  1919  2042 I PreDnsQuery: handleStateChanged reason=8
05-13 16:29:42.149  1919  2042 I PreDnsQuery: No need to handled!
05-13 16:29:42.149  1919  2042 I BrowserChrP: handleStateChanged
05-13 16:29:52.135  1919  2042 I DeepNoDisturbP: handleStateChanged reason=8
05-13 16:29:52.142  1919  2042 I HidataAppQoeP: handleStateChanged reason=8
05-13 16:29:52.156  1919  2042 I PreDnsQuery: handleStateChanged reason=8
05-13 16:29:52.159  1919  2042 I PreDnsQuery: No need to handled!
05-13 16:29:52.159  1919  2042 I BrowserChrP: handleStateChanged
05-13 16:29:52.169  2018  2514 I chatty  : uid=1001(radio) SMVoice-0 expire 102 lines
05-13 16:29:56.562  2018  2494 I chatty  : uid=1001(radio) ConfigHandlerTh expire 72 lines
05-13 16:30:14.396  1367  1636 I chatty  : uid=1000(system) WifiScanningSer expire 1 line
05-13 16:30:15.468   545   638 W SocketListener: sending broadcast to Pid = 1367, Uid = 1000 
05-13 16:30:17.953   729   735 I storaged: storaged_t::event: storage_info refreshed.
05-13 16:30:25.610  1367  1581 I chatty  : uid=1000(system) UEventObserver expire 12 lines
05-13 16:30:28.199  1919  2042 I DeepNoDisturbP: handleStateChanged reason=8
05-13 16:30:28.209  1919  2042 I HidataAppQoeP: handleStateChanged reason=8
05-13 16:30:28.219  1919  2042 I PreDnsQuery: handleStateChanged reason=8
05-13 16:30:28.221  1919  2042 I PreDnsQuery: No need to handled!
05-13 16:30:28.222  1919  2042 I BrowserChrP: handleStateChanged
05-13 16:30:28.225  1367  1576 I chatty  : uid=1000(system) Binder:1367_4 expire 6 lines
05-13 16:30:28.274  1743  1743 I HwNetworkPolicyManager: forceUpdatePolicy isRoaming = false
05-13 16:30:28.320  2018  2514 I chatty  : uid=1001(radio) SMVoice-0 expire 36 lines
05-13 16:30:41.053  1919  2042 I DeepNoDisturbP: handleStateChanged reason=8
05-13 16:30:41.061  1919  2042 I HidataAppQoeP: handleStateChanged reason=8
05-13 16:30:41.071  1919  2042 W BoosterPlugin: getPSNetworkType, need update cause telephony type=0, mNetworkType=3
05-13 16:30:41.079  1919  2042 I PreDnsQuery: handleStateChanged reason=8
05-13 16:30:41.084  1919  2042 I PreDnsQuery: No need to handled!
05-13 16:30:41.084  1919  2042 I BrowserChrP: handleStateChanged
05-13 16:30:41.085  2018  2514 I chatty  : uid=1001(radio) SMVoice-0 expire 54 lines
05-13 16:30:41.088  1919  2042 I DeepNoDisturbP: handleStateChanged reason=8
05-13 16:30:41.093  1919  2042 I HidataAppQoeP: handleStateChanged reason=8
05-13 16:30:41.096  1919  2042 I PreDnsQuery: handleStateChanged reason=8
05-13 16:30:41.098  1919  2042 I PreDnsQuery: No need to handled!
05-13 16:30:41.098  1919  2042 I BrowserChrP: handleStateChanged
05-13 16:30:41.099  1367  5057 I chatty  : uid=1000(system) Binder:1367_11 expire 5 lines
05-13 16:30:41.142  1743  1743 I HwNetworkPolicyManager: forceUpdatePolicy isRoaming = false
05-13 16:30:41.254  1367  1621 I chatty  : uid=1000(system) NetdConnector expire 10 lines
05-13 16:30:41.275  1367 23075 I chatty  : uid=1000 system_server expire 2 lines
05-13 16:30:41.281  1919 26156 I BoosterSwitchP: notifyUidState do nothing
05-13 16:30:41.281  1919 26156 I DeepNoDisturbP: notifyUidState
05-13 16:30:41.281  1919 26156 I BrowserChrP: notifyUidState
05-13 16:30:41.295  1367  1640 I chatty  : uid=1000(system) ConnectivitySer expire 32 lines
05-13 16:30:41.677  2018  2494 I chatty  : uid=1001(radio) ConfigHandlerTh expire 24 lines
05-13 16:30:41.782  1367  1654 I chatty  : uid=1000(system) Thread-6 expire 2 lines
05-13 16:30:42.311  1367  1500 I chatty  : uid=1000(system) ActivityManager expire 2 lines
05-13 16:30:42.334 23077 23077 D ActivityThread: Attach thread to application
05-13 16:30:42.582 23077 23077 D HwCustConnectivityManagerImpl: isBlockNetworkRequestByNonAis, INVALID_SUBSCRIPTION_ID
05-13 16:30:46.160  1919  1932 I BoosterSwitchP: notifyUidState do nothing
05-13 16:30:46.161  1919  1932 I DeepNoDisturbP: notifyUidState
05-13 16:30:46.161  1919  1932 I BrowserChrP: notifyUidState
05-13 16:30:47.193 23149 23149 D ActivityThread: Attach thread to application
05-13 16:30:47.424 23149 23149 D HwCustConnectivityManagerImpl: isBlockNetworkRequestByNonAis, INVALID_SUBSCRIPTION_ID
05-13 16:30:48.446  1367  1575 I chatty  : uid=1000(system) Binder:1367_3 expire 8 lines
05-13 16:30:49.287  1367  1367 I chatty  : uid=1000 system_server expire 22 lines
05-13 16:30:49.330  1367  9310 I chatty  : uid=1000(system) Binder:1367_1B expire 1 line
05-13 16:30:51.034  1919  2042 I DeepNoDisturbP: handleStateChanged reason=8
05-13 16:30:51.049  1919  2042 I HidataAppQoeP: handleStateChanged reason=8
05-13 16:30:51.067  1919  2042 W BoosterPlugin: getPSNetworkType, need update cause telephony type=3, mNetworkType=0
05-13 16:30:51.068  1919  2042 I PreDnsQuery: handleStateChanged reason=8
05-13 16:30:51.074  1919  2042 I PreDnsQuery: No need to handled!
05-13 16:30:51.074  1919  2042 I BrowserChrP: handleStateChanged
05-13 16:30:51.079  2018  2018 I chatty  : uid=1001(radio) com.android.phone expire 11 lines
05-13 16:30:53.651  1919  2042 I DeepNoDisturbP: handleStateChanged reason=8
05-13 16:30:53.654  2018  2514 I chatty  : uid=1001(radio) SMVoice-0 expire 62 lines
05-13 16:30:53.656  1919  2042 I HidataAppQoeP: handleStateChanged reason=8
05-13 16:30:53.662  1919  2042 I PreDnsQuery: handleStateChanged reason=8
05-13 16:30:53.670  1919  2042 I PreDnsQuery: No need to handled!
05-13 16:30:53.670  1919  2042 I BrowserChrP: handleStateChanged
05-13 16:30:56.710  2018  2494 I chatty  : uid=1001(radio) ConfigHandlerTh expire 56 lines
05-13 16:31:03.654  1919  2042 I DeepNoDisturbP: handleStateChanged reason=8
05-13 16:31:03.658  1919  2042 I HidataAppQoeP: handleStateChanged reason=8
05-13 16:31:03.672  1919  2042 I PreDnsQuery: handleStateChanged reason=8
05-13 16:31:03.676  1919  2042 I PreDnsQuery: No need to handled!
05-13 16:31:03.677  1919  2042 I BrowserChrP: handleStateChanged
05-13 16:31:06.299  1919  2042 I DeepNoDisturbP: handleStateChanged reason=8
05-13 16:31:06.311  1919  2042 I HidataAppQoeP: handleStateChanged reason=8
05-13 16:31:06.319  1919  2042 I PreDnsQuery: handleStateChanged reason=8
05-13 16:31:06.321  1919  2042 I PreDnsQuery: No need to handled!
05-13 16:31:06.321  1919  2042 I BrowserChrP: handleStateChanged
05-13 16:31:16.304  1919  2042 I DeepNoDisturbP: handleStateChanged reason=8
05-13 16:31:16.315  1919  2042 I HidataAppQoeP: handleStateChanged reason=8
05-13 16:31:16.332  1919  2042 I PreDnsQuery: handleStateChanged reason=8
05-13 16:31:16.334  1919  2042 I PreDnsQuery: No need to handled!
05-13 16:31:16.334  1919  2042 I BrowserChrP: handleStateChanged
05-13 16:31:16.335  1367  1808 I chatty  : uid=1000(system) Binder:1367_9 expire 15 lines
05-13 16:31:16.347  2018  2514 I chatty  : uid=1001(radio) SMVoice-0 expire 46 lines
05-13 16:31:17.953   729   735 I storaged: storaged_t::event: storage_info refreshed.
05-13 16:31:19.256  1919  2042 I DeepNoDisturbP: handleStateChanged reason=8
05-13 16:31:19.263  1919  2042 I HidataAppQoeP: handleStateChanged reason=8
05-13 16:31:19.268  1919  2042 I PreDnsQuery: handleStateChanged reason=8
05-13 16:31:19.269  1919  2042 I PreDnsQuery: No need to handled!
05-13 16:31:19.269  1919  2042 I BrowserChrP: handleStateChanged
05-13 16:31:27.071  1367  1581 I chatty  : uid=1000(system) UEventObserver expire 18 lines
05-13 16:31:29.258  1919  2042 I DeepNoDisturbP: handleStateChanged reason=8
05-13 16:31:29.265  1919  2042 I HidataAppQoeP: handleStateChanged reason=8
05-13 16:31:29.286  1919  2042 I PreDnsQuery: handleStateChanged reason=8
05-13 16:31:29.290  1919  2042 I PreDnsQuery: No need to handled!
05-13 16:31:29.291  1919  2042 I BrowserChrP: handleStateChanged
05-13 16:31:29.303  2018  2514 I chatty  : uid=1001(radio) SMVoice-0 expire 78 lines
05-13 16:31:31.803  2018  2494 I chatty  : uid=1001(radio) ConfigHandlerTh expire 24 lines
05-13 16:31:32.059  1919  2042 I DeepNoDisturbP: handleStateChanged reason=8
05-13 16:31:32.069  1919  2042 I HidataAppQoeP: handleStateChanged reason=8
05-13 16:31:32.076  1919  2042 I PreDnsQuery: handleStateChanged reason=8
05-13 16:31:32.077  1919  2042 I PreDnsQuery: No need to handled!
05-13 16:31:32.077  1919  2042 I BrowserChrP: handleStateChanged
05-13 16:31:42.102  1919  2042 I DeepNoDisturbP: handleStateChanged reason=8
05-13 16:31:42.106  1919  2042 I HidataAppQoeP: handleStateChanged reason=8
05-13 16:31:42.111  1919  2042 I PreDnsQuery: handleStateChanged reason=8
05-13 16:31:42.111  1919  2042 I PreDnsQuery: No need to handled!
05-13 16:31:42.112  1919  2042 I BrowserChrP: handleStateChanged
05-13 16:31:42.114  1367  1621 I chatty  : uid=1000(system) NetdConnector expire 14 lines
05-13 16:31:45.848  1919  2042 I DeepNoDisturbP: handleStateChanged reason=8
05-13 16:31:45.855  1919  2042 I HidataAppQoeP: handleStateChanged reason=8
05-13 16:31:45.863  1919  2042 I PreDnsQuery: handleStateChanged reason=8
05-13 16:31:45.865  1919  2042 I PreDnsQuery: No need to handled!
05-13 16:31:45.865  1919  2042 I BrowserChrP: handleStateChanged
05-13 16:31:46.829  2018  2494 I chatty  : uid=1001(radio) ConfigHandlerTh expire 56 lines
05-13 16:31:55.862  1919  2042 I DeepNoDisturbP: handleStateChanged reason=8
05-13 16:31:55.869  1919  2042 I HidataAppQoeP: handleStateChanged reason=8
05-13 16:31:55.893  1919  2042 I PreDnsQuery: handleStateChanged reason=8
05-13 16:31:55.897  1919  2042 I PreDnsQuery: No need to handled!
05-13 16:31:55.897  1919  2042 I BrowserChrP: handleStateChanged
05-13 16:31:55.912  2018  2514 I chatty  : uid=1001(radio) SMVoice-0 expire 72 lines
05-13 16:32:06.793  1367  1825 I chatty  : uid=1000(system) watchdog expire 6 lines
05-13 16:32:17.954   729   735 I storaged: storaged_t::event: storage_info refreshed.
05-13 16:32:21.921  2018  2514 I chatty  : uid=1001(radio) SMVoice-0 expire 54 lines
05-13 16:32:21.921  2018  2494 I chatty  : uid=1001(radio) ConfigHandlerTh expire 24 lines
05-13 16:32:28.492  1367  1581 I chatty  : uid=1000(system) UEventObserver expire 12 lines
05-13 16:32:32.483  2018  2018 I chatty  : uid=1001(radio) com.android.phone expire 14 lines
05-13 16:32:32.484  1919  2042 I DeepNoDisturbP: handleStateChanged reason=8
05-13 16:32:32.487  1919  2042 I HidataAppQoeP: handleStateChanged reason=8
05-13 16:32:32.496  1919  2042 I PreDnsQuery: handleStateChanged reason=8
05-13 16:32:32.499  1919  2042 I PreDnsQuery: No need to handled!
05-13 16:32:32.499  1919  2042 I BrowserChrP: handleStateChanged
05-13 16:32:32.500  1367  6802 I chatty  : uid=1000(system) Binder:1367_16 expire 10 lines
05-13 16:32:32.541  1743  1743 I HwNetworkPolicyManager: forceUpdatePolicy isRoaming = false
05-13 16:32:32.558  1367  1497 I chatty  : uid=1000(system) ActivityManager expire 3 lines
05-13 16:32:36.969  2018  2514 I chatty  : uid=1001(radio) SMVoice-0 expire 70 lines
05-13 16:32:36.970  2018  2494 I chatty  : uid=1001(radio) ConfigHandlerTh expire 39 lines
05-13 16:32:45.713  1919  2042 I DeepNoDisturbP: handleStateChanged reason=8
05-13 16:32:45.718  1919  2042 I HidataAppQoeP: handleStateChanged reason=8
05-13 16:32:45.730  1919  2042 W BoosterPlugin: getPSNetworkType, need update cause telephony type=0, mNetworkType=3
05-13 16:32:45.735  1919  2042 I PreDnsQuery: handleStateChanged reason=8
05-13 16:32:45.738  1919  2042 I PreDnsQuery: No need to handled!
05-13 16:32:45.738  1919  2042 I BrowserChrP: handleStateChanged
05-13 16:32:45.757  1919  2042 I DeepNoDisturbP: handleStateChanged reason=8
05-13 16:32:45.762  1919  2042 I HidataAppQoeP: handleStateChanged reason=8
05-13 16:32:45.771  1919  2042 I PreDnsQuery: handleStateChanged reason=8
05-13 16:32:45.775  1919  2042 I PreDnsQuery: No need to handled!
05-13 16:32:45.775  1919  2042 I BrowserChrP: handleStateChanged
05-13 16:32:45.803  1367  1367 I chatty  : uid=1000 system_server expire 12 lines
05-13 16:32:45.838  1743  1743 I HwNetworkPolicyManager: forceUpdatePolicy isRoaming = false
05-13 16:32:45.873  2018  2502 I chatty  : uid=1001(radio) EpdgManager expire 2 lines
05-13 16:32:55.695  1919  2042 I DeepNoDisturbP: handleStateChanged reason=8
05-13 16:32:55.700  1919  2042 I HidataAppQoeP: handleStateChanged reason=8
05-13 16:32:55.705  1919  2042 W BoosterPlugin: getPSNetworkType, need update cause telephony type=3, mNetworkType=0
05-13 16:32:55.705  1919  2042 I PreDnsQuery: handleStateChanged reason=8
05-13 16:32:55.708  1919  2042 I PreDnsQuery: No need to handled!
05-13 16:32:55.708  1919  2042 I BrowserChrP: handleStateChanged
05-13 16:32:55.709  1367  1808 I chatty  : uid=1000(system) Binder:1367_9 expire 2 lines
05-13 16:32:57.022  2018  2514 I chatty  : uid=1001(radio) SMVoice-0 expire 3 lines
05-13 16:32:57.024  2018  2494 I chatty  : uid=1001(radio) ConfigHandlerTh expire 1 line
05-13 16:32:57.024  2018  2514 I chatty  : uid=1001(radio) SMVoice-0 expire 7 lines
05-13 16:32:58.631  1919  2042 I DeepNoDisturbP: handleStateChanged reason=8
05-13 16:32:58.635  1919  2042 I HidataAppQoeP: handleStateChanged reason=8
05-13 16:32:58.640  2018  2018 I chatty  : uid=1001(radio) com.android.phone expire 1 line
05-13 16:32:58.643  2018  2514 I chatty  : uid=1001(radio) SMVoice-0 expire 6 lines
05-13 16:32:58.643  1919  2042 I PreDnsQuery: handleStateChanged reason=8
05-13 16:32:58.645  1919  2042 I PreDnsQuery: No need to handled!
05-13 16:32:58.645  1919  2042 I BrowserChrP: handleStateChanged
05-13 16:33:02.026  2018  2494 I chatty  : uid=1001(radio) ConfigHandlerTh expire 7 lines
05-13 16:33:02.031  2018  2514 I chatty  : uid=1001(radio) SMVoice-0 expire 2 lines
05-13 16:33:02.035  2018  2494 I chatty  : uid=1001(radio) ConfigHandlerTh expire 1 line
05-13 16:33:02.035  2018  2514 I chatty  : uid=1001(radio) SMVoice-0 expire 12 lines
05-13 16:33:07.040  2018  2494 I chatty  : uid=1001(radio) ConfigHandlerTh expire 7 lines
05-13 16:33:07.045  2018  2514 I chatty  : uid=1001(radio) SMVoice-0 expire 4 lines
05-13 16:33:07.050  2018  2494 I chatty  : uid=1001(radio) ConfigHandlerTh expire 1 line
05-13 16:33:07.051  2018  2514 I chatty  : uid=1001(radio) SMVoice-0 expire 6 lines
05-13 16:33:08.613  1919  2042 I DeepNoDisturbP: handleStateChanged reason=8
05-13 16:33:08.624  1919  2042 I HidataAppQoeP: handleStateChanged reason=8
05-13 16:33:08.647  1919  2042 I PreDnsQuery: handleStateChanged reason=8
05-13 16:33:08.649  1919  2042 I PreDnsQuery: No need to handled!
05-13 16:33:08.649  1919  2042 I BrowserChrP: handleStateChanged
05-13 16:33:08.650  1367  6802 I chatty  : uid=1000(system) Binder:1367_16 expire 10 lines
05-13 16:33:08.653  1367  1621 I chatty  : uid=1000(system) NetdConnector expire 10 lines
05-13 16:33:08.656  2018  2018 I chatty  : uid=1001(radio) com.android.phone expire 1 line
05-13 16:33:08.663  2018  2514 I chatty  : uid=1001(radio) SMVoice-0 expire 4 lines
05-13 16:33:11.428  2018  2018 I chatty  : uid=1001(radio) com.android.phone expire 1 line
05-13 16:33:11.430  1919  2042 I DeepNoDisturbP: handleStateChanged reason=8
05-13 16:33:11.435  1919  2042 I HidataAppQoeP: handleStateChanged reason=8
05-13 16:33:11.438  1919  2042 I PreDnsQuery: handleStateChanged reason=8
05-13 16:33:11.440  1919  2042 I PreDnsQuery: No need to handled!
05-13 16:33:11.440  1919  2042 I BrowserChrP: handleStateChanged
05-13 16:33:12.052  2018  2514 I chatty  : uid=1001(radio) SMVoice-0 expire 2 lines
05-13 16:33:12.052  2018  2494 I chatty  : uid=1001(radio) ConfigHandlerTh expire 4 lines
05-13 16:33:12.052  2018  2514 I chatty  : uid=1001(radio) SMVoice-0 expire 3 lines
05-13 16:33:12.055  2018  2494 I chatty  : uid=1001(radio) ConfigHandlerTh expire 4 lines
05-13 16:33:12.057  2018  2514 I chatty  : uid=1001(radio) SMVoice-0 expire 24 lines
05-13 16:33:17.059  2018  2494 I chatty  : uid=1001(radio) ConfigHandlerTh expire 8 lines
05-13 16:33:17.954   729   735 I storaged: storaged_t::event: storage_info refreshed.
05-13 16:33:21.435  1919  2042 I DeepNoDisturbP: handleStateChanged reason=8
05-13 16:33:21.442  1919  2042 I HidataAppQoeP: handleStateChanged reason=8
05-13 16:33:21.455  1919  2042 I PreDnsQuery: handleStateChanged reason=8
05-13 16:33:21.457  2018  2018 I chatty  : uid=1001(radio) com.android.phone expire 1 line
05-13 16:33:21.458  1919  2042 I PreDnsQuery: No need to handled!
05-13 16:33:21.458  1919  2042 I BrowserChrP: handleStateChanged
05-13 16:33:21.467  2018  2514 I chatty  : uid=1001(radio) SMVoice-0 expire 5 lines
05-13 16:33:22.067  2018  2494 I chatty  : uid=1001(radio) ConfigHandlerTh expire 7 lines
05-13 16:33:22.070  2018  2514 I chatty  : uid=1001(radio) SMVoice-0 expire 3 lines
05-13 16:33:22.073  2018  2494 I chatty  : uid=1001(radio) ConfigHandlerTh expire 1 line
05-13 16:33:22.073  2018  2514 I chatty  : uid=1001(radio) SMVoice-0 expire 9 lines
05-13 16:33:22.239  1367  2381 I chatty  : uid=1000(system) Binder:1367_C expire 1 line
05-13 16:33:22.315  1367  1575 I chatty  : uid=1000(system) Binder:1367_3 expire 16 lines
05-13 16:33:24.862  2018  2018 I chatty  : uid=1001(radio) com.android.phone expire 1 line
05-13 16:33:24.866  1919  2042 I DeepNoDisturbP: handleStateChanged reason=8
05-13 16:33:24.876  1919  2042 I HidataAppQoeP: handleStateChanged reason=8
05-13 16:33:24.882  1367  6802 I chatty  : uid=1000(system) Binder:1367_16 expire 4 lines
05-13 16:33:24.884  1919  2042 I PreDnsQuery: handleStateChanged reason=8
05-13 16:33:24.888  1919  2042 I PreDnsQuery: No need to handled!
05-13 16:33:24.888  1919  2042 I BrowserChrP: handleStateChanged
05-13 16:33:27.075  2018  2514 I chatty  : uid=1001(radio) SMVoice-0 expire 4 lines
05-13 16:33:27.076  2018  2494 I chatty  : uid=1001(radio) ConfigHandlerTh expire 5 lines
05-13 16:33:27.080  2018  2514 I chatty  : uid=1001(radio) SMVoice-0 expire 3 lines
05-13 16:33:27.080  2018  2494 I chatty  : uid=1001(radio) ConfigHandlerTh expire 3 lines
05-13 16:33:27.082  2018  2514 I chatty  : uid=1001(radio) SMVoice-0 expire 8 lines
05-13 16:33:29.954  1367  1581 I chatty  : uid=1000(system) UEventObserver expire 12 lines
05-13 16:33:32.088  2018  2494 I chatty  : uid=1001(radio) ConfigHandlerTh expire 2 lines
05-13 16:33:32.088  2018  2514 I chatty  : uid=1001(radio) SMVoice-0 expire 3 lines
05-13 16:33:32.091  2018  2494 I chatty  : uid=1001(radio) ConfigHandlerTh expire 2 lines
05-13 16:33:32.091  2018  2494 D Mapcon  : MapconConfigImpl-0: handleMessage, msg id=1800
05-13 16:33:32.091  2018  2494 D Mapcon  : MapconConfigImpl-0: enter handleCarrierConfigChangedInd
05-13 16:33:32.091  2018  2514 D Mapcon  : SMVoice-0-Normal: enter handleCarrierConfigChangedCnf
05-13 16:33:32.094  2018  2494 I Mapcon  : MapconConfigImpl-0: KEY_CARRIER_WFC_IMS_AVAILABLE_BOOL is false!!!!!!!!!!
05-13 16:33:32.094  2018  2494 D Mapcon  : MapconConfigImpl-0: enter reset
05-13 16:33:32.094  2018  2514 D Mapcon  : MapconConfigImpl-0: enter isConfigReady, Config State is not ready!!!
05-13 16:33:32.094  2018  2514 V Mapcon  : SMVoice-0-Normal: Switch in XML off No need SIM Adp !
05-13 16:33:32.094  2018  2514 D Mapcon  : SMVoice-0-Normal: usim ready,read carrierconfig delay
05-13 16:33:32.094  2018  2514 D Mapcon  : SMVoice-0-Normal: PrepareState,handled msg=1801
05-13 16:33:32.094  2018  2514 D Mapcon  : SMVoice-0-Normal: enter handleCarrierConfigChangedCnf
05-13 16:33:32.095  2018  2514 D Mapcon  : MapconConfigImpl-0: enter isConfigReady, Config State is not ready!!!
05-13 16:33:32.095  2018  2514 V Mapcon  : SMVoice-0-Normal: Switch in XML off No need SIM Adp !
05-13 16:33:32.095  2018  2514 D Mapcon  : SMVoice-0-Normal: usim ready,read carrierconfig delay
05-13 16:33:32.095  2018  2514 D Mapcon  : SMVoice-0-Normal: PrepareState,handled msg=1801
05-13 16:33:34.861  1919  2042 I DeepNoDisturbP: handleStateChanged reason=8
05-13 16:33:34.869  1919  2042 I HidataAppQoeP: handleStateChanged reason=8
05-13 16:33:34.884  1919  2042 I PreDnsQuery: handleStateChanged reason=8
05-13 16:33:34.891  1919  2042 I PreDnsQuery: No need to handled!
05-13 16:33:34.891  1919  2042 I BrowserChrP: handleStateChanged
05-13 16:33:34.901  2018  2018 D Mapcon  : TelephonyTracker: onSignalStrengthsChanged:phoneId=0, level=0
05-13 16:33:34.905  2018  2514 D Mapcon  : SMVoice-0-Normal: PrepareState:defaultStatehandle msg=CMD_SIGNAL_STRENGTH_CHANED_IND
05-13 16:33:34.905  2018  2514 D Mapcon  : MapconConfigImpl-0: enter isConfigReady, Config State is not ready!!!
05-13 16:33:37.095  2018  2514 D Mapcon  : SMVoice-0-Normal: enter handleCarrierConfigChangedInd
05-13 16:33:37.095  2018  2514 D Mapcon  : SMVoice-0-Normal: PrepareState,handled msg=CMD_CARRIER_CONFIG_CHANGE_IND
05-13 16:33:37.095  2018  2514 D Mapcon  : SMVoice-0-Normal: enter handleCarrierConfigChangedInd
05-13 16:33:37.095  2018  2514 D Mapcon  : SMVoice-0-Normal: PrepareState,handled msg=CMD_CARRIER_CONFIG_CHANGE_IND
05-13 16:33:37.096  2018  2494 D Mapcon  : MapconConfigImpl-0: handleMessage, msg id=1800
05-13 16:33:37.096  2018  2494 D Mapcon  : MapconConfigImpl-0: enter handleCarrierConfigChangedInd
05-13 16:33:37.100  2018  2494 I Mapcon  : MapconConfigImpl-0: KEY_CARRIER_WFC_IMS_AVAILABLE_BOOL is false!!!!!!!!!!
05-13 16:33:37.101  2018  2494 D Mapcon  : MapconConfigImpl-0: enter reset
05-13 16:33:37.101  2018  2494 D Mapcon  : MapconConfigImpl-0: handleMessage, msg id=1800
05-13 16:33:37.101  2018  2514 D Mapcon  : SMVoice-0-Normal: enter handleCarrierConfigChangedCnf
05-13 16:33:37.101  2018  2494 D Mapcon  : MapconConfigImpl-0: enter handleCarrierConfigChangedInd
05-13 16:33:37.107  2018  2494 I Mapcon  : MapconConfigImpl-0: KEY_CARRIER_WFC_IMS_AVAILABLE_BOOL is false!!!!!!!!!!
05-13 16:33:37.107  2018  2494 D Mapcon  : MapconConfigImpl-0: enter reset
05-13 16:33:37.107  2018  2514 D Mapcon  : MapconConfigImpl-0: enter isConfigReady, Config State is not ready!!!
05-13 16:33:37.107  2018  2514 V Mapcon  : SMVoice-0-Normal: Switch in XML off No need SIM Adp !
05-13 16:33:37.107  2018  2514 D Mapcon  : SMVoice-0-Normal: usim ready,read carrierconfig delay
05-13 16:33:37.108  2018  2514 D Mapcon  : SMVoice-0-Normal: PrepareState,handled msg=1801
05-13 16:33:37.108  2018  2514 D Mapcon  : SMVoice-0-Normal: enter handleCarrierConfigChangedCnf
05-13 16:33:37.108  2018  2514 D Mapcon  : MapconConfigImpl-0: enter isConfigReady, Config State is not ready!!!
05-13 16:33:37.108  2018  2514 V Mapcon  : SMVoice-0-Normal: Switch in XML off No need SIM Adp !
05-13 16:33:37.108  2018  2514 D Mapcon  : SMVoice-0-Normal: usim ready,read carrierconfig delay
05-13 16:33:37.108  2018  2514 D Mapcon  : SMVoice-0-Normal: PrepareState,handled msg=1801
05-13 16:33:38.141  2018  2018 D Mapcon  : TelephonyTracker: onSignalStrengthsChanged:phoneId=0, level=5
05-13 16:33:38.141  1919  2042 I DeepNoDisturbP: handleStateChanged reason=8
05-13 16:33:38.145  2018  2514 D Mapcon  : SMVoice-0-Normal: PrepareState:defaultStatehandle msg=CMD_SIGNAL_STRENGTH_CHANED_IND
05-13 16:33:38.146  2018  2514 D Mapcon  : MapconConfigImpl-0: enter isConfigReady, Config State is not ready!!!
05-13 16:33:38.148  1919  2042 I HidataAppQoeP: handleStateChanged reason=8
05-13 16:33:38.152  1919  2042 I PreDnsQuery: handleStateChanged reason=8
05-13 16:33:38.153  1919  2042 I PreDnsQuery: No need to handled!
05-13 16:33:38.153  1919  2042 I BrowserChrP: handleStateChanged
05-13 16:33:42.109  2018  2514 D Mapcon  : SMVoice-0-Normal: enter handleCarrierConfigChangedInd
05-13 16:33:42.109  2018  2514 D Mapcon  : SMVoice-0-Normal: PrepareState,handled msg=CMD_CARRIER_CONFIG_CHANGE_IND
05-13 16:33:42.109  2018  2494 D Mapcon  : MapconConfigImpl-0: handleMessage, msg id=1800
05-13 16:33:42.109  2018  2494 D Mapcon  : MapconConfigImpl-0: enter handleCarrierConfigChangedInd
05-13 16:33:42.109  2018  2514 D Mapcon  : SMVoice-0-Normal: enter handleCarrierConfigChangedInd
05-13 16:33:42.109  2018  2514 D Mapcon  : SMVoice-0-Normal: PrepareState,handled msg=CMD_CARRIER_CONFIG_CHANGE_IND
05-13 16:33:42.111  2018  2494 I Mapcon  : MapconConfigImpl-0: KEY_CARRIER_WFC_IMS_AVAILABLE_BOOL is false!!!!!!!!!!
05-13 16:33:42.112  2018  2494 D Mapcon  : MapconConfigImpl-0: enter reset
05-13 16:33:42.112  2018  2494 D Mapcon  : MapconConfigImpl-0: handleMessage, msg id=1800
05-13 16:33:42.112  2018  2494 D Mapcon  : MapconConfigImpl-0: enter handleCarrierConfigChangedInd
05-13 16:33:42.112  2018  2514 D Mapcon  : SMVoice-0-Normal: enter handleCarrierConfigChangedCnf
05-13 16:33:42.116  2018  2494 I Mapcon  : MapconConfigImpl-0: KEY_CARRIER_WFC_IMS_AVAILABLE_BOOL is false!!!!!!!!!!
05-13 16:33:42.116  2018  2494 D Mapcon  : MapconConfigImpl-0: enter reset
05-13 16:33:42.116  2018  2514 D Mapcon  : MapconConfigImpl-0: enter isConfigReady, Config State is not ready!!!
05-13 16:33:42.116  2018  2514 V Mapcon  : SMVoice-0-Normal: Switch in XML off No need SIM Adp !
05-13 16:33:42.116  2018  2514 D Mapcon  : SMVoice-0-Normal: usim ready,read carrierconfig delay
05-13 16:33:42.117  2018  2514 D Mapcon  : SMVoice-0-Normal: PrepareState,handled msg=1801
05-13 16:33:42.117  2018  2514 D Mapcon  : SMVoice-0-Normal: enter handleCarrierConfigChangedCnf
05-13 16:33:42.117  2018  2514 D Mapcon  : MapconConfigImpl-0: enter isConfigReady, Config State is not ready!!!
05-13 16:33:42.117  2018  2514 V Mapcon  : SMVoice-0-Normal: Switch in XML off No need SIM Adp !
05-13 16:33:42.117  2018  2514 D Mapcon  : SMVoice-0-Normal: usim ready,read carrierconfig delay
05-13 16:33:42.117  2018  2514 D Mapcon  : SMVoice-0-Normal: PrepareState,handled msg=1801
05-13 16:33:47.122  2018  2514 D Mapcon  : SMVoice-0-Normal: enter handleCarrierConfigChangedInd
05-13 16:33:47.122  2018  2514 D Mapcon  : SMVoice-0-Normal: PrepareState,handled msg=CMD_CARRIER_CONFIG_CHANGE_IND
05-13 16:33:47.122  2018  2494 D Mapcon  : MapconConfigImpl-0: handleMessage, msg id=1800
05-13 16:33:47.122  2018  2494 D Mapcon  : MapconConfigImpl-0: enter handleCarrierConfigChangedInd
05-13 16:33:47.122  2018  2514 D Mapcon  : SMVoice-0-Normal: enter handleCarrierConfigChangedInd
05-13 16:33:47.123  2018  2514 D Mapcon  : SMVoice-0-Normal: PrepareState,handled msg=CMD_CARRIER_CONFIG_CHANGE_IND
05-13 16:33:47.125  2018  2494 I Mapcon  : MapconConfigImpl-0: KEY_CARRIER_WFC_IMS_AVAILABLE_BOOL is false!!!!!!!!!!
05-13 16:33:47.125  2018  2494 D Mapcon  : MapconConfigImpl-0: enter reset
05-13 16:33:47.126  2018  2494 D Mapcon  : MapconConfigImpl-0: handleMessage, msg id=1800
05-13 16:33:47.126  2018  2494 D Mapcon  : MapconConfigImpl-0: enter handleCarrierConfigChangedInd
05-13 16:33:47.126  2018  2514 D Mapcon  : SMVoice-0-Normal: enter handleCarrierConfigChangedCnf
05-13 16:33:47.130  2018  2494 I Mapcon  : MapconConfigImpl-0: KEY_CARRIER_WFC_IMS_AVAILABLE_BOOL is false!!!!!!!!!!
05-13 16:33:47.130  2018  2494 D Mapcon  : MapconConfigImpl-0: enter reset
05-13 16:33:47.131  2018  2514 D Mapcon  : MapconConfigImpl-0: enter isConfigReady, Config State is not ready!!!
05-13 16:33:47.131  2018  2514 V Mapcon  : SMVoice-0-Normal: Switch in XML off No need SIM Adp !
05-13 16:33:47.131  2018  2514 D Mapcon  : SMVoice-0-Normal: usim ready,read carrierconfig delay
05-13 16:33:47.131  2018  2514 D Mapcon  : SMVoice-0-Normal: PrepareState,handled msg=1801
05-13 16:33:47.131  2018  2514 D Mapcon  : SMVoice-0-Normal: enter handleCarrierConfigChangedCnf
05-13 16:33:47.131  2018  2514 D Mapcon  : MapconConfigImpl-0: enter isConfigReady, Config State is not ready!!!
05-13 16:33:47.131  2018  2514 V Mapcon  : SMVoice-0-Normal: Switch in XML off No need SIM Adp !
05-13 16:33:47.131  2018  2514 D Mapcon  : SMVoice-0-Normal: usim ready,read carrierconfig delay
05-13 16:33:47.131  2018  2514 D Mapcon  : SMVoice-0-Normal: PrepareState,handled msg=1801
05-13 16:33:48.174  2018  2018 D Mapcon  : TelephonyTracker: onSignalStrengthsChanged:phoneId=0, level=0
05-13 16:33:48.176  1919  2042 I DeepNoDisturbP: handleStateChanged reason=8
05-13 16:33:48.180  1919  2042 I HidataAppQoeP: handleStateChanged reason=8
05-13 16:33:48.182  2018  2514 D Mapcon  : SMVoice-0-Normal: PrepareState:defaultStatehandle msg=CMD_SIGNAL_STRENGTH_CHANED_IND
05-13 16:33:48.182  2018  2514 D Mapcon  : MapconConfigImpl-0: enter isConfigReady, Config State is not ready!!!
05-13 16:33:48.185  1919  2042 I PreDnsQuery: handleStateChanged reason=8
05-13 16:33:48.185  1919  2042 I PreDnsQuery: No need to handled!
05-13 16:33:48.185  1919  2042 I BrowserChrP: handleStateChanged
05-13 16:33:50.946  1919  2042 I DeepNoDisturbP: handleStateChanged reason=8
05-13 16:33:50.952  1919  2042 I HidataAppQoeP: handleStateChanged reason=8
05-13 16:33:50.954  2018  2018 D Mapcon  : TelephonyTracker: onSignalStrengthsChanged:phoneId=0, level=5
05-13 16:33:50.957  2018  2514 D Mapcon  : SMVoice-0-Normal: PrepareState:defaultStatehandle msg=CMD_SIGNAL_STRENGTH_CHANED_IND
05-13 16:33:50.957  2018  2514 D Mapcon  : MapconConfigImpl-0: enter isConfigReady, Config State is not ready!!!
05-13 16:33:50.963  1919  2042 I PreDnsQuery: handleStateChanged reason=8
05-13 16:33:50.964  1919  2042 I PreDnsQuery: No need to handled!
05-13 16:33:50.965  1919  2042 I BrowserChrP: handleStateChanged
05-13 16:33:52.132  2018  2514 D Mapcon  : SMVoice-0-Normal: enter handleCarrierConfigChangedInd
05-13 16:33:52.133  2018  2494 D Mapcon  : MapconConfigImpl-0: handleMessage, msg id=1800
05-13 16:33:52.133  2018  2514 D Mapcon  : SMVoice-0-Normal: PrepareState,handled msg=CMD_CARRIER_CONFIG_CHANGE_IND
05-13 16:33:52.133  2018  2494 D Mapcon  : MapconConfigImpl-0: enter handleCarrierConfigChangedInd
05-13 16:33:52.133  2018  2514 D Mapcon  : SMVoice-0-Normal: enter handleCarrierConfigChangedInd
05-13 16:33:52.133  2018  2514 D Mapcon  : SMVoice-0-Normal: PrepareState,handled msg=CMD_CARRIER_CONFIG_CHANGE_IND
05-13 16:33:52.135  2018  2494 I Mapcon  : MapconConfigImpl-0: KEY_CARRIER_WFC_IMS_AVAILABLE_BOOL is false!!!!!!!!!!
05-13 16:33:52.135  2018  2494 D Mapcon  : MapconConfigImpl-0: enter reset
05-13 16:33:52.135  2018  2494 D Mapcon  : MapconConfigImpl-0: handleMessage, msg id=1800
05-13 16:33:52.135  2018  2514 D Mapcon  : SMVoice-0-Normal: enter handleCarrierConfigChangedCnf
05-13 16:33:52.135  2018  2494 D Mapcon  : MapconConfigImpl-0: enter handleCarrierConfigChangedInd
05-13 16:33:52.139  2018  2494 I Mapcon  : MapconConfigImpl-0: KEY_CARRIER_WFC_IMS_AVAILABLE_BOOL is false!!!!!!!!!!
05-13 16:33:52.139  2018  2494 D Mapcon  : MapconConfigImpl-0: enter reset
