--------- beginning of kernel
09-21 16:48:13.360     0     0 E PL_AWAKE: PL_VOTER,1 same vote off of val=0
09-21 16:48:13.361     0     0 E PL_AWAKE: PL_VOTER,1 Ignoring similar vote off of val=0
--------- beginning of events
09-21 16:49:14.237  1589  1737 I netstats_mobile_sample: [0,0,0,0,0,0,0,0,0,0,0,0,1726908554492]
09-21 16:49:14.237  1589  1737 I netstats_wifi_sample: [2061833873,2861489,57078394,699422,2061833873,2861489,57078394,699422,2129095901,2673735,56611472,696594,1726908554492]
--------- beginning of main
09-21 16:49:25.739  2317  2341 I QcrilOemhookMsgTunnel: [1]processOemHookIndication length=21
09-21 16:49:25.739  2317  2317 D QcrilMsgTunnelIfaceManager: handleMessage what = 0
--------- beginning of radio
09-21 16:49:25.743  2197  2288 D RILJ    : Unsol response received; Sending ack to ril.cpp [SUB1]
09-21 16:49:25.743  2197  2288 D RILJ    : [UNSL]< UNSOL_RESPONSE_NETWORK_STATE_CHANGED [SUB1]
09-21 16:49:25.743  2197  2372 D NetworkRegistrationManager: onNetworkStateChanged
09-21 16:49:25.743  2197  2197 D SST[1]  : [1] pollState: modemTriggered=true
09-21 16:49:25.745  2178  2178 D use-Rlog/RLOG-QC_RIL_OEM_HOOK: Received Broadcast Intent ACTION_UNSOL_RESPONSE_OEM_HOOK_RAW
09-21 16:49:25.745  2178  2178 D use-Rlog/RLOG-QC_RIL_OEM_HOOK: Oem ID in QCRILHOOK UNSOL RESP is QOEMHOOK
09-21 16:49:25.747  2197  2197 D RILJ    : [0756]> OPERATOR [SUB1]
09-21 16:49:25.747  2197  2197 D NetworkRegistrationManager: getNetworkRegistrationState domain 2
09-21 16:49:25.748  2197  2197 D NetworkRegistrationManager: getNetworkRegistrationState domain 1
09-21 16:49:25.748  2317  2341 I QcrilOemhookMsgTunnel: [1]processOemHookIndication length=21
09-21 16:49:25.749  2197  2288 D RILJ    : Unsol response received; Sending ack to ril.cpp [SUB1]
09-21 16:49:25.749  2197  2288 D RILJ    : [UNSL]< UNSOL_RESPONSE_NETWORK_STATE_CHANGED [SUB1]
09-21 16:49:25.749  2317  2317 D QcrilMsgTunnelIfaceManager: handleMessage what = 0
09-21 16:49:25.750  2197  2197 D RILJ    : [0758]> QUERY_NETWORK_SELECTION_MODE [SUB1]
09-21 16:49:25.750  2197  2197 D use-Rlog/RLOG-QC_RIL_OEM_HOOK: Received Broadcast Intent ACTION_UNSOL_RESPONSE_OEM_HOOK_RAW
09-21 16:49:25.751  2197  2197 D use-Rlog/RLOG-QC_RIL_OEM_HOOK: Oem ID in QCRILHOOK UNSOL RESP is QOEMHOOK
09-21 16:49:25.751  2197  2197 D use-Rlog/RLOG-QC_RIL_OEM_HOOK: Received Broadcast Intent ACTION_UNSOL_RESPONSE_OEM_HOOK_RAW
09-21 16:49:25.751  2197  2197 D use-Rlog/RLOG-QC_RIL_OEM_HOOK: Oem ID in QCRILHOOK UNSOL RESP is QOEMHOOK
09-21 16:49:25.751  2197  2197 E use-Rlog/RLOG-QC_RIL_OEM_HOOK: QcRilOemHook notifyRegistrants Failed
09-21 16:49:25.751  2197  2197 D use-Rlog/RLOG-QC_RIL_OEM_HOOK: Received Broadcast Intent ACTION_UNSOL_RESPONSE_OEM_HOOK_RAW
09-21 16:49:25.751  2178  2178 D use-Rlog/RLOG-QC_RIL_OEM_HOOK: Received Broadcast Intent ACTION_UNSOL_RESPONSE_OEM_HOOK_RAW
09-21 16:49:25.752  2178  2178 D use-Rlog/RLOG-QC_RIL_OEM_HOOK: Oem ID in QCRILHOOK UNSOL RESP is QOEMHOOK
09-21 16:49:25.752  2197  2197 D use-Rlog/RLOG-QC_RIL_OEM_HOOK: Oem ID in QCRILHOOK UNSOL RESP is QOEMHOOK
09-21 16:49:25.752  2197  2197 D use-Rlog/RLOG-QC_RIL_OEM_HOOK: Received Broadcast Intent ACTION_UNSOL_RESPONSE_OEM_HOOK_RAW
09-21 16:49:25.752  2197  2197 D use-Rlog/RLOG-QC_RIL_OEM_HOOK: Oem ID in QCRILHOOK UNSOL RESP is QOEMHOOK
09-21 16:49:25.752  2197  2197 D PhoneSwitcher: handle event - 108
09-21 16:49:25.752  2197  2197 D use-Rlog/RLOG-QC_RIL_OEM_HOOK: Received Broadcast Intent ACTION_UNSOL_RESPONSE_OEM_HOOK_RAW
09-21 16:49:25.752  2197  2197 D use-Rlog/RLOG-QC_RIL_OEM_HOOK: Oem ID in QCRILHOOK UNSOL RESP is QOEMHOOK
09-21 16:49:25.752  2197  2197 D use-Rlog/RLOG-QC_RIL_OEM_HOOK: Received Broadcast Intent ACTION_UNSOL_RESPONSE_OEM_HOOK_RAW
09-21 16:49:25.753  2197  2197 D use-Rlog/RLOG-QC_RIL_OEM_HOOK: Oem ID in QCRILHOOK UNSOL RESP is QOEMHOOK
09-21 16:49:25.753  2197  2197 E use-Rlog/RLOG-QC_RIL_OEM_HOOK: QcRilOemHook notifyRegistrants Failed
09-21 16:49:25.753  2197  2197 D PhoneSwitcher: handle event - 108
09-21 16:49:25.753  2197  2288 D RILJ    : [0756]< OPERATOR {, , } [SUB1]
09-21 16:49:25.753  2197  2372 D RILJ    : [0759]> DATA_REGISTRATION_STATE [SUB1]
09-21 16:49:25.755  2197  2372 D RILJ    : [0760]> VOICE_REGISTRATION_STATE [SUB1]
09-21 16:49:25.755  2197  2197 D use-Rlog/RLOG-QC_RIL_OEM_HOOK: Received Broadcast Intent ACTION_UNSOL_RESPONSE_OEM_HOOK_RAW
09-21 16:49:25.755  2197  2372 D NetworkRegistrationManager: onNetworkStateChanged
09-21 16:49:25.755  2197  2197 D use-Rlog/RLOG-QC_RIL_OEM_HOOK: Oem ID in QCRILHOOK UNSOL RESP is QOEMHOOK
09-21 16:49:25.755  2197  2197 D use-Rlog/RLOG-QC_RIL_OEM_HOOK: Received Broadcast Intent ACTION_UNSOL_RESPONSE_OEM_HOOK_RAW
09-21 16:49:25.755  2197  2197 D use-Rlog/RLOG-QC_RIL_OEM_HOOK: Oem ID in QCRILHOOK UNSOL RESP is QOEMHOOK
09-21 16:49:25.755  2197  2197 D SST[1]  : [1] pollState: modemTriggered=true
09-21 16:49:25.756  2197  2288 D RILJ    : [0758]< QUERY_NETWORK_SELECTION_MODE {0} [SUB1]
09-21 16:49:25.757  2197  2197 D RILJ    : [0761]> OPERATOR [SUB1]
09-21 16:49:25.757  2197  2197 D NetworkRegistrationManager: getNetworkRegistrationState domain 2
09-21 16:49:25.757  2197  2197 D NetworkRegistrationManager: getNetworkRegistrationState domain 1
09-21 16:49:25.760  2197  2288 D RILJ    : [0759]< DATA_REGISTRATION_STATE {.regState = NOT_REG_MT_NOT_SEARCHING_OP, .rat = 0, .reasonDataDenied = 0, .maxDataCalls = 20, .cellIdentity = {...}} [SUB1]
09-21 16:49:25.761  2197  2435 D NetworkRegistrationManager: onGetNetworkRegistrationStateComplete result 0 state NetworkRegistrationState{transportType=1 domain=PS regState=NOT_REG_NOT_SEARCHING accessNetworkTechnology=UNKNOWN reasonForDenial=0 emergencyEnabled=false supportedServices=null cellIdentity=null voiceSpecificStates=null dataSpecificStates=DataSpecificRegistrationStates { mMaxDataCalls=20}}
09-21 16:49:25.763  2197  2372 D RILJ    : [0763]> DATA_REGISTRATION_STATE [SUB1]
09-21 16:49:25.764  2197  2288 D RILJ    : [0760]< VOICE_REGISTRATION_STATE {.regState = NOT_REG_MT_SEARCHING_OP_EM, .rat = 3, .cssSupported = false, .roamingIndicator = -1, .systemIsInPrl = -1, .defaultRoamingIndicator = -1, .reasonForDenial = 0, .cellIdentity = {...}} [SUB1]
09-21 16:49:25.764  2197  2197 D RILJ    : [0762]> QUERY_NETWORK_SELECTION_MODE [SUB1]
09-21 16:49:25.764  2197  2197 D SST[1]  : [1] EVENT_POLL_STATE_NETWORK_SELECTION_MODE
09-21 16:49:25.765  2197  2372 D RILJ    : [0764]> VOICE_REGISTRATION_STATE [SUB1]
09-21 16:49:25.765  2197  2435 D NetworkRegistrationManager: onGetNetworkRegistrationStateComplete result 0 state NetworkRegistrationState{transportType=1 domain=CS regState=NOT_REG_SEARCHING accessNetworkTechnology=UMTS reasonForDenial=0 emergencyEnabled=true supportedServices=[I@f6164f6 cellIdentity=CellIdentityWcdma:{ mMcc=460 mMnc=01 mAlphaLong=CHN-UNICOM mAlphaShort=UNICOM} voiceSpecificStates=VoiceSpecificRegistrationStates { mCssSupported=false mRoamingIndicator=-1 mSystemIsInPrl=-1 mDefaultRoamingIndicator=-1} dataSpecificStates=null}
09-21 16:49:25.767  2197  2288 D RILJ    : [0761]< OPERATOR {, , } [SUB1]
09-21 16:49:25.771  2197  2288 D RILJ    : [0763]< DATA_REGISTRATION_STATE {.regState = NOT_REG_MT_NOT_SEARCHING_OP, .rat = 0, .reasonDataDenied = 0, .maxDataCalls = 20, .cellIdentity = {...}} [SUB1]
09-21 16:49:25.771  2197  2435 D NetworkRegistrationManager: onGetNetworkRegistrationStateComplete result 0 state NetworkRegistrationState{transportType=1 domain=PS regState=NOT_REG_NOT_SEARCHING accessNetworkTechnology=UNKNOWN reasonForDenial=0 emergencyEnabled=false supportedServices=null cellIdentity=null voiceSpecificStates=null dataSpecificStates=DataSpecificRegistrationStates { mMaxDataCalls=20}}
09-21 16:49:25.771  2197  2197 D SST[1]  : [1] Could not set ServiceState channel number. CellIdentity null
09-21 16:49:25.771  2197  2197 D SST[1]  : [1] handlPollStateResultMessage: GsmSST dataServiceState=1 regState=0 dataRadioTechnology=0
09-21 16:49:25.774  2197  2288 D RILJ    : [0762]< QUERY_NETWORK_SELECTION_MODE {0} [SUB1]
09-21 16:49:25.774  2197  2197 D SST[1]  : [1] EVENT_POLL_STATE_NETWORK_SELECTION_MODE
09-21 16:49:25.775  2197  2288 D RILJ    : [0764]< VOICE_REGISTRATION_STATE {.regState = NOT_REG_MT_SEARCHING_OP_EM, .rat = 3, .cssSupported = false, .roamingIndicator = -1, .systemIsInPrl = -1, .defaultRoamingIndicator = -1, .reasonForDenial = 0, .cellIdentity = {...}} [SUB1]
09-21 16:49:25.776  2197  2435 D NetworkRegistrationManager: onGetNetworkRegistrationStateComplete result 0 state NetworkRegistrationState{transportType=1 domain=CS regState=NOT_REG_SEARCHING accessNetworkTechnology=UMTS reasonForDenial=0 emergencyEnabled=true supportedServices=[I@57f20f7 cellIdentity=CellIdentityWcdma:{ mMcc=460 mMnc=01 mAlphaLong=CHN-UNICOM mAlphaShort=UNICOM} voiceSpecificStates=VoiceSpecificRegistrationStates { mCssSupported=false mRoamingIndicator=-1 mSystemIsInPrl=-1 mDefaultRoamingIndicator=-1} dataSpecificStates=null}
09-21 16:49:25.777  2197  2197 D SST[1]  : [1] handlPollVoiceRegResultMessage: regState=2 radioTechnology=3
09-21 16:49:25.780  2197  2197 D SST[1]  : [1] Poll ServiceState done:  oldSS=[{mVoiceRegState=1(OUT_OF_SERVICE), mDataRegState=1(OUT_OF_SERVICE), mChannelNumber=10763, duplexMode()=0, mCellBandwidths=[], mVoiceRoamingType=home, mDataRoamingType=home, mVoiceOperatorAlphaLong=, mVoiceOperatorAlphaShort=, mDataOperatorAlphaLong=, mDataOperatorAlphaShort=, isManualNetworkSelection=false(automatic), mRilVoiceRadioTechnology=3(UMTS), mRilDataRadioTechnology=0(Unknown), mCssIndicator=unsupported, mNetworkId=-1, mSystemId=-1, mCdmaRoamingIndicator=-1, mCdmaDefaultRoamingIndicator=-1, mIsEmergencyOnly=true, mIsDataRoamingFromRegistration=false, mIsUsingCarrierAggregation=false, mLteEarfcnRsrpBoost=0, mNetworkRegistrationStates=[NetworkRegistrationState{transportType=1 domain=PS regState=NOT_REG_NOT_SEARCHING accessNetworkTechnology=UNKNOWN reasonForDenial=0 emergencyEnabled=false supportedServices=null cellIdentity=null voiceSpecificStates=null dataSpecificStates=DataSpecificRegistrationStates { mMaxDataCalls=20}}, NetworkRegistrationState{transportType=1 domain=CS regState=NOT_REG_SEARCHING accessNetworkTechnology=UMTS reasonForDenial=0 emergencyEnabled=true supportedServices=[I@3366c59 cellIdentity=CellIdentityWcdma:{ mMcc=460 mMnc=01 mAlphaLong=CHN-UNICOM mAlphaShort=UNICOM} voiceSpecificStates=VoiceSpecificRegistrationStates { mCssSupported=false mRoamingIndicator=-1 mSystemIsInPrl=-1 mDefaultRoamingIndicator=-1} dataSpecificStates=null}]}] newSS=[{mVoiceRegState=1(OUT_OF_SERVICE), mDataRegState=1(OUT_OF_SERVICE), mChannelNumber=10763, duplexMode()=0, mCellBandwidths=[], mVoiceRoamingType=home, mDataRoamingType=home, mVoiceOperatorAlphaLong=, mVoiceOperatorAlphaShort=, mDataOperatorAlphaLong=, mDataOperatorAlphaShort=, isManualNetworkSelection=false(automatic), mRilVoiceRadioTechnology=3(UMTS), mRilDataRadioTechnology=0(Unknown), mCssIndicator=unsupported, mNetworkId=-1, mSystemId=-1, mCdmaRoamingIndicator=-1, mCdmaDefaultRoamingIndicator=-1, mIsEmergencyOnly=true, mIsDataRoamingFromRegistration=false, mIsUsingCarrierAggregation=false, mLteEarfcnRsrpBoost=0, mNetworkRegistrationStates=[NetworkRegistrationState{transportType=1 domain=PS regState=NOT_REG_NOT_SEARCHING accessNetworkTechnology=UNKNOWN reasonForDenial=0 emergencyEnabled=false supportedServices=null cellIdentity=null voiceSpecificStates=null dataSpecificStates=DataSpecificRegistrationStates { mMaxDataCalls=20}}, NetworkRegistrationState{transportType=1 domain=CS regState=NOT_REG_SEARCHING accessNetworkTechnology=UMTS reasonForDenial=0 emergencyEnabled=true supportedServices=[I@57f20f7 cellIdentity=CellIdentityWcdma:{ mMcc=460 mMnc=01 mAlphaLong=CHN-UNICOM mAlphaShort=UNICOM} voiceSpecificStates=VoiceSpecificRegistrationStates { mCssSupported=false mRoamingIndicator=-1 mSystemIsInPrl=-1 mDefaultRoamingIndicator=-1} dataSpecificStates=null}]}] oldMaxDataCalls=20 mNewMaxDataCalls=20 oldReasonDataDenied=0 mNewReasonDataDenied=0
09-21 16:49:25.780  2197  2197 D SST[1]  : [1] pollStateDone: hasRegistered=false hasDeregistered=false hasDataAttached=false hasDataDetached=false hasDataRegStateChanged=false hasRilVoiceRadioTechnologyChanged= false hasRilDataRadioTechnologyChanged=false hasChanged=false hasVoiceRoamingOn=false hasVoiceRoamingOff=false hasDataRoamingOn=false hasDataRoamingOff=false hasLocationChanged=false has4gHandoff = false hasMultiApnSupport=false hasLostMultiApnSupport=false hasCssIndicatorChanged=false
09-21 16:49:26.667   853  1020 E ThermalEngine: read_thermal_config
09-21 16:49:26.668   853  1020 D ThermalEngine: algo_monitor: Timer EVT
09-21 16:49:26.669   853  1020 I ThermalEngine: Sensor:sdm-therm:48766 mC
09-21 16:49:26.669   853  1020 D ThermalEngine: handle_timer_sig: SS Id SS-QUIET-THERM-GOLD2 Read sdm-therm 48766mC, Err -1766mC, SampleCnt 1
09-21 16:49:26.669   853  1020 D ThermalEngine: handle_timer_sig: SS Id SS-QUIET-THERM-GOLD2, E0 -1766mC, E1 -1766mC
09-21 16:49:26.669   853  1020 D ThermalEngine: Already at device mitigation max limit
09-21 16:49:26.670   853  1020 I ThermalEngine: Sensor:sdm-therm:48766 mC
09-21 16:49:26.671   853  1020 D ThermalEngine: handle_timer_sig: SS Id SS-QUIET-THERM-GOLD Read sdm-therm 48766mC, Err -3766mC, SampleCnt 1
09-21 16:49:26.671   853  1020 D ThermalEngine: handle_timer_sig: SS Id SS-QUIET-THERM-GOLD, E0 -3766mC, E1 -3766mC
09-21 16:49:26.671   853  1020 D ThermalEngine: Already at device mitigation max limit
09-21 16:49:26.672   853  1020 I ThermalEngine: Sensor:sdm-therm:48701 mC
09-21 16:49:26.672   853  1020 D ThermalEngine: handle_timer_sig: SS Id SS-QUIET-THERM-SILVER3 Read sdm-therm 48701mC, Err -701mC, SampleCnt 1
09-21 16:49:26.672   853  1020 D ThermalEngine: handle_timer_sig: SS Id SS-QUIET-THERM-SILVER3, E0 -701mC, E1 -766mC
09-21 16:49:26.672   853  1020 D ThermalEngine: Already at device mitigation max limit
09-21 16:49:26.673   853  1020 I ThermalEngine: Sensor:sdm-therm:48766 mC
09-21 16:49:26.673   853  1020 D ThermalEngine: handle_timer_sig: SS Id SS-QUIET-THERM-SILVER2 Read sdm-therm 48766mC, Err -2766mC, SampleCnt 1
09-21 16:49:26.673   853  1020 D ThermalEngine: handle_timer_sig: SS Id SS-QUIET-THERM-SILVER2, E0 -2766mC, E1 -2766mC
09-21 16:49:26.673   853  1020 D ThermalEngine: Already at device mitigation max limit
09-21 16:49:26.674   853  1020 I ThermalEngine: Sensor:sdm-therm:48701 mC
09-21 16:49:26.674   853  1020 D ThermalEngine: handle_timer_sig: SS Id SS-QUIET-THERM-SILVER Read sdm-therm 48701mC, Err -4701mC, SampleCnt 1
09-21 16:49:26.674   853  1020 D ThermalEngine: handle_timer_sig: SS Id SS-QUIET-THERM-SILVER, E0 -4701mC, E1 -4766mC
09-21 16:49:26.674   853  1020 D ThermalEngine: Already at device mitigation max limit
09-21 16:49:26.674   853  1020 I ThermalEngine: settimer: Start timer 2.000(sec)
09-21 16:49:26.674   853  1020 D ThermalEngine: algo_monitor: Wait for EV
09-21 16:49:27.457  2883  4578 D WorkerThreadMonitor: Kill MSF check result[ senderSize:0,sendInterval:47302,receiveInterval=17264,addCmdCount=691
09-21 16:49:27.966 11568 11568 D BoundBrokerSvc: onUnbind: Intent { act=com.google.android.gms.mdns.service.START dat=chimera-action: cmp=com.google.android.gms/.chimera.PersistentApiService }
09-21 16:49:27.990  1589  3397 D CompatibilityInfo: mCompatibilityFlags - 0
09-21 16:49:27.990  1589  3397 D CompatibilityInfo: applicationDensity - 440
09-21 16:49:27.990  1589  3397 D CompatibilityInfo: applicationScale - 1.0
09-21 16:49:27.993 11568 11568 D BoundBrokerSvc: onBind: Intent { act=com.google.android.gms.mdns.service.START dat=chimera-action: cmp=com.google.android.gms/.chimera.PersistentApiService }
09-21 16:49:27.994 11568 11568 D BoundBrokerSvc: Loading bound service for intent: Intent { act=com.google.android.gms.mdns.service.START dat=chimera-action: cmp=com.google.android.gms/.chimera.PersistentApiService }
09-21 16:49:24.926     0     0 D logd    : logdr: UID=2000 GID=2000 PID=10382 b tail=0 logMask=ff pid=0 start=0ns timeout=0ns
09-21 16:49:28.674   853  1020 E ThermalEngine: read_thermal_config
09-21 16:49:28.675   853  1020 D ThermalEngine: algo_monitor: Timer EVT
09-21 16:49:28.676   853  1020 I ThermalEngine: Sensor:sdm-therm:48701 mC
09-21 16:49:28.676   853  1020 D ThermalEngine: handle_timer_sig: SS Id SS-QUIET-THERM-GOLD2 Read sdm-therm 48701mC, Err -1701mC, SampleCnt 1
09-21 16:49:28.676   853  1020 D ThermalEngine: handle_timer_sig: SS Id SS-QUIET-THERM-GOLD2, E0 -1701mC, E1 -1766mC
09-21 16:49:28.676   853  1020 D ThermalEngine: Already at device mitigation max limit
09-21 16:49:28.677   853  1020 I ThermalEngine: Sensor:sdm-therm:48701 mC
09-21 16:49:28.677   853  1020 D ThermalEngine: handle_timer_sig: SS Id SS-QUIET-THERM-GOLD Read sdm-therm 48701mC, Err -3701mC, SampleCnt 1
09-21 16:49:28.677   853  1020 D ThermalEngine: handle_timer_sig: SS Id SS-QUIET-THERM-GOLD, E0 -3701mC, E1 -3766mC
09-21 16:49:28.677   853  1020 D ThermalEngine: Already at device mitigation max limit
09-21 16:49:28.679   853  1020 I ThermalEngine: Sensor:sdm-therm:48701 mC
09-21 16:49:28.680   853  1020 D ThermalEngine: handle_timer_sig: SS Id SS-QUIET-THERM-SILVER3 Read sdm-therm 48701mC, Err -701mC, SampleCnt 1
09-21 16:49:28.680   853  1020 D ThermalEngine: handle_timer_sig: SS Id SS-QUIET-THERM-SILVER3, E0 -701mC, E1 -701mC
09-21 16:49:28.680   853  1020 D ThermalEngine: Already at device mitigation max limit
09-21 16:49:28.681   853  1020 I ThermalEngine: Sensor:sdm-therm:48701 mC
09-21 16:49:28.681   853  1020 D ThermalEngine: handle_timer_sig: SS Id SS-QUIET-THERM-SILVER2 Read sdm-therm 48701mC, Err -2701mC, SampleCnt 1
09-21 16:49:28.681   853  1020 D ThermalEngine: handle_timer_sig: SS Id SS-QUIET-THERM-SILVER2, E0 -2701mC, E1 -2766mC
09-21 16:49:28.681   853  1020 D ThermalEngine: Already at device mitigation max limit
09-21 16:49:28.683   853  1020 I ThermalEngine: Sensor:sdm-therm:48701 mC
09-21 16:49:28.683   853  1020 D ThermalEngine: handle_timer_sig: SS Id SS-QUIET-THERM-SILVER Read sdm-therm 48701mC, Err -4701mC, SampleCnt 1
09-21 16:49:28.683   853  1020 D ThermalEngine: handle_timer_sig: SS Id SS-QUIET-THERM-SILVER, E0 -4701mC, E1 -4701mC
09-21 16:49:28.683   853  1020 D ThermalEngine: Already at device mitigation max limit
09-21 16:49:28.683   853  1020 I ThermalEngine: settimer: Start timer 2.000(sec)
09-21 16:49:28.683   853  1020 D ThermalEngine: algo_monitor: Wait for EV
09-21 16:49:28.751  2975  3199 E octvm_klo: logd seems exit or crashed, reinitialized.
09-21 16:49:25.404     0     0 D logd    : logdr: UID=1000 GID=1000 PID=2975 b tail=0 logMask=4 pid=0 start=0ns timeout=0ns
09-21 16:49:30.683   853  1020 E ThermalEngine: read_thermal_config
09-21 16:49:30.684   853  1020 D ThermalEngine: algo_monitor: Timer EVT
09-21 16:49:30.685   853  1020 I ThermalEngine: Sensor:sdm-therm:48766 mC
09-21 16:49:30.685   853  1020 D ThermalEngine: handle_timer_sig: SS Id SS-QUIET-THERM-GOLD2 Read sdm-therm 48766mC, Err -1766mC, SampleCnt 1
09-21 16:49:30.685   853  1020 D ThermalEngine: handle_timer_sig: SS Id SS-QUIET-THERM-GOLD2, E0 -1766mC, E1 -1701mC
09-21 16:49:30.685   853  1020 D ThermalEngine: Already at device mitigation max limit
09-21 16:49:30.686   853  1020 I ThermalEngine: Sensor:sdm-therm:48766 mC
09-21 16:49:30.686   853  1020 D ThermalEngine: handle_timer_sig: SS Id SS-QUIET-THERM-GOLD Read sdm-therm 48766mC, Err -3766mC, SampleCnt 1
09-21 16:49:30.686   853  1020 D ThermalEngine: handle_timer_sig: SS Id SS-QUIET-THERM-GOLD, E0 -3766mC, E1 -3701mC
09-21 16:49:30.686   853  1020 D ThermalEngine: Already at device mitigation max limit
09-21 16:49:30.688   853  1020 I ThermalEngine: Sensor:sdm-therm:48766 mC
09-21 16:49:30.688   853  1020 D ThermalEngine: handle_timer_sig: SS Id SS-QUIET-THERM-SILVER3 Read sdm-therm 48766mC, Err -766mC, SampleCnt 1
09-21 16:49:30.688   853  1020 D ThermalEngine: handle_timer_sig: SS Id SS-QUIET-THERM-SILVER3, E0 -766mC, E1 -701mC
09-21 16:49:30.688   853  1020 D ThermalEngine: Already at device mitigation max limit
09-21 16:49:30.690   853  1020 I ThermalEngine: Sensor:sdm-therm:48766 mC
09-21 16:49:30.690   853  1020 D ThermalEngine: handle_timer_sig: SS Id SS-QUIET-THERM-SILVER2 Read sdm-therm 48766mC, Err -2766mC, SampleCnt 1
09-21 16:49:30.690   853  1020 D ThermalEngine: handle_timer_sig: SS Id SS-QUIET-THERM-SILVER2, E0 -2766mC, E1 -2701mC
09-21 16:49:30.690   853  1020 D ThermalEngine: Already at device mitigation max limit
09-21 16:49:30.691   853  1020 I ThermalEngine: Sensor:sdm-therm:48766 mC
09-21 16:49:30.691   853  1020 D ThermalEngine: handle_timer_sig: SS Id SS-QUIET-THERM-SILVER Read sdm-therm 48766mC, Err -4766mC, SampleCnt 1
09-21 16:49:30.691   853  1020 D ThermalEngine: handle_timer_sig: SS Id SS-QUIET-THERM-SILVER, E0 -4766mC, E1 -4701mC
09-21 16:49:30.691   853  1020 D ThermalEngine: Already at device mitigation max limit
09-21 16:49:30.691   853  1020 I ThermalEngine: settimer: Start timer 2.000(sec)
09-21 16:49:30.691   853  1020 D ThermalEngine: algo_monitor: Wait for EV
09-21 16:49:31.197  2317  2341 I QcrilOemhookMsgTunnel: [1]processOemHookIndication length=21
09-21 16:49:31.200  2317  2317 D QcrilMsgTunnelIfaceManager: handleMessage what = 0
09-21 16:49:31.204  2197  2288 D RILJ    : Unsol response received; Sending ack to ril.cpp [SUB1]
09-21 16:49:31.204  2197  2288 D RILJ    : [UNSL]< UNSOL_RESPONSE_NETWORK_STATE_CHANGED [SUB1]
09-21 16:49:31.205  2197  2372 D NetworkRegistrationManager: onNetworkStateChanged
09-21 16:49:31.207  2197  2197 D SST[1]  : [1] pollState: modemTriggered=true
09-21 16:49:31.208  2178  2178 D use-Rlog/RLOG-QC_RIL_OEM_HOOK: Received Broadcast Intent ACTION_UNSOL_RESPONSE_OEM_HOOK_RAW
09-21 16:49:31.208  2178  2178 D use-Rlog/RLOG-QC_RIL_OEM_HOOK: Oem ID in QCRILHOOK UNSOL RESP is QOEMHOOK
09-21 16:49:31.210  2197  2197 D RILJ    : [0766]> OPERATOR [SUB1]
09-21 16:49:31.210  2197  2197 D NetworkRegistrationManager: getNetworkRegistrationState domain 2
09-21 16:49:31.211  2197  2197 D NetworkRegistrationManager: getNetworkRegistrationState domain 1
09-21 16:49:31.212  2197  2197 D RILJ    : [0767]> QUERY_NETWORK_SELECTION_MODE [SUB1]
09-21 16:49:31.213  2197  2372 D RILJ    : [0768]> DATA_REGISTRATION_STATE [SUB1]
09-21 16:49:31.214  2197  2372 D RILJ    : [0770]> VOICE_REGISTRATION_STATE [SUB1]
09-21 16:49:31.215  2197  2288 D RILJ    : Unsol response received; Sending ack to ril.cpp [SUB1]
09-21 16:49:31.215  2197  2288 D RILJ    : [UNSL]< UNSOL_RESPONSE_NETWORK_STATE_CHANGED [SUB1]
09-21 16:49:31.216  2197  2372 D NetworkRegistrationManager: onNetworkStateChanged
09-21 16:49:31.219  2197  2197 D use-Rlog/RLOG-QC_RIL_OEM_HOOK: Received Broadcast Intent ACTION_UNSOL_RESPONSE_OEM_HOOK_RAW
09-21 16:49:31.219  2197  2197 D use-Rlog/RLOG-QC_RIL_OEM_HOOK: Oem ID in QCRILHOOK UNSOL RESP is QOEMHOOK
09-21 16:49:31.219  2197  2288 D RILJ    : [0766]< OPERATOR {, , } [SUB1]
09-21 16:49:31.220  2197  2197 D use-Rlog/RLOG-QC_RIL_OEM_HOOK: Received Broadcast Intent ACTION_UNSOL_RESPONSE_OEM_HOOK_RAW
09-21 16:49:31.220  2197  2197 D use-Rlog/RLOG-QC_RIL_OEM_HOOK: Oem ID in QCRILHOOK UNSOL RESP is QOEMHOOK
09-21 16:49:31.220  2197  2197 E use-Rlog/RLOG-QC_RIL_OEM_HOOK: QcRilOemHook notifyRegistrants Failed
09-21 16:49:31.220  2197  2197 D use-Rlog/RLOG-QC_RIL_OEM_HOOK: Received Broadcast Intent ACTION_UNSOL_RESPONSE_OEM_HOOK_RAW
09-21 16:49:31.220  2197  2197 D use-Rlog/RLOG-QC_RIL_OEM_HOOK: Oem ID in QCRILHOOK UNSOL RESP is QOEMHOOK
09-21 16:49:31.220  2197  2197 D use-Rlog/RLOG-QC_RIL_OEM_HOOK: Received Broadcast Intent ACTION_UNSOL_RESPONSE_OEM_HOOK_RAW
09-21 16:49:31.220  2197  2197 D use-Rlog/RLOG-QC_RIL_OEM_HOOK: Oem ID in QCRILHOOK UNSOL RESP is QOEMHOOK
09-21 16:49:31.220  2197  2197 D SST[1]  : [1] pollState: modemTriggered=true
09-21 16:49:31.222  2197  2197 D RILJ    : [0771]> OPERATOR [SUB1]
09-21 16:49:31.222  2197  2197 D NetworkRegistrationManager: getNetworkRegistrationState domain 2
09-21 16:49:31.223  2197  2288 D RILJ    : [0767]< QUERY_NETWORK_SELECTION_MODE {0} [SUB1]
09-21 16:49:31.223  2197  2288 D RILJ    : [0768]< DATA_REGISTRATION_STATE {.regState = NOT_REG_MT_NOT_SEARCHING_OP, .rat = 0, .reasonDataDenied = 0, .maxDataCalls = 20, .cellIdentity = {...}} [SUB1]
09-21 16:49:31.223  2197  2435 D NetworkRegistrationManager: onGetNetworkRegistrationStateComplete result 0 state NetworkRegistrationState{transportType=1 domain=PS regState=NOT_REG_NOT_SEARCHING accessNetworkTechnology=UNKNOWN reasonForDenial=0 emergencyEnabled=false supportedServices=null cellIdentity=null voiceSpecificStates=null dataSpecificStates=DataSpecificRegistrationStates { mMaxDataCalls=20}}
09-21 16:49:31.224  2317  2341 I QcrilOemhookMsgTunnel: [1]processOemHookIndication length=21
09-21 16:49:31.224  2317  2317 D QcrilMsgTunnelIfaceManager: handleMessage what = 0
09-21 16:49:31.225  2197  2197 D NetworkRegistrationManager: getNetworkRegistrationState domain 1
09-21 16:49:31.225  2197  2372 D RILJ    : [0772]> DATA_REGISTRATION_STATE [SUB1]
09-21 16:49:31.226  2197  2197 D RILJ    : [0773]> QUERY_NETWORK_SELECTION_MODE [SUB1]
09-21 16:49:31.226  2197  2197 D PhoneSwitcher: handle event - 108
09-21 16:49:31.228  2178  2178 D use-Rlog/RLOG-QC_RIL_OEM_HOOK: Received Broadcast Intent ACTION_UNSOL_RESPONSE_OEM_HOOK_RAW
09-21 16:49:31.228  2178  2178 D use-Rlog/RLOG-QC_RIL_OEM_HOOK: Oem ID in QCRILHOOK UNSOL RESP is QOEMHOOK
09-21 16:49:31.229  2197  2372 D RILJ    : [0774]> VOICE_REGISTRATION_STATE [SUB1]
09-21 16:49:31.229  2197  2197 D SST[1]  : [1] EVENT_POLL_STATE_NETWORK_SELECTION_MODE
09-21 16:49:31.230  2197  2197 D use-Rlog/RLOG-QC_RIL_OEM_HOOK: Received Broadcast Intent ACTION_UNSOL_RESPONSE_OEM_HOOK_RAW
09-21 16:49:31.230  2197  2197 D use-Rlog/RLOG-QC_RIL_OEM_HOOK: Oem ID in QCRILHOOK UNSOL RESP is QOEMHOOK
09-21 16:49:31.230  2197  2197 D use-Rlog/RLOG-QC_RIL_OEM_HOOK: Received Broadcast Intent ACTION_UNSOL_RESPONSE_OEM_HOOK_RAW
09-21 16:49:31.230  2197  2197 D use-Rlog/RLOG-QC_RIL_OEM_HOOK: Oem ID in QCRILHOOK UNSOL RESP is QOEMHOOK
09-21 16:49:31.230  2197  2197 E use-Rlog/RLOG-QC_RIL_OEM_HOOK: QcRilOemHook notifyRegistrants Failed
09-21 16:49:31.230  2197  2197 D use-Rlog/RLOG-QC_RIL_OEM_HOOK: Received Broadcast Intent ACTION_UNSOL_RESPONSE_OEM_HOOK_RAW
09-21 16:49:31.230  2197  2197 D use-Rlog/RLOG-QC_RIL_OEM_HOOK: Oem ID in QCRILHOOK UNSOL RESP is QOEMHOOK
09-21 16:49:31.230  2197  2197 D use-Rlog/RLOG-QC_RIL_OEM_HOOK: Received Broadcast Intent ACTION_UNSOL_RESPONSE_OEM_HOOK_RAW
09-21 16:49:31.230  2197  2197 D use-Rlog/RLOG-QC_RIL_OEM_HOOK: Oem ID in QCRILHOOK UNSOL RESP is QOEMHOOK
09-21 16:49:31.231  2197  2197 D PhoneSwitcher: handle event - 108
09-21 16:49:31.238  2197  2288 D RILJ    : [0770]< VOICE_REGISTRATION_STATE {.regState = NOT_REG_MT_SEARCHING_OP_EM, .rat = 3, .cssSupported = false, .roamingIndicator = -1, .systemIsInPrl = -1, .defaultRoamingIndicator = -1, .reasonForDenial = 0, .cellIdentity = {...}} [SUB1]
09-21 16:49:31.239  2197  2435 D NetworkRegistrationManager: onGetNetworkRegistrationStateComplete result 0 state NetworkRegistrationState{transportType=1 domain=CS regState=NOT_REG_SEARCHING accessNetworkTechnology=UMTS reasonForDenial=0 emergencyEnabled=true supportedServices=[I@3f3d2fc cellIdentity=CellIdentityWcdma:{ mMcc=460 mMnc=01 mAlphaLong=CHN-UNICOM mAlphaShort=UNICOM} voiceSpecificStates=VoiceSpecificRegistrationStates { mCssSupported=false mRoamingIndicator=-1 mSystemIsInPrl=-1 mDefaultRoamingIndicator=-1} dataSpecificStates=null}
09-21 16:49:31.240  2197  2288 D RILJ    : [0774]< VOICE_REGISTRATION_STATE {.regState = NOT_REG_MT_SEARCHING_OP_EM, .rat = 3, .cssSupported = false, .roamingIndicator = -1, .systemIsInPrl = -1, .defaultRoamingIndicator = -1, .reasonForDenial = 0, .cellIdentity = {...}} [SUB1]
09-21 16:49:31.240  2197  2435 D NetworkRegistrationManager: onGetNetworkRegistrationStateComplete result 0 state NetworkRegistrationState{transportType=1 domain=CS regState=NOT_REG_SEARCHING accessNetworkTechnology=UMTS reasonForDenial=0 emergencyEnabled=true supportedServices=[I@401cd85 cellIdentity=CellIdentityWcdma:{ mMcc=460 mMnc=01 mAlphaLong=CHN-UNICOM mAlphaShort=UNICOM} voiceSpecificStates=VoiceSpecificRegistrationStates { mCssSupported=false mRoamingIndicator=-1 mSystemIsInPrl=-1 mDefaultRoamingIndicator=-1} dataSpecificStates=null}
09-21 16:49:31.241  2197  2197 D SST[1]  : [1] handlPollVoiceRegResultMessage: regState=2 radioTechnology=3
09-21 16:49:31.244  2197  2288 D RILJ    : [0771]< OPERATOR {, , } [SUB1]
09-21 16:49:31.245  2197  2288 D RILJ    : [0772]< DATA_REGISTRATION_STATE {.regState = NOT_REG_MT_NOT_SEARCHING_OP, .rat = 0, .reasonDataDenied = 0, .maxDataCalls = 20, .cellIdentity = {...}} [SUB1]
09-21 16:49:31.245  2197  2435 D NetworkRegistrationManager: onGetNetworkRegistrationStateComplete result 0 state NetworkRegistrationState{transportType=1 domain=PS regState=NOT_REG_NOT_SEARCHING accessNetworkTechnology=UNKNOWN reasonForDenial=0 emergencyEnabled=false supportedServices=null cellIdentity=null voiceSpecificStates=null dataSpecificStates=DataSpecificRegistrationStates { mMaxDataCalls=20}}
09-21 16:49:31.245  2197  2197 D SST[1]  : [1] Could not set ServiceState channel number. CellIdentity null
09-21 16:49:31.245  2197  2197 D SST[1]  : [1] handlPollStateResultMessage: GsmSST dataServiceState=1 regState=0 dataRadioTechnology=0
09-21 16:49:31.245  2197  2288 D RILJ    : [0773]< QUERY_NETWORK_SELECTION_MODE {0} [SUB1]
09-21 16:49:31.245  2197  2197 D SST[1]  : [1] EVENT_POLL_STATE_NETWORK_SELECTION_MODE
09-21 16:49:31.248  2197  2197 D SST[1]  : [1] Poll ServiceState done:  oldSS=[{mVoiceRegState=1(OUT_OF_SERVICE), mDataRegState=1(OUT_OF_SERVICE), mChannelNumber=10763, duplexMode()=0, mCellBandwidths=[], mVoiceRoamingType=home, mDataRoamingType=home, mVoiceOperatorAlphaLong=, mVoiceOperatorAlphaShort=, mDataOperatorAlphaLong=, mDataOperatorAlphaShort=, isManualNetworkSelection=false(automatic), mRilVoiceRadioTechnology=3(UMTS), mRilDataRadioTechnology=0(Unknown), mCssIndicator=unsupported, mNetworkId=-1, mSystemId=-1, mCdmaRoamingIndicator=-1, mCdmaDefaultRoamingIndicator=-1, mIsEmergencyOnly=true, mIsDataRoamingFromRegistration=false, mIsUsingCarrierAggregation=false, mLteEarfcnRsrpBoost=0, mNetworkRegistrationStates=[NetworkRegistrationState{transportType=1 domain=PS regState=NOT_REG_NOT_SEARCHING accessNetworkTechnology=UNKNOWN reasonForDenial=0 emergencyEnabled=false supportedServices=null cellIdentity=null voiceSpecificStates=null dataSpecificStates=DataSpecificRegistrationStates { mMaxDataCalls=20}}, NetworkRegistrationState{transportType=1 domain=CS regState=NOT_REG_SEARCHING accessNetworkTechnology=UMTS reasonForDenial=0 emergencyEnabled=true supportedServices=[I@57f20f7 cellIdentity=CellIdentityWcdma:{ mMcc=460 mMnc=01 mAlphaLong=CHN-UNICOM mAlphaShort=UNICOM} voiceSpecificStates=VoiceSpecificRegistrationStates { mCssSupported=false mRoamingIndicator=-1 mSystemIsInPrl=-1 mDefaultRoamingIndicator=-1} dataSpecificStates=null}]}] newSS=[{mVoiceRegState=1(OUT_OF_SERVICE), mDataRegState=1(OUT_OF_SERVICE), mChannelNumber=10763, duplexMode()=0, mCellBandwidths=[], mVoiceRoamingType=home, mDataRoamingType=home, mVoiceOperatorAlphaLong=, mVoiceOperatorAlphaShort=, mDataOperatorAlphaLong=, mDataOperatorAlphaShort=, isManualNetworkSelection=false(automatic), mRilVoiceRadioTechnology=3(UMTS), mRilDataRadioTechnology=0(Unknown), mCssIndicator=unsupported, mNetworkId=-1, mSystemId=-1, mCdmaRoamingIndicator=-1, mCdmaDefaultRoamingIndicator=-1, mIsEmergencyOnly=true, mIsDataRoamingFromRegistration=false, mIsUsingCarrierAggregation=false, mLteEarfcnRsrpBoost=0, mNetworkRegistrationStates=[NetworkRegistrationState{transportType=1 domain=CS regState=NOT_REG_SEARCHING accessNetworkTechnology=UMTS reasonForDenial=0 emergencyEnabled=true supportedServices=[I@401cd85 cellIdentity=CellIdentityWcdma:{ mMcc=460 mMnc=01 mAlphaLong=CHN-UNICOM mAlphaShort=UNICOM} voiceSpecificStates=VoiceSpecificRegistrationStates { mCssSupported=false mRoamingIndicator=-1 mSystemIsInPrl=-1 mDefaultRoamingIndicator=-1} dataSpecificStates=null}, NetworkRegistrationState{transportType=1 domain=PS regState=NOT_REG_NOT_SEARCHING accessNetworkTechnology=UNKNOWN reasonForDenial=0 emergencyEnabled=false supportedServices=null cellIdentity=null voiceSpecificStates=null dataSpecificStates=DataSpecificRegistrationStates { mMaxDataCalls=20}}]}] oldMaxDataCalls=20 mNewMaxDataCalls=20 oldReasonDataDenied=0 mNewReasonDataDenied=0
09-21 16:49:31.248  2197  2197 D SST[1]  : [1] pollStateDone: hasRegistered=false hasDeregistered=false hasDataAttached=false hasDataDetached=false hasDataRegStateChanged=false hasRilVoiceRadioTechnologyChanged= false hasRilDataRadioTechnologyChanged=false hasChanged=false hasVoiceRoamingOn=false hasVoiceRoamingOff=false hasDataRoamingOn=false hasDataRoamingOff=false hasLocationChanged=false has4gHandoff = false hasMultiApnSupport=false hasLostMultiApnSupport=false hasCssIndicatorChanged=false
09-21 16:49:29.144     0     0 E pm6150_charger: default_irq_handler: IRQ: aicl-done
09-21 16:49:32.691   853  1020 E ThermalEngine: read_thermal_config
09-21 16:49:32.692   853  1020 D ThermalEngine: algo_monitor: Timer EVT
09-21 16:49:32.693   853  1020 I ThermalEngine: Sensor:sdm-therm:48766 mC
09-21 16:49:32.693   853  1020 D ThermalEngine: handle_timer_sig: SS Id SS-QUIET-THERM-GOLD2 Read sdm-therm 48766mC, Err -1766mC, SampleCnt 1
09-21 16:49:32.693   853  1020 D ThermalEngine: handle_timer_sig: SS Id SS-QUIET-THERM-GOLD2, E0 -1766mC, E1 -1766mC
09-21 16:49:32.693   853  1020 D ThermalEngine: Already at device mitigation max limit
09-21 16:49:32.694   853  1020 I ThermalEngine: Sensor:sdm-therm:48766 mC
09-21 16:49:32.694   853  1020 D ThermalEngine: handle_timer_sig: SS Id SS-QUIET-THERM-GOLD Read sdm-therm 48766mC, Err -3766mC, SampleCnt 1
09-21 16:49:32.694   853  1020 D ThermalEngine: handle_timer_sig: SS Id SS-QUIET-THERM-GOLD, E0 -3766mC, E1 -3766mC
09-21 16:49:32.694   853  1020 D ThermalEngine: Already at device mitigation max limit
09-21 16:49:32.695   853  1020 I ThermalEngine: Sensor:sdm-therm:48766 mC
09-21 16:49:32.695   853  1020 D ThermalEngine: handle_timer_sig: SS Id SS-QUIET-THERM-SILVER3 Read sdm-therm 48766mC, Err -766mC, SampleCnt 1
09-21 16:49:32.695   853  1020 D ThermalEngine: handle_timer_sig: SS Id SS-QUIET-THERM-SILVER3, E0 -766mC, E1 -766mC
09-21 16:49:32.695   853  1020 D ThermalEngine: Already at device mitigation max limit
09-21 16:49:32.697   853  1020 I ThermalEngine: Sensor:sdm-therm:48766 mC
09-21 16:49:32.697   853  1020 D ThermalEngine: handle_timer_sig: SS Id SS-QUIET-THERM-SILVER2 Read sdm-therm 48766mC, Err -2766mC, SampleCnt 1
09-21 16:49:32.697   853  1020 D ThermalEngine: handle_timer_sig: SS Id SS-QUIET-THERM-SILVER2, E0 -2766mC, E1 -2766mC
09-21 16:49:32.697   853  1020 D ThermalEngine: Already at device mitigation max limit
09-21 16:49:32.698   853  1020 I ThermalEngine: Sensor:sdm-therm:48766 mC
09-21 16:49:32.698   853  1020 D ThermalEngine: handle_timer_sig: SS Id SS-QUIET-THERM-SILVER Read sdm-therm 48766mC, Err -4766mC, SampleCnt 1
09-21 16:49:32.698   853  1020 D ThermalEngine: handle_timer_sig: SS Id SS-QUIET-THERM-SILVER, E0 -4766mC, E1 -4766mC
09-21 16:49:32.698   853  1020 D ThermalEngine: Already at device mitigation max limit
09-21 16:49:32.698   853  1020 I ThermalEngine: settimer: Start timer 2.000(sec)
09-21 16:49:32.698   853  1020 D ThermalEngine: algo_monitor: Wait for EV
09-21 16:49:33.052 11568 11568 D BoundBrokerSvc: onUnbind: Intent { act=com.google.android.gms.mdns.service.START dat=chimera-action: cmp=com.google.android.gms/.chimera.PersistentApiService }
09-21 16:49:33.573  1589  1642 D CompatibilityInfo: mCompatibilityFlags - 0
09-21 16:49:33.573  1589  1642 D CompatibilityInfo: applicationDensity - 440
09-21 16:49:33.573  1589  1642 D CompatibilityInfo: applicationScale - 1.0
09-21 16:49:33.581  3001  3109 W PushService: 2024-09-21 16:49:33,581 - [WARN::PushService] - [Thread:169] JOB: Handle intent action = com.xiaomi.push.timer
09-21 16:49:33.581  3001  3109 W PushService: 2024-09-21 16:49:33,581 - [WARN::PushService] - [Thread:169] Service called on timer
09-21 16:49:33.591  3001  3109 W PushService: 2024-09-21 16:49:33,590 - [WARN::PushService] - [Thread:169] [Slim] SND ping id=0
09-21 16:49:33.603  3001  8338 W PushService: 2024-09-21 16:49:33,603 - [WARN::PushService] - [Thread:274] [Slim] RCV ping id=0
09-21 16:49:30.448     0     0 E pm6150_charger: wdog_snarl_irq_handler: IRQ: wdog-snarl
09-21 16:49:30.448     0     0 E AWAKE   : SW_THERM_REGULATION_VOTER,0 voting on of val=1
09-21 16:49:30.448     0     0 E AWAKE   : effective vote is now 1 voted by SW_THERM_REGULATION_VOTER,0
09-21 16:49:30.451     0     0 E pm6150_charger: smblib_process_thermal_readings: Current temperatures: 	DIE_TEMP: 514,	CONN_TEMP: 340,	SMB_TEMP: -61,	SKIN_TEMP: 487
09-21 16:49:30.451     0     0 E THERMAL_STATUS: 5
09-21 16:49:30.451     0     0 E AWAKE   : SW_THERM_REGULATION_VOTER,0 voting off of val=0
09-21 16:49:30.451     0     0 E AWAKE   : effective vote is now 0 voted by SW_THERM_REGULATION_VOTER,0
09-21 16:49:34.699   853  1020 E ThermalEngine: read_thermal_config
09-21 16:49:34.699   853  1020 D ThermalEngine: algo_monitor: Timer EVT
09-21 16:49:34.701   853  1020 I ThermalEngine: Sensor:sdm-therm:48766 mC
09-21 16:49:34.701   853  1020 D ThermalEngine: handle_timer_sig: SS Id SS-QUIET-THERM-GOLD2 Read sdm-therm 48766mC, Err -1766mC, SampleCnt 1
09-21 16:49:34.701   853  1020 D ThermalEngine: handle_timer_sig: SS Id SS-QUIET-THERM-GOLD2, E0 -1766mC, E1 -1766mC
09-21 16:49:34.701   853  1020 D ThermalEngine: Already at device mitigation max limit
09-21 16:49:34.703   853  1020 I ThermalEngine: Sensor:sdm-therm:48766 mC
09-21 16:49:34.703   853  1020 D ThermalEngine: handle_timer_sig: SS Id SS-QUIET-THERM-GOLD Read sdm-therm 48766mC, Err -3766mC, SampleCnt 1
09-21 16:49:34.703   853  1020 D ThermalEngine: handle_timer_sig: SS Id SS-QUIET-THERM-GOLD, E0 -3766mC, E1 -3766mC
09-21 16:49:34.703   853  1020 D ThermalEngine: Already at device mitigation max limit
09-21 16:49:34.704   853  1020 I ThermalEngine: Sensor:sdm-therm:48766 mC
09-21 16:49:34.704   853  1020 D ThermalEngine: handle_timer_sig: SS Id SS-QUIET-THERM-SILVER3 Read sdm-therm 48766mC, Err -766mC, SampleCnt 1
09-21 16:49:34.704   853  1020 D ThermalEngine: handle_timer_sig: SS Id SS-QUIET-THERM-SILVER3, E0 -766mC, E1 -766mC
09-21 16:49:34.704   853  1020 D ThermalEngine: Already at device mitigation max limit
09-21 16:49:34.705   853  1020 I ThermalEngine: Sensor:sdm-therm:48766 mC
09-21 16:49:34.706   853  1020 D ThermalEngine: handle_timer_sig: SS Id SS-QUIET-THERM-SILVER2 Read sdm-therm 48766mC, Err -2766mC, SampleCnt 1
09-21 16:49:34.707   853  1020 D ThermalEngine: handle_timer_sig: SS Id SS-QUIET-THERM-SILVER2, E0 -2766mC, E1 -2766mC
09-21 16:49:34.707   853  1020 D ThermalEngine: Already at device mitigation max limit
09-21 16:49:34.708   853  1020 I ThermalEngine: Sensor:sdm-therm:48766 mC
09-21 16:49:34.708   853  1020 D ThermalEngine: handle_timer_sig: SS Id SS-QUIET-THERM-SILVER Read sdm-therm 48766mC, Err -4766mC, SampleCnt 1
09-21 16:49:34.708   853  1020 D ThermalEngine: handle_timer_sig: SS Id SS-QUIET-THERM-SILVER, E0 -4766mC, E1 -4766mC
09-21 16:49:34.708   853  1020 D ThermalEngine: Already at device mitigation max limit
09-21 16:49:34.708   853  1020 I ThermalEngine: settimer: Start timer 2.000(sec)
09-21 16:49:34.708   853  1020 D ThermalEngine: algo_monitor: Wait for EV
09-21 16:49:36.316  2317  2341 I QcrilOemhookMsgTunnel: [1]processOemHookIndication length=21
09-21 16:49:36.317  2197  2288 D RILJ    : Unsol response received; Sending ack to ril.cpp [SUB1]
09-21 16:49:36.317  2197  2288 D RILJ    : [UNSL]< UNSOL_RESPONSE_NETWORK_STATE_CHANGED [SUB1]
09-21 16:49:36.319  2197  2372 D NetworkRegistrationManager: onNetworkStateChanged
09-21 16:49:36.319  2317  2317 D QcrilMsgTunnelIfaceManager: handleMessage what = 0
09-21 16:49:36.320  2197  2197 D SST[1]  : [1] pollState: modemTriggered=true
09-21 16:49:36.322  2197  2197 D RILJ    : [0776]> OPERATOR [SUB1]
09-21 16:49:36.322  2197  2197 D NetworkRegistrationManager: getNetworkRegistrationState domain 2
09-21 16:49:36.323  2197  2197 D NetworkRegistrationManager: getNetworkRegistrationState domain 1
09-21 16:49:36.333  2178  2178 D use-Rlog/RLOG-QC_RIL_OEM_HOOK: Received Broadcast Intent ACTION_UNSOL_RESPONSE_OEM_HOOK_RAW
09-21 16:49:36.333  2178  2178 D use-Rlog/RLOG-QC_RIL_OEM_HOOK: Oem ID in QCRILHOOK UNSOL RESP is QOEMHOOK
09-21 16:49:36.334  2197  2197 D RILJ    : [0777]> QUERY_NETWORK_SELECTION_MODE [SUB1]
09-21 16:49:36.334  2197  2197 D use-Rlog/RLOG-QC_RIL_OEM_HOOK: Received Broadcast Intent ACTION_UNSOL_RESPONSE_OEM_HOOK_RAW
09-21 16:49:36.334  2197  2197 D use-Rlog/RLOG-QC_RIL_OEM_HOOK: Oem ID in QCRILHOOK UNSOL RESP is QOEMHOOK
09-21 16:49:36.334  2197  2372 D RILJ    : [0778]> DATA_REGISTRATION_STATE [SUB1]
09-21 16:49:36.334  2197  2197 D use-Rlog/RLOG-QC_RIL_OEM_HOOK: Received Broadcast Intent ACTION_UNSOL_RESPONSE_OEM_HOOK_RAW
09-21 16:49:36.335  2197  2372 D RILJ    : [0779]> VOICE_REGISTRATION_STATE [SUB1]
09-21 16:49:36.334  2197  2197 D use-Rlog/RLOG-QC_RIL_OEM_HOOK: Oem ID in QCRILHOOK UNSOL RESP is QOEMHOOK
09-21 16:49:36.336  2197  2197 E use-Rlog/RLOG-QC_RIL_OEM_HOOK: QcRilOemHook notifyRegistrants Failed
09-21 16:49:36.336  2197  2197 D use-Rlog/RLOG-QC_RIL_OEM_HOOK: Received Broadcast Intent ACTION_UNSOL_RESPONSE_OEM_HOOK_RAW
09-21 16:49:36.337  2317  2341 I QcrilOemhookMsgTunnel: [1]processOemHookIndication length=21
09-21 16:49:36.337  2317  2317 D QcrilMsgTunnelIfaceManager: handleMessage what = 0
09-21 16:49:36.339  2197  2197 D use-Rlog/RLOG-QC_RIL_OEM_HOOK: Oem ID in QCRILHOOK UNSOL RESP is QOEMHOOK
09-21 16:49:36.339  2178  2178 D use-Rlog/RLOG-QC_RIL_OEM_HOOK: Received Broadcast Intent ACTION_UNSOL_RESPONSE_OEM_HOOK_RAW
09-21 16:49:36.339  2178  2178 D use-Rlog/RLOG-QC_RIL_OEM_HOOK: Oem ID in QCRILHOOK UNSOL RESP is QOEMHOOK
09-21 16:49:36.340  2197  2288 D RILJ    : Unsol response received; Sending ack to ril.cpp [SUB1]
09-21 16:49:36.340  2197  2288 D RILJ    : [UNSL]< UNSOL_RESPONSE_NETWORK_STATE_CHANGED [SUB1]
09-21 16:49:36.340  2197  2372 D NetworkRegistrationManager: onNetworkStateChanged
09-21 16:49:36.340  2197  2197 D use-Rlog/RLOG-QC_RIL_OEM_HOOK: Received Broadcast Intent ACTION_UNSOL_RESPONSE_OEM_HOOK_RAW
09-21 16:49:36.340  2197  2197 D use-Rlog/RLOG-QC_RIL_OEM_HOOK: Oem ID in QCRILHOOK UNSOL RESP is QOEMHOOK
09-21 16:49:36.340  2197  2197 D PhoneSwitcher: handle event - 108
09-21 16:49:36.341  2197  2197 D use-Rlog/RLOG-QC_RIL_OEM_HOOK: Received Broadcast Intent ACTION_UNSOL_RESPONSE_OEM_HOOK_RAW
09-21 16:49:36.341  2197  2197 D use-Rlog/RLOG-QC_RIL_OEM_HOOK: Oem ID in QCRILHOOK UNSOL RESP is QOEMHOOK
09-21 16:49:36.342  2197  2197 D use-Rlog/RLOG-QC_RIL_OEM_HOOK: Received Broadcast Intent ACTION_UNSOL_RESPONSE_OEM_HOOK_RAW
09-21 16:49:36.342  2197  2288 D RILJ    : [0776]< OPERATOR {, , } [SUB1]
09-21 16:49:36.344  2197  2197 D use-Rlog/RLOG-QC_RIL_OEM_HOOK: Oem ID in QCRILHOOK UNSOL RESP is QOEMHOOK
09-21 16:49:36.345  2197  2197 E use-Rlog/RLOG-QC_RIL_OEM_HOOK: QcRilOemHook notifyRegistrants Failed
09-21 16:49:36.346  2197  2197 D use-Rlog/RLOG-QC_RIL_OEM_HOOK: Received Broadcast Intent ACTION_UNSOL_RESPONSE_OEM_HOOK_RAW
09-21 16:49:36.347  2197  2288 D RILJ    : [0778]< DATA_REGISTRATION_STATE {.regState = NOT_REG_MT_NOT_SEARCHING_OP, .rat = 0, .reasonDataDenied = 0, .maxDataCalls = 20, .cellIdentity = {...}} [SUB1]
09-21 16:49:36.347  2197  2435 D NetworkRegistrationManager: onGetNetworkRegistrationStateComplete result 0 state NetworkRegistrationState{transportType=1 domain=PS regState=NOT_REG_NOT_SEARCHING accessNetworkTechnology=UNKNOWN reasonForDenial=0 emergencyEnabled=false supportedServices=null cellIdentity=null voiceSpecificStates=null dataSpecificStates=DataSpecificRegistrationStates { mMaxDataCalls=20}}
09-21 16:49:36.348  2197  2197 D use-Rlog/RLOG-QC_RIL_OEM_HOOK: Oem ID in QCRILHOOK UNSOL RESP is QOEMHOOK
09-21 16:49:36.348  2197  2197 D use-Rlog/RLOG-QC_RIL_OEM_HOOK: Received Broadcast Intent ACTION_UNSOL_RESPONSE_OEM_HOOK_RAW
09-21 16:49:36.348  2197  2197 D use-Rlog/RLOG-QC_RIL_OEM_HOOK: Oem ID in QCRILHOOK UNSOL RESP is QOEMHOOK
09-21 16:49:36.348  2197  2197 D SST[1]  : [1] pollState: modemTriggered=true
09-21 16:49:36.351  2197  2288 D RILJ    : [0777]< QUERY_NETWORK_SELECTION_MODE {0} [SUB1]
09-21 16:49:36.352  2197  2197 D RILJ    : [0781]> OPERATOR [SUB1]
09-21 16:49:36.352  2197  2197 D NetworkRegistrationManager: getNetworkRegistrationState domain 2
09-21 16:49:36.352  2197  2197 D NetworkRegistrationManager: getNetworkRegistrationState domain 1
09-21 16:49:36.353  2197  2197 D RILJ    : [0782]> QUERY_NETWORK_SELECTION_MODE [SUB1]
09-21 16:49:36.353  2197  2197 D PhoneSwitcher: handle event - 108
09-21 16:49:36.353  2197  2197 D SST[1]  : [1] EVENT_POLL_STATE_NETWORK_SELECTION_MODE
09-21 16:49:36.355  2197  2372 D RILJ    : [0783]> DATA_REGISTRATION_STATE [SUB1]
09-21 16:49:36.355  2197  2372 D RILJ    : [0784]> VOICE_REGISTRATION_STATE [SUB1]
09-21 16:49:36.358  2197  2288 D RILJ    : [0779]< VOICE_REGISTRATION_STATE {.regState = NOT_REG_MT_SEARCHING_OP_EM, .rat = 3, .cssSupported = false, .roamingIndicator = -1, .systemIsInPrl = -1, .defaultRoamingIndicator = -1, .reasonForDenial = 0, .cellIdentity = {...}} [SUB1]
09-21 16:49:36.358  2197  2435 D NetworkRegistrationManager: onGetNetworkRegistrationStateComplete result 0 state NetworkRegistrationState{transportType=1 domain=CS regState=NOT_REG_SEARCHING accessNetworkTechnology=UMTS reasonForDenial=0 emergencyEnabled=true supportedServices=[I@4d44983 cellIdentity=CellIdentityWcdma:{ mMcc=460 mMnc=01 mAlphaLong=CHN-UNICOM mAlphaShort=UNICOM} voiceSpecificStates=VoiceSpecificRegistrationStates { mCssSupported=false mRoamingIndicator=-1 mSystemIsInPrl=-1 mDefaultRoamingIndicator=-1} dataSpecificStates=null}
09-21 16:49:36.364  2197  2288 D RILJ    : [0781]< OPERATOR {, , } [SUB1]
09-21 16:49:36.364  2197  2288 D RILJ    : [0782]< QUERY_NETWORK_SELECTION_MODE {0} [SUB1]
09-21 16:49:36.364  2197  2197 D SST[1]  : [1] EVENT_POLL_STATE_NETWORK_SELECTION_MODE
09-21 16:49:36.372  2197  2288 D RILJ    : [0784]< VOICE_REGISTRATION_STATE {.regState = NOT_REG_MT_SEARCHING_OP_EM, .rat = 3, .cssSupported = false, .roamingIndicator = -1, .systemIsInPrl = -1, .defaultRoamingIndicator = -1, .reasonForDenial = 0, .cellIdentity = {...}} [SUB1]
09-21 16:49:36.372  2197  2435 D NetworkRegistrationManager: onGetNetworkRegistrationStateComplete result 0 state NetworkRegistrationState{transportType=1 domain=CS regState=NOT_REG_SEARCHING accessNetworkTechnology=UMTS reasonForDenial=0 emergencyEnabled=true supportedServices=[I@b1b6700 cellIdentity=CellIdentityWcdma:{ mMcc=460 mMnc=01 mAlphaLong=CHN-UNICOM mAlphaShort=UNICOM} voiceSpecificStates=VoiceSpecificRegistrationStates { mCssSupported=false mRoamingIndicator=-1 mSystemIsInPrl=-1 mDefaultRoamingIndicator=-1} dataSpecificStates=null}
09-21 16:49:36.373  2197  2288 D RILJ    : [0783]< DATA_REGISTRATION_STATE {.regState = NOT_REG_MT_NOT_SEARCHING_OP, .rat = 0, .reasonDataDenied = 0, .maxDataCalls = 20, .cellIdentity = {...}} [SUB1]
09-21 16:49:36.373  2197  2435 D NetworkRegistrationManager: onGetNetworkRegistrationStateComplete result 0 state NetworkRegistrationState{transportType=1 domain=PS regState=NOT_REG_NOT_SEARCHING accessNetworkTechnology=UNKNOWN reasonForDenial=0 emergencyEnabled=false supportedServices=null cellIdentity=null voiceSpecificStates=null dataSpecificStates=DataSpecificRegistrationStates { mMaxDataCalls=20}}
09-21 16:49:36.373  2197  2197 D SST[1]  : [1] handlPollVoiceRegResultMessage: regState=2 radioTechnology=3
09-21 16:49:36.373  2197  2197 D SST[1]  : [1] Could not set ServiceState channel number. CellIdentity null
09-21 16:49:36.373  2197  2197 D SST[1]  : [1] handlPollStateResultMessage: GsmSST dataServiceState=1 regState=0 dataRadioTechnology=0
