--------- beginning of main
09-21 16:15:43.071   853  1020 E ThermalEngine: read_thermal_config
09-21 16:15:43.071   853  1020 D ThermalEngine: algo_monitor: Timer EVT
09-21 16:15:43.072   853  1020 I ThermalEngine: Sensor:sdm-therm:44651 mC
09-21 16:15:43.072   853  1020 D ThermalEngine: handle_timer_sig: SS Id SS-QUIET-THERM-SILVER Read sdm-therm 44651mC, Err -651mC, SampleCnt 1
09-21 16:15:43.072   853  1020 D ThermalEngine: handle_timer_sig: SS Id SS-QUIET-THERM-SILVER, E0 -651mC, E1 -651mC
09-21 16:15:43.072   853  1020 D ThermalEngine: Already at device mitigation max limit
09-21 16:15:43.073   853  1020 I ThermalEngine: settimer: Start timer 2.000(sec)
09-21 16:15:43.073   853  1020 D ThermalEngine: algo_monitor: Wait for EV
09-21 16:15:45.073   853  1020 E ThermalEngine: read_thermal_config
09-21 16:15:45.073   853  1020 D ThermalEngine: algo_monitor: Timer EVT
09-21 16:15:45.081   853  1020 I ThermalEngine: Sensor:sdm-therm:44593 mC
09-21 16:15:45.081   853  1020 D ThermalEngine: handle_timer_sig: SS Id SS-QUIET-THERM-SILVER Read sdm-therm 44593mC, Err -593mC, SampleCnt 1
09-21 16:15:45.081   853  1020 D ThermalEngine: handle_timer_sig: SS Id SS-QUIET-THERM-SILVER, E0 -593mC, E1 -651mC
09-21 16:15:45.081   853  1020 D ThermalEngine: Already at device mitigation max limit
09-21 16:15:45.081   853  1020 I ThermalEngine: settimer: Start timer 2.000(sec)
09-21 16:15:45.081   853  1020 D ThermalEngine: algo_monitor: Wait for EV
09-21 16:15:45.244  2317  2341 I QcrilOemhookMsgTunnel: [1]processOemHookIndication length=21
09-21 16:15:45.244  2317  2317 D QcrilMsgTunnelIfaceManager: handleMessage what = 0
--------- beginning of radio
09-21 16:15:45.247  2197  2197 D use-Rlog/RLOG-QC_RIL_OEM_HOOK: Received Broadcast Intent ACTION_UNSOL_RESPONSE_OEM_HOOK_RAW
09-21 16:15:45.247  2197  2197 D use-Rlog/RLOG-QC_RIL_OEM_HOOK: Oem ID in QCRILHOOK UNSOL RESP is QOEMHOOK
09-21 16:15:45.247  2197  2288 D RILJ    : Unsol response received; Sending ack to ril.cpp [SUB1]
09-21 16:15:45.247  2197  2288 D RILJ    : [UNSL]< UNSOL_RESPONSE_NETWORK_STATE_CHANGED [SUB1]
09-21 16:15:45.247  2178  2178 D use-Rlog/RLOG-QC_RIL_OEM_HOOK: Received Broadcast Intent ACTION_UNSOL_RESPONSE_OEM_HOOK_RAW
09-21 16:15:45.247  2197  2197 D PhoneSwitcher: handle event - 108
09-21 16:15:45.247  2178  2178 D use-Rlog/RLOG-QC_RIL_OEM_HOOK: Oem ID in QCRILHOOK UNSOL RESP is QOEMHOOK
09-21 16:15:45.248  2197  2372 D NetworkRegistrationManager: onNetworkStateChanged
09-21 16:15:45.250  2197  2197 D SST[1]  : [1] pollState: modemTriggered=true
09-21 16:15:45.252  2197  2197 D RILJ    : [6767]> OPERATOR [SUB1]
09-21 16:15:45.252  2197  2197 D NetworkRegistrationManager: getNetworkRegistrationState domain 2
09-21 16:15:45.252  2197  2197 D NetworkRegistrationManager: getNetworkRegistrationState domain 1
09-21 16:15:45.256  2197  2197 D RILJ    : [6768]> QUERY_NETWORK_SELECTION_MODE [SUB1]
09-21 16:15:45.256  2317  2341 I QcrilOemhookMsgTunnel: [1]processOemHookIndication length=21
09-21 16:15:45.257  2317  2317 D QcrilMsgTunnelIfaceManager: handleMessage what = 0
09-21 16:15:45.257  2197  2197 D use-Rlog/RLOG-QC_RIL_OEM_HOOK: Received Broadcast Intent ACTION_UNSOL_RESPONSE_OEM_HOOK_RAW
09-21 16:15:45.257  2197  2197 D use-Rlog/RLOG-QC_RIL_OEM_HOOK: Oem ID in QCRILHOOK UNSOL RESP is QOEMHOOK
09-21 16:15:45.257  2197  2197 E use-Rlog/RLOG-QC_RIL_OEM_HOOK: QcRilOemHook notifyRegistrants Failed
09-21 16:15:45.257  2197  2372 D RILJ    : [6769]> DATA_REGISTRATION_STATE [SUB1]
09-21 16:15:45.258  2197  2197 D use-Rlog/RLOG-QC_RIL_OEM_HOOK: Received Broadcast Intent ACTION_UNSOL_RESPONSE_OEM_HOOK_RAW
09-21 16:15:45.258  2197  2197 D use-Rlog/RLOG-QC_RIL_OEM_HOOK: Oem ID in QCRILHOOK UNSOL RESP is QOEMHOOK
09-21 16:15:45.259  2197  2288 D RILJ    : Unsol response received; Sending ack to ril.cpp [SUB1]
09-21 16:15:45.259  2197  2288 D RILJ    : [UNSL]< UNSOL_RESPONSE_NETWORK_STATE_CHANGED [SUB1]
09-21 16:15:45.259  2197  2197 D use-Rlog/RLOG-QC_RIL_OEM_HOOK: Received Broadcast Intent ACTION_UNSOL_RESPONSE_OEM_HOOK_RAW
09-21 16:15:45.259  2197  2372 D RILJ    : [6771]> VOICE_REGISTRATION_STATE [SUB1]
09-21 16:15:45.259  2197  2197 D use-Rlog/RLOG-QC_RIL_OEM_HOOK: Oem ID in QCRILHOOK UNSOL RESP is QOEMHOOK
09-21 16:15:45.259  2197  2288 D RILJ    : [6767]< OPERATOR {, , } [SUB1]
09-21 16:15:45.260  2197  2372 D NetworkRegistrationManager: onNetworkStateChanged
09-21 16:15:45.261  2178  2178 D use-Rlog/RLOG-QC_RIL_OEM_HOOK: Received Broadcast Intent ACTION_UNSOL_RESPONSE_OEM_HOOK_RAW
09-21 16:15:45.261  2178  2178 D use-Rlog/RLOG-QC_RIL_OEM_HOOK: Oem ID in QCRILHOOK UNSOL RESP is QOEMHOOK
09-21 16:15:45.261  2197  2197 D SST[1]  : [1] pollState: modemTriggered=true
09-21 16:15:45.262  2197  2197 D RILJ    : [6772]> OPERATOR [SUB1]
09-21 16:15:45.262  2197  2288 D RILJ    : [6768]< QUERY_NETWORK_SELECTION_MODE {0} [SUB1]
09-21 16:15:45.263  2197  2197 D NetworkRegistrationManager: getNetworkRegistrationState domain 2
09-21 16:15:45.263  2197  2197 D NetworkRegistrationManager: getNetworkRegistrationState domain 1
09-21 16:15:45.263  2197  2288 D RILJ    : [6769]< DATA_REGISTRATION_STATE {.regState = NOT_REG_MT_NOT_SEARCHING_OP, .rat = 0, .reasonDataDenied = 0, .maxDataCalls = 20, .cellIdentity = {...}} [SUB1]
09-21 16:15:45.264  2197  2435 D NetworkRegistrationManager: onGetNetworkRegistrationStateComplete result 0 state NetworkRegistrationState{transportType=1 domain=PS regState=NOT_REG_NOT_SEARCHING accessNetworkTechnology=UNKNOWN reasonForDenial=0 emergencyEnabled=false supportedServices=null cellIdentity=null voiceSpecificStates=null dataSpecificStates=DataSpecificRegistrationStates { mMaxDataCalls=20}}
09-21 16:15:45.264  2197  2197 D RILJ    : [6773]> QUERY_NETWORK_SELECTION_MODE [SUB1]
09-21 16:15:45.265  2197  2372 D RILJ    : [6774]> DATA_REGISTRATION_STATE [SUB1]
09-21 16:15:45.266  2197  2197 D use-Rlog/RLOG-QC_RIL_OEM_HOOK: Received Broadcast Intent ACTION_UNSOL_RESPONSE_OEM_HOOK_RAW
09-21 16:15:45.266  2197  2197 D use-Rlog/RLOG-QC_RIL_OEM_HOOK: Oem ID in QCRILHOOK UNSOL RESP is QOEMHOOK
09-21 16:15:45.266  2197  2197 D use-Rlog/RLOG-QC_RIL_OEM_HOOK: Received Broadcast Intent ACTION_UNSOL_RESPONSE_OEM_HOOK_RAW
09-21 16:15:45.266  2197  2197 D use-Rlog/RLOG-QC_RIL_OEM_HOOK: Oem ID in QCRILHOOK UNSOL RESP is QOEMHOOK
09-21 16:15:45.266  2197  2197 E use-Rlog/RLOG-QC_RIL_OEM_HOOK: QcRilOemHook notifyRegistrants Failed
09-21 16:15:45.266  2197  2197 D use-Rlog/RLOG-QC_RIL_OEM_HOOK: Received Broadcast Intent ACTION_UNSOL_RESPONSE_OEM_HOOK_RAW
09-21 16:15:45.266  2197  2197 D use-Rlog/RLOG-QC_RIL_OEM_HOOK: Oem ID in QCRILHOOK UNSOL RESP is QOEMHOOK
09-21 16:15:45.266  2197  2372 D RILJ    : [6775]> VOICE_REGISTRATION_STATE [SUB1]
09-21 16:15:45.267  2197  2197 D use-Rlog/RLOG-QC_RIL_OEM_HOOK: Received Broadcast Intent ACTION_UNSOL_RESPONSE_OEM_HOOK_RAW
09-21 16:15:45.267  2197  2288 D RILJ    : [6771]< VOICE_REGISTRATION_STATE {.regState = NOT_REG_MT_SEARCHING_OP_EM, .rat = 3, .cssSupported = false, .roamingIndicator = -1, .systemIsInPrl = -1, .defaultRoamingIndicator = -1, .reasonForDenial = 0, .cellIdentity = {...}} [SUB1]
09-21 16:15:45.267  2197  2435 D NetworkRegistrationManager: onGetNetworkRegistrationStateComplete result 0 state NetworkRegistrationState{transportType=1 domain=CS regState=NOT_REG_SEARCHING accessNetworkTechnology=UMTS reasonForDenial=0 emergencyEnabled=true supportedServices=[I@65e6437 cellIdentity=CellIdentityWcdma:{ mMcc=460 mMnc=01 mAlphaLong=CHN-UNICOM mAlphaShort=UNICOM} voiceSpecificStates=VoiceSpecificRegistrationStates { mCssSupported=false mRoamingIndicator=-1 mSystemIsInPrl=-1 mDefaultRoamingIndicator=-1} dataSpecificStates=null}
09-21 16:15:45.267  2197  2197 D use-Rlog/RLOG-QC_RIL_OEM_HOOK: Oem ID in QCRILHOOK UNSOL RESP is QOEMHOOK
09-21 16:15:45.270  2197  2197 D SST[1]  : [1] EVENT_POLL_STATE_NETWORK_SELECTION_MODE
09-21 16:15:45.270  2197  2197 D PhoneSwitcher: handle event - 108
09-21 16:15:45.272  2197  2288 D RILJ    : [6772]< OPERATOR {, , } [SUB1]
09-21 16:15:45.273  2197  2288 D RILJ    : [6773]< QUERY_NETWORK_SELECTION_MODE {0} [SUB1]
09-21 16:15:45.274  2197  2197 D SST[1]  : [1] EVENT_POLL_STATE_NETWORK_SELECTION_MODE
09-21 16:15:45.275  2197  2288 D RILJ    : [6774]< DATA_REGISTRATION_STATE {.regState = NOT_REG_MT_NOT_SEARCHING_OP, .rat = 0, .reasonDataDenied = 0, .maxDataCalls = 20, .cellIdentity = {...}} [SUB1]
09-21 16:15:45.275  2197  2435 D NetworkRegistrationManager: onGetNetworkRegistrationStateComplete result 0 state NetworkRegistrationState{transportType=1 domain=PS regState=NOT_REG_NOT_SEARCHING accessNetworkTechnology=UNKNOWN reasonForDenial=0 emergencyEnabled=false supportedServices=null cellIdentity=null voiceSpecificStates=null dataSpecificStates=DataSpecificRegistrationStates { mMaxDataCalls=20}}
09-21 16:15:45.275  2197  2197 D SST[1]  : [1] Could not set ServiceState channel number. CellIdentity null
09-21 16:15:45.275  2197  2197 D SST[1]  : [1] handlPollStateResultMessage: GsmSST dataServiceState=1 regState=0 dataRadioTechnology=0
09-21 16:15:45.279  2197  2288 D RILJ    : [6775]< VOICE_REGISTRATION_STATE {.regState = NOT_REG_MT_SEARCHING_OP_EM, .rat = 3, .cssSupported = false, .roamingIndicator = -1, .systemIsInPrl = -1, .defaultRoamingIndicator = -1, .reasonForDenial = 0, .cellIdentity = {...}} [SUB1]
09-21 16:15:45.279  2197  2435 D NetworkRegistrationManager: onGetNetworkRegistrationStateComplete result 0 state NetworkRegistrationState{transportType=1 domain=CS regState=NOT_REG_SEARCHING accessNetworkTechnology=UMTS reasonForDenial=0 emergencyEnabled=true supportedServices=[I@2439da4 cellIdentity=CellIdentityWcdma:{ mMcc=460 mMnc=01 mAlphaLong=CHN-UNICOM mAlphaShort=UNICOM} voiceSpecificStates=VoiceSpecificRegistrationStates { mCssSupported=false mRoamingIndicator=-1 mSystemIsInPrl=-1 mDefaultRoamingIndicator=-1} dataSpecificStates=null}
09-21 16:15:45.280  2197  2197 D SST[1]  : [1] handlPollVoiceRegResultMessage: regState=2 radioTechnology=3
09-21 16:15:45.282  2197  2197 D SST[1]  : [1] Poll ServiceState done:  oldSS=[{mVoiceRegState=1(OUT_OF_SERVICE), mDataRegState=1(OUT_OF_SERVICE), mChannelNumber=10763, duplexMode()=0, mCellBandwidths=[], mVoiceRoamingType=home, mDataRoamingType=home, mVoiceOperatorAlphaLong=, mVoiceOperatorAlphaShort=, mDataOperatorAlphaLong=, mDataOperatorAlphaShort=, isManualNetworkSelection=false(automatic), mRilVoiceRadioTechnology=3(UMTS), mRilDataRadioTechnology=0(Unknown), mCssIndicator=unsupported, mNetworkId=-1, mSystemId=-1, mCdmaRoamingIndicator=-1, mCdmaDefaultRoamingIndicator=-1, mIsEmergencyOnly=true, mIsDataRoamingFromRegistration=false, mIsUsingCarrierAggregation=false, mLteEarfcnRsrpBoost=0, mNetworkRegistrationStates=[NetworkRegistrationState{transportType=1 domain=PS regState=NOT_REG_NOT_SEARCHING accessNetworkTechnology=UNKNOWN reasonForDenial=0 emergencyEnabled=false supportedServices=null cellIdentity=null voiceSpecificStates=null dataSpecificStates=DataSpecificRegistrationStates { mMaxDataCalls=20}}, NetworkRegistrationState{transportType=1 domain=CS regState=NOT_REG_SEARCHING accessNetworkTechnology=UMTS reasonForDenial=0 emergencyEnabled=true supportedServices=[I@1eef05e cellIdentity=CellIdentityWcdma:{ mMcc=460 mMnc=01 mAlphaLong=CHN-UNICOM mAlphaShort=UNICOM} voiceSpecificStates=VoiceSpecificRegistrationStates { mCssSupported=false mRoamingIndicator=-1 mSystemIsInPrl=-1 mDefaultRoamingIndicator=-1} dataSpecificStates=null}]}] newSS=[{mVoiceRegState=1(OUT_OF_SERVICE), mDataRegState=1(OUT_OF_SERVICE), mChannelNumber=10763, duplexMode()=0, mCellBandwidths=[], mVoiceRoamingType=home, mDataRoamingType=home, mVoiceOperatorAlphaLong=, mVoiceOperatorAlphaShort=, mDataOperatorAlphaLong=, mDataOperatorAlphaShort=, isManualNetworkSelection=false(automatic), mRilVoiceRadioTechnology=3(UMTS), mRilDataRadioTechnology=0(Unknown), mCssIndicator=unsupported, mNetworkId=-1, mSystemId=-1, mCdmaRoamingIndicator=-1, mCdmaDefaultRoamingIndicator=-1, mIsEmergencyOnly=true, mIsDataRoamingFromRegistration=false, mIsUsingCarrierAggregation=false, mLteEarfcnRsrpBoost=0, mNetworkRegistrationStates=[NetworkRegistrationState{transportType=1 domain=PS regState=NOT_REG_NOT_SEARCHING accessNetworkTechnology=UNKNOWN reasonForDenial=0 emergencyEnabled=false supportedServices=null cellIdentity=null voiceSpecificStates=null dataSpecificStates=DataSpecificRegistrationStates { mMaxDataCalls=20}}, NetworkRegistrationState{transportType=1 domain=CS regState=NOT_REG_SEARCHING accessNetworkTechnology=UMTS reasonForDenial=0 emergencyEnabled=true supportedServices=[I@2439da4 cellIdentity=CellIdentityWcdma:{ mMcc=460 mMnc=01 mAlphaLong=CHN-UNICOM mAlphaShort=UNICOM} voiceSpecificStates=VoiceSpecificRegistrationStates { mCssSupported=false mRoamingIndicator=-1 mSystemIsInPrl=-1 mDefaultRoamingIndicator=-1} dataSpecificStates=null}]}] oldMaxDataCalls=20 mNewMaxDataCalls=20 oldReasonDataDenied=0 mNewReasonDataDenied=0
09-21 16:15:45.282  2197  2197 D SST[1]  : [1] pollStateDone: hasRegistered=false hasDeregistered=false hasDataAttached=false hasDataDetached=false hasDataRegStateChanged=false hasRilVoiceRadioTechnologyChanged= false hasRilDataRadioTechnologyChanged=false hasChanged=false hasVoiceRoamingOn=false hasVoiceRoamingOff=false hasDataRoamingOn=false hasDataRoamingOff=false hasLocationChanged=false has4gHandoff = false hasMultiApnSupport=false hasLostMultiApnSupport=false hasCssIndicatorChanged=false
09-21 16:15:47.082   853  1020 E ThermalEngine: read_thermal_config
09-21 16:15:47.082   853  1020 D ThermalEngine: algo_monitor: Timer EVT
09-21 16:15:47.083   853  1020 I ThermalEngine: Sensor:sdm-therm:44534 mC
09-21 16:15:47.083   853  1020 D ThermalEngine: handle_timer_sig: SS Id SS-QUIET-THERM-SILVER Read sdm-therm 44534mC, Err -534mC, SampleCnt 1
09-21 16:15:47.083   853  1020 D ThermalEngine: handle_timer_sig: SS Id SS-QUIET-THERM-SILVER, E0 -534mC, E1 -593mC
09-21 16:15:47.083   853  1020 D ThermalEngine: Already at device mitigation max limit
09-21 16:15:47.084   853  1020 I ThermalEngine: settimer: Start timer 2.000(sec)
09-21 16:15:47.084   853  1020 D ThermalEngine: algo_monitor: Wait for EV
09-21 16:15:48.430  1589  1737 D NtpTrustedTime: currentTimeMillis() cache hit
--------- beginning of events
09-21 16:15:48.457  1589  1737 I netstats_mobile_sample: [0,0,0,0,0,0,0,0,0,0,0,0,1726906548712]
09-21 16:15:48.457  1589  1737 I netstats_wifi_sample: [2047151984,2794893,56479997,696785,2047151984,2794893,56479997,696785,2111954116,2609151,56021175,694092,1726906548712]
09-21 16:15:48.456  1589  1737 D NtpTrustedTime: currentTimeMillis() cache hit
09-21 16:15:48.458  2990  3462 I TrafficManageService: mina mTrafficStatsReceiver onReceive
09-21 16:15:49.084   853  1020 E ThermalEngine: read_thermal_config
09-21 16:15:49.084   853  1020 D ThermalEngine: algo_monitor: Timer EVT
