09-21 16:49:10.436  2197  2197 D SST[1]  : [1] Poll ServiceState done:  oldSS=[{mVoiceRegState=1(OUT_OF_SERVICE), mDataRegState=1(OUT_OF_SERVICE), mChannelNumber=10763, duplexMode()=0, mCellBandwidths=[], mVoiceRoamingType=home, mDataRoamingType=home, mVoiceOperatorAlphaLong=, mVoiceOperatorAlphaShort=, mDataOperatorAlphaLong=, mDataOperatorAlphaShort=, isManualNetworkSelection=false(automatic), mRilVoiceRadioTechnology=3(UMTS), mRilDataRadioTechnology=0(Unknown), mCssIndicator=unsupported, mNetworkId=-1, mSystemId=-1, mCdmaRoamingIndicator=-1, mCdmaDefaultRoamingIndicator=-1, mIsEmergencyOnly=true, mIsDataRoamingFromRegistration=false, mIsUsingCarrierAggregation=false, mLteEarfcnRsrpBoost=0, mNetworkRegistrationStates=[NetworkRegistrationState{transportType=1 domain=PS regState=NOT_REG_NOT_SEARCHING accessNetworkTechnology=UNKNOWN reasonForDenial=0 emergencyEnabled=false supportedServices=null cellIdentity=null voiceSpecificStates=null dataSpecificStates=DataSpecificRegistrationStates { mMaxDataCalls=20}}, NetworkRegistrationState{transportType=1 domain=CS regState=NOT_REG_SEARCHING accessNetworkTechnology=UMTS reasonForDenial=0 emergencyEnabled=true supportedServices=[I@263fa6c cellIdentity=CellIdentityWcdma:{ mMcc=460 mMnc=01 mAlphaLong=CHN-UNICOM mAlphaShort=UNICOM} voiceSpecificStates=VoiceSpecificRegistrationStates { mCssSupported=false mRoamingIndicator=-1 mSystemIsInPrl=-1 mDefaultRoamingIndicator=-1} dataSpecificStates=null}]}] newSS=[{mVoiceRegState=1(OUT_OF_SERVICE), mDataRegState=1(OUT_OF_SERVICE), mChannelNumber=10763, duplexMode()=0, mCellBandwidths=[], mVoiceRoamingType=home, mDataRoamingType=home, mVoiceOperatorAlphaLong=, mVoiceOperatorAlphaShort=, mDataOperatorAlphaLong=, mDataOperatorAlphaShort=, isManualNetworkSelection=false(automatic), mRilVoiceRadioTechnology=3(UMTS), mRilDataRadioTechnology=0(Unknown), mCssIndicator=unsupported, mNetworkId=-1, mSystemId=-1, mCdmaRoamingIndicator=-1, mCdmaDefaultRoamingIndicator=-1, mIsEmergencyOnly=true, mIsDataRoamingFromRegistration=false, mIsUsingCarrierAggregation=false, mLteEarfcnRsrpBoost=0, mNetworkRegistrationStates=[NetworkRegistrationState{transportType=1 domain=PS regState=NOT_REG_NOT_SEARCHING accessNetworkTechnology=UNKNOWN reasonForDenial=0 emergencyEnabled=false supportedServices=null cellIdentity=null voiceSpecificStates=null dataSpecificStates=DataSpecificRegistrationStates { mMaxDataCalls=20}}, NetworkRegistrationState{transportType=1 domain=CS regState=NOT_REG_SEARCHING accessNetworkTechnology=UMTS reasonForDenial=0 emergencyEnabled=true supportedServices=[I@147f370 cellIdentity=CellIdentityWcdma:{ mMcc=460 mMnc=01 mAlphaLong=CHN-UNICOM mAlphaShort=UNICOM} voiceSpecificStates=VoiceSpecificRegistrationStates { mCssSupported=false mRoamingIndicator=-1 mSystemIsInPrl=-1 mDefaultRoamingIndicator=-1} dataSpecificStates=null}]}] oldMaxDataCalls=20 mNewMaxDataCalls=20 oldReasonDataDenied=0 mNewReasonDataDenied=0
09-21 16:49:10.436  2197  2197 D SST[1]  : [1] pollStateDone: hasRegistered=false hasDeregistered=false hasDataAttached=false hasDataDetached=false hasDataRegStateChanged=false hasRilVoiceRadioTechnologyChanged= false hasRilDataRadioTechnologyChanged=false hasChanged=false hasVoiceRoamingOn=false hasVoiceRoamingOff=false hasDataRoamingOn=false hasDataRoamingOff=false hasLocationChanged=false has4gHandoff = false hasMultiApnSupport=false hasLostMultiApnSupport=false hasCssIndicatorChanged=false
09-21 16:49:10.592   853  1020 E ThermalEngine: read_thermal_config
09-21 16:49:10.593   853  1020 D ThermalEngine: algo_monitor: Timer EVT
09-21 16:49:10.594   853  1020 I ThermalEngine: Sensor:sdm-therm:48766 mC
09-21 16:49:10.594   853  1020 D ThermalEngine: handle_timer_sig: SS Id SS-QUIET-THERM-GOLD2 Read sdm-therm 48766mC, Err -1766mC, SampleCnt 1
09-21 16:49:10.594   853  1020 D ThermalEngine: handle_timer_sig: SS Id SS-QUIET-THERM-GOLD2, E0 -1766mC, E1 -1766mC
09-21 16:49:10.594   853  1020 D ThermalEngine: Already at device mitigation max limit
09-21 16:49:10.595   853  1020 I ThermalEngine: Sensor:sdm-therm:48766 mC
09-21 16:49:10.595   853  1020 D ThermalEngine: handle_timer_sig: SS Id SS-QUIET-THERM-GOLD Read sdm-therm 48766mC, Err -3766mC, SampleCnt 1
09-21 16:49:10.595   853  1020 D ThermalEngine: handle_timer_sig: SS Id SS-QUIET-THERM-GOLD, E0 -3766mC, E1 -3766mC
09-21 16:49:10.595   853  1020 D ThermalEngine: Already at device mitigation max limit
09-21 16:49:10.596   853  1020 I ThermalEngine: Sensor:sdm-therm:48766 mC
09-21 16:49:10.596   853  1020 D ThermalEngine: handle_timer_sig: SS Id SS-QUIET-THERM-SILVER3 Read sdm-therm 48766mC, Err -766mC, SampleCnt 1
09-21 16:49:10.596   853  1020 D ThermalEngine: handle_timer_sig: SS Id SS-QUIET-THERM-SILVER3, E0 -766mC, E1 -766mC
09-21 16:49:10.596   853  1020 D ThermalEngine: Already at device mitigation max limit
09-21 16:49:10.598   853  1020 I ThermalEngine: Sensor:sdm-therm:48766 mC
09-21 16:49:10.598   853  1020 D ThermalEngine: handle_timer_sig: SS Id SS-QUIET-THERM-SILVER2 Read sdm-therm 48766mC, Err -2766mC, SampleCnt 1
09-21 16:49:10.598   853  1020 D ThermalEngine: handle_timer_sig: SS Id SS-QUIET-THERM-SILVER2, E0 -2766mC, E1 -2766mC
09-21 16:49:10.598   853  1020 D ThermalEngine: Already at device mitigation max limit
09-21 16:49:10.599   853  1020 I ThermalEngine: Sensor:sdm-therm:48766 mC
09-21 16:49:10.599   853  1020 D ThermalEngine: handle_timer_sig: SS Id SS-QUIET-THERM-SILVER Read sdm-therm 48766mC, Err -4766mC, SampleCnt 1
09-21 16:49:10.599   853  1020 D ThermalEngine: handle_timer_sig: SS Id SS-QUIET-THERM-SILVER, E0 -4766mC, E1 -4766mC
09-21 16:49:10.600   853  1020 D ThermalEngine: Already at device mitigation max limit
09-21 16:49:10.600   853  1020 I ThermalEngine: settimer: Start timer 2.000(sec)
09-21 16:49:10.600   853  1020 D ThermalEngine: algo_monitor: Wait for EV
09-21 16:49:08.392     0     0 I         : smblib_get_prop_usb_present stat 16
09-21 16:49:08.392     0     0 E pm6150_charger: smblib_get_charge_param: aicl icl status = 500000 (0x0a)
09-21 16:49:12.600   853  1020 E ThermalEngine: read_thermal_config
09-21 16:49:12.601   853  1020 D ThermalEngine: algo_monitor: Timer EVT
09-21 16:49:12.602   853  1020 I ThermalEngine: Sensor:sdm-therm:48831 mC
09-21 16:49:12.602   853  1020 D ThermalEngine: handle_timer_sig: SS Id SS-QUIET-THERM-GOLD2 Read sdm-therm 48831mC, Err -1831mC, SampleCnt 1
09-21 16:49:12.602   853  1020 D ThermalEngine: handle_timer_sig: SS Id SS-QUIET-THERM-GOLD2, E0 -1831mC, E1 -1766mC
09-21 16:49:12.602   853  1020 D ThermalEngine: Already at device mitigation max limit
09-21 16:49:12.603   853  1020 I ThermalEngine: Sensor:sdm-therm:48831 mC
09-21 16:49:12.603   853  1020 D ThermalEngine: handle_timer_sig: SS Id SS-QUIET-THERM-GOLD Read sdm-therm 48831mC, Err -3831mC, SampleCnt 1
09-21 16:49:12.603   853  1020 D ThermalEngine: handle_timer_sig: SS Id SS-QUIET-THERM-GOLD, E0 -3831mC, E1 -3766mC
09-21 16:49:12.603   853  1020 D ThermalEngine: Already at device mitigation max limit
09-21 16:49:12.605   853  1020 I ThermalEngine: Sensor:sdm-therm:48831 mC
09-21 16:49:12.605   853  1020 D ThermalEngine: handle_timer_sig: SS Id SS-QUIET-THERM-SILVER3 Read sdm-therm 48831mC, Err -831mC, SampleCnt 1
09-21 16:49:12.605   853  1020 D ThermalEngine: handle_timer_sig: SS Id SS-QUIET-THERM-SILVER3, E0 -831mC, E1 -766mC
09-21 16:49:12.605   853  1020 D ThermalEngine: Already at device mitigation max limit
09-21 16:49:12.608   853  1020 I ThermalEngine: Sensor:sdm-therm:48831 mC
09-21 16:49:12.609   853  1020 D ThermalEngine: handle_timer_sig: SS Id SS-QUIET-THERM-SILVER2 Read sdm-therm 48831mC, Err -2831mC, SampleCnt 1
09-21 16:49:12.609   853  1020 D ThermalEngine: handle_timer_sig: SS Id SS-QUIET-THERM-SILVER2, E0 -2831mC, E1 -2766mC
09-21 16:49:12.609   853  1020 D ThermalEngine: Already at device mitigation max limit
09-21 16:49:12.610   853  1020 I ThermalEngine: Sensor:sdm-therm:48831 mC
09-21 16:49:12.610   853  1020 D ThermalEngine: handle_timer_sig: SS Id SS-QUIET-THERM-SILVER Read sdm-therm 48831mC, Err -4831mC, SampleCnt 1
09-21 16:49:12.610   853  1020 D ThermalEngine: handle_timer_sig: SS Id SS-QUIET-THERM-SILVER, E0 -4831mC, E1 -4766mC
09-21 16:49:12.610   853  1020 D ThermalEngine: Already at device mitigation max limit
09-21 16:49:12.610   853  1020 I ThermalEngine: settimer: Start timer 2.000(sec)
09-21 16:49:12.610   853  1020 D ThermalEngine: algo_monitor: Wait for EV
09-21 16:49:12.833 11568 11568 D BoundBrokerSvc: onUnbind: Intent { act=com.google.android.gms.mdns.service.START dat=chimera-action: cmp=com.google.android.gms/.chimera.PersistentApiService }
09-21 16:49:14.201  1589  1737 D NtpTrustedTime: currentTimeMillis() cache hit
09-21 16:49:14.237  1589  1737 I netstats_mobile_sample: [0,0,0,0,0,0,0,0,0,0,0,0,1726908554492]
09-21 16:49:14.237  1589  1737 I netstats_wifi_sample: [2061833873,2861489,57078394,699422,2061833873,2861489,57078394,699422,2129095901,2673735,56611472,696594,1726908554492]
09-21 16:49:14.236  1589  1737 D NtpTrustedTime: currentTimeMillis() cache hit
09-21 16:49:14.239  2990  3462 I TrafficManageService: mina mTrafficStatsReceiver onReceive
09-21 16:49:14.610   853  1020 E ThermalEngine: read_thermal_config
09-21 16:49:14.611   853  1020 D ThermalEngine: algo_monitor: Timer EVT
09-21 16:49:14.612   853  1020 I ThermalEngine: Sensor:sdm-therm:48766 mC
09-21 16:49:14.612   853  1020 D ThermalEngine: handle_timer_sig: SS Id SS-QUIET-THERM-GOLD2 Read sdm-therm 48766mC, Err -1766mC, SampleCnt 1
09-21 16:49:14.612   853  1020 D ThermalEngine: handle_timer_sig: SS Id SS-QUIET-THERM-GOLD2, E0 -1766mC, E1 -1831mC
09-21 16:49:14.612   853  1020 D ThermalEngine: Already at device mitigation max limit
09-21 16:49:14.613   853  1020 I ThermalEngine: Sensor:sdm-therm:48766 mC
09-21 16:49:14.613   853  1020 D ThermalEngine: handle_timer_sig: SS Id SS-QUIET-THERM-GOLD Read sdm-therm 48766mC, Err -3766mC, SampleCnt 1
09-21 16:49:14.613   853  1020 D ThermalEngine: handle_timer_sig: SS Id SS-QUIET-THERM-GOLD, E0 -3766mC, E1 -3831mC
09-21 16:49:14.613   853  1020 D ThermalEngine: Already at device mitigation max limit
09-21 16:49:14.614   853  1020 I ThermalEngine: Sensor:sdm-therm:48766 mC
09-21 16:49:14.614   853  1020 D ThermalEngine: handle_timer_sig: SS Id SS-QUIET-THERM-SILVER3 Read sdm-therm 48766mC, Err -766mC, SampleCnt 1
09-21 16:49:14.614   853  1020 D ThermalEngine: handle_timer_sig: SS Id SS-QUIET-THERM-SILVER3, E0 -766mC, E1 -831mC
09-21 16:49:14.614   853  1020 D ThermalEngine: Already at device mitigation max limit
09-21 16:49:14.616   853  1020 I ThermalEngine: Sensor:sdm-therm:48766 mC
09-21 16:49:14.616   853  1020 D ThermalEngine: handle_timer_sig: SS Id SS-QUIET-THERM-SILVER2 Read sdm-therm 48766mC, Err -2766mC, SampleCnt 1
09-21 16:49:14.616   853  1020 D ThermalEngine: handle_timer_sig: SS Id SS-QUIET-THERM-SILVER2, E0 -2766mC, E1 -2831mC
09-21 16:49:14.616   853  1020 D ThermalEngine: Already at device mitigation max limit
09-21 16:49:14.618   853  1020 I ThermalEngine: Sensor:sdm-therm:48766 mC
09-21 16:49:14.618   853  1020 D ThermalEngine: handle_timer_sig: SS Id SS-QUIET-THERM-SILVER Read sdm-therm 48766mC, Err -4766mC, SampleCnt 1
09-21 16:49:14.618   853  1020 D ThermalEngine: handle_timer_sig: SS Id SS-QUIET-THERM-SILVER, E0 -4766mC, E1 -4831mC
09-21 16:49:14.618   853  1020 D ThermalEngine: Already at device mitigation max limit
09-21 16:49:14.618   853  1020 I ThermalEngine: settimer: Start timer 2.000(sec)
09-21 16:49:14.618   853  1020 D ThermalEngine: algo_monitor: Wait for EV
09-21 16:49:15.489  2317  2341 I QcrilOemhookMsgTunnel: [1]processOemHookIndication length=21
09-21 16:49:15.490  2317  2317 D QcrilMsgTunnelIfaceManager: handleMessage what = 0
09-21 16:49:15.491  2197  2288 D RILJ    : Unsol response received; Sending ack to ril.cpp [SUB1]
09-21 16:49:15.491  2197  2288 D RILJ    : [UNSL]< UNSOL_RESPONSE_NETWORK_STATE_CHANGED [SUB1]
09-21 16:49:15.493  2197  2372 D NetworkRegistrationManager: onNetworkStateChanged
09-21 16:49:15.493  2197  2197 D SST[1]  : [1] pollState: modemTriggered=true
09-21 16:49:15.496  2197  2197 D RILJ    : [0736]> OPERATOR [SUB1]
09-21 16:49:15.496  2197  2197 D NetworkRegistrationManager: getNetworkRegistrationState domain 2
09-21 16:49:15.497  2197  2197 D NetworkRegistrationManager: getNetworkRegistrationState domain 1
09-21 16:49:15.504  2178  2178 D use-Rlog/RLOG-QC_RIL_OEM_HOOK: Received Broadcast Intent ACTION_UNSOL_RESPONSE_OEM_HOOK_RAW
09-21 16:49:15.505  2178  2178 D use-Rlog/RLOG-QC_RIL_OEM_HOOK: Oem ID in QCRILHOOK UNSOL RESP is QOEMHOOK
09-21 16:49:15.506  2197  2197 D RILJ    : [0737]> QUERY_NETWORK_SELECTION_MODE [SUB1]
09-21 16:49:15.510  2197  2372 D RILJ    : [0738]> DATA_REGISTRATION_STATE [SUB1]
09-21 16:49:15.510  2197  2197 D use-Rlog/RLOG-QC_RIL_OEM_HOOK: Received Broadcast Intent ACTION_UNSOL_RESPONSE_OEM_HOOK_RAW
09-21 16:49:15.510  2197  2197 D use-Rlog/RLOG-QC_RIL_OEM_HOOK: Oem ID in QCRILHOOK UNSOL RESP is QOEMHOOK
09-21 16:49:15.510  2197  2197 D use-Rlog/RLOG-QC_RIL_OEM_HOOK: Received Broadcast Intent ACTION_UNSOL_RESPONSE_OEM_HOOK_RAW
09-21 16:49:15.511  2197  2197 D use-Rlog/RLOG-QC_RIL_OEM_HOOK: Oem ID in QCRILHOOK UNSOL RESP is QOEMHOOK
09-21 16:49:15.511  2197  2197 E use-Rlog/RLOG-QC_RIL_OEM_HOOK: QcRilOemHook notifyRegistrants Failed
09-21 16:49:15.511  2197  2197 D use-Rlog/RLOG-QC_RIL_OEM_HOOK: Received Broadcast Intent ACTION_UNSOL_RESPONSE_OEM_HOOK_RAW
09-21 16:49:15.511  2197  2197 D use-Rlog/RLOG-QC_RIL_OEM_HOOK: Oem ID in QCRILHOOK UNSOL RESP is QOEMHOOK
09-21 16:49:15.511  2317  2341 I QcrilOemhookMsgTunnel: [1]processOemHookIndication length=21
09-21 16:49:15.511  2197  2197 D use-Rlog/RLOG-QC_RIL_OEM_HOOK: Received Broadcast Intent ACTION_UNSOL_RESPONSE_OEM_HOOK_RAW
09-21 16:49:15.511  2197  2197 D use-Rlog/RLOG-QC_RIL_OEM_HOOK: Oem ID in QCRILHOOK UNSOL RESP is QOEMHOOK
09-21 16:49:15.511  2197  2197 D PhoneSwitcher: handle event - 108
09-21 16:49:15.511  2317  2317 D QcrilMsgTunnelIfaceManager: handleMessage what = 0
09-21 16:49:15.511  2197  2372 D RILJ    : [0739]> VOICE_REGISTRATION_STATE [SUB1]
09-21 16:49:15.513  2178  2178 D use-Rlog/RLOG-QC_RIL_OEM_HOOK: Received Broadcast Intent ACTION_UNSOL_RESPONSE_OEM_HOOK_RAW
09-21 16:49:15.513  2178  2178 D use-Rlog/RLOG-QC_RIL_OEM_HOOK: Oem ID in QCRILHOOK UNSOL RESP is QOEMHOOK
09-21 16:49:15.515  2197  2288 D RILJ    : Unsol response received; Sending ack to ril.cpp [SUB1]
09-21 16:49:15.515  2197  2288 D RILJ    : [UNSL]< UNSOL_RESPONSE_NETWORK_STATE_CHANGED [SUB1]
09-21 16:49:15.515  2197  2197 D use-Rlog/RLOG-QC_RIL_OEM_HOOK: Received Broadcast Intent ACTION_UNSOL_RESPONSE_OEM_HOOK_RAW
09-21 16:49:15.515  2197  2197 D use-Rlog/RLOG-QC_RIL_OEM_HOOK: Oem ID in QCRILHOOK UNSOL RESP is QOEMHOOK
09-21 16:49:15.515  2197  2197 D use-Rlog/RLOG-QC_RIL_OEM_HOOK: Received Broadcast Intent ACTION_UNSOL_RESPONSE_OEM_HOOK_RAW
09-21 16:49:15.515  2197  2197 D use-Rlog/RLOG-QC_RIL_OEM_HOOK: Oem ID in QCRILHOOK UNSOL RESP is QOEMHOOK
09-21 16:49:15.515  2197  2372 D NetworkRegistrationManager: onNetworkStateChanged
09-21 16:49:15.515  2197  2197 E use-Rlog/RLOG-QC_RIL_OEM_HOOK: QcRilOemHook notifyRegistrants Failed
09-21 16:49:15.515  2197  2197 D use-Rlog/RLOG-QC_RIL_OEM_HOOK: Received Broadcast Intent ACTION_UNSOL_RESPONSE_OEM_HOOK_RAW
09-21 16:49:15.515  2197  2197 D use-Rlog/RLOG-QC_RIL_OEM_HOOK: Oem ID in QCRILHOOK UNSOL RESP is QOEMHOOK
09-21 16:49:15.515  2197  2197 D use-Rlog/RLOG-QC_RIL_OEM_HOOK: Received Broadcast Intent ACTION_UNSOL_RESPONSE_OEM_HOOK_RAW
09-21 16:49:15.515  2197  2197 D use-Rlog/RLOG-QC_RIL_OEM_HOOK: Oem ID in QCRILHOOK UNSOL RESP is QOEMHOOK
09-21 16:49:15.516  2197  2197 D PhoneSwitcher: handle event - 108
09-21 16:49:15.516  2197  2197 D SST[1]  : [1] pollState: modemTriggered=true
09-21 16:49:15.518  2197  2197 D RILJ    : [0741]> OPERATOR [SUB1]
09-21 16:49:15.518  2197  2197 D NetworkRegistrationManager: getNetworkRegistrationState domain 2
09-21 16:49:15.520  2197  2197 D NetworkRegistrationManager: getNetworkRegistrationState domain 1
09-21 16:49:15.521  2197  2197 D RILJ    : [0742]> QUERY_NETWORK_SELECTION_MODE [SUB1]
09-21 16:49:15.524  2197  2288 D RILJ    : [0736]< OPERATOR {, , } [SUB1]
09-21 16:49:15.524  2197  2372 D RILJ    : [0743]> DATA_REGISTRATION_STATE [SUB1]
09-21 16:49:15.524  2197  2288 D RILJ    : [0737]< QUERY_NETWORK_SELECTION_MODE {0} [SUB1]
09-21 16:49:15.525  2197  2197 D SST[1]  : [1] EVENT_POLL_STATE_NETWORK_SELECTION_MODE
09-21 16:49:15.526  2197  2372 D RILJ    : [0744]> VOICE_REGISTRATION_STATE [SUB1]
09-21 16:49:15.528  2197  2288 D RILJ    : [0738]< DATA_REGISTRATION_STATE {.regState = NOT_REG_MT_NOT_SEARCHING_OP, .rat = 0, .reasonDataDenied = 0, .maxDataCalls = 20, .cellIdentity = {...}} [SUB1]
09-21 16:49:15.529  2197  2435 D NetworkRegistrationManager: onGetNetworkRegistrationStateComplete result 0 state NetworkRegistrationState{transportType=1 domain=PS regState=NOT_REG_NOT_SEARCHING accessNetworkTechnology=UNKNOWN reasonForDenial=0 emergencyEnabled=false supportedServices=null cellIdentity=null voiceSpecificStates=null dataSpecificStates=DataSpecificRegistrationStates { mMaxDataCalls=20}}
09-21 16:49:15.531  2197  2288 D RILJ    : [0743]< DATA_REGISTRATION_STATE {.regState = NOT_REG_MT_NOT_SEARCHING_OP, .rat = 0, .reasonDataDenied = 0, .maxDataCalls = 20, .cellIdentity = {...}} [SUB1]
09-21 16:49:15.532  2197  2288 D RILJ    : [0741]< OPERATOR {, , } [SUB1]
09-21 16:49:15.532  2197  2435 D NetworkRegistrationManager: onGetNetworkRegistrationStateComplete result 0 state NetworkRegistrationState{transportType=1 domain=PS regState=NOT_REG_NOT_SEARCHING accessNetworkTechnology=UNKNOWN reasonForDenial=0 emergencyEnabled=false supportedServices=null cellIdentity=null voiceSpecificStates=null dataSpecificStates=DataSpecificRegistrationStates { mMaxDataCalls=20}}
09-21 16:49:15.533  2197  2197 D SST[1]  : [1] Could not set ServiceState channel number. CellIdentity null
09-21 16:49:15.533  2197  2197 D SST[1]  : [1] handlPollStateResultMessage: GsmSST dataServiceState=1 regState=0 dataRadioTechnology=0
09-21 16:49:15.537  2197  2288 D RILJ    : [0742]< QUERY_NETWORK_SELECTION_MODE {0} [SUB1]
09-21 16:49:15.538  2197  2197 D SST[1]  : [1] EVENT_POLL_STATE_NETWORK_SELECTION_MODE
09-21 16:49:15.539  2197  2288 D RILJ    : [0739]< VOICE_REGISTRATION_STATE {.regState = NOT_REG_MT_SEARCHING_OP_EM, .rat = 3, .cssSupported = false, .roamingIndicator = -1, .systemIsInPrl = -1, .defaultRoamingIndicator = -1, .reasonForDenial = 0, .cellIdentity = {...}} [SUB1]
09-21 16:49:15.539  2197  2435 D NetworkRegistrationManager: onGetNetworkRegistrationStateComplete result 0 state NetworkRegistrationState{transportType=1 domain=CS regState=NOT_REG_SEARCHING accessNetworkTechnology=UMTS reasonForDenial=0 emergencyEnabled=true supportedServices=[I@c22c088 cellIdentity=CellIdentityWcdma:{ mMcc=460 mMnc=01 mAlphaLong=CHN-UNICOM mAlphaShort=UNICOM} voiceSpecificStates=VoiceSpecificRegistrationStates { mCssSupported=false mRoamingIndicator=-1 mSystemIsInPrl=-1 mDefaultRoamingIndicator=-1} dataSpecificStates=null}
09-21 16:49:15.540  2197  2288 D RILJ    : [0744]< VOICE_REGISTRATION_STATE {.regState = NOT_REG_MT_SEARCHING_OP_EM, .rat = 3, .cssSupported = false, .roamingIndicator = -1, .systemIsInPrl = -1, .defaultRoamingIndicator = -1, .reasonForDenial = 0, .cellIdentity = {...}} [SUB1]
09-21 16:49:15.541  2197  2435 D NetworkRegistrationManager: onGetNetworkRegistrationStateComplete result 0 state NetworkRegistrationState{transportType=1 domain=CS regState=NOT_REG_SEARCHING accessNetworkTechnology=UMTS reasonForDenial=0 emergencyEnabled=true supportedServices=[I@2a59a21 cellIdentity=CellIdentityWcdma:{ mMcc=460 mMnc=01 mAlphaLong=CHN-UNICOM mAlphaShort=UNICOM} voiceSpecificStates=VoiceSpecificRegistrationStates { mCssSupported=false mRoamingIndicator=-1 mSystemIsInPrl=-1 mDefaultRoamingIndicator=-1} dataSpecificStates=null}
09-21 16:49:15.541  2197  2197 D SST[1]  : [1] handlPollVoiceRegResultMessage: regState=2 radioTechnology=3
09-21 16:49:15.545  2197  2197 D SST[1]  : [1] Poll ServiceState done:  oldSS=[{mVoiceRegState=1(OUT_OF_SERVICE), mDataRegState=1(OUT_OF_SERVICE), mChannelNumber=10763, duplexMode()=0, mCellBandwidths=[], mVoiceRoamingType=home, mDataRoamingType=home, mVoiceOperatorAlphaLong=, mVoiceOperatorAlphaShort=, mDataOperatorAlphaLong=, mDataOperatorAlphaShort=, isManualNetworkSelection=false(automatic), mRilVoiceRadioTechnology=3(UMTS), mRilDataRadioTechnology=0(Unknown), mCssIndicator=unsupported, mNetworkId=-1, mSystemId=-1, mCdmaRoamingIndicator=-1, mCdmaDefaultRoamingIndicator=-1, mIsEmergencyOnly=true, mIsDataRoamingFromRegistration=false, mIsUsingCarrierAggregation=false, mLteEarfcnRsrpBoost=0, mNetworkRegistrationStates=[NetworkRegistrationState{transportType=1 domain=PS regState=NOT_REG_NOT_SEARCHING accessNetworkTechnology=UNKNOWN reasonForDenial=0 emergencyEnabled=false supportedServices=null cellIdentity=null voiceSpecificStates=null dataSpecificStates=DataSpecificRegistrationStates { mMaxDataCalls=20}}, NetworkRegistrationState{transportType=1 domain=CS regState=NOT_REG_SEARCHING accessNetworkTechnology=UMTS reasonForDenial=0 emergencyEnabled=true supportedServices=[I@147f370 cellIdentity=CellIdentityWcdma:{ mMcc=460 mMnc=01 mAlphaLong=CHN-UNICOM mAlphaShort=UNICOM} voiceSpecificStates=VoiceSpecificRegistrationStates { mCssSupported=false mRoamingIndicator=-1 mSystemIsInPrl=-1 mDefaultRoamingIndicator=-1} dataSpecificStates=null}]}] newSS=[{mVoiceRegState=1(OUT_OF_SERVICE), mDataRegState=1(OUT_OF_SERVICE), mChannelNumber=10763, duplexMode()=0, mCellBandwidths=[], mVoiceRoamingType=home, mDataRoamingType=home, mVoiceOperatorAlphaLong=, mVoiceOperatorAlphaShort=, mDataOperatorAlphaLong=, mDataOperatorAlphaShort=, isManualNetworkSelection=false(automatic), mRilVoiceRadioTechnology=3(UMTS), mRilDataRadioTechnology=0(Unknown), mCssIndicator=unsupported, mNetworkId=-1, mSystemId=-1, mCdmaRoamingIndicator=-1, mCdmaDefaultRoamingIndicator=-1, mIsEmergencyOnly=true, mIsDataRoamingFromRegistration=false, mIsUsingCarrierAggregation=false, mLteEarfcnRsrpBoost=0, mNetworkRegistrationStates=[NetworkRegistrationState{transportType=1 domain=PS regState=NOT_REG_NOT_SEARCHING accessNetworkTechnology=UNKNOWN reasonForDenial=0 emergencyEnabled=false supportedServices=null cellIdentity=null voiceSpecificStates=null dataSpecificStates=DataSpecificRegistrationStates { mMaxDataCalls=20}}, NetworkRegistrationState{transportType=1 domain=CS regState=NOT_REG_SEARCHING accessNetworkTechnology=UMTS reasonForDenial=0 emergencyEnabled=true supportedServices=[I@2a59a21 cellIdentity=CellIdentityWcdma:{ mMcc=460 mMnc=01 mAlphaLong=CHN-UNICOM mAlphaShort=UNICOM} voiceSpecificStates=VoiceSpecificRegistrationStates { mCssSupported=false mRoamingIndicator=-1 mSystemIsInPrl=-1 mDefaultRoamingIndicator=-1} dataSpecificStates=null}]}] oldMaxDataCalls=20 mNewMaxDataCalls=20 oldReasonDataDenied=0 mNewReasonDataDenied=0
09-21 16:49:15.545  2197  2197 D SST[1]  : [1] pollStateDone: hasRegistered=false hasDeregistered=false hasDataAttached=false hasDataDetached=false hasDataRegStateChanged=false hasRilVoiceRadioTechnologyChanged= false hasRilDataRadioTechnologyChanged=false hasChanged=false hasVoiceRoamingOn=false hasVoiceRoamingOff=false hasDataRoamingOn=false hasDataRoamingOff=false hasLocationChanged=false has4gHandoff = false hasMultiApnSupport=false hasLostMultiApnSupport=false hasCssIndicatorChanged=false
09-21 16:49:12.560     0     0 I addr=4842 mask: 01 val: 01
09-21 16:49:12.560     0     0 I         : length 2 addr=48c6
09-21 16:49:12.561     0     0 I val[0]  : 40
09-21 16:49:12.561     0     0 I val[1]  : 02
09-21 16:49:12.561     0     0 I addr=4842 mask: 01 val: 00
09-21 16:49:12.561     0     0 I         : length 2 addr=48c0
09-21 16:49:12.561     0     0 I val[0]  : bb
09-21 16:49:12.561     0     0 I val[1]  : 50
09-21 16:49:12.561     0     0 E ALG     : get_time_to_full_locked: TTF: msoc=79
09-21 16:49:12.561     0     0 I QG-K    : qg_get_learned_capacity: Retrieved learned capacity 2576000uah
09-21 16:49:12.561     0     0 E ALG     : get_time_to_full_locked: TTF: ibatt_avg=200 vbatt_avg=4023 rbatt=212 act_cap_mah=2425
09-21 16:49:12.561     0     0 E ALG     : get_time_to_full_locked: TTF: mode: 0
09-21 16:49:12.561     0     0 E ALG     : get_time_to_full_locked: TTF: i_cc2cv=182
09-21 16:49:12.561     0     0 E ALG     : get_time_to_full_locked: TTF: soc_cc2cv=96
09-21 16:49:12.561     0     0 E ALG     : get_time_to_full_locked: TTF: t_predicted_cc=7770
09-21 16:49:12.561     0     0 E ALG     : get_time_to_full_locked: TTF: iterm=201
09-21 16:49:12.561     0     0 E ALG     : get_time_to_full_locked: TTF: tau=0
09-21 16:49:12.561     0     0 E ALG     : get_time_to_full_locked: TTF: t_predicted_cv=0
09-21 16:49:12.561     0     0 E ALG     : get_time_to_full_locked: TTF: t_predicted_prefilter=7770
09-21 16:49:12.561     0     0 E ALG     : get_time_to_full_locked: TTF: ttf_slope=-100
09-21 16:49:12.561     0     0 E ALG     : get_time_to_full_locked: TTF: t_predicted_postfilter=6813
09-21 16:49:12.561     0     0 E QG_WS   : TTF_AWAKE_VOTER,5 same vote off of val=0
09-21 16:49:12.561     0     0 E QG_WS   : TTF_AWAKE_VOTER,5 Ignoring similar vote off of val=0
09-21 16:49:16.618   853  1020 E ThermalEngine: read_thermal_config
09-21 16:49:16.618   853  1020 D ThermalEngine: algo_monitor: Timer EVT
09-21 16:49:16.619   853  1020 I ThermalEngine: Sensor:sdm-therm:48766 mC
09-21 16:49:16.620   853  1020 D ThermalEngine: handle_timer_sig: SS Id SS-QUIET-THERM-GOLD2 Read sdm-therm 48766mC, Err -1766mC, SampleCnt 1
09-21 16:49:16.620   853  1020 D ThermalEngine: handle_timer_sig: SS Id SS-QUIET-THERM-GOLD2, E0 -1766mC, E1 -1766mC
09-21 16:49:16.620   853  1020 D ThermalEngine: Already at device mitigation max limit
09-21 16:49:16.621   853  1020 I ThermalEngine: Sensor:sdm-therm:48766 mC
09-21 16:49:16.621   853  1020 D ThermalEngine: handle_timer_sig: SS Id SS-QUIET-THERM-GOLD Read sdm-therm 48766mC, Err -3766mC, SampleCnt 1
09-21 16:49:16.621   853  1020 D ThermalEngine: handle_timer_sig: SS Id SS-QUIET-THERM-GOLD, E0 -3766mC, E1 -3766mC
09-21 16:49:16.621   853  1020 D ThermalEngine: Already at device mitigation max limit
09-21 16:49:16.623   853  1020 I ThermalEngine: Sensor:sdm-therm:48766 mC
09-21 16:49:16.623   853  1020 D ThermalEngine: handle_timer_sig: SS Id SS-QUIET-THERM-SILVER3 Read sdm-therm 48766mC, Err -766mC, SampleCnt 1
09-21 16:49:16.623   853  1020 D ThermalEngine: handle_timer_sig: SS Id SS-QUIET-THERM-SILVER3, E0 -766mC, E1 -766mC
09-21 16:49:16.623   853  1020 D ThermalEngine: Already at device mitigation max limit
09-21 16:49:16.636   853  1020 I ThermalEngine: Sensor:sdm-therm:48766 mC
09-21 16:49:16.636   853  1020 D ThermalEngine: handle_timer_sig: SS Id SS-QUIET-THERM-SILVER2 Read sdm-therm 48766mC, Err -2766mC, SampleCnt 1
09-21 16:49:16.637   853  1020 D ThermalEngine: handle_timer_sig: SS Id SS-QUIET-THERM-SILVER2, E0 -2766mC, E1 -2766mC
09-21 16:49:16.637   853  1020 D ThermalEngine: Already at device mitigation max limit
09-21 16:49:16.638   853  1020 I ThermalEngine: Sensor:sdm-therm:48766 mC
09-21 16:49:16.638   853  1020 D ThermalEngine: handle_timer_sig: SS Id SS-QUIET-THERM-SILVER Read sdm-therm 48766mC, Err -4766mC, SampleCnt 1
09-21 16:49:16.638   853  1020 D ThermalEngine: handle_timer_sig: SS Id SS-QUIET-THERM-SILVER, E0 -4766mC, E1 -4766mC
09-21 16:49:16.638   853  1020 D ThermalEngine: Already at device mitigation max limit
09-21 16:49:16.638   853  1020 I ThermalEngine: settimer: Start timer 2.000(sec)
09-21 16:49:16.638   853  1020 D ThermalEngine: algo_monitor: Wait for EV
09-21 16:49:13.497     0     0 E pm6150_charger: wdog_bark_irq_handler: IRQ: wdog-bark
09-21 16:49:13.497     0     0 E power_supply battery: power_supply_changed
09-21 16:49:13.497     0     0 E power_supply battery: power_supply_changed_work
09-21 16:49:13.497     0     0 E pm6150_charger: smblib_get_prop_usb_online: POWER_PATH_STATUS = 0x95
09-21 16:49:13.497     0     0 E pm6150_charger: smblib_get_prop_dc_online: POWER_PATH_STATUS = 0x95
09-21 16:49:13.497     0     0 E pm6150_charger: smblib_get_prop_batt_health: BATTERY_CHARGER_STATUS_2 = 0x08
09-21 16:49:13.497     0     0 I smblib_get_prop_batt_status stat: 3 max_voltage:4400000 chg_done:0
09-21 16:49:13.498     0     0 E pm6150_charger: smblib_get_prop_usb_online: POWER_PATH_STATUS = 0x95
09-21 16:49:13.498     0     0 E pm6150_charger: smblib_get_prop_dc_online: POWER_PATH_STATUS = 0x95
09-21 16:49:13.498     0     0 E pm6150_charger: smblib_get_prop_batt_health: BATTERY_CHARGER_STATUS_2 = 0x08
09-21 16:49:13.498     0     0 I smblib_get_prop_batt_status stat: 3 max_voltage:4400000 chg_done:0
09-21 16:49:13.498     0     0 E pm6150_charger: smblib_get_prop_batt_health: BATTERY_CHARGER_STATUS_2 = 0x08
09-21 16:49:13.498     0     0 I         : smblib_get_prop_usb_present stat 16
09-21 16:49:13.498     0     0 E pm6150_charger: smblib_get_prop_usb_online: POWER_PATH_STATUS = 0x95
09-21 16:49:13.498     0     0 E pm6150_charger: smblib_get_prop_dc_online: POWER_PATH_STATUS = 0x95
09-21 16:49:13.498     0     0 E pm6150_charger: smblib_get_prop_batt_health: BATTERY_CHARGER_STATUS_2 = 0x08
09-21 16:49:13.498     0     0 I smblib_get_prop_batt_status stat: 3 max_voltage:4400000 chg_done:0
09-21 16:49:13.498     0     0 I QG-K    : qg_status_change_work: charge_status=1 charge_done=0
09-21 16:49:13.498     0     0 I         : smblib_get_prop_usb_present stat 16
09-21 16:49:13.498     0     0 E ALG     : cycle_count_update: batt_soc: 201 id: 6 chg_status: 1
09-21 16:49:13.498     0     0 I         : smblib_get_prop_usb_present stat 16
09-21 16:49:13.498     0     0 E PL_DISABLE: CHG_STATE_VOTER,0 same vote off of val=0
09-21 16:49:13.498     0     0 E PL_DISABLE: CHG_STATE_VOTER,0 Ignoring similar vote off of val=0
09-21 16:49:13.499     0     0 E pm6150_charger: smblib_get_charge_param: aicl icl status = 500000 (0x0a)
09-21 16:49:13.499     0     0 E PL_ENABLE_INDIRECT: USBIN_I_VOTER,0 same vote off of val=0
09-21 16:49:13.499     0     0 E PL_ENABLE_INDIRECT: USBIN_I_VOTER,0 Ignoring similar vote off of val=0
09-21 16:49:13.499     0     0 E PL_AWAKE: FCC_STEPPER_VOTER,0 same vote off of val=0
09-21 16:49:13.499     0     0 E PL_AWAKE: FCC_STEPPER_VOTER,0 Ignoring similar vote off of val=0
09-21 16:49:13.499     0     0 E pm6150_charger: smblib_get_charge_param: fast charge current = 100000 (0x02)
09-21 16:49:13.499     0     0 E pm6150_charger: smblib_set_charge_param: float voltage = 4400000 (0x50)
09-21 16:49:13.499     0     0 I         : length 2 addr=48c0
09-21 16:49:13.499     0     0 I val[0]  : e3
09-21 16:49:13.499     0     0 I val[1]  : 50
09-21 16:49:13.499     0     0 I addr=4842 mask: 01 val: 01
09-21 16:49:13.499     0     0 I         : length 2 addr=48c6
09-21 16:49:13.499     0     0 I val[0]  : 07
09-21 16:49:13.499     0     0 I val[1]  : 02
09-21 16:49:13.499     0     0 I addr=4842 mask: 01 val: 00
09-21 16:49:13.500     0     0 I         : smblib_get_prop_usb_present stat 16
09-21 16:49:13.500     0     0 I QG-K    : qg_get_learned_capacity: Retrieved learned capacity 2576000uah
09-21 16:49:13.502     0     0 I         : length 2 addr=48c0
09-21 16:49:13.502     0     0 I val[0]  : e3
09-21 16:49:13.502     0     0 I val[1]  : 50
09-21 16:49:13.503     0     0 I addr=4842 mask: 01 val: 01
09-21 16:49:13.503     0     0 I         : length 2 addr=48c6
09-21 16:49:13.503     0     0 I val[0]  : 07
09-21 16:49:13.503     0     0 I val[1]  : 02
09-21 16:49:13.503     0     0 I addr=4842 mask: 01 val: 00
09-21 16:49:13.503     0     0 I QG-K    : qg_get_learned_capacity: Retrieved learned capacity 2576000uah
09-21 16:49:13.503     0     0 I QG-K    : qg_get_learned_capacity: Retrieved learned capacity 2576000uah
09-21 16:49:13.503     0     0 I         : length 2 addr=48c0
09-21 16:49:13.503     0     0 I val[0]  : e3
09-21 16:49:13.503     0     0 I val[1]  : 50
09-21 16:49:13.503     0     0 I addr=4842 mask: 01 val: 01
09-21 16:49:13.503     0     0 I         : length 2 addr=48c6
09-21 16:49:13.503     0     0 I val[0]  : 07
09-21 16:49:13.503     0     0 I val[1]  : 02
09-21 16:49:13.503     0     0 I addr=4842 mask: 01 val: 00
09-21 16:49:13.503     0     0 I         : smblib_get_prop_usb_present stat 16
09-21 16:49:13.503     0     0 I QG-K    : qg_get_learned_capacity: Retrieved learned capacity 2576000uah
09-21 16:49:13.504     0     0 I         : smblib_get_prop_usb_present stat 16
09-21 16:49:13.504     0     0 I         : smblib_get_prop_usb_present stat 16
09-21 16:49:13.505     0     0 E pm6150_charger: smblib_get_charge_param: aicl icl status = 500000 (0x0a)
09-21 16:49:13.505     0     0 I         : smblib_get_prop_usb_present stat 16
09-21 16:49:13.506     0     0 I QG-K    : qg_get_learned_capacity: Retrieved learned capacity 2576000uah
09-21 16:49:13.508     0     0 I         : smblib_get_prop_usb_present stat 16
09-21 16:49:13.508     0     0 I chatty  : uid=0(root) logd identical 1 line
09-21 16:49:13.508     0     0 I         : smblib_get_prop_usb_present stat 16
09-21 16:49:13.509     0     0 E pm6150_charger: smblib_get_charge_param: aicl icl status = 500000 (0x0a)
09-21 16:49:13.510     0     0 E ALG     : cap_learning_update: Charge_status: 1 active: 0 batt_soc: 191
09-21 16:49:13.510     0     0 E ALG     : cap_learning_begin: Battery SOC 75 is high/low, not starting
09-21 16:49:13.510     0     0 E pm6150_charger: smblib_get_prop_batt_health: BATTERY_CHARGER_STATUS_2 = 0x08
09-21 16:49:13.510     0     0 I QG-K    : qg_charge_full_update: msoc=79 health=1 charge_full=0 charge_done=0
09-21 16:49:13.511     0     0 E FCC     : JEITA_VOTER,5 same vote on of val=3000000
09-21 16:49:13.511     0     0 E FCC     : JEITA_VOTER,5 Ignoring similar vote on of val=3000000
09-21 16:49:13.511     0     0 E USB_ICL : JEITA_VOTER,8 same vote off of val=0
09-21 16:49:13.511     0     0 E USB_ICL : JEITA_VOTER,8 Ignoring similar vote off of val=0
09-21 16:49:13.511     0     0 I QCOM-STEPCHG: handle_jeita:  jeita vote fv_uv:4400000 last_vol:4400000
09-21 16:49:13.511     0     0 E FV      : JEITA_VOTER,2 same vote on of val=4400000
09-21 16:49:13.511     0     0 E FV      : JEITA_VOTER,2 Ignoring similar vote on of val=4400000
09-21 16:49:13.511     0     0 E power_supply main: power_supply_changed
09-21 16:49:13.511     0     0 E FCC     : STEP_CHG_VOTER,6 same vote off of val=0
09-21 16:49:13.511     0     0 E FCC     : STEP_CHG_VOTER,6 Ignoring similar vote off of val=0
09-21 16:49:13.511     0     0 I         : smblib_get_prop_usb_present stat 16
09-21 16:49:13.512     0     0 E power_supply main: power_supply_changed_work
09-21 16:49:13.512     0     0 E         : get prop 4 is not supported in usb-main
09-21 16:49:13.512     0     0 E         : Couldn't get prop 4 rc = -22
09-21 16:49:13.514     0     0 E pm6150_charger: smblib_get_prop_usb_online: POWER_PATH_STATUS = 0x95
09-21 16:49:13.514     0     0 E pm6150_charger: smblib_get_prop_dc_online: POWER_PATH_STATUS = 0x95
09-21 16:49:13.514     0     0 E pm6150_charger: smblib_get_prop_batt_health: BATTERY_CHARGER_STATUS_2 = 0x08
09-21 16:49:13.516     0     0 I smblib_get_prop_batt_status stat: 3 max_voltage:4400000 chg_done:0
09-21 16:49:13.516     0     0 E pm6150_charger: smblib_get_charge_param: float voltage = 4400000 (0x50)
09-21 16:49:13.516     0     0 E pm6150_charger: smblib_get_prop_batt_health: BATTERY_CHARGER_STATUS_2 = 0x08
09-21 16:49:13.516     0     0 E pm6150_charger: smblib_get_charge_param: fast charge current = 100000 (0x02)
09-21 16:49:13.516     0     0 E pm6150_charger: smblib_get_charge_param: aicl icl status = 500000 (0x0a)
09-21 16:49:13.516     0     0 E pm6150_charger: smblib_get_charge_param: dcdc icl max status = 500000 (0x0a)
09-21 16:49:13.516     0     0 E         : Couldn't get prop 103 rc = -1
09-21 16:49:13.517     0     0 I         : smblib_get_prop_usb_present stat 16
09-21 16:49:13.517     0     0 E PL_DISABLE: CHG_STATE_VOTER,0 same vote off of val=0
09-21 16:49:13.517     0     0 E PL_DISABLE: CHG_STATE_VOTER,0 Ignoring similar vote off of val=0
09-21 16:49:13.517     0     0 E pm6150_charger: smblib_get_charge_param: aicl icl status = 500000 (0x0a)
09-21 16:49:13.517     0     0 E PL_ENABLE_INDIRECT: USBIN_I_VOTER,0 same vote off of val=0
09-21 16:49:13.517     0     0 E PL_ENABLE_INDIRECT: USBIN_I_VOTER,0 Ignoring similar vote off of val=0
09-21 16:49:13.517     0     0 E PL_AWAKE: FCC_STEPPER_VOTER,0 same vote off of val=0
09-21 16:49:13.517     0     0 E PL_AWAKE: FCC_STEPPER_VOTER,0 Ignoring similar vote off of val=0
09-21 16:49:13.517     0     0 E pm6150_charger: smblib_get_charge_param: fast charge current = 100000 (0x02)
09-21 16:49:13.517     0     0 E pm6150_charger: smblib_set_charge_param: float voltage = 4400000 (0x50)
09-21 16:49:13.518     0     0 I         : smblib_get_prop_usb_present stat 16
09-21 16:49:13.518     0     0 E pm6150_charger: smblib_get_charge_param: aicl icl status = 500000 (0x0a)
09-21 16:49:13.518     0     0 I         : smblib_get_prop_usb_present stat 16
09-21 16:49:13.518     0     0 I QG-K    : qg_get_learned_capacity: Retrieved learned capacity 2576000uah
09-21 16:49:13.519     0     0 E pm6150_charger: smblib_get_prop_dc_online: POWER_PATH_STATUS = 0x95
09-21 16:49:13.520     0     0 E pm6150_charger: smblib_get_prop_usb_online: POWER_PATH_STATUS = 0x95
09-21 16:49:13.520     0     0 I         : smblib_get_prop_usb_present stat 16
09-21 16:49:16.980  2197  2197 D QtiCarrierConfigHelper: WARNING, no carrier configs on phone Id: 0
09-21 16:49:13.520     0     0 W healthd : Unknown power supply type 'BMS'
09-21 16:49:13.520     0     0 E pm6150_charger: smblib_get_charge_param: aicl icl status = 500000 (0x0a)
09-21 16:49:13.520     0     0 W healthd : Unknown power supply type 'Main'
09-21 16:49:13.522     0     0 E pm6150_charger: smblib_get_prop_usb_online: POWER_PATH_STATUS = 0x95
09-21 16:49:13.522     0     0 E pm6150_charger: smblib_get_prop_dc_online: POWER_PATH_STATUS = 0x95
09-21 16:49:13.522     0     0 E pm6150_charger: smblib_get_prop_batt_health: BATTERY_CHARGER_STATUS_2 = 0x08
09-21 16:49:13.522     0     0 I smblib_get_prop_batt_status stat: 3 max_voltage:4400000 chg_done:0
09-21 16:49:13.522     0     0 E pm6150_charger: smblib_get_prop_batt_health: BATTERY_CHARGER_STATUS_2 = 0x08
09-21 16:49:13.522     0     0 E pm6150_charger: smblib_get_prop_dc_online: POWER_PATH_STATUS = 0x95
09-21 16:49:13.523     0     0 E pm6150_charger: smblib_get_prop_usb_online: POWER_PATH_STATUS = 0x95
