09-21 16:48:41.841     0     0 I val[0]  : c6
09-21 16:48:41.841     0     0 I val[1]  : 01
09-21 16:48:41.841     0     0 I addr=4842 mask: 01 val: 00
09-21 16:48:41.841     0     0 I         : length 2 addr=48c0
09-21 16:48:41.841     0     0 I val[0]  : e5
09-21 16:48:41.841     0     0 I val[1]  : 50
09-21 16:48:41.841     0     0 E ALG     : get_time_to_full_locked: TTF: msoc=79
09-21 16:48:41.841     0     0 I QG-K    : qg_get_learned_capacity: Retrieved learned capacity 2576000uah
09-21 16:48:41.841     0     0 E ALG     : get_time_to_full_locked: TTF: ibatt_avg=200 vbatt_avg=4022 rbatt=212 act_cap_mah=2425
09-21 16:48:41.841     0     0 E ALG     : get_time_to_full_locked: TTF: mode: 0
09-21 16:48:41.841     0     0 E ALG     : get_time_to_full_locked: TTF: i_cc2cv=182
09-21 16:48:41.841     0     0 E ALG     : get_time_to_full_locked: TTF: soc_cc2cv=96
09-21 16:48:41.841     0     0 E ALG     : get_time_to_full_locked: TTF: t_predicted_cc=7770
09-21 16:48:41.841     0     0 E ALG     : get_time_to_full_locked: TTF: iterm=201
09-21 16:48:41.841     0     0 E ALG     : get_time_to_full_locked: TTF: tau=0
09-21 16:48:41.841     0     0 E ALG     : get_time_to_full_locked: TTF: t_predicted_cv=0
09-21 16:48:41.841     0     0 E ALG     : get_time_to_full_locked: TTF: t_predicted_prefilter=7770
09-21 16:48:41.841     0     0 E ALG     : get_time_to_full_locked: TTF: ttf_slope=-100
09-21 16:48:41.841     0     0 E ALG     : get_time_to_full_locked: TTF: t_predicted_postfilter=6816
09-21 16:48:41.841     0     0 E QG_WS   : TTF_AWAKE_VOTER,5 same vote off of val=0
09-21 16:48:41.841     0     0 E QG_WS   : TTF_AWAKE_VOTER,5 Ignoring similar vote off of val=0
09-21 16:48:46.480   853  1020 E ThermalEngine: read_thermal_config
09-21 16:48:46.481   853  1020 D ThermalEngine: algo_monitor: Timer EVT
09-21 16:48:46.483   853  1020 I ThermalEngine: Sensor:sdm-therm:48766 mC
09-21 16:48:46.483   853  1020 D ThermalEngine: handle_timer_sig: SS Id SS-QUIET-THERM-GOLD2 Read sdm-therm 48766mC, Err -1766mC, SampleCnt 1
09-21 16:48:46.483   853  1020 D ThermalEngine: handle_timer_sig: SS Id SS-QUIET-THERM-GOLD2, E0 -1766mC, E1 -1831mC
09-21 16:48:46.483   853  1020 D ThermalEngine: Already at device mitigation max limit
09-21 16:48:46.484   853  1020 I ThermalEngine: Sensor:sdm-therm:48831 mC
09-21 16:48:46.484   853  1020 D ThermalEngine: handle_timer_sig: SS Id SS-QUIET-THERM-GOLD Read sdm-therm 48831mC, Err -3831mC, SampleCnt 1
09-21 16:48:46.484   853  1020 D ThermalEngine: handle_timer_sig: SS Id SS-QUIET-THERM-GOLD, E0 -3831mC, E1 -3831mC
09-21 16:48:46.484   853  1020 D ThermalEngine: Already at device mitigation max limit
09-21 16:48:46.486   853  1020 I ThermalEngine: Sensor:sdm-therm:48831 mC
09-21 16:48:46.486   853  1020 D ThermalEngine: handle_timer_sig: SS Id SS-QUIET-THERM-SILVER3 Read sdm-therm 48831mC, Err -831mC, SampleCnt 1
09-21 16:48:46.486   853  1020 D ThermalEngine: handle_timer_sig: SS Id SS-QUIET-THERM-SILVER3, E0 -831mC, E1 -831mC
09-21 16:48:46.486   853  1020 D ThermalEngine: Already at device mitigation max limit
09-21 16:48:46.488   853  1020 I ThermalEngine: Sensor:sdm-therm:48831 mC
09-21 16:48:46.488   853  1020 D ThermalEngine: handle_timer_sig: SS Id SS-QUIET-THERM-SILVER2 Read sdm-therm 48831mC, Err -2831mC, SampleCnt 1
09-21 16:48:46.488   853  1020 D ThermalEngine: handle_timer_sig: SS Id SS-QUIET-THERM-SILVER2, E0 -2831mC, E1 -2766mC
09-21 16:48:46.488   853  1020 D ThermalEngine: Already at device mitigation max limit
09-21 16:48:46.489   853  1020 I ThermalEngine: Sensor:sdm-therm:48766 mC
09-21 16:48:46.489   853  1020 D ThermalEngine: handle_timer_sig: SS Id SS-QUIET-THERM-SILVER Read sdm-therm 48766mC, Err -4766mC, SampleCnt 1
09-21 16:48:46.489   853  1020 D ThermalEngine: handle_timer_sig: SS Id SS-QUIET-THERM-SILVER, E0 -4766mC, E1 -4831mC
09-21 16:48:46.489   853  1020 D ThermalEngine: Already at device mitigation max limit
09-21 16:48:46.489   853  1020 I ThermalEngine: settimer: Start timer 2.000(sec)
09-21 16:48:46.489   853  1020 D ThermalEngine: algo_monitor: Wait for EV
09-21 16:48:47.581 11568 11568 D BoundBrokerSvc: onUnbind: Intent { act=com.google.android.gms.mdns.service.START dat=chimera-action: cmp=com.google.android.gms/.chimera.PersistentApiService }
09-21 16:48:48.490   853  1020 E ThermalEngine: read_thermal_config
09-21 16:48:48.490   853  1020 D ThermalEngine: algo_monitor: Timer EVT
09-21 16:48:48.492   853  1020 I ThermalEngine: Sensor:sdm-therm:48766 mC
09-21 16:48:48.492   853  1020 D ThermalEngine: handle_timer_sig: SS Id SS-QUIET-THERM-GOLD2 Read sdm-therm 48766mC, Err -1766mC, SampleCnt 1
09-21 16:48:48.492   853  1020 D ThermalEngine: handle_timer_sig: SS Id SS-QUIET-THERM-GOLD2, E0 -1766mC, E1 -1766mC
09-21 16:48:48.492   853  1020 D ThermalEngine: Already at device mitigation max limit
09-21 16:48:48.493   853  1020 I ThermalEngine: Sensor:sdm-therm:48766 mC
09-21 16:48:48.493   853  1020 D ThermalEngine: handle_timer_sig: SS Id SS-QUIET-THERM-GOLD Read sdm-therm 48766mC, Err -3766mC, SampleCnt 1
09-21 16:48:48.493   853  1020 D ThermalEngine: handle_timer_sig: SS Id SS-QUIET-THERM-GOLD, E0 -3766mC, E1 -3831mC
09-21 16:48:48.493   853  1020 D ThermalEngine: Already at device mitigation max limit
09-21 16:48:48.494   853  1020 I ThermalEngine: Sensor:sdm-therm:48766 mC
09-21 16:48:48.495   853  1020 D ThermalEngine: handle_timer_sig: SS Id SS-QUIET-THERM-SILVER3 Read sdm-therm 48766mC, Err -766mC, SampleCnt 1
09-21 16:48:48.495   853  1020 D ThermalEngine: handle_timer_sig: SS Id SS-QUIET-THERM-SILVER3, E0 -766mC, E1 -831mC
09-21 16:48:48.495   853  1020 D ThermalEngine: Already at device mitigation max limit
09-21 16:48:48.496   853  1020 I ThermalEngine: Sensor:sdm-therm:48831 mC
09-21 16:48:48.496   853  1020 D ThermalEngine: handle_timer_sig: SS Id SS-QUIET-THERM-SILVER2 Read sdm-therm 48831mC, Err -2831mC, SampleCnt 1
09-21 16:48:48.496   853  1020 D ThermalEngine: handle_timer_sig: SS Id SS-QUIET-THERM-SILVER2, E0 -2831mC, E1 -2831mC
09-21 16:48:48.496   853  1020 D ThermalEngine: Already at device mitigation max limit
09-21 16:48:48.497   853  1020 I ThermalEngine: Sensor:sdm-therm:48766 mC
09-21 16:48:48.498   853  1020 D ThermalEngine: handle_timer_sig: SS Id SS-QUIET-THERM-SILVER Read sdm-therm 48766mC, Err -4766mC, SampleCnt 1
09-21 16:48:48.498   853  1020 D ThermalEngine: handle_timer_sig: SS Id SS-QUIET-THERM-SILVER, E0 -4766mC, E1 -4766mC
09-21 16:48:48.498   853  1020 D ThermalEngine: Already at device mitigation max limit
09-21 16:48:48.498   853  1020 I ThermalEngine: settimer: Start timer 2.000(sec)
09-21 16:48:48.498   853  1020 D ThermalEngine: algo_monitor: Wait for EV
09-21 16:48:49.897  2317  2341 I QcrilOemhookMsgTunnel: [1]processOemHookIndication length=21
09-21 16:48:49.898  2317  2317 D QcrilMsgTunnelIfaceManager: handleMessage what = 0
09-21 16:48:49.903  2178  2178 D use-Rlog/RLOG-QC_RIL_OEM_HOOK: Received Broadcast Intent ACTION_UNSOL_RESPONSE_OEM_HOOK_RAW
09-21 16:48:49.904  2178  2178 D use-Rlog/RLOG-QC_RIL_OEM_HOOK: Oem ID in QCRILHOOK UNSOL RESP is QOEMHOOK
09-21 16:48:49.904  2197  2197 D use-Rlog/RLOG-QC_RIL_OEM_HOOK: Received Broadcast Intent ACTION_UNSOL_RESPONSE_OEM_HOOK_RAW
09-21 16:48:49.904  2197  2197 D use-Rlog/RLOG-QC_RIL_OEM_HOOK: Oem ID in QCRILHOOK UNSOL RESP is QOEMHOOK
09-21 16:48:49.904  2197  2197 D use-Rlog/RLOG-QC_RIL_OEM_HOOK: Received Broadcast Intent ACTION_UNSOL_RESPONSE_OEM_HOOK_RAW
09-21 16:48:49.904  2197  2197 D use-Rlog/RLOG-QC_RIL_OEM_HOOK: Oem ID in QCRILHOOK UNSOL RESP is QOEMHOOK
09-21 16:48:49.905  2197  2197 E use-Rlog/RLOG-QC_RIL_OEM_HOOK: QcRilOemHook notifyRegistrants Failed
09-21 16:48:49.905  2197  2197 D use-Rlog/RLOG-QC_RIL_OEM_HOOK: Received Broadcast Intent ACTION_UNSOL_RESPONSE_OEM_HOOK_RAW
09-21 16:48:49.905  2197  2197 D use-Rlog/RLOG-QC_RIL_OEM_HOOK: Oem ID in QCRILHOOK UNSOL RESP is QOEMHOOK
09-21 16:48:49.905  2197  2197 D PhoneSwitcher: handle event - 108
09-21 16:48:49.909  2197  2288 D RILJ    : Unsol response received; Sending ack to ril.cpp [SUB1]
09-21 16:48:49.909  2197  2288 D RILJ    : [UNSL]< UNSOL_RESPONSE_NETWORK_STATE_CHANGED [SUB1]
09-21 16:48:49.910  2197  2372 D NetworkRegistrationManager: onNetworkStateChanged
09-21 16:48:49.911  2197  2197 D use-Rlog/RLOG-QC_RIL_OEM_HOOK: Received Broadcast Intent ACTION_UNSOL_RESPONSE_OEM_HOOK_RAW
09-21 16:48:49.911  2197  2197 D use-Rlog/RLOG-QC_RIL_OEM_HOOK: Oem ID in QCRILHOOK UNSOL RESP is QOEMHOOK
09-21 16:48:49.911  2197  2197 D SST[1]  : [1] pollState: modemTriggered=true
09-21 16:48:49.914  2317  2341 I QcrilOemhookMsgTunnel: [1]processOemHookIndication length=21
09-21 16:48:49.914  2197  2197 D RILJ    : [0686]> OPERATOR [SUB1]
09-21 16:48:49.914  2197  2197 D NetworkRegistrationManager: getNetworkRegistrationState domain 2
09-21 16:48:49.914  2317  2317 D QcrilMsgTunnelIfaceManager: handleMessage what = 0
09-21 16:48:49.914  2197  2197 D NetworkRegistrationManager: getNetworkRegistrationState domain 1
09-21 16:48:49.915  2197  2197 D RILJ    : [0688]> QUERY_NETWORK_SELECTION_MODE [SUB1]
09-21 16:48:49.915  2197  2288 D RILJ    : Unsol response received; Sending ack to ril.cpp [SUB1]
09-21 16:48:49.915  2197  2288 D RILJ    : [UNSL]< UNSOL_RESPONSE_NETWORK_STATE_CHANGED [SUB1]
09-21 16:48:49.916  2197  2372 D RILJ    : [0689]> DATA_REGISTRATION_STATE [SUB1]
09-21 16:48:49.917  2197  2197 D use-Rlog/RLOG-QC_RIL_OEM_HOOK: Received Broadcast Intent ACTION_UNSOL_RESPONSE_OEM_HOOK_RAW
09-21 16:48:49.918  2197  2197 D use-Rlog/RLOG-QC_RIL_OEM_HOOK: Oem ID in QCRILHOOK UNSOL RESP is QOEMHOOK
09-21 16:48:49.918  2197  2372 D RILJ    : [0690]> VOICE_REGISTRATION_STATE [SUB1]
09-21 16:48:49.918  2197  2372 D NetworkRegistrationManager: onNetworkStateChanged
09-21 16:48:49.918  2197  2197 D use-Rlog/RLOG-QC_RIL_OEM_HOOK: Received Broadcast Intent ACTION_UNSOL_RESPONSE_OEM_HOOK_RAW
09-21 16:48:49.918  2197  2197 D use-Rlog/RLOG-QC_RIL_OEM_HOOK: Oem ID in QCRILHOOK UNSOL RESP is QOEMHOOK
09-21 16:48:49.918  2197  2197 E use-Rlog/RLOG-QC_RIL_OEM_HOOK: QcRilOemHook notifyRegistrants Failed
09-21 16:48:49.918  2197  2197 D use-Rlog/RLOG-QC_RIL_OEM_HOOK: Received Broadcast Intent ACTION_UNSOL_RESPONSE_OEM_HOOK_RAW
09-21 16:48:49.918  2197  2197 D use-Rlog/RLOG-QC_RIL_OEM_HOOK: Oem ID in QCRILHOOK UNSOL RESP is QOEMHOOK
09-21 16:48:49.919  2197  2197 D use-Rlog/RLOG-QC_RIL_OEM_HOOK: Received Broadcast Intent ACTION_UNSOL_RESPONSE_OEM_HOOK_RAW
09-21 16:48:49.919  2197  2197 D use-Rlog/RLOG-QC_RIL_OEM_HOOK: Oem ID in QCRILHOOK UNSOL RESP is QOEMHOOK
09-21 16:48:49.919  2197  2197 D PhoneSwitcher: handle event - 108
09-21 16:48:49.919  2197  2197 D SST[1]  : [1] pollState: modemTriggered=true
09-21 16:48:49.920  2178  2178 D use-Rlog/RLOG-QC_RIL_OEM_HOOK: Received Broadcast Intent ACTION_UNSOL_RESPONSE_OEM_HOOK_RAW
09-21 16:48:49.920  2178  2178 D use-Rlog/RLOG-QC_RIL_OEM_HOOK: Oem ID in QCRILHOOK UNSOL RESP is QOEMHOOK
09-21 16:48:49.923  2197  2288 D RILJ    : [0686]< OPERATOR {, , } [SUB1]
09-21 16:48:49.925  2197  2197 D RILJ    : [0691]> OPERATOR [SUB1]
09-21 16:48:49.925  2197  2197 D NetworkRegistrationManager: getNetworkRegistrationState domain 2
09-21 16:48:49.926  2197  2197 D NetworkRegistrationManager: getNetworkRegistrationState domain 1
09-21 16:48:49.928  2197  2288 D RILJ    : [0689]< DATA_REGISTRATION_STATE {.regState = NOT_REG_MT_NOT_SEARCHING_OP, .rat = 0, .reasonDataDenied = 0, .maxDataCalls = 20, .cellIdentity = {...}} [SUB1]
09-21 16:48:49.928  2197  2435 D NetworkRegistrationManager: onGetNetworkRegistrationStateComplete result 0 state NetworkRegistrationState{transportType=1 domain=PS regState=NOT_REG_NOT_SEARCHING accessNetworkTechnology=UNKNOWN reasonForDenial=0 emergencyEnabled=false supportedServices=null cellIdentity=null voiceSpecificStates=null dataSpecificStates=DataSpecificRegistrationStates { mMaxDataCalls=20}}
09-21 16:48:49.929  2197  2197 D RILJ    : [0692]> QUERY_NETWORK_SELECTION_MODE [SUB1]
09-21 16:48:49.931  2197  2372 D RILJ    : [0693]> DATA_REGISTRATION_STATE [SUB1]
09-21 16:48:49.932  2197  2372 D RILJ    : [0694]> VOICE_REGISTRATION_STATE [SUB1]
09-21 16:48:49.932  2197  2288 D RILJ    : [0688]< QUERY_NETWORK_SELECTION_MODE {0} [SUB1]
09-21 16:48:49.932  2197  2197 D SST[1]  : [1] EVENT_POLL_STATE_NETWORK_SELECTION_MODE
09-21 16:48:49.932  2197  2288 D RILJ    : [0692]< QUERY_NETWORK_SELECTION_MODE {0} [SUB1]
09-21 16:48:49.933  2197  2288 D RILJ    : [0691]< OPERATOR {, , } [SUB1]
09-21 16:48:49.933  2197  2197 D SST[1]  : [1] EVENT_POLL_STATE_NETWORK_SELECTION_MODE
09-21 16:48:49.936  2197  2288 D RILJ    : [0690]< VOICE_REGISTRATION_STATE {.regState = NOT_REG_MT_SEARCHING_OP_EM, .rat = 3, .cssSupported = false, .roamingIndicator = -1, .systemIsInPrl = -1, .defaultRoamingIndicator = -1, .reasonForDenial = 0, .cellIdentity = {...}} [SUB1]
09-21 16:48:49.937  2197  2435 D NetworkRegistrationManager: onGetNetworkRegistrationStateComplete result 0 state NetworkRegistrationState{transportType=1 domain=CS regState=NOT_REG_SEARCHING accessNetworkTechnology=UMTS reasonForDenial=0 emergencyEnabled=true supportedServices=[I@1c2496a cellIdentity=CellIdentityWcdma:{ mMcc=460 mMnc=01 mAlphaLong=CHN-UNICOM mAlphaShort=UNICOM} voiceSpecificStates=VoiceSpecificRegistrationStates { mCssSupported=false mRoamingIndicator=-1 mSystemIsInPrl=-1 mDefaultRoamingIndicator=-1} dataSpecificStates=null}
09-21 16:48:49.937  2197  2288 D RILJ    : [0694]< VOICE_REGISTRATION_STATE {.regState = NOT_REG_MT_SEARCHING_OP_EM, .rat = 3, .cssSupported = false, .roamingIndicator = -1, .systemIsInPrl = -1, .defaultRoamingIndicator = -1, .reasonForDenial = 0, .cellIdentity = {...}} [SUB1]
09-21 16:48:49.937  2197  2435 D NetworkRegistrationManager: onGetNetworkRegistrationStateComplete result 0 state NetworkRegistrationState{transportType=1 domain=CS regState=NOT_REG_SEARCHING accessNetworkTechnology=UMTS reasonForDenial=0 emergencyEnabled=true supportedServices=[I@413be5b cellIdentity=CellIdentityWcdma:{ mMcc=460 mMnc=01 mAlphaLong=CHN-UNICOM mAlphaShort=UNICOM} voiceSpecificStates=VoiceSpecificRegistrationStates { mCssSupported=false mRoamingIndicator=-1 mSystemIsInPrl=-1 mDefaultRoamingIndicator=-1} dataSpecificStates=null}
09-21 16:48:49.937  2197  2197 D SST[1]  : [1] handlPollVoiceRegResultMessage: regState=2 radioTechnology=3
09-21 16:48:49.939  2197  2288 D RILJ    : [0693]< DATA_REGISTRATION_STATE {.regState = NOT_REG_MT_NOT_SEARCHING_OP, .rat = 0, .reasonDataDenied = 0, .maxDataCalls = 20, .cellIdentity = {...}} [SUB1]
09-21 16:48:49.939  2197  2435 D NetworkRegistrationManager: onGetNetworkRegistrationStateComplete result 0 state NetworkRegistrationState{transportType=1 domain=PS regState=NOT_REG_NOT_SEARCHING accessNetworkTechnology=UNKNOWN reasonForDenial=0 emergencyEnabled=false supportedServices=null cellIdentity=null voiceSpecificStates=null dataSpecificStates=DataSpecificRegistrationStates { mMaxDataCalls=20}}
09-21 16:48:49.939  2197  2197 D SST[1]  : [1] Could not set ServiceState channel number. CellIdentity null
09-21 16:48:49.940  2197  2197 D SST[1]  : [1] handlPollStateResultMessage: GsmSST dataServiceState=1 regState=0 dataRadioTechnology=0
09-21 16:48:49.942  2197  2197 D SST[1]  : [1] Poll ServiceState done:  oldSS=[{mVoiceRegState=1(OUT_OF_SERVICE), mDataRegState=1(OUT_OF_SERVICE), mChannelNumber=10763, duplexMode()=0, mCellBandwidths=[], mVoiceRoamingType=home, mDataRoamingType=home, mVoiceOperatorAlphaLong=, mVoiceOperatorAlphaShort=, mDataOperatorAlphaLong=, mDataOperatorAlphaShort=, isManualNetworkSelection=false(automatic), mRilVoiceRadioTechnology=3(UMTS), mRilDataRadioTechnology=0(Unknown), mCssIndicator=unsupported, mNetworkId=-1, mSystemId=-1, mCdmaRoamingIndicator=-1, mCdmaDefaultRoamingIndicator=-1, mIsEmergencyOnly=true, mIsDataRoamingFromRegistration=false, mIsUsingCarrierAggregation=false, mLteEarfcnRsrpBoost=0, mNetworkRegistrationStates=[NetworkRegistrationState{transportType=1 domain=PS regState=NOT_REG_NOT_SEARCHING accessNetworkTechnology=UNKNOWN reasonForDenial=0 emergencyEnabled=false supportedServices=null cellIdentity=null voiceSpecificStates=null dataSpecificStates=DataSpecificRegistrationStates { mMaxDataCalls=20}}, NetworkRegistrationState{transportType=1 domain=CS regState=NOT_REG_SEARCHING accessNetworkTechnology=UMTS reasonForDenial=0 emergencyEnabled=true supportedServices=[I@15f75e3 cellIdentity=CellIdentityWcdma:{ mMcc=460 mMnc=01 mAlphaLong=CHN-UNICOM mAlphaShort=UNICOM} voiceSpecificStates=VoiceSpecificRegistrationStates { mCssSupported=false mRoamingIndicator=-1 mSystemIsInPrl=-1 mDefaultRoamingIndicator=-1} dataSpecificStates=null}]}] newSS=[{mVoiceRegState=1(OUT_OF_SERVICE), mDataRegState=1(OUT_OF_SERVICE), mChannelNumber=10763, duplexMode()=0, mCellBandwidths=[], mVoiceRoamingType=home, mDataRoamingType=home, mVoiceOperatorAlphaLong=, mVoiceOperatorAlphaShort=, mDataOperatorAlphaLong=, mDataOperatorAlphaShort=, isManualNetworkSelection=false(automatic), mRilVoiceRadioTechnology=3(UMTS), mRilDataRadioTechnology=0(Unknown), mCssIndicator=unsupported, mNetworkId=-1, mSystemId=-1, mCdmaRoamingIndicator=-1, mCdmaDefaultRoamingIndicator=-1, mIsEmergencyOnly=true, mIsDataRoamingFromRegistration=false, mIsUsingCarrierAggregation=false, mLteEarfcnRsrpBoost=0, mNetworkRegistrationStates=[NetworkRegistrationState{transportType=1 domain=CS regState=NOT_REG_SEARCHING accessNetworkTechnology=UMTS reasonForDenial=0 emergencyEnabled=true supportedServices=[I@413be5b cellIdentity=CellIdentityWcdma:{ mMcc=460 mMnc=01 mAlphaLong=CHN-UNICOM mAlphaShort=UNICOM} voiceSpecificStates=VoiceSpecificRegistrationStates { mCssSupported=false mRoamingIndicator=-1 mSystemIsInPrl=-1 mDefaultRoamingIndicator=-1} dataSpecificStates=null}, NetworkRegistrationState{transportType=1 domain=PS regState=NOT_REG_NOT_SEARCHING accessNetworkTechnology=UNKNOWN reasonForDenial=0 emergencyEnabled=false supportedServices=null cellIdentity=null voiceSpecificStates=null dataSpecificStates=DataSpecificRegistrationStates { mMaxDataCalls=20}}]}] oldMaxDataCalls=20 mNewMaxDataCalls=20 oldReasonDataDenied=0 mNewReasonDataDenied=0
09-21 16:48:49.942  2197  2197 D SST[1]  : [1] pollStateDone: hasRegistered=false hasDeregistered=false hasDataAttached=false hasDataDetached=false hasDataRegStateChanged=false hasRilVoiceRadioTechnologyChanged= false hasRilDataRadioTechnologyChanged=false hasChanged=false hasVoiceRoamingOn=false hasVoiceRoamingOff=false hasDataRoamingOn=false hasDataRoamingOff=false hasLocationChanged=false has4gHandoff = false hasMultiApnSupport=false hasLostMultiApnSupport=false hasCssIndicatorChanged=false
09-21 16:48:49.999  3277 10344 D IdProviderImpl: getOAID
09-21 16:48:50.037  3277  3576 D IdProviderImpl: getOAID
09-21 16:48:50.053  3277  3576 I chatty  : uid=10098(com.miui.analytics) pool-3-thread-1 identical 1 line
09-21 16:48:50.104  3277  3576 D IdProviderImpl: getOAID
09-21 16:48:50.107  3277  3576 D IdProviderImpl: getVAID
09-21 16:48:50.116  3277  3576 D IdProviderImpl: getUDID
09-21 16:48:50.498   853  1020 E ThermalEngine: read_thermal_config
09-21 16:48:50.498   853  1020 D ThermalEngine: algo_monitor: Timer EVT
09-21 16:48:50.500   853  1020 I ThermalEngine: Sensor:sdm-therm:48831 mC
09-21 16:48:50.500   853  1020 D ThermalEngine: handle_timer_sig: SS Id SS-QUIET-THERM-GOLD2 Read sdm-therm 48831mC, Err -1831mC, SampleCnt 1
09-21 16:48:50.500   853  1020 D ThermalEngine: handle_timer_sig: SS Id SS-QUIET-THERM-GOLD2, E0 -1831mC, E1 -1766mC
09-21 16:48:50.500   853  1020 D ThermalEngine: Already at device mitigation max limit
09-21 16:48:50.501   853  1020 I ThermalEngine: Sensor:sdm-therm:48766 mC
09-21 16:48:50.501   853  1020 D ThermalEngine: handle_timer_sig: SS Id SS-QUIET-THERM-GOLD Read sdm-therm 48766mC, Err -3766mC, SampleCnt 1
09-21 16:48:50.501   853  1020 D ThermalEngine: handle_timer_sig: SS Id SS-QUIET-THERM-GOLD, E0 -3766mC, E1 -3766mC
09-21 16:48:50.501   853  1020 D ThermalEngine: Already at device mitigation max limit
09-21 16:48:50.502   853  1020 I ThermalEngine: Sensor:sdm-therm:48831 mC
09-21 16:48:50.503   853  1020 D ThermalEngine: handle_timer_sig: SS Id SS-QUIET-THERM-SILVER3 Read sdm-therm 48831mC, Err -831mC, SampleCnt 1
09-21 16:48:50.503   853  1020 D ThermalEngine: handle_timer_sig: SS Id SS-QUIET-THERM-SILVER3, E0 -831mC, E1 -766mC
09-21 16:48:50.503   853  1020 D ThermalEngine: Already at device mitigation max limit
09-21 16:48:50.504   853  1020 I ThermalEngine: Sensor:sdm-therm:48831 mC
09-21 16:48:50.504   853  1020 D ThermalEngine: handle_timer_sig: SS Id SS-QUIET-THERM-SILVER2 Read sdm-therm 48831mC, Err -2831mC, SampleCnt 1
09-21 16:48:50.504   853  1020 D ThermalEngine: handle_timer_sig: SS Id SS-QUIET-THERM-SILVER2, E0 -2831mC, E1 -2831mC
09-21 16:48:50.504   853  1020 D ThermalEngine: Already at device mitigation max limit
09-21 16:48:50.505   853  1020 I ThermalEngine: Sensor:sdm-therm:48831 mC
09-21 16:48:50.505   853  1020 D ThermalEngine: handle_timer_sig: SS Id SS-QUIET-THERM-SILVER Read sdm-therm 48831mC, Err -4831mC, SampleCnt 1
09-21 16:48:50.505   853  1020 D ThermalEngine: handle_timer_sig: SS Id SS-QUIET-THERM-SILVER, E0 -4831mC, E1 -4766mC
09-21 16:48:50.505   853  1020 D ThermalEngine: Already at device mitigation max limit
09-21 16:48:50.505   853  1020 I ThermalEngine: settimer: Start timer 2.000(sec)
09-21 16:48:50.505   853  1020 D ThermalEngine: algo_monitor: Wait for EV
09-21 16:48:52.505   853  1020 E ThermalEngine: read_thermal_config
09-21 16:48:52.505   853  1020 D ThermalEngine: algo_monitor: Timer EVT
09-21 16:48:52.506   853  1020 I ThermalEngine: Sensor:sdm-therm:48896 mC
09-21 16:48:52.507   853  1020 D ThermalEngine: handle_timer_sig: SS Id SS-QUIET-THERM-GOLD2 Read sdm-therm 48896mC, Err -1896mC, SampleCnt 1
09-21 16:48:52.507   853  1020 D ThermalEngine: handle_timer_sig: SS Id SS-QUIET-THERM-GOLD2, E0 -1896mC, E1 -1831mC
09-21 16:48:52.507   853  1020 D ThermalEngine: Already at device mitigation max limit
09-21 16:48:52.508   853  1020 I ThermalEngine: Sensor:sdm-therm:48896 mC
09-21 16:48:52.508   853  1020 D ThermalEngine: handle_timer_sig: SS Id SS-QUIET-THERM-GOLD Read sdm-therm 48896mC, Err -3896mC, SampleCnt 1
09-21 16:48:52.508   853  1020 D ThermalEngine: handle_timer_sig: SS Id SS-QUIET-THERM-GOLD, E0 -3896mC, E1 -3766mC
09-21 16:48:52.508   853  1020 D ThermalEngine: Already at device mitigation max limit
09-21 16:48:52.509   853  1020 I ThermalEngine: Sensor:sdm-therm:48831 mC
09-21 16:48:52.509   853  1020 D ThermalEngine: handle_timer_sig: SS Id SS-QUIET-THERM-SILVER3 Read sdm-therm 48831mC, Err -831mC, SampleCnt 1
09-21 16:48:52.509   853  1020 D ThermalEngine: handle_timer_sig: SS Id SS-QUIET-THERM-SILVER3, E0 -831mC, E1 -831mC
09-21 16:48:52.509   853  1020 D ThermalEngine: Already at device mitigation max limit
09-21 16:48:52.510   853  1020 I ThermalEngine: Sensor:sdm-therm:48831 mC
09-21 16:48:52.511   853  1020 D ThermalEngine: handle_timer_sig: SS Id SS-QUIET-THERM-SILVER2 Read sdm-therm 48831mC, Err -2831mC, SampleCnt 1
09-21 16:48:52.511   853  1020 D ThermalEngine: handle_timer_sig: SS Id SS-QUIET-THERM-SILVER2, E0 -2831mC, E1 -2831mC
09-21 16:48:52.511   853  1020 D ThermalEngine: Already at device mitigation max limit
09-21 16:48:52.512   853  1020 I ThermalEngine: Sensor:sdm-therm:48896 mC
09-21 16:48:52.512   853  1020 D ThermalEngine: handle_timer_sig: SS Id SS-QUIET-THERM-SILVER Read sdm-therm 48896mC, Err -4896mC, SampleCnt 1
09-21 16:48:52.512   853  1020 D ThermalEngine: handle_timer_sig: SS Id SS-QUIET-THERM-SILVER, E0 -4896mC, E1 -4831mC
09-21 16:48:52.512   853  1020 D ThermalEngine: Already at device mitigation max limit
09-21 16:48:52.512   853  1020 I ThermalEngine: settimer: Start timer 2.000(sec)
09-21 16:48:52.512   853  1020 D ThermalEngine: algo_monitor: Wait for EV
09-21 16:48:52.581  1589  3371 D CompatibilityInfo: mCompatibilityFlags - 0
09-21 16:48:52.581  1589  3371 D CompatibilityInfo: applicationDensity - 440
09-21 16:48:52.581  1589  3371 D CompatibilityInfo: applicationScale - 1.0
09-21 16:48:52.586 11568 11568 D BoundBrokerSvc: onBind: Intent { act=com.google.android.gms.mdns.service.START dat=chimera-action: cmp=com.google.android.gms/.chimera.PersistentApiService }
09-21 16:48:52.586 11568 11568 D BoundBrokerSvc: Loading bound service for intent: Intent { act=com.google.android.gms.mdns.service.START dat=chimera-action: cmp=com.google.android.gms/.chimera.PersistentApiService }
09-21 16:48:49.701     0     0 E pm6150_charger: wdog_snarl_irq_handler: IRQ: wdog-snarl
09-21 16:48:49.701     0     0 E AWAKE   : SW_THERM_REGULATION_VOTER,0 voting on of val=1
09-21 16:48:49.701     0     0 E AWAKE   : effective vote is now 1 voted by SW_THERM_REGULATION_VOTER,0
09-21 16:48:49.713     0     0 E pm6150_charger: smblib_process_thermal_readings: Current temperatures: 	DIE_TEMP: 514,	CONN_TEMP: 341,	SMB_TEMP: -61,	SKIN_TEMP: 488
09-21 16:48:49.713     0     0 E THERMAL_STATUS: 5
09-21 16:48:49.713     0     0 E AWAKE   : SW_THERM_REGULATION_VOTER,0 voting off of val=0
09-21 16:48:49.713     0     0 E AWAKE   : effective vote is now 0 voted by SW_THERM_REGULATION_VOTER,0
09-21 16:48:50.027     0     0 E pm6150_charger: default_irq_handler: IRQ: aicl-done
09-21 16:48:54.513   853  1020 E ThermalEngine: read_thermal_config
09-21 16:48:54.513   853  1020 D ThermalEngine: algo_monitor: Timer EVT
09-21 16:48:54.514   853  1020 I ThermalEngine: Sensor:sdm-therm:48896 mC
09-21 16:48:54.515   853  1020 D ThermalEngine: handle_timer_sig: SS Id SS-QUIET-THERM-GOLD2 Read sdm-therm 48896mC, Err -1896mC, SampleCnt 1
09-21 16:48:54.515   853  1020 D ThermalEngine: handle_timer_sig: SS Id SS-QUIET-THERM-GOLD2, E0 -1896mC, E1 -1896mC
09-21 16:48:54.515   853  1020 D ThermalEngine: Already at device mitigation max limit
09-21 16:48:54.516   853  1020 I ThermalEngine: Sensor:sdm-therm:48831 mC
09-21 16:48:54.516   853  1020 D ThermalEngine: handle_timer_sig: SS Id SS-QUIET-THERM-GOLD Read sdm-therm 48831mC, Err -3831mC, SampleCnt 1
09-21 16:48:54.517   853  1020 D ThermalEngine: handle_timer_sig: SS Id SS-QUIET-THERM-GOLD, E0 -3831mC, E1 -3896mC
09-21 16:48:54.517   853  1020 D ThermalEngine: Already at device mitigation max limit
09-21 16:48:54.529   853  1020 I ThermalEngine: Sensor:sdm-therm:48896 mC
09-21 16:48:54.529   853  1020 D ThermalEngine: handle_timer_sig: SS Id SS-QUIET-THERM-SILVER3 Read sdm-therm 48896mC, Err -896mC, SampleCnt 1
09-21 16:48:54.530   853  1020 D ThermalEngine: handle_timer_sig: SS Id SS-QUIET-THERM-SILVER3, E0 -896mC, E1 -831mC
09-21 16:48:54.530   853  1020 D ThermalEngine: Already at device mitigation max limit
09-21 16:48:54.531   853  1020 I ThermalEngine: Sensor:sdm-therm:48831 mC
09-21 16:48:54.531   853  1020 D ThermalEngine: handle_timer_sig: SS Id SS-QUIET-THERM-SILVER2 Read sdm-therm 48831mC, Err -2831mC, SampleCnt 1
09-21 16:48:54.531   853  1020 D ThermalEngine: handle_timer_sig: SS Id SS-QUIET-THERM-SILVER2, E0 -2831mC, E1 -2831mC
09-21 16:48:54.531   853  1020 D ThermalEngine: Already at device mitigation max limit
09-21 16:48:54.532   853  1020 I ThermalEngine: Sensor:sdm-therm:48831 mC
09-21 16:48:54.532   853  1020 D ThermalEngine: handle_timer_sig: SS Id SS-QUIET-THERM-SILVER Read sdm-therm 48831mC, Err -4831mC, SampleCnt 1
09-21 16:48:54.532   853  1020 D ThermalEngine: handle_timer_sig: SS Id SS-QUIET-THERM-SILVER, E0 -4831mC, E1 -4896mC
09-21 16:48:54.532   853  1020 D ThermalEngine: Already at device mitigation max limit
09-21 16:48:54.532   853  1020 I ThermalEngine: settimer: Start timer 2.000(sec)
09-21 16:48:54.532   853  1020 D ThermalEngine: algo_monitor: Wait for EV
09-21 16:48:55.003  2317  2341 I QcrilOemhookMsgTunnel: [1]processOemHookIndication length=21
09-21 16:48:55.004  2317  2317 D QcrilMsgTunnelIfaceManager: handleMessage what = 0
09-21 16:48:55.006  2197  2288 D RILJ    : Unsol response received; Sending ack to ril.cpp [SUB1]
09-21 16:48:55.006  2197  2288 D RILJ    : [UNSL]< UNSOL_RESPONSE_NETWORK_STATE_CHANGED [SUB1]
09-21 16:48:55.008  2197  2372 D NetworkRegistrationManager: onNetworkStateChanged
09-21 16:48:55.009  2197  2197 D SST[1]  : [1] pollState: modemTriggered=true
09-21 16:48:55.014  2178  2178 D use-Rlog/RLOG-QC_RIL_OEM_HOOK: Received Broadcast Intent ACTION_UNSOL_RESPONSE_OEM_HOOK_RAW
09-21 16:48:55.014  2178  2178 D use-Rlog/RLOG-QC_RIL_OEM_HOOK: Oem ID in QCRILHOOK UNSOL RESP is QOEMHOOK
09-21 16:48:55.016  2197  2197 D RILJ    : [0696]> OPERATOR [SUB1]
09-21 16:48:55.017  2197  2197 D NetworkRegistrationManager: getNetworkRegistrationState domain 2
09-21 16:48:55.017  2197  2197 D NetworkRegistrationManager: getNetworkRegistrationState domain 1
09-21 16:48:55.018  2317  2341 I QcrilOemhookMsgTunnel: [1]processOemHookIndication length=21
09-21 16:48:55.018  2317  2317 D QcrilMsgTunnelIfaceManager: handleMessage what = 0
09-21 16:48:55.020  2197  2288 D RILJ    : Unsol response received; Sending ack to ril.cpp [SUB1]
09-21 16:48:55.020  2197  2288 D RILJ    : [UNSL]< UNSOL_RESPONSE_NETWORK_STATE_CHANGED [SUB1]
09-21 16:48:55.023  2197  2197 D RILJ    : [0697]> QUERY_NETWORK_SELECTION_MODE [SUB1]
09-21 16:48:55.023  2197  2197 D use-Rlog/RLOG-QC_RIL_OEM_HOOK: Received Broadcast Intent ACTION_UNSOL_RESPONSE_OEM_HOOK_RAW
09-21 16:48:55.023  2197  2197 D use-Rlog/RLOG-QC_RIL_OEM_HOOK: Oem ID in QCRILHOOK UNSOL RESP is QOEMHOOK
09-21 16:48:55.024  2197  2197 D use-Rlog/RLOG-QC_RIL_OEM_HOOK: Received Broadcast Intent ACTION_UNSOL_RESPONSE_OEM_HOOK_RAW
09-21 16:48:55.024  2197  2197 D use-Rlog/RLOG-QC_RIL_OEM_HOOK: Oem ID in QCRILHOOK UNSOL RESP is QOEMHOOK
09-21 16:48:55.024  2197  2197 E use-Rlog/RLOG-QC_RIL_OEM_HOOK: QcRilOemHook notifyRegistrants Failed
09-21 16:48:55.024  2197  2197 D use-Rlog/RLOG-QC_RIL_OEM_HOOK: Received Broadcast Intent ACTION_UNSOL_RESPONSE_OEM_HOOK_RAW
09-21 16:48:55.024  2197  2197 D use-Rlog/RLOG-QC_RIL_OEM_HOOK: Oem ID in QCRILHOOK UNSOL RESP is QOEMHOOK
09-21 16:48:55.024  2197  2197 D use-Rlog/RLOG-QC_RIL_OEM_HOOK: Received Broadcast Intent ACTION_UNSOL_RESPONSE_OEM_HOOK_RAW
09-21 16:48:55.024  2178  2178 D use-Rlog/RLOG-QC_RIL_OEM_HOOK: Received Broadcast Intent ACTION_UNSOL_RESPONSE_OEM_HOOK_RAW
09-21 16:48:55.024  2197  2197 D use-Rlog/RLOG-QC_RIL_OEM_HOOK: Oem ID in QCRILHOOK UNSOL RESP is QOEMHOOK
09-21 16:48:55.024  2178  2178 D use-Rlog/RLOG-QC_RIL_OEM_HOOK: Oem ID in QCRILHOOK UNSOL RESP is QOEMHOOK
09-21 16:48:55.024  2197  2197 D use-Rlog/RLOG-QC_RIL_OEM_HOOK: Received Broadcast Intent ACTION_UNSOL_RESPONSE_OEM_HOOK_RAW
09-21 16:48:55.024  2197  2197 D use-Rlog/RLOG-QC_RIL_OEM_HOOK: Oem ID in QCRILHOOK UNSOL RESP is QOEMHOOK
09-21 16:48:55.024  2197  2197 D use-Rlog/RLOG-QC_RIL_OEM_HOOK: Received Broadcast Intent ACTION_UNSOL_RESPONSE_OEM_HOOK_RAW
09-21 16:48:55.025  2197  2197 D use-Rlog/RLOG-QC_RIL_OEM_HOOK: Oem ID in QCRILHOOK UNSOL RESP is QOEMHOOK
09-21 16:48:55.025  2197  2197 E use-Rlog/RLOG-QC_RIL_OEM_HOOK: QcRilOemHook notifyRegistrants Failed
09-21 16:48:55.025  2197  2288 D RILJ    : [0696]< OPERATOR {, , } [SUB1]
09-21 16:48:55.025  2197  2197 D use-Rlog/RLOG-QC_RIL_OEM_HOOK: Received Broadcast Intent ACTION_UNSOL_RESPONSE_OEM_HOOK_RAW
09-21 16:48:55.025  2197  2197 D use-Rlog/RLOG-QC_RIL_OEM_HOOK: Oem ID in QCRILHOOK UNSOL RESP is QOEMHOOK
09-21 16:48:55.025  2197  2197 D use-Rlog/RLOG-QC_RIL_OEM_HOOK: Received Broadcast Intent ACTION_UNSOL_RESPONSE_OEM_HOOK_RAW
09-21 16:48:55.025  2197  2197 D use-Rlog/RLOG-QC_RIL_OEM_HOOK: Oem ID in QCRILHOOK UNSOL RESP is QOEMHOOK
09-21 16:48:55.025  2197  2197 D PhoneSwitcher: handle event - 108
09-21 16:48:55.025  2197  2197 D PhoneSwitcher: handle event - 108
09-21 16:48:55.028  2197  2372 D RILJ    : [0698]> DATA_REGISTRATION_STATE [SUB1]
09-21 16:48:55.030  2197  2288 D RILJ    : [0697]< QUERY_NETWORK_SELECTION_MODE {0} [SUB1]
09-21 16:48:55.032  2197  2372 D RILJ    : [0700]> VOICE_REGISTRATION_STATE [SUB1]
09-21 16:48:55.032  2197  2372 D NetworkRegistrationManager: onNetworkStateChanged
09-21 16:48:55.033  2197  2197 D SST[1]  : [1] EVENT_POLL_STATE_NETWORK_SELECTION_MODE
09-21 16:48:55.033  2197  2197 D SST[1]  : [1] pollState: modemTriggered=true
09-21 16:48:55.036  2197  2197 D RILJ    : [0701]> OPERATOR [SUB1]
09-21 16:48:55.036  2197  2197 D NetworkRegistrationManager: getNetworkRegistrationState domain 2
09-21 16:48:55.037  2197  2197 D NetworkRegistrationManager: getNetworkRegistrationState domain 1
09-21 16:48:55.040  2197  2372 D RILJ    : [0702]> DATA_REGISTRATION_STATE [SUB1]
09-21 16:48:55.042  2197  2372 D RILJ    : [0704]> VOICE_REGISTRATION_STATE [SUB1]
09-21 16:48:55.042  2197  2288 D RILJ    : [0698]< DATA_REGISTRATION_STATE {.regState = NOT_REG_MT_NOT_SEARCHING_OP, .rat = 0, .reasonDataDenied = 0, .maxDataCalls = 20, .cellIdentity = {...}} [SUB1]
09-21 16:48:55.042  2197  2435 D NetworkRegistrationManager: onGetNetworkRegistrationStateComplete result 0 state NetworkRegistrationState{transportType=1 domain=PS regState=NOT_REG_NOT_SEARCHING accessNetworkTechnology=UNKNOWN reasonForDenial=0 emergencyEnabled=false supportedServices=null cellIdentity=null voiceSpecificStates=null dataSpecificStates=DataSpecificRegistrationStates { mMaxDataCalls=20}}
09-21 16:48:55.043  2197  2197 D RILJ    : [0703]> QUERY_NETWORK_SELECTION_MODE [SUB1]
09-21 16:48:55.045  2197  2288 D RILJ    : [0702]< DATA_REGISTRATION_STATE {.regState = NOT_REG_MT_NOT_SEARCHING_OP, .rat = 0, .reasonDataDenied = 0, .maxDataCalls = 20, .cellIdentity = {...}} [SUB1]
09-21 16:48:55.045  2197  2435 D NetworkRegistrationManager: onGetNetworkRegistrationStateComplete result 0 state NetworkRegistrationState{transportType=1 domain=PS regState=NOT_REG_NOT_SEARCHING accessNetworkTechnology=UNKNOWN reasonForDenial=0 emergencyEnabled=false supportedServices=null cellIdentity=null voiceSpecificStates=null dataSpecificStates=DataSpecificRegistrationStates { mMaxDataCalls=20}}
09-21 16:48:55.045  2197  2197 D SST[1]  : [1] Could not set ServiceState channel number. CellIdentity null
09-21 16:48:55.045  2197  2197 D SST[1]  : [1] handlPollStateResultMessage: GsmSST dataServiceState=1 regState=0 dataRadioTechnology=0
09-21 16:48:55.046  2197  2288 D RILJ    : [0701]< OPERATOR {, , } [SUB1]
09-21 16:48:55.047  2197  2288 D RILJ    : [0700]< VOICE_REGISTRATION_STATE {.regState = NOT_REG_MT_SEARCHING_OP_EM, .rat = 3, .cssSupported = false, .roamingIndicator = -1, .systemIsInPrl = -1, .defaultRoamingIndicator = -1, .reasonForDenial = 0, .cellIdentity = {...}} [SUB1]
09-21 16:48:55.048  2197  2435 D NetworkRegistrationManager: onGetNetworkRegistrationStateComplete result 0 state NetworkRegistrationState{transportType=1 domain=CS regState=NOT_REG_SEARCHING accessNetworkTechnology=UMTS reasonForDenial=0 emergencyEnabled=true supportedServices=[I@b9e9bc2 cellIdentity=CellIdentityWcdma:{ mMcc=460 mMnc=01 mAlphaLong=CHN-UNICOM mAlphaShort=UNICOM} voiceSpecificStates=VoiceSpecificRegistrationStates { mCssSupported=false mRoamingIndicator=-1 mSystemIsInPrl=-1 mDefaultRoamingIndicator=-1} dataSpecificStates=null}
09-21 16:48:55.048  2197  2288 D RILJ    : [0704]< VOICE_REGISTRATION_STATE {.regState = NOT_REG_MT_SEARCHING_OP_EM, .rat = 3, .cssSupported = false, .roamingIndicator = -1, .systemIsInPrl = -1, .defaultRoamingIndicator = -1, .reasonForDenial = 0, .cellIdentity = {...}} [SUB1]
09-21 16:48:55.048  2197  2435 D NetworkRegistrationManager: onGetNetworkRegistrationStateComplete result 0 state NetworkRegistrationState{transportType=1 domain=CS regState=NOT_REG_SEARCHING accessNetworkTechnology=UMTS reasonForDenial=0 emergencyEnabled=true supportedServices=[I@99dd3 cellIdentity=CellIdentityWcdma:{ mMcc=460 mMnc=01 mAlphaLong=CHN-UNICOM mAlphaShort=UNICOM} voiceSpecificStates=VoiceSpecificRegistrationStates { mCssSupported=false mRoamingIndicator=-1 mSystemIsInPrl=-1 mDefaultRoamingIndicator=-1} dataSpecificStates=null}
09-21 16:48:55.049  2197  2197 D SST[1]  : [1] handlPollVoiceRegResultMessage: regState=2 radioTechnology=3
09-21 16:48:55.053  2197  2288 D RILJ    : [0703]< QUERY_NETWORK_SELECTION_MODE {0} [SUB1]
09-21 16:48:55.054  2197  2197 D SST[1]  : [1] EVENT_POLL_STATE_NETWORK_SELECTION_MODE
09-21 16:48:55.057  2197  2197 D SST[1]  : [1] Poll ServiceState done:  oldSS=[{mVoiceRegState=1(OUT_OF_SERVICE), mDataRegState=1(OUT_OF_SERVICE), mChannelNumber=10763, duplexMode()=0, mCellBandwidths=[], mVoiceRoamingType=home, mDataRoamingType=home, mVoiceOperatorAlphaLong=, mVoiceOperatorAlphaShort=, mDataOperatorAlphaLong=, mDataOperatorAlphaShort=, isManualNetworkSelection=false(automatic), mRilVoiceRadioTechnology=3(UMTS), mRilDataRadioTechnology=0(Unknown), mCssIndicator=unsupported, mNetworkId=-1, mSystemId=-1, mCdmaRoamingIndicator=-1, mCdmaDefaultRoamingIndicator=-1, mIsEmergencyOnly=true, mIsDataRoamingFromRegistration=false, mIsUsingCarrierAggregation=false, mLteEarfcnRsrpBoost=0, mNetworkRegistrationStates=[NetworkRegistrationState{transportType=1 domain=CS regState=NOT_REG_SEARCHING accessNetworkTechnology=UMTS reasonForDenial=0 emergencyEnabled=true supportedServices=[I@413be5b cellIdentity=CellIdentityWcdma:{ mMcc=460 mMnc=01 mAlphaLong=CHN-UNICOM mAlphaShort=UNICOM} voiceSpecificStates=VoiceSpecificRegistrationStates { mCssSupported=false mRoamingIndicator=-1 mSystemIsInPrl=-1 mDefaultRoamingIndicator=-1} dataSpecificStates=null}, NetworkRegistrationState{transportType=1 domain=PS regState=NOT_REG_NOT_SEARCHING accessNetworkTechnology=UNKNOWN reasonForDenial=0 emergencyEnabled=false supportedServices=null cellIdentity=null voiceSpecificStates=null dataSpecificStates=DataSpecificRegistrationStates { mMaxDataCalls=20}}]}] newSS=[{mVoiceRegState=1(OUT_OF_SERVICE), mDataRegState=1(OUT_OF_SERVICE), mChannelNumber=10763, duplexMode()=0, mCellBandwidths=[], mVoiceRoamingType=home, mDataRoamingType=home, mVoiceOperatorAlphaLong=, mVoiceOperatorAlphaShort=, mDataOperatorAlphaLong=, mDataOperatorAlphaShort=, isManualNetworkSelection=false(automatic), mRilVoiceRadioTechnology=3(UMTS), mRilDataRadioTechnology=0(Unknown), mCssIndicator=unsupported, mNetworkId=-1, mSystemId=-1, mCdmaRoamingIndicator=-1, mCdmaDefaultRoamingIndicator=-1, mIsEmergencyOnly=true, mIsDataRoamingFromRegistration=false, mIsUsingCarrierAggregation=false, mLteEarfcnRsrpBoost=0, mNetworkRegistrationStates=[NetworkRegistrationState{transportType=1 domain=PS regState=NOT_REG_NOT_SEARCHING accessNetworkTechnology=UNKNOWN reasonForDenial=0 emergencyEnabled=false supportedServices=null cellIdentity=null voiceSpecificStates=null dataSpecificStates=DataSpecificRegistrationStates { mMaxDataCalls=20}}, NetworkRegistrationState{transportType=1 domain=CS regState=NOT_REG_SEARCHING accessNetworkTechnology=UMTS reasonForDenial=0 emergencyEnabled=true supportedServices=[I@99dd3 cellIdentity=CellIdentityWcdma:{ mMcc=460 mMnc=01 mAlphaLong=CHN-UNICOM mAlphaShort=UNICOM} voiceSpecificStates=VoiceSpecificRegistrationStates { mCssSupported=false mRoamingIndicator=-1 mSystemIsInPrl=-1 mDefaultRoamingIndicator=-1} dataSpecificStates=null}]}] oldMaxDataCalls=20 mNewMaxDataCalls=20 oldReasonDataDenied=0 mNewReasonDataDenied=0
09-21 16:48:55.057  2197  2197 D SST[1]  : [1] pollStateDone: hasRegistered=false hasDeregistered=false hasDataAttached=false hasDataDetached=false hasDataRegStateChanged=false hasRilVoiceRadioTechnologyChanged= false hasRilDataRadioTechnologyChanged=false hasChanged=false hasVoiceRoamingOn=false hasVoiceRoamingOff=false hasDataRoamingOn=false hasDataRoamingOff=false hasLocationChanged=false has4gHandoff = false hasMultiApnSupport=false hasLostMultiApnSupport=false hasCssIndicatorChanged=false
09-21 16:48:52.090     0     0 I addr=4842 mask: 01 val: 01
09-21 16:48:52.090     0     0 I         : length 2 addr=48c6
09-21 16:48:52.090     0     0 I val[0]  : d9
09-21 16:48:52.090     0     0 I val[1]  : 02
09-21 16:48:52.090     0     0 I addr=4842 mask: 01 val: 00
09-21 16:48:52.090     0     0 I         : length 2 addr=48c0
09-21 16:48:52.090     0     0 I val[0]  : 9f
09-21 16:48:52.090     0     0 I val[1]  : 50
09-21 16:48:52.090     0     0 E ALG     : get_time_to_full_locked: TTF: msoc=79
09-21 16:48:52.091     0     0 I QG-K    : qg_get_learned_capacity: Retrieved learned capacity 2576000uah
09-21 16:48:52.091     0     0 E ALG     : get_time_to_full_locked: TTF: ibatt_avg=200 vbatt_avg=4022 rbatt=212 act_cap_mah=2425
09-21 16:48:52.091     0     0 E ALG     : get_time_to_full_locked: TTF: mode: 0
09-21 16:48:52.091     0     0 E ALG     : get_time_to_full_locked: TTF: i_cc2cv=182
09-21 16:48:52.091     0     0 E ALG     : get_time_to_full_locked: TTF: soc_cc2cv=96
09-21 16:48:52.091     0     0 E ALG     : get_time_to_full_locked: TTF: t_predicted_cc=7770
09-21 16:48:52.091     0     0 E ALG     : get_time_to_full_locked: TTF: iterm=201
09-21 16:48:52.091     0     0 E ALG     : get_time_to_full_locked: TTF: tau=0
09-21 16:48:52.091     0     0 E ALG     : get_time_to_full_locked: TTF: t_predicted_cv=0
09-21 16:48:52.091     0     0 E ALG     : get_time_to_full_locked: TTF: t_predicted_prefilter=7770
09-21 16:48:52.091     0     0 E ALG     : get_time_to_full_locked: TTF: ttf_slope=-100
09-21 16:48:52.091     0     0 E ALG     : get_time_to_full_locked: TTF: t_predicted_postfilter=6815
09-21 16:48:52.091     0     0 E QG_WS   : TTF_AWAKE_VOTER,5 same vote off of val=0
09-21 16:48:52.091     0     0 E QG_WS   : TTF_AWAKE_VOTER,5 Ignoring similar vote off of val=0
09-21 16:48:56.224  1589  1737 D NtpTrustedTime: currentTimeMillis() cache hit
09-21 16:48:56.251  1589  1737 I netstats_mobile_sample: [0,0,0,0,0,0,0,0,0,0,0,0,1726908536506]
09-21 16:48:56.251  1589  1737 I netstats_wifi_sample: [2061696990,2860863,57073752,699403,2061696990,2860863,57073752,699403,2128940635,2673140,56606830,696575,1726908536506]
09-21 16:48:56.251  1589  1737 D NtpTrustedTime: currentTimeMillis() cache hit
09-21 16:48:56.252  2990  3462 I TrafficManageService: mina mTrafficStatsReceiver onReceive
09-21 16:48:56.533   853  1020 E ThermalEngine: read_thermal_config
09-21 16:48:56.534   853  1020 D ThermalEngine: algo_monitor: Timer EVT
09-21 16:48:56.535   853  1020 I ThermalEngine: Sensor:sdm-therm:48831 mC
09-21 16:48:56.535   853  1020 D ThermalEngine: handle_timer_sig: SS Id SS-QUIET-THERM-GOLD2 Read sdm-therm 48831mC, Err -1831mC, SampleCnt 1
09-21 16:48:56.535   853  1020 D ThermalEngine: handle_timer_sig: SS Id SS-QUIET-THERM-GOLD2, E0 -1831mC, E1 -1896mC
09-21 16:48:56.535   853  1020 D ThermalEngine: Already at device mitigation max limit
09-21 16:48:56.537   853  1020 I ThermalEngine: Sensor:sdm-therm:48831 mC
09-21 16:48:56.537   853  1020 D ThermalEngine: handle_timer_sig: SS Id SS-QUIET-THERM-GOLD Read sdm-therm 48831mC, Err -3831mC, SampleCnt 1
09-21 16:48:56.537   853  1020 D ThermalEngine: handle_timer_sig: SS Id SS-QUIET-THERM-GOLD, E0 -3831mC, E1 -3831mC
09-21 16:48:56.537   853  1020 D ThermalEngine: Already at device mitigation max limit
09-21 16:48:56.538   853  1020 I ThermalEngine: Sensor:sdm-therm:48831 mC
09-21 16:48:56.538   853  1020 D ThermalEngine: handle_timer_sig: SS Id SS-QUIET-THERM-SILVER3 Read sdm-therm 48831mC, Err -831mC, SampleCnt 1
09-21 16:48:56.538   853  1020 D ThermalEngine: handle_timer_sig: SS Id SS-QUIET-THERM-SILVER3, E0 -831mC, E1 -896mC
09-21 16:48:56.538   853  1020 D ThermalEngine: Already at device mitigation max limit
09-21 16:48:56.539   853  1020 I ThermalEngine: Sensor:sdm-therm:48831 mC
09-21 16:48:56.539   853  1020 D ThermalEngine: handle_timer_sig: SS Id SS-QUIET-THERM-SILVER2 Read sdm-therm 48831mC, Err -2831mC, SampleCnt 1
09-21 16:48:56.539   853  1020 D ThermalEngine: handle_timer_sig: SS Id SS-QUIET-THERM-SILVER2, E0 -2831mC, E1 -2831mC
09-21 16:48:56.539   853  1020 D ThermalEngine: Already at device mitigation max limit
09-21 16:48:56.541   853  1020 I ThermalEngine: Sensor:sdm-therm:48831 mC
09-21 16:48:56.541   853  1020 D ThermalEngine: handle_timer_sig: SS Id SS-QUIET-THERM-SILVER Read sdm-therm 48831mC, Err -4831mC, SampleCnt 1
09-21 16:48:56.541   853  1020 D ThermalEngine: handle_timer_sig: SS Id SS-QUIET-THERM-SILVER, E0 -4831mC, E1 -4831mC
09-21 16:48:56.541   853  1020 D ThermalEngine: Already at device mitigation max limit
09-21 16:48:56.541   853  1020 I ThermalEngine: settimer: Start timer 2.000(sec)
09-21 16:48:56.541   853  1020 D ThermalEngine: algo_monitor: Wait for EV
09-21 16:48:56.708  1589  1642 D CompatibilityInfo: mCompatibilityFlags - 0
09-21 16:48:56.708  1589  1642 D CompatibilityInfo: applicationDensity - 440
09-21 16:48:56.708  1589  1642 D CompatibilityInfo: applicationScale - 1.0
09-21 16:48:57.620 11568 11568 D BoundBrokerSvc: onUnbind: Intent { act=com.google.android.gms.mdns.service.START dat=chimera-action: cmp=com.google.android.gms/.chimera.PersistentApiService }
09-21 16:48:57.633  1589  3371 D CompatibilityInfo: mCompatibilityFlags - 0
09-21 16:48:57.633  1589  3371 D CompatibilityInfo: applicationDensity - 440
09-21 16:48:57.633  1589  3371 D CompatibilityInfo: applicationScale - 1.0
09-21 16:48:57.637 11568 11568 D BoundBrokerSvc: onBind: Intent { act=com.google.android.gms.mdns.service.START dat=chimera-action: cmp=com.google.android.gms/.chimera.PersistentApiService }
09-21 16:48:57.637 11568 11568 D BoundBrokerSvc: Loading bound service for intent: Intent { act=com.google.android.gms.mdns.service.START dat=chimera-action: cmp=com.google.android.gms/.chimera.PersistentApiService }
09-21 16:48:57.941  1589  3371 D NtpTrustedTime: currentTimeMillis() cache hit
09-21 16:48:57.981  1589  3371 I netstats_mobile_sample: [0,0,0,0,0,0,0,0,0,0,0,0,1726908538237]
09-21 16:48:57.981  1589  3371 I netstats_wifi_sample: [2061704680,2860900,57074078,699405,2061704680,2860900,57074078,699405,2128947398,2673161,56607156,696577,1726908538237]
09-21 16:48:57.981  1589  3371 D NtpTrustedTime: currentTimeMillis() cache hit
09-21 16:48:57.984  2990  3462 I TrafficManageService: mina mTrafficStatsReceiver onReceive
09-21 16:48:57.985  2197 25377 E PhoneInterfaceManager: [PhoneIntfMgr] checkCarrierPrivilegesForPackage: No UICC
09-21 16:48:57.993  2197 25377 E PhoneInterfaceManager: [PhoneIntfMgr] checkCarrierPrivilegesForPackage: No UICC
09-21 16:48:58.500  2568  2568 I CNSS    : cnss_open_log_file: directory /data/vendor/wlan_logs/ created
09-21 16:48:58.541   853  1020 E ThermalEngine: read_thermal_config
09-21 16:48:58.542   853  1020 D ThermalEngine: algo_monitor: Timer EVT
09-21 16:48:58.543   853  1020 I ThermalEngine: Sensor:sdm-therm:48831 mC
09-21 16:48:58.543   853  1020 D ThermalEngine: handle_timer_sig: SS Id SS-QUIET-THERM-GOLD2 Read sdm-therm 48831mC, Err -1831mC, SampleCnt 1
09-21 16:48:58.543   853  1020 D ThermalEngine: handle_timer_sig: SS Id SS-QUIET-THERM-GOLD2, E0 -1831mC, E1 -1831mC
09-21 16:48:58.543   853  1020 D ThermalEngine: Already at device mitigation max limit
09-21 16:48:58.544   853  1020 I ThermalEngine: Sensor:sdm-therm:48831 mC
09-21 16:48:58.544   853  1020 D ThermalEngine: handle_timer_sig: SS Id SS-QUIET-THERM-GOLD Read sdm-therm 48831mC, Err -3831mC, SampleCnt 1
09-21 16:48:58.544   853  1020 D ThermalEngine: handle_timer_sig: SS Id SS-QUIET-THERM-GOLD, E0 -3831mC, E1 -3831mC
09-21 16:48:58.544   853  1020 D ThermalEngine: Already at device mitigation max limit
09-21 16:48:58.546   853  1020 I ThermalEngine: Sensor:sdm-therm:48831 mC
09-21 16:48:58.546   853  1020 D ThermalEngine: handle_timer_sig: SS Id SS-QUIET-THERM-SILVER3 Read sdm-therm 48831mC, Err -831mC, SampleCnt 1
09-21 16:48:58.546   853  1020 D ThermalEngine: handle_timer_sig: SS Id SS-QUIET-THERM-SILVER3, E0 -831mC, E1 -831mC
09-21 16:48:58.546   853  1020 D ThermalEngine: Already at device mitigation max limit
09-21 16:48:58.547   853  1020 I ThermalEngine: Sensor:sdm-therm:48831 mC
09-21 16:48:58.547   853  1020 D ThermalEngine: handle_timer_sig: SS Id SS-QUIET-THERM-SILVER2 Read sdm-therm 48831mC, Err -2831mC, SampleCnt 1
09-21 16:48:58.547   853  1020 D ThermalEngine: handle_timer_sig: SS Id SS-QUIET-THERM-SILVER2, E0 -2831mC, E1 -2831mC
09-21 16:48:58.547   853  1020 D ThermalEngine: Already at device mitigation max limit
09-21 16:48:58.548   853  1020 I ThermalEngine: Sensor:sdm-therm:48766 mC
09-21 16:48:58.548   853  1020 D ThermalEngine: handle_timer_sig: SS Id SS-QUIET-THERM-SILVER Read sdm-therm 48766mC, Err -4766mC, SampleCnt 1
09-21 16:48:58.548   853  1020 D ThermalEngine: handle_timer_sig: SS Id SS-QUIET-THERM-SILVER, E0 -4766mC, E1 -4831mC
09-21 16:48:58.548   853  1020 D ThermalEngine: Already at device mitigation max limit
09-21 16:48:58.548   853  1020 I ThermalEngine: settimer: Start timer 2.000(sec)
09-21 16:48:58.548   853  1020 D ThermalEngine: algo_monitor: Wait for EV
09-21 16:48:59.749  2197 25377 E PhoneInterfaceManager: [PhoneIntfMgr] checkCarrierPrivilegesForPackage: No UICC
09-21 16:48:59.756  2197 25377 E PhoneInterfaceManager: [PhoneIntfMgr] checkCarrierPrivilegesForPackage: No UICC
09-21 16:49:00.004  1851  1851 D KeyguardUpdateMonitor: handleTimeUpdate
09-21 16:49:00.128  2317  2341 I QcrilOemhookMsgTunnel: [1]processOemHookIndication length=21
09-21 16:49:00.133  2317  2317 D QcrilMsgTunnelIfaceManager: handleMessage what = 0
09-21 16:49:00.134  2197  2288 D RILJ    : Unsol response received; Sending ack to ril.cpp [SUB1]
09-21 16:49:00.135  2197  2288 D RILJ    : [UNSL]< UNSOL_RESPONSE_NETWORK_STATE_CHANGED [SUB1]
09-21 16:49:00.135  2197  2372 D NetworkRegistrationManager: onNetworkStateChanged
09-21 16:49:00.135  2197  2197 D SST[1]  : [1] pollState: modemTriggered=true
09-21 16:49:00.138  2197  2197 D RILJ    : [0706]> OPERATOR [SUB1]
09-21 16:49:00.138  2197  2197 D NetworkRegistrationManager: getNetworkRegistrationState domain 2
09-21 16:49:00.138  2197  2197 D NetworkRegistrationManager: getNetworkRegistrationState domain 1
09-21 16:49:00.139  2178  2178 D use-Rlog/RLOG-QC_RIL_OEM_HOOK: Received Broadcast Intent ACTION_UNSOL_RESPONSE_OEM_HOOK_RAW
09-21 16:49:00.139  2178  2178 D use-Rlog/RLOG-QC_RIL_OEM_HOOK: Oem ID in QCRILHOOK UNSOL RESP is QOEMHOOK
09-21 16:49:00.141  2197  2197 D RILJ    : [0707]> QUERY_NETWORK_SELECTION_MODE [SUB1]
