--------- beginning of events
09-21 16:48:02.896  1589  1737 I netstats_mobile_sample: [0,0,0,0,0,0,0,0,0,0,0,0,1726908483152]
09-21 16:48:02.896  1589  1737 I netstats_wifi_sample: [2061281030,2859026,57058662,699330,2061281030,2859026,57058662,699330,2128437477,2671251,56591740,696502,1726908483152]
--------- beginning of kernel
09-21 16:48:13.360     0     0 E PL_AWAKE: PL_VOTER,1 same vote off of val=0
09-21 16:48:13.361     0     0 E PL_AWAKE: PL_VOTER,1 Ignoring similar vote off of val=0
--------- beginning of main
09-21 16:48:13.974  2317  2341 I QcrilOemhookMsgTunnel: [1]processOemHookIndication length=21
09-21 16:48:13.975  2317  2317 D QcrilMsgTunnelIfaceManager: handleMessage what = 0
--------- beginning of radio
09-21 16:48:13.979  2197  2197 D use-Rlog/RLOG-QC_RIL_OEM_HOOK: Received Broadcast Intent ACTION_UNSOL_RESPONSE_OEM_HOOK_RAW
09-21 16:48:13.980  2197  2197 D use-Rlog/RLOG-QC_RIL_OEM_HOOK: Oem ID in QCRILHOOK UNSOL RESP is QOEMHOOK
09-21 16:48:13.980  2197  2197 D use-Rlog/RLOG-QC_RIL_OEM_HOOK: Received Broadcast Intent ACTION_UNSOL_RESPONSE_OEM_HOOK_RAW
09-21 16:48:13.980  2197  2197 D use-Rlog/RLOG-QC_RIL_OEM_HOOK: Oem ID in QCRILHOOK UNSOL RESP is QOEMHOOK
09-21 16:48:13.980  2197  2197 E use-Rlog/RLOG-QC_RIL_OEM_HOOK: QcRilOemHook notifyRegistrants Failed
09-21 16:48:13.980  2197  2197 D use-Rlog/RLOG-QC_RIL_OEM_HOOK: Received Broadcast Intent ACTION_UNSOL_RESPONSE_OEM_HOOK_RAW
09-21 16:48:13.980  2197  2197 D use-Rlog/RLOG-QC_RIL_OEM_HOOK: Oem ID in QCRILHOOK UNSOL RESP is QOEMHOOK
09-21 16:48:13.980  2197  2197 D use-Rlog/RLOG-QC_RIL_OEM_HOOK: Received Broadcast Intent ACTION_UNSOL_RESPONSE_OEM_HOOK_RAW
09-21 16:48:13.980  2197  2197 D use-Rlog/RLOG-QC_RIL_OEM_HOOK: Oem ID in QCRILHOOK UNSOL RESP is QOEMHOOK
09-21 16:48:13.981  2197  2197 D PhoneSwitcher: handle event - 108
09-21 16:48:13.981  2197  2288 D RILJ    : Unsol response received; Sending ack to ril.cpp [SUB1]
09-21 16:48:13.981  2197  2288 D RILJ    : [UNSL]< UNSOL_RESPONSE_NETWORK_STATE_CHANGED [SUB1]
09-21 16:48:13.981  2178  2178 D use-Rlog/RLOG-QC_RIL_OEM_HOOK: Received Broadcast Intent ACTION_UNSOL_RESPONSE_OEM_HOOK_RAW
09-21 16:48:13.981  2178  2178 D use-Rlog/RLOG-QC_RIL_OEM_HOOK: Oem ID in QCRILHOOK UNSOL RESP is QOEMHOOK
09-21 16:48:13.982  2197  2372 D NetworkRegistrationManager: onNetworkStateChanged
09-21 16:48:13.983  2197  2197 D SST[1]  : [1] pollState: modemTriggered=true
09-21 16:48:13.985  2197  2197 D RILJ    : [0615]> OPERATOR [SUB1]
09-21 16:48:13.985  2197  2197 D NetworkRegistrationManager: getNetworkRegistrationState domain 2
09-21 16:48:13.986  2197  2197 D NetworkRegistrationManager: getNetworkRegistrationState domain 1
09-21 16:48:13.987  2197  2197 D RILJ    : [0616]> QUERY_NETWORK_SELECTION_MODE [SUB1]
09-21 16:48:13.987  2197  2372 D RILJ    : [0617]> DATA_REGISTRATION_STATE [SUB1]
09-21 16:48:13.989  2197  2372 D RILJ    : [0618]> VOICE_REGISTRATION_STATE [SUB1]
09-21 16:48:13.991  2317  2341 I QcrilOemhookMsgTunnel: [1]processOemHookIndication length=21
09-21 16:48:13.991  2317  2317 D QcrilMsgTunnelIfaceManager: handleMessage what = 0
09-21 16:48:13.992  2197  2288 D RILJ    : Unsol response received; Sending ack to ril.cpp [SUB1]
09-21 16:48:13.992  2197  2288 D RILJ    : [UNSL]< UNSOL_RESPONSE_NETWORK_STATE_CHANGED [SUB1]
09-21 16:48:13.992  2197  2372 D NetworkRegistrationManager: onNetworkStateChanged
09-21 16:48:13.992  2197  2197 D SST[1]  : [1] pollState: modemTriggered=true
09-21 16:48:13.994  2197  2197 D RILJ    : [0620]> OPERATOR [SUB1]
09-21 16:48:13.995  2197  2197 D NetworkRegistrationManager: getNetworkRegistrationState domain 2
09-21 16:48:13.995  2197  2197 D NetworkRegistrationManager: getNetworkRegistrationState domain 1
09-21 16:48:13.996  2197  2288 D RILJ    : [0615]< OPERATOR {, , } [SUB1]
09-21 16:48:13.997  2197  2197 D RILJ    : [0621]> QUERY_NETWORK_SELECTION_MODE [SUB1]
09-21 16:48:13.998  2178  2178 D use-Rlog/RLOG-QC_RIL_OEM_HOOK: Received Broadcast Intent ACTION_UNSOL_RESPONSE_OEM_HOOK_RAW
09-21 16:48:13.998  2178  2178 D use-Rlog/RLOG-QC_RIL_OEM_HOOK: Oem ID in QCRILHOOK UNSOL RESP is QOEMHOOK
09-21 16:48:14.000  2197  2197 D use-Rlog/RLOG-QC_RIL_OEM_HOOK: Received Broadcast Intent ACTION_UNSOL_RESPONSE_OEM_HOOK_RAW
09-21 16:48:14.000  2197  2372 D RILJ    : [0622]> DATA_REGISTRATION_STATE [SUB1]
09-21 16:48:14.001  2197  2288 D RILJ    : [0616]< QUERY_NETWORK_SELECTION_MODE {0} [SUB1]
09-21 16:48:14.001  2197  2197 D use-Rlog/RLOG-QC_RIL_OEM_HOOK: Oem ID in QCRILHOOK UNSOL RESP is QOEMHOOK
09-21 16:48:14.001  2197  2435 D NetworkRegistrationManager: onGetNetworkRegistrationStateComplete result 0 state NetworkRegistrationState{transportType=1 domain=PS regState=NOT_REG_NOT_SEARCHING accessNetworkTechnology=UNKNOWN reasonForDenial=0 emergencyEnabled=false supportedServices=null cellIdentity=null voiceSpecificStates=null dataSpecificStates=DataSpecificRegistrationStates { mMaxDataCalls=20}}
09-21 16:48:14.001  2197  2288 D RILJ    : [0617]< DATA_REGISTRATION_STATE {.regState = NOT_REG_MT_NOT_SEARCHING_OP, .rat = 0, .reasonDataDenied = 0, .maxDataCalls = 20, .cellIdentity = {...}} [SUB1]
09-21 16:48:14.002  2197  2197 D use-Rlog/RLOG-QC_RIL_OEM_HOOK: Received Broadcast Intent ACTION_UNSOL_RESPONSE_OEM_HOOK_RAW
09-21 16:48:14.002  2197  2372 D RILJ    : [0623]> VOICE_REGISTRATION_STATE [SUB1]
09-21 16:48:14.002  2197  2197 D use-Rlog/RLOG-QC_RIL_OEM_HOOK: Oem ID in QCRILHOOK UNSOL RESP is QOEMHOOK
09-21 16:48:14.002  2197  2197 E use-Rlog/RLOG-QC_RIL_OEM_HOOK: QcRilOemHook notifyRegistrants Failed
09-21 16:48:14.002  2197  2197 D use-Rlog/RLOG-QC_RIL_OEM_HOOK: Received Broadcast Intent ACTION_UNSOL_RESPONSE_OEM_HOOK_RAW
09-21 16:48:14.002  2197  2197 D use-Rlog/RLOG-QC_RIL_OEM_HOOK: Oem ID in QCRILHOOK UNSOL RESP is QOEMHOOK
09-21 16:48:14.002  2197  2197 D use-Rlog/RLOG-QC_RIL_OEM_HOOK: Received Broadcast Intent ACTION_UNSOL_RESPONSE_OEM_HOOK_RAW
09-21 16:48:14.002  2197  2197 D use-Rlog/RLOG-QC_RIL_OEM_HOOK: Oem ID in QCRILHOOK UNSOL RESP is QOEMHOOK
09-21 16:48:14.002  2197  2197 D SST[1]  : [1] EVENT_POLL_STATE_NETWORK_SELECTION_MODE
09-21 16:48:14.002  2197  2197 D PhoneSwitcher: handle event - 108
09-21 16:48:14.004  2197  2288 D RILJ    : [0620]< OPERATOR {, , } [SUB1]
09-21 16:48:14.007  2197  2288 D RILJ    : [0618]< VOICE_REGISTRATION_STATE {.regState = NOT_REG_MT_SEARCHING_OP_EM, .rat = 3, .cssSupported = false, .roamingIndicator = -1, .systemIsInPrl = -1, .defaultRoamingIndicator = -1, .reasonForDenial = 0, .cellIdentity = {...}} [SUB1]
09-21 16:48:14.007  2197  2288 D RILJ    : [0623]< VOICE_REGISTRATION_STATE {.regState = NOT_REG_MT_SEARCHING_OP_EM, .rat = 3, .cssSupported = false, .roamingIndicator = -1, .systemIsInPrl = -1, .defaultRoamingIndicator = -1, .reasonForDenial = 0, .cellIdentity = {...}} [SUB1]
09-21 16:48:14.008  2197  2435 D NetworkRegistrationManager: onGetNetworkRegistrationStateComplete result 0 state NetworkRegistrationState{transportType=1 domain=CS regState=NOT_REG_SEARCHING accessNetworkTechnology=UMTS reasonForDenial=0 emergencyEnabled=true supportedServices=[I@d2bba9e cellIdentity=CellIdentityWcdma:{ mMcc=460 mMnc=01 mAlphaLong=CHN-UNICOM mAlphaShort=UNICOM} voiceSpecificStates=VoiceSpecificRegistrationStates { mCssSupported=false mRoamingIndicator=-1 mSystemIsInPrl=-1 mDefaultRoamingIndicator=-1} dataSpecificStates=null}
09-21 16:48:14.008  2197  2435 D NetworkRegistrationManager: onGetNetworkRegistrationStateComplete result 0 state NetworkRegistrationState{transportType=1 domain=CS regState=NOT_REG_SEARCHING accessNetworkTechnology=UMTS reasonForDenial=0 emergencyEnabled=true supportedServices=[I@2aec97f cellIdentity=CellIdentityWcdma:{ mMcc=460 mMnc=01 mAlphaLong=CHN-UNICOM mAlphaShort=UNICOM} voiceSpecificStates=VoiceSpecificRegistrationStates { mCssSupported=false mRoamingIndicator=-1 mSystemIsInPrl=-1 mDefaultRoamingIndicator=-1} dataSpecificStates=null}
09-21 16:48:14.008  2197  2197 D SST[1]  : [1] handlPollVoiceRegResultMessage: regState=2 radioTechnology=3
09-21 16:48:14.010  2197  2288 D RILJ    : [0621]< QUERY_NETWORK_SELECTION_MODE {0} [SUB1]
09-21 16:48:14.010  2197  2197 D SST[1]  : [1] EVENT_POLL_STATE_NETWORK_SELECTION_MODE
09-21 16:48:14.011  2197  2288 D RILJ    : [0622]< DATA_REGISTRATION_STATE {.regState = NOT_REG_MT_NOT_SEARCHING_OP, .rat = 0, .reasonDataDenied = 0, .maxDataCalls = 20, .cellIdentity = {...}} [SUB1]
09-21 16:48:14.011  2197  2435 D NetworkRegistrationManager: onGetNetworkRegistrationStateComplete result 0 state NetworkRegistrationState{transportType=1 domain=PS regState=NOT_REG_NOT_SEARCHING accessNetworkTechnology=UNKNOWN reasonForDenial=0 emergencyEnabled=false supportedServices=null cellIdentity=null voiceSpecificStates=null dataSpecificStates=DataSpecificRegistrationStates { mMaxDataCalls=20}}
09-21 16:48:14.011  2197  2197 D SST[1]  : [1] Could not set ServiceState channel number. CellIdentity null
09-21 16:48:14.011  2197  2197 D SST[1]  : [1] handlPollStateResultMessage: GsmSST dataServiceState=1 regState=0 dataRadioTechnology=0
09-21 16:48:14.014  2197  2197 D SST[1]  : [1] Poll ServiceState done:  oldSS=[{mVoiceRegState=1(OUT_OF_SERVICE), mDataRegState=1(OUT_OF_SERVICE), mChannelNumber=10763, duplexMode()=0, mCellBandwidths=[], mVoiceRoamingType=home, mDataRoamingType=home, mVoiceOperatorAlphaLong=, mVoiceOperatorAlphaShort=, mDataOperatorAlphaLong=, mDataOperatorAlphaShort=, isManualNetworkSelection=false(automatic), mRilVoiceRadioTechnology=3(UMTS), mRilDataRadioTechnology=0(Unknown), mCssIndicator=unsupported, mNetworkId=-1, mSystemId=-1, mCdmaRoamingIndicator=-1, mCdmaDefaultRoamingIndicator=-1, mIsEmergencyOnly=true, mIsDataRoamingFromRegistration=false, mIsUsingCarrierAggregation=false, mLteEarfcnRsrpBoost=0, mNetworkRegistrationStates=[NetworkRegistrationState{transportType=1 domain=PS regState=NOT_REG_NOT_SEARCHING accessNetworkTechnology=UNKNOWN reasonForDenial=0 emergencyEnabled=false supportedServices=null cellIdentity=null voiceSpecificStates=null dataSpecificStates=DataSpecificRegistrationStates { mMaxDataCalls=20}}, NetworkRegistrationState{transportType=1 domain=CS regState=NOT_REG_SEARCHING accessNetworkTechnology=UMTS reasonForDenial=0 emergencyEnabled=true supportedServices=[I@dc058c6 cellIdentity=CellIdentityWcdma:{ mMcc=460 mMnc=01 mAlphaLong=CHN-UNICOM mAlphaShort=UNICOM} voiceSpecificStates=VoiceSpecificRegistrationStates { mCssSupported=false mRoamingIndicator=-1 mSystemIsInPrl=-1 mDefaultRoamingIndicator=-1} dataSpecificStates=null}]}] newSS=[{mVoiceRegState=1(OUT_OF_SERVICE), mDataRegState=1(OUT_OF_SERVICE), mChannelNumber=10763, duplexMode()=0, mCellBandwidths=[], mVoiceRoamingType=home, mDataRoamingType=home, mVoiceOperatorAlphaLong=, mVoiceOperatorAlphaShort=, mDataOperatorAlphaLong=, mDataOperatorAlphaShort=, isManualNetworkSelection=false(automatic), mRilVoiceRadioTechnology=3(UMTS), mRilDataRadioTechnology=0(Unknown), mCssIndicator=unsupported, mNetworkId=-1, mSystemId=-1, mCdmaRoamingIndicator=-1, mCdmaDefaultRoamingIndicator=-1, mIsEmergencyOnly=true, mIsDataRoamingFromRegistration=false, mIsUsingCarrierAggregation=false, mLteEarfcnRsrpBoost=0, mNetworkRegistrationStates=[NetworkRegistrationState{transportType=1 domain=CS regState=NOT_REG_SEARCHING accessNetworkTechnology=UMTS reasonForDenial=0 emergencyEnabled=true supportedServices=[I@2aec97f cellIdentity=CellIdentityWcdma:{ mMcc=460 mMnc=01 mAlphaLong=CHN-UNICOM mAlphaShort=UNICOM} voiceSpecificStates=VoiceSpecificRegistrationStates { mCssSupported=false mRoamingIndicator=-1 mSystemIsInPrl=-1 mDefaultRoamingIndicator=-1} dataSpecificStates=null}, NetworkRegistrationState{transportType=1 domain=PS regState=NOT_REG_NOT_SEARCHING accessNetworkTechnology=UNKNOWN reasonForDenial=0 emergencyEnabled=false supportedServices=null cellIdentity=null voiceSpecificStates=null dataSpecificStates=DataSpecificRegistrationStates { mMaxDataCalls=20}}]}] oldMaxDataCalls=20 mNewMaxDataCalls=20 oldReasonDataDenied=0 mNewReasonDataDenied=0
09-21 16:48:14.015  2197  2197 D SST[1]  : [1] pollStateDone: hasRegistered=false hasDeregistered=false hasDataAttached=false hasDataDetached=false hasDataRegStateChanged=false hasRilVoiceRadioTechnologyChanged= false hasRilDataRadioTechnologyChanged=false hasChanged=false hasVoiceRoamingOn=false hasVoiceRoamingOff=false hasDataRoamingOn=false hasDataRoamingOff=false hasLocationChanged=false has4gHandoff = false hasMultiApnSupport=false hasLostMultiApnSupport=false hasCssIndicatorChanged=false
09-21 16:48:14.341   853  1020 E ThermalEngine: read_thermal_config
09-21 16:48:14.341   853  1020 D ThermalEngine: algo_monitor: Timer EVT
09-21 16:48:14.342   853  1020 I ThermalEngine: Sensor:sdm-therm:48766 mC
09-21 16:48:14.342   853  1020 D ThermalEngine: handle_timer_sig: SS Id SS-QUIET-THERM-GOLD2 Read sdm-therm 48766mC, Err -1766mC, SampleCnt 1
09-21 16:48:14.342   853  1020 D ThermalEngine: handle_timer_sig: SS Id SS-QUIET-THERM-GOLD2, E0 -1766mC, E1 -1766mC
09-21 16:48:14.342   853  1020 D ThermalEngine: Already at device mitigation max limit
09-21 16:48:14.343   853  1020 I ThermalEngine: Sensor:sdm-therm:48766 mC
09-21 16:48:14.343   853  1020 D ThermalEngine: handle_timer_sig: SS Id SS-QUIET-THERM-GOLD Read sdm-therm 48766mC, Err -3766mC, SampleCnt 1
09-21 16:48:14.343   853  1020 D ThermalEngine: handle_timer_sig: SS Id SS-QUIET-THERM-GOLD, E0 -3766mC, E1 -3766mC
09-21 16:48:14.343   853  1020 D ThermalEngine: Already at device mitigation max limit
09-21 16:48:14.344   853  1020 I ThermalEngine: Sensor:sdm-therm:48766 mC
09-21 16:48:14.344   853  1020 D ThermalEngine: handle_timer_sig: SS Id SS-QUIET-THERM-SILVER3 Read sdm-therm 48766mC, Err -766mC, SampleCnt 1
09-21 16:48:14.344   853  1020 D ThermalEngine: handle_timer_sig: SS Id SS-QUIET-THERM-SILVER3, E0 -766mC, E1 -766mC
09-21 16:48:14.344   853  1020 D ThermalEngine: Already at device mitigation max limit
09-21 16:48:14.346   853  1020 I ThermalEngine: Sensor:sdm-therm:48766 mC
09-21 16:48:14.346   853  1020 D ThermalEngine: handle_timer_sig: SS Id SS-QUIET-THERM-SILVER2 Read sdm-therm 48766mC, Err -2766mC, SampleCnt 1
09-21 16:48:14.346   853  1020 D ThermalEngine: handle_timer_sig: SS Id SS-QUIET-THERM-SILVER2, E0 -2766mC, E1 -2766mC
09-21 16:48:14.346   853  1020 D ThermalEngine: Already at device mitigation max limit
09-21 16:48:14.347   853  1020 I ThermalEngine: Sensor:sdm-therm:48766 mC
09-21 16:48:14.347   853  1020 D ThermalEngine: handle_timer_sig: SS Id SS-QUIET-THERM-SILVER Read sdm-therm 48766mC, Err -4766mC, SampleCnt 1
09-21 16:48:14.347   853  1020 D ThermalEngine: handle_timer_sig: SS Id SS-QUIET-THERM-SILVER, E0 -4766mC, E1 -4766mC
09-21 16:48:14.347   853  1020 D ThermalEngine: Already at device mitigation max limit
09-21 16:48:14.347   853  1020 I ThermalEngine: settimer: Start timer 2.000(sec)
09-21 16:48:14.347   853  1020 D ThermalEngine: algo_monitor: Wait for EV
09-21 16:48:16.347   853  1020 E ThermalEngine: read_thermal_config
09-21 16:48:16.348   853  1020 D ThermalEngine: algo_monitor: Timer EVT
09-21 16:48:16.349   853  1020 I ThermalEngine: Sensor:sdm-therm:48766 mC
09-21 16:48:16.349   853  1020 D ThermalEngine: handle_timer_sig: SS Id SS-QUIET-THERM-GOLD2 Read sdm-therm 48766mC, Err -1766mC, SampleCnt 1
09-21 16:48:16.349   853  1020 D ThermalEngine: handle_timer_sig: SS Id SS-QUIET-THERM-GOLD2, E0 -1766mC, E1 -1766mC
09-21 16:48:16.349   853  1020 D ThermalEngine: Already at device mitigation max limit
09-21 16:48:16.350   853  1020 I ThermalEngine: Sensor:sdm-therm:48766 mC
09-21 16:48:16.350   853  1020 D ThermalEngine: handle_timer_sig: SS Id SS-QUIET-THERM-GOLD Read sdm-therm 48766mC, Err -3766mC, SampleCnt 1
09-21 16:48:16.350   853  1020 D ThermalEngine: handle_timer_sig: SS Id SS-QUIET-THERM-GOLD, E0 -3766mC, E1 -3766mC
09-21 16:48:16.350   853  1020 D ThermalEngine: Already at device mitigation max limit
09-21 16:48:16.352   853  1020 I ThermalEngine: Sensor:sdm-therm:48766 mC
09-21 16:48:16.352   853  1020 D ThermalEngine: handle_timer_sig: SS Id SS-QUIET-THERM-SILVER3 Read sdm-therm 48766mC, Err -766mC, SampleCnt 1
09-21 16:48:16.352   853  1020 D ThermalEngine: handle_timer_sig: SS Id SS-QUIET-THERM-SILVER3, E0 -766mC, E1 -766mC
09-21 16:48:16.352   853  1020 D ThermalEngine: Already at device mitigation max limit
09-21 16:48:16.354   853  1020 I ThermalEngine: Sensor:sdm-therm:48766 mC
09-21 16:48:16.354   853  1020 D ThermalEngine: handle_timer_sig: SS Id SS-QUIET-THERM-SILVER2 Read sdm-therm 48766mC, Err -2766mC, SampleCnt 1
09-21 16:48:16.354   853  1020 D ThermalEngine: handle_timer_sig: SS Id SS-QUIET-THERM-SILVER2, E0 -2766mC, E1 -2766mC
09-21 16:48:16.354   853  1020 D ThermalEngine: Already at device mitigation max limit
09-21 16:48:16.355   853  1020 I ThermalEngine: Sensor:sdm-therm:48766 mC
09-21 16:48:16.355   853  1020 D ThermalEngine: handle_timer_sig: SS Id SS-QUIET-THERM-SILVER Read sdm-therm 48766mC, Err -4766mC, SampleCnt 1
09-21 16:48:16.355   853  1020 D ThermalEngine: handle_timer_sig: SS Id SS-QUIET-THERM-SILVER, E0 -4766mC, E1 -4766mC
09-21 16:48:16.355   853  1020 D ThermalEngine: Already at device mitigation max limit
09-21 16:48:16.355   853  1020 I ThermalEngine: settimer: Start timer 2.000(sec)
09-21 16:48:16.355   853  1020 D ThermalEngine: algo_monitor: Wait for EV
09-21 16:48:13.467     0     0 D logd    : logdr: UID=2000 GID=2000 PID=10305 b tail=0 logMask=ff pid=0 start=0ns timeout=0ns
09-21 16:48:17.299  2975  3199 E octvm_klo: logd seems exit or crashed, reinitialized.
09-21 16:48:13.951     0     0 D logd    : logdr: UID=1000 GID=1000 PID=2975 b tail=0 logMask=4 pid=0 start=0ns timeout=0ns
09-21 16:48:18.356   853  1020 E ThermalEngine: read_thermal_config
09-21 16:48:18.357   853  1020 D ThermalEngine: algo_monitor: Timer EVT
09-21 16:48:18.359   853  1020 I ThermalEngine: Sensor:sdm-therm:48766 mC
09-21 16:48:18.359   853  1020 D ThermalEngine: handle_timer_sig: SS Id SS-QUIET-THERM-GOLD2 Read sdm-therm 48766mC, Err -1766mC, SampleCnt 1
09-21 16:48:18.359   853  1020 D ThermalEngine: handle_timer_sig: SS Id SS-QUIET-THERM-GOLD2, E0 -1766mC, E1 -1766mC
09-21 16:48:18.359   853  1020 D ThermalEngine: Already at device mitigation max limit
09-21 16:48:18.360   853  1020 I ThermalEngine: Sensor:sdm-therm:48766 mC
09-21 16:48:18.360   853  1020 D ThermalEngine: handle_timer_sig: SS Id SS-QUIET-THERM-GOLD Read sdm-therm 48766mC, Err -3766mC, SampleCnt 1
09-21 16:48:18.360   853  1020 D ThermalEngine: handle_timer_sig: SS Id SS-QUIET-THERM-GOLD, E0 -3766mC, E1 -3766mC
09-21 16:48:18.360   853  1020 D ThermalEngine: Already at device mitigation max limit
09-21 16:48:18.361   853  1020 I ThermalEngine: Sensor:sdm-therm:48766 mC
09-21 16:48:18.361   853  1020 D ThermalEngine: handle_timer_sig: SS Id SS-QUIET-THERM-SILVER3 Read sdm-therm 48766mC, Err -766mC, SampleCnt 1
09-21 16:48:18.361   853  1020 D ThermalEngine: handle_timer_sig: SS Id SS-QUIET-THERM-SILVER3, E0 -766mC, E1 -766mC
09-21 16:48:18.361   853  1020 D ThermalEngine: Already at device mitigation max limit
09-21 16:48:18.362   853  1020 I ThermalEngine: Sensor:sdm-therm:48766 mC
09-21 16:48:18.362   853  1020 D ThermalEngine: handle_timer_sig: SS Id SS-QUIET-THERM-SILVER2 Read sdm-therm 48766mC, Err -2766mC, SampleCnt 1
09-21 16:48:18.362   853  1020 D ThermalEngine: handle_timer_sig: SS Id SS-QUIET-THERM-SILVER2, E0 -2766mC, E1 -2766mC
09-21 16:48:18.362   853  1020 D ThermalEngine: Already at device mitigation max limit
09-21 16:48:18.364   853  1020 I ThermalEngine: Sensor:sdm-therm:48766 mC
09-21 16:48:18.364   853  1020 D ThermalEngine: handle_timer_sig: SS Id SS-QUIET-THERM-SILVER Read sdm-therm 48766mC, Err -4766mC, SampleCnt 1
09-21 16:48:18.364   853  1020 D ThermalEngine: handle_timer_sig: SS Id SS-QUIET-THERM-SILVER, E0 -4766mC, E1 -4766mC
09-21 16:48:18.364   853  1020 D ThermalEngine: Already at device mitigation max limit
09-21 16:48:18.364   853  1020 I ThermalEngine: settimer: Start timer 2.000(sec)
09-21 16:48:18.364   853  1020 D ThermalEngine: algo_monitor: Wait for EV
09-21 16:48:19.093  2317  2341 I QcrilOemhookMsgTunnel: [1]processOemHookIndication length=21
09-21 16:48:19.094  2317  2317 D QcrilMsgTunnelIfaceManager: handleMessage what = 0
09-21 16:48:19.098  2197  2197 D use-Rlog/RLOG-QC_RIL_OEM_HOOK: Received Broadcast Intent ACTION_UNSOL_RESPONSE_OEM_HOOK_RAW
09-21 16:48:19.099  2197  2197 D use-Rlog/RLOG-QC_RIL_OEM_HOOK: Oem ID in QCRILHOOK UNSOL RESP is QOEMHOOK
09-21 16:48:19.099  2197  2197 D use-Rlog/RLOG-QC_RIL_OEM_HOOK: Received Broadcast Intent ACTION_UNSOL_RESPONSE_OEM_HOOK_RAW
09-21 16:48:19.099  2197  2197 D use-Rlog/RLOG-QC_RIL_OEM_HOOK: Oem ID in QCRILHOOK UNSOL RESP is QOEMHOOK
09-21 16:48:19.099  2197  2197 E use-Rlog/RLOG-QC_RIL_OEM_HOOK: QcRilOemHook notifyRegistrants Failed
09-21 16:48:19.099  2197  2197 D PhoneSwitcher: handle event - 108
09-21 16:48:19.100  2197  2288 D RILJ    : Unsol response received; Sending ack to ril.cpp [SUB1]
09-21 16:48:19.100  2197  2288 D RILJ    : [UNSL]< UNSOL_RESPONSE_NETWORK_STATE_CHANGED [SUB1]
09-21 16:48:19.100  2178  2178 D use-Rlog/RLOG-QC_RIL_OEM_HOOK: Received Broadcast Intent ACTION_UNSOL_RESPONSE_OEM_HOOK_RAW
09-21 16:48:19.100  2178  2178 D use-Rlog/RLOG-QC_RIL_OEM_HOOK: Oem ID in QCRILHOOK UNSOL RESP is QOEMHOOK
09-21 16:48:19.101  2197  2372 D NetworkRegistrationManager: onNetworkStateChanged
09-21 16:48:19.102  2197  2197 D use-Rlog/RLOG-QC_RIL_OEM_HOOK: Received Broadcast Intent ACTION_UNSOL_RESPONSE_OEM_HOOK_RAW
09-21 16:48:19.102  2197  2197 D use-Rlog/RLOG-QC_RIL_OEM_HOOK: Oem ID in QCRILHOOK UNSOL RESP is QOEMHOOK
09-21 16:48:19.102  2197  2197 D SST[1]  : [1] pollState: modemTriggered=true
09-21 16:48:19.105  2197  2197 D RILJ    : [0625]> OPERATOR [SUB1]
09-21 16:48:19.105  2197  2288 D RILJ    : Unsol response received; Sending ack to ril.cpp [SUB1]
09-21 16:48:19.105  2197  2197 D NetworkRegistrationManager: getNetworkRegistrationState domain 2
09-21 16:48:19.105  2197  2288 D RILJ    : [UNSL]< UNSOL_RESPONSE_NETWORK_STATE_CHANGED [SUB1]
09-21 16:48:19.105  2317  2341 I QcrilOemhookMsgTunnel: [1]processOemHookIndication length=21
09-21 16:48:19.105  2197  2197 D NetworkRegistrationManager: getNetworkRegistrationState domain 1
09-21 16:48:19.109  2317  2317 D QcrilMsgTunnelIfaceManager: handleMessage what = 0
09-21 16:48:19.111  2197  2288 D RILJ    : [0625]< OPERATOR {, , } [SUB1]
09-21 16:48:19.113  2197  2197 D RILJ    : [0627]> QUERY_NETWORK_SELECTION_MODE [SUB1]
09-21 16:48:19.113  2178  2178 D use-Rlog/RLOG-QC_RIL_OEM_HOOK: Received Broadcast Intent ACTION_UNSOL_RESPONSE_OEM_HOOK_RAW
09-21 16:48:19.113  2178  2178 D use-Rlog/RLOG-QC_RIL_OEM_HOOK: Oem ID in QCRILHOOK UNSOL RESP is QOEMHOOK
09-21 16:48:19.113  2197  2197 D use-Rlog/RLOG-QC_RIL_OEM_HOOK: Received Broadcast Intent ACTION_UNSOL_RESPONSE_OEM_HOOK_RAW
09-21 16:48:19.114  2197  2197 D use-Rlog/RLOG-QC_RIL_OEM_HOOK: Oem ID in QCRILHOOK UNSOL RESP is QOEMHOOK
09-21 16:48:19.115  2197  2197 D use-Rlog/RLOG-QC_RIL_OEM_HOOK: Received Broadcast Intent ACTION_UNSOL_RESPONSE_OEM_HOOK_RAW
09-21 16:48:19.115  2197  2197 D use-Rlog/RLOG-QC_RIL_OEM_HOOK: Oem ID in QCRILHOOK UNSOL RESP is QOEMHOOK
09-21 16:48:19.115  2197  2197 D use-Rlog/RLOG-QC_RIL_OEM_HOOK: Received Broadcast Intent ACTION_UNSOL_RESPONSE_OEM_HOOK_RAW
09-21 16:48:19.115  2197  2197 D use-Rlog/RLOG-QC_RIL_OEM_HOOK: Oem ID in QCRILHOOK UNSOL RESP is QOEMHOOK
09-21 16:48:19.115  2197  2197 E use-Rlog/RLOG-QC_RIL_OEM_HOOK: QcRilOemHook notifyRegistrants Failed
09-21 16:48:19.115  2197  2197 D use-Rlog/RLOG-QC_RIL_OEM_HOOK: Received Broadcast Intent ACTION_UNSOL_RESPONSE_OEM_HOOK_RAW
09-21 16:48:19.116  2197  2372 D RILJ    : [0628]> DATA_REGISTRATION_STATE [SUB1]
09-21 16:48:19.116  2197  2197 D use-Rlog/RLOG-QC_RIL_OEM_HOOK: Oem ID in QCRILHOOK UNSOL RESP is QOEMHOOK
09-21 16:48:19.117  2197  2197 D use-Rlog/RLOG-QC_RIL_OEM_HOOK: Received Broadcast Intent ACTION_UNSOL_RESPONSE_OEM_HOOK_RAW
09-21 16:48:19.117  2197  2372 D RILJ    : [0629]> VOICE_REGISTRATION_STATE [SUB1]
09-21 16:48:19.117  2197  2197 D use-Rlog/RLOG-QC_RIL_OEM_HOOK: Oem ID in QCRILHOOK UNSOL RESP is QOEMHOOK
09-21 16:48:19.117  2197  2372 D NetworkRegistrationManager: onNetworkStateChanged
09-21 16:48:19.117  2197  2197 D PhoneSwitcher: handle event - 108
09-21 16:48:19.119  2197  2197 D SST[1]  : [1] pollState: modemTriggered=true
09-21 16:48:19.126  2197  2197 D RILJ    : [0630]> OPERATOR [SUB1]
09-21 16:48:19.128  2197  2288 D RILJ    : [0629]< VOICE_REGISTRATION_STATE {.regState = NOT_REG_MT_SEARCHING_OP_EM, .rat = 3, .cssSupported = false, .roamingIndicator = -1, .systemIsInPrl = -1, .defaultRoamingIndicator = -1, .reasonForDenial = 0, .cellIdentity = {...}} [SUB1]
09-21 16:48:19.128  2197  2435 D NetworkRegistrationManager: onGetNetworkRegistrationStateComplete result 0 state NetworkRegistrationState{transportType=1 domain=CS regState=NOT_REG_SEARCHING accessNetworkTechnology=UMTS reasonForDenial=0 emergencyEnabled=true supportedServices=[I@7db5238 cellIdentity=CellIdentityWcdma:{ mMcc=460 mMnc=01 mAlphaLong=CHN-UNICOM mAlphaShort=UNICOM} voiceSpecificStates=VoiceSpecificRegistrationStates { mCssSupported=false mRoamingIndicator=-1 mSystemIsInPrl=-1 mDefaultRoamingIndicator=-1} dataSpecificStates=null}
09-21 16:48:19.128  2197  2288 D RILJ    : [0627]< QUERY_NETWORK_SELECTION_MODE {0} [SUB1]
09-21 16:48:19.131  2197  2288 D RILJ    : [0628]< DATA_REGISTRATION_STATE {.regState = NOT_REG_MT_NOT_SEARCHING_OP, .rat = 0, .reasonDataDenied = 0, .maxDataCalls = 20, .cellIdentity = {...}} [SUB1]
09-21 16:48:19.131  2197  2197 D NetworkRegistrationManager: getNetworkRegistrationState domain 2
09-21 16:48:19.131  2197  2435 D NetworkRegistrationManager: onGetNetworkRegistrationStateComplete result 0 state NetworkRegistrationState{transportType=1 domain=PS regState=NOT_REG_NOT_SEARCHING accessNetworkTechnology=UNKNOWN reasonForDenial=0 emergencyEnabled=false supportedServices=null cellIdentity=null voiceSpecificStates=null dataSpecificStates=DataSpecificRegistrationStates { mMaxDataCalls=20}}
09-21 16:48:19.131  2197  2197 D NetworkRegistrationManager: getNetworkRegistrationState domain 1
09-21 16:48:19.134  2197  2197 D RILJ    : [0631]> QUERY_NETWORK_SELECTION_MODE [SUB1]
09-21 16:48:19.134  2197  2197 D SST[1]  : [1] EVENT_POLL_STATE_NETWORK_SELECTION_MODE
09-21 16:48:19.135  2197  2288 D RILJ    : [0630]< OPERATOR {, , } [SUB1]
09-21 16:48:19.137  2197  2372 D RILJ    : [0632]> DATA_REGISTRATION_STATE [SUB1]
09-21 16:48:19.138  2197  2372 D RILJ    : [0633]> VOICE_REGISTRATION_STATE [SUB1]
09-21 16:48:19.143  2197  2288 D RILJ    : [0631]< QUERY_NETWORK_SELECTION_MODE {0} [SUB1]
09-21 16:48:19.143  2197  2197 D SST[1]  : [1] EVENT_POLL_STATE_NETWORK_SELECTION_MODE
09-21 16:48:19.147  2197  2288 D RILJ    : [0632]< DATA_REGISTRATION_STATE {.regState = NOT_REG_MT_NOT_SEARCHING_OP, .rat = 0, .reasonDataDenied = 0, .maxDataCalls = 20, .cellIdentity = {...}} [SUB1]
09-21 16:48:19.147  2197  2435 D NetworkRegistrationManager: onGetNetworkRegistrationStateComplete result 0 state NetworkRegistrationState{transportType=1 domain=PS regState=NOT_REG_NOT_SEARCHING accessNetworkTechnology=UNKNOWN reasonForDenial=0 emergencyEnabled=false supportedServices=null cellIdentity=null voiceSpecificStates=null dataSpecificStates=DataSpecificRegistrationStates { mMaxDataCalls=20}}
09-21 16:48:19.148  2197  2197 D SST[1]  : [1] Could not set ServiceState channel number. CellIdentity null
09-21 16:48:19.148  2197  2197 D SST[1]  : [1] handlPollStateResultMessage: GsmSST dataServiceState=1 regState=0 dataRadioTechnology=0
09-21 16:48:19.153  2197  2288 D RILJ    : [0633]< VOICE_REGISTRATION_STATE {.regState = NOT_REG_MT_SEARCHING_OP_EM, .rat = 3, .cssSupported = false, .roamingIndicator = -1, .systemIsInPrl = -1, .defaultRoamingIndicator = -1, .reasonForDenial = 0, .cellIdentity = {...}} [SUB1]
09-21 16:48:19.153  2197  2435 D NetworkRegistrationManager: onGetNetworkRegistrationStateComplete result 0 state NetworkRegistrationState{transportType=1 domain=CS regState=NOT_REG_SEARCHING accessNetworkTechnology=UMTS reasonForDenial=0 emergencyEnabled=true supportedServices=[I@944ee4d cellIdentity=CellIdentityWcdma:{ mMcc=460 mMnc=01 mAlphaLong=CHN-UNICOM mAlphaShort=UNICOM} voiceSpecificStates=VoiceSpecificRegistrationStates { mCssSupported=false mRoamingIndicator=-1 mSystemIsInPrl=-1 mDefaultRoamingIndicator=-1} dataSpecificStates=null}
09-21 16:48:19.154  2197  2197 D SST[1]  : [1] handlPollVoiceRegResultMessage: regState=2 radioTechnology=3
09-21 16:48:19.161  2197  2197 D SST[1]  : [1] Poll ServiceState done:  oldSS=[{mVoiceRegState=1(OUT_OF_SERVICE), mDataRegState=1(OUT_OF_SERVICE), mChannelNumber=10763, duplexMode()=0, mCellBandwidths=[], mVoiceRoamingType=home, mDataRoamingType=home, mVoiceOperatorAlphaLong=, mVoiceOperatorAlphaShort=, mDataOperatorAlphaLong=, mDataOperatorAlphaShort=, isManualNetworkSelection=false(automatic), mRilVoiceRadioTechnology=3(UMTS), mRilDataRadioTechnology=0(Unknown), mCssIndicator=unsupported, mNetworkId=-1, mSystemId=-1, mCdmaRoamingIndicator=-1, mCdmaDefaultRoamingIndicator=-1, mIsEmergencyOnly=true, mIsDataRoamingFromRegistration=false, mIsUsingCarrierAggregation=false, mLteEarfcnRsrpBoost=0, mNetworkRegistrationStates=[NetworkRegistrationState{transportType=1 domain=CS regState=NOT_REG_SEARCHING accessNetworkTechnology=UMTS reasonForDenial=0 emergencyEnabled=true supportedServices=[I@2aec97f cellIdentity=CellIdentityWcdma:{ mMcc=460 mMnc=01 mAlphaLong=CHN-UNICOM mAlphaShort=UNICOM} voiceSpecificStates=VoiceSpecificRegistrationStates { mCssSupported=false mRoamingIndicator=-1 mSystemIsInPrl=-1 mDefaultRoamingIndicator=-1} dataSpecificStates=null}, NetworkRegistrationState{transportType=1 domain=PS regState=NOT_REG_NOT_SEARCHING accessNetworkTechnology=UNKNOWN reasonForDenial=0 emergencyEnabled=false supportedServices=null cellIdentity=null voiceSpecificStates=null dataSpecificStates=DataSpecificRegistrationStates { mMaxDataCalls=20}}]}] newSS=[{mVoiceRegState=1(OUT_OF_SERVICE), mDataRegState=1(OUT_OF_SERVICE), mChannelNumber=10763, duplexMode()=0, mCellBandwidths=[], mVoiceRoamingType=home, mDataRoamingType=home, mVoiceOperatorAlphaLong=, mVoiceOperatorAlphaShort=, mDataOperatorAlphaLong=, mDataOperatorAlphaShort=, isManualNetworkSelection=false(automatic), mRilVoiceRadioTechnology=3(UMTS), mRilDataRadioTechnology=0(Unknown), mCssIndicator=unsupported, mNetworkId=-1, mSystemId=-1, mCdmaRoamingIndicator=-1, mCdmaDefaultRoamingIndicator=-1, mIsEmergencyOnly=true, mIsDataRoamingFromRegistration=false, mIsUsingCarrierAggregation=false, mLteEarfcnRsrpBoost=0, mNetworkRegistrationStates=[NetworkRegistrationState{transportType=1 domain=PS regState=NOT_REG_NOT_SEARCHING accessNetworkTechnology=UNKNOWN reasonForDenial=0 emergencyEnabled=false supportedServices=null cellIdentity=null voiceSpecificStates=null dataSpecificStates=DataSpecificRegistrationStates { mMaxDataCalls=20}}, NetworkRegistrationState{transportType=1 domain=CS regState=NOT_REG_SEARCHING accessNetworkTechnology=UMTS reasonForDenial=0 emergencyEnabled=true supportedServices=[I@944ee4d cellIdentity=CellIdentityWcdma:{ mMcc=460 mMnc=01 mAlphaLong=CHN-UNICOM mAlphaShort=UNICOM} voiceSpecificStates=VoiceSpecificRegistrationStates { mCssSupported=false mRoamingIndicator=-1 mSystemIsInPrl=-1 mDefaultRoamingIndicator=-1} dataSpecificStates=null}]}] oldMaxDataCalls=20 mNewMaxDataCalls=20 oldReasonDataDenied=0 mNewReasonDataDenied=0
09-21 16:48:19.161  2197  2197 D SST[1]  : [1] pollStateDone: hasRegistered=false hasDeregistered=false hasDataAttached=false hasDataDetached=false hasDataRegStateChanged=false hasRilVoiceRadioTechnologyChanged= false hasRilDataRadioTechnologyChanged=false hasChanged=false hasVoiceRoamingOn=false hasVoiceRoamingOff=false hasDataRoamingOn=false hasDataRoamingOff=false hasLocationChanged=false has4gHandoff = false hasMultiApnSupport=false hasLostMultiApnSupport=false hasCssIndicatorChanged=false
09-21 16:48:19.165  9611  9688 I PlayCommon: [34262] akwg.j(32): Preparing logs for uploading
09-21 16:48:19.167  9611  9688 I PlayCommon: [34262] akwg.j(150): Connecting to server for timestamp: https://play.googleapis.com/play/log/timestamp
09-21 16:48:20.364   853  1020 E ThermalEngine: read_thermal_config
09-21 16:48:20.364   853  1020 D ThermalEngine: algo_monitor: Timer EVT
09-21 16:48:20.365   853  1020 I ThermalEngine: Sensor:sdm-therm:48831 mC
09-21 16:48:20.366   853  1020 D ThermalEngine: handle_timer_sig: SS Id SS-QUIET-THERM-GOLD2 Read sdm-therm 48831mC, Err -1831mC, SampleCnt 1
09-21 16:48:20.366   853  1020 D ThermalEngine: handle_timer_sig: SS Id SS-QUIET-THERM-GOLD2, E0 -1831mC, E1 -1766mC
09-21 16:48:20.366   853  1020 D ThermalEngine: Already at device mitigation max limit
09-21 16:48:20.367   853  1020 I ThermalEngine: Sensor:sdm-therm:48831 mC
09-21 16:48:20.367   853  1020 D ThermalEngine: handle_timer_sig: SS Id SS-QUIET-THERM-GOLD Read sdm-therm 48831mC, Err -3831mC, SampleCnt 1
09-21 16:48:20.367   853  1020 D ThermalEngine: handle_timer_sig: SS Id SS-QUIET-THERM-GOLD, E0 -3831mC, E1 -3766mC
09-21 16:48:20.367   853  1020 D ThermalEngine: Already at device mitigation max limit
09-21 16:48:20.368   853  1020 I ThermalEngine: Sensor:sdm-therm:48831 mC
09-21 16:48:20.368   853  1020 D ThermalEngine: handle_timer_sig: SS Id SS-QUIET-THERM-SILVER3 Read sdm-therm 48831mC, Err -831mC, SampleCnt 1
09-21 16:48:20.368   853  1020 D ThermalEngine: handle_timer_sig: SS Id SS-QUIET-THERM-SILVER3, E0 -831mC, E1 -766mC
09-21 16:48:20.368   853  1020 D ThermalEngine: Already at device mitigation max limit
09-21 16:48:20.370   853  1020 I ThermalEngine: Sensor:sdm-therm:48831 mC
09-21 16:48:20.370   853  1020 D ThermalEngine: handle_timer_sig: SS Id SS-QUIET-THERM-SILVER2 Read sdm-therm 48831mC, Err -2831mC, SampleCnt 1
09-21 16:48:20.370   853  1020 D ThermalEngine: handle_timer_sig: SS Id SS-QUIET-THERM-SILVER2, E0 -2831mC, E1 -2766mC
09-21 16:48:20.370   853  1020 D ThermalEngine: Already at device mitigation max limit
09-21 16:48:20.371   853  1020 I ThermalEngine: Sensor:sdm-therm:48831 mC
09-21 16:48:20.371   853  1020 D ThermalEngine: handle_timer_sig: SS Id SS-QUIET-THERM-SILVER Read sdm-therm 48831mC, Err -4831mC, SampleCnt 1
09-21 16:48:20.372   853  1020 D ThermalEngine: handle_timer_sig: SS Id SS-QUIET-THERM-SILVER, E0 -4831mC, E1 -4766mC
09-21 16:48:20.372   853  1020 D ThermalEngine: Already at device mitigation max limit
09-21 16:48:20.372   853  1020 I ThermalEngine: settimer: Start timer 2.000(sec)
09-21 16:48:20.372   853  1020 D ThermalEngine: algo_monitor: Wait for EV
09-21 16:48:17.105     0     0 E pm6150_charger: wdog_snarl_irq_handler: IRQ: wdog-snarl
09-21 16:48:17.105     0     0 E AWAKE   : SW_THERM_REGULATION_VOTER,0 voting on of val=1
09-21 16:48:17.105     0     0 E AWAKE   : effective vote is now 1 voted by SW_THERM_REGULATION_VOTER,0
09-21 16:48:17.109     0     0 E pm6150_charger: smblib_process_thermal_readings: Current temperatures: 	DIE_TEMP: 514,	CONN_TEMP: 341,	SMB_TEMP: -61,	SKIN_TEMP: 488
09-21 16:48:17.109     0     0 E THERMAL_STATUS: 5
09-21 16:48:17.109     0     0 E AWAKE   : SW_THERM_REGULATION_VOTER,0 voting off of val=0
09-21 16:48:17.109     0     0 E AWAKE   : effective vote is now 0 voted by SW_THERM_REGULATION_VOTER,0
--------- beginning of system
09-21 16:48:21.154   913  1000 E storaged: getDiskStats failed with result NOT_SUPPORTED and size 0
09-21 16:48:22.284 11568 11568 D BoundBrokerSvc: onUnbind: Intent { act=com.google.android.gms.mdns.service.START dat=chimera-action: cmp=com.google.android.gms/.chimera.PersistentApiService }
09-21 16:48:22.288  1589  3371 D CompatibilityInfo: mCompatibilityFlags - 0
09-21 16:48:22.288  1589  3371 D CompatibilityInfo: applicationDensity - 440
09-21 16:48:22.289  1589  3371 D CompatibilityInfo: applicationScale - 1.0
09-21 16:48:22.295 11568 11568 D BoundBrokerSvc: onBind: Intent { act=com.google.android.gms.mdns.service.START dat=chimera-action: cmp=com.google.android.gms/.chimera.PersistentApiService }
09-21 16:48:22.295 11568 11568 D BoundBrokerSvc: Loading bound service for intent: Intent { act=com.google.android.gms.mdns.service.START dat=chimera-action: cmp=com.google.android.gms/.chimera.PersistentApiService }
09-21 16:48:22.372   853  1020 E ThermalEngine: read_thermal_config
09-21 16:48:22.373   853  1020 D ThermalEngine: algo_monitor: Timer EVT
09-21 16:48:22.374   853  1020 I ThermalEngine: Sensor:sdm-therm:48831 mC
09-21 16:48:22.374   853  1020 D ThermalEngine: handle_timer_sig: SS Id SS-QUIET-THERM-GOLD2 Read sdm-therm 48831mC, Err -1831mC, SampleCnt 1
09-21 16:48:22.374   853  1020 D ThermalEngine: handle_timer_sig: SS Id SS-QUIET-THERM-GOLD2, E0 -1831mC, E1 -1831mC
09-21 16:48:22.374   853  1020 D ThermalEngine: Already at device mitigation max limit
09-21 16:48:22.375   853  1020 I ThermalEngine: Sensor:sdm-therm:48831 mC
09-21 16:48:22.375   853  1020 D ThermalEngine: handle_timer_sig: SS Id SS-QUIET-THERM-GOLD Read sdm-therm 48831mC, Err -3831mC, SampleCnt 1
09-21 16:48:22.376   853  1020 D ThermalEngine: handle_timer_sig: SS Id SS-QUIET-THERM-GOLD, E0 -3831mC, E1 -3831mC
09-21 16:48:22.376   853  1020 D ThermalEngine: Already at device mitigation max limit
09-21 16:48:22.377   853  1020 I ThermalEngine: Sensor:sdm-therm:48831 mC
09-21 16:48:22.377   853  1020 D ThermalEngine: handle_timer_sig: SS Id SS-QUIET-THERM-SILVER3 Read sdm-therm 48831mC, Err -831mC, SampleCnt 1
09-21 16:48:22.377   853  1020 D ThermalEngine: handle_timer_sig: SS Id SS-QUIET-THERM-SILVER3, E0 -831mC, E1 -831mC
09-21 16:48:22.377   853  1020 D ThermalEngine: Already at device mitigation max limit
09-21 16:48:22.379   853  1020 I ThermalEngine: Sensor:sdm-therm:48896 mC
09-21 16:48:22.379   853  1020 D ThermalEngine: handle_timer_sig: SS Id SS-QUIET-THERM-SILVER2 Read sdm-therm 48896mC, Err -2896mC, SampleCnt 1
09-21 16:48:22.379   853  1020 D ThermalEngine: handle_timer_sig: SS Id SS-QUIET-THERM-SILVER2, E0 -2896mC, E1 -2831mC
09-21 16:48:22.379   853  1020 D ThermalEngine: Already at device mitigation max limit
09-21 16:48:22.380   853  1020 I ThermalEngine: Sensor:sdm-therm:48831 mC
09-21 16:48:22.380   853  1020 D ThermalEngine: handle_timer_sig: SS Id SS-QUIET-THERM-SILVER Read sdm-therm 48831mC, Err -4831mC, SampleCnt 1
09-21 16:48:22.380   853  1020 D ThermalEngine: handle_timer_sig: SS Id SS-QUIET-THERM-SILVER, E0 -4831mC, E1 -4831mC
09-21 16:48:22.380   853  1020 D ThermalEngine: Already at device mitigation max limit
09-21 16:48:22.380   853  1020 I ThermalEngine: settimer: Start timer 2.000(sec)
09-21 16:48:22.380   853  1020 D ThermalEngine: algo_monitor: Wait for EV
09-21 16:48:22.887  4064  7060 I gle.android.gm: Explicit concurrent copying GC freed 25315(1286KB) AllocSpace objects, 4(352KB) LOS objects, 25% free, 8MB/11MB, paused 170us total 196.895ms
09-21 16:48:24.084  1589  1737 D NtpTrustedTime: currentTimeMillis() cache hit
09-21 16:48:24.153  1589  1737 I netstats_mobile_sample: [0,0,0,0,0,0,0,0,0,0,0,0,1726908504408]
09-21 16:48:24.154  1589  1737 I netstats_wifi_sample: [2061420282,2859648,57064741,699363,2061420282,2859648,57064741,699363,2128601816,2671849,56597819,696535,1726908504408]
09-21 16:48:24.153  1589  1737 D NtpTrustedTime: currentTimeMillis() cache hit
09-21 16:48:24.155  2990  3462 I TrafficManageService: mina mTrafficStatsReceiver onReceive
09-21 16:48:24.220  2197  2288 D RILJ    : Unsol response received; Sending ack to ril.cpp [SUB1]
09-21 16:48:24.220  2197  2288 D RILJ    : [UNSL]< UNSOL_RESPONSE_NETWORK_STATE_CHANGED [SUB1]
09-21 16:48:24.221  2197  2372 D NetworkRegistrationManager: onNetworkStateChanged
09-21 16:48:24.221  2197  2197 D SST[1]  : [1] pollState: modemTriggered=true
09-21 16:48:24.223  2197  2197 D RILJ    : [0635]> OPERATOR [SUB1]
09-21 16:48:24.224  2197  2197 D NetworkRegistrationManager: getNetworkRegistrationState domain 2
09-21 16:48:24.224  2197  2197 D NetworkRegistrationManager: getNetworkRegistrationState domain 1
09-21 16:48:24.225  2197  2372 D RILJ    : [0637]> DATA_REGISTRATION_STATE [SUB1]
09-21 16:48:24.227  2197  2372 D RILJ    : [0638]> VOICE_REGISTRATION_STATE [SUB1]
09-21 16:48:24.227  2317  2341 I QcrilOemhookMsgTunnel: [1]processOemHookIndication length=21
09-21 16:48:24.228  2317  2317 D QcrilMsgTunnelIfaceManager: handleMessage what = 0
09-21 16:48:24.232  2178  2178 D use-Rlog/RLOG-QC_RIL_OEM_HOOK: Received Broadcast Intent ACTION_UNSOL_RESPONSE_OEM_HOOK_RAW
09-21 16:48:24.232  2178  2178 D use-Rlog/RLOG-QC_RIL_OEM_HOOK: Oem ID in QCRILHOOK UNSOL RESP is QOEMHOOK
09-21 16:48:24.232  2197  2288 D RILJ    : Unsol response received; Sending ack to ril.cpp [SUB1]
09-21 16:48:24.232  2197  2288 D RILJ    : [UNSL]< UNSOL_RESPONSE_NETWORK_STATE_CHANGED [SUB1]
09-21 16:48:24.232  2197  2372 D NetworkRegistrationManager: onNetworkStateChanged
09-21 16:48:24.237  2197  2288 D RILJ    : [0635]< OPERATOR {, , } [SUB1]
09-21 16:48:24.237  2317  2341 I QcrilOemhookMsgTunnel: [1]processOemHookIndication length=21
09-21 16:48:24.238  2317  2317 D QcrilMsgTunnelIfaceManager: handleMessage what = 0
09-21 16:48:24.239  2197  2197 D RILJ    : [0636]> QUERY_NETWORK_SELECTION_MODE [SUB1]
09-21 16:48:24.240  2197  2197 D use-Rlog/RLOG-QC_RIL_OEM_HOOK: Received Broadcast Intent ACTION_UNSOL_RESPONSE_OEM_HOOK_RAW
09-21 16:48:24.240  2197  2197 D use-Rlog/RLOG-QC_RIL_OEM_HOOK: Oem ID in QCRILHOOK UNSOL RESP is QOEMHOOK
09-21 16:48:24.240  2197  2197 D use-Rlog/RLOG-QC_RIL_OEM_HOOK: Received Broadcast Intent ACTION_UNSOL_RESPONSE_OEM_HOOK_RAW
09-21 16:48:24.240  2197  2197 D use-Rlog/RLOG-QC_RIL_OEM_HOOK: Oem ID in QCRILHOOK UNSOL RESP is QOEMHOOK
09-21 16:48:24.240  2197  2197 E use-Rlog/RLOG-QC_RIL_OEM_HOOK: QcRilOemHook notifyRegistrants Failed
09-21 16:48:24.240  2178  2178 D use-Rlog/RLOG-QC_RIL_OEM_HOOK: Received Broadcast Intent ACTION_UNSOL_RESPONSE_OEM_HOOK_RAW
09-21 16:48:24.240  2178  2178 D use-Rlog/RLOG-QC_RIL_OEM_HOOK: Oem ID in QCRILHOOK UNSOL RESP is QOEMHOOK
09-21 16:48:24.241  2197  2197 D use-Rlog/RLOG-QC_RIL_OEM_HOOK: Received Broadcast Intent ACTION_UNSOL_RESPONSE_OEM_HOOK_RAW
09-21 16:48:24.241  2197  2197 D use-Rlog/RLOG-QC_RIL_OEM_HOOK: Oem ID in QCRILHOOK UNSOL RESP is QOEMHOOK
09-21 16:48:24.241  2197  2197 D use-Rlog/RLOG-QC_RIL_OEM_HOOK: Received Broadcast Intent ACTION_UNSOL_RESPONSE_OEM_HOOK_RAW
09-21 16:48:24.241  2197  2197 D use-Rlog/RLOG-QC_RIL_OEM_HOOK: Oem ID in QCRILHOOK UNSOL RESP is QOEMHOOK
09-21 16:48:24.241  2197  2197 D SST[1]  : [1] pollState: modemTriggered=true
09-21 16:48:24.244  2197  2197 D RILJ    : [0640]> OPERATOR [SUB1]
09-21 16:48:24.244  2197  2197 D NetworkRegistrationManager: getNetworkRegistrationState domain 2
09-21 16:48:24.244  2197  2288 D RILJ    : [0638]< VOICE_REGISTRATION_STATE {.regState = NOT_REG_MT_SEARCHING_OP_EM, .rat = 3, .cssSupported = false, .roamingIndicator = -1, .systemIsInPrl = -1, .defaultRoamingIndicator = -1, .reasonForDenial = 0, .cellIdentity = {...}} [SUB1]
09-21 16:48:24.245  2197  2197 D NetworkRegistrationManager: getNetworkRegistrationState domain 1
09-21 16:48:24.245  2197  2435 D NetworkRegistrationManager: onGetNetworkRegistrationStateComplete result 0 state NetworkRegistrationState{transportType=1 domain=CS regState=NOT_REG_SEARCHING accessNetworkTechnology=UMTS reasonForDenial=0 emergencyEnabled=true supportedServices=[I@60e9a05 cellIdentity=CellIdentityWcdma:{ mMcc=460 mMnc=01 mAlphaLong=CHN-UNICOM mAlphaShort=UNICOM} voiceSpecificStates=VoiceSpecificRegistrationStates { mCssSupported=false mRoamingIndicator=-1 mSystemIsInPrl=-1 mDefaultRoamingIndicator=-1} dataSpecificStates=null}
09-21 16:48:24.245  2197  2372 D RILJ    : [0641]> DATA_REGISTRATION_STATE [SUB1]
09-21 16:48:24.248  2197  2372 D RILJ    : [0643]> VOICE_REGISTRATION_STATE [SUB1]
09-21 16:48:24.248  2197  2288 D RILJ    : [0637]< DATA_REGISTRATION_STATE {.regState = NOT_REG_MT_NOT_SEARCHING_OP, .rat = 0, .reasonDataDenied = 0, .maxDataCalls = 20, .cellIdentity = {...}} [SUB1]
09-21 16:48:24.249  2197  2435 D NetworkRegistrationManager: onGetNetworkRegistrationStateComplete result 0 state NetworkRegistrationState{transportType=1 domain=PS regState=NOT_REG_NOT_SEARCHING accessNetworkTechnology=UNKNOWN reasonForDenial=0 emergencyEnabled=false supportedServices=null cellIdentity=null voiceSpecificStates=null dataSpecificStates=DataSpecificRegistrationStates { mMaxDataCalls=20}}
09-21 16:48:24.249  2197  2197 D RILJ    : [0642]> QUERY_NETWORK_SELECTION_MODE [SUB1]
09-21 16:48:24.250  2197  2197 D PhoneSwitcher: handle event - 108
09-21 16:48:24.250  2197  2197 D use-Rlog/RLOG-QC_RIL_OEM_HOOK: Received Broadcast Intent ACTION_UNSOL_RESPONSE_OEM_HOOK_RAW
09-21 16:48:24.250  2197  2197 D use-Rlog/RLOG-QC_RIL_OEM_HOOK: Oem ID in QCRILHOOK UNSOL RESP is QOEMHOOK
09-21 16:48:24.251  2197  2197 D use-Rlog/RLOG-QC_RIL_OEM_HOOK: Received Broadcast Intent ACTION_UNSOL_RESPONSE_OEM_HOOK_RAW
09-21 16:48:24.251  2197  2288 D RILJ    : [0641]< DATA_REGISTRATION_STATE {.regState = NOT_REG_MT_NOT_SEARCHING_OP, .rat = 0, .reasonDataDenied = 0, .maxDataCalls = 20, .cellIdentity = {...}} [SUB1]
09-21 16:48:24.251  2197  2197 D use-Rlog/RLOG-QC_RIL_OEM_HOOK: Oem ID in QCRILHOOK UNSOL RESP is QOEMHOOK
09-21 16:48:24.251  2197  2197 E use-Rlog/RLOG-QC_RIL_OEM_HOOK: QcRilOemHook notifyRegistrants Failed
09-21 16:48:24.251  2197  2197 D use-Rlog/RLOG-QC_RIL_OEM_HOOK: Received Broadcast Intent ACTION_UNSOL_RESPONSE_OEM_HOOK_RAW
09-21 16:48:24.251  2197  2197 D use-Rlog/RLOG-QC_RIL_OEM_HOOK: Oem ID in QCRILHOOK UNSOL RESP is QOEMHOOK
09-21 16:48:24.251  2197  2197 D use-Rlog/RLOG-QC_RIL_OEM_HOOK: Received Broadcast Intent ACTION_UNSOL_RESPONSE_OEM_HOOK_RAW
09-21 16:48:24.251  2197  2288 D RILJ    : [0636]< QUERY_NETWORK_SELECTION_MODE {0} [SUB1]
09-21 16:48:24.251  2197  2197 D use-Rlog/RLOG-QC_RIL_OEM_HOOK: Oem ID in QCRILHOOK UNSOL RESP is QOEMHOOK
09-21 16:48:24.251  2197  2197 D PhoneSwitcher: handle event - 108
09-21 16:48:24.251  2197  2288 D RILJ    : [0640]< OPERATOR {, , } [SUB1]
09-21 16:48:24.252  2197  2435 D NetworkRegistrationManager: onGetNetworkRegistrationStateComplete result 0 state NetworkRegistrationState{transportType=1 domain=PS regState=NOT_REG_NOT_SEARCHING accessNetworkTechnology=UNKNOWN reasonForDenial=0 emergencyEnabled=false supportedServices=null cellIdentity=null voiceSpecificStates=null dataSpecificStates=DataSpecificRegistrationStates { mMaxDataCalls=20}}
09-21 16:48:24.252  2197  2197 D SST[1]  : [1] EVENT_POLL_STATE_NETWORK_SELECTION_MODE
09-21 16:48:24.252  2197  2197 D SST[1]  : [1] Could not set ServiceState channel number. CellIdentity null
09-21 16:48:24.252  2197  2197 D SST[1]  : [1] handlPollStateResultMessage: GsmSST dataServiceState=1 regState=0 dataRadioTechnology=0
09-21 16:48:24.261  2197  2288 D RILJ    : [0643]< VOICE_REGISTRATION_STATE {.regState = NOT_REG_MT_SEARCHING_OP_EM, .rat = 3, .cssSupported = false, .roamingIndicator = -1, .systemIsInPrl = -1, .defaultRoamingIndicator = -1, .reasonForDenial = 0, .cellIdentity = {...}} [SUB1]
09-21 16:48:24.262  2197  2288 D RILJ    : [0642]< QUERY_NETWORK_SELECTION_MODE {0} [SUB1]
09-21 16:48:24.262  2197  2197 D SST[1]  : [1] EVENT_POLL_STATE_NETWORK_SELECTION_MODE
09-21 16:48:24.262  2197  2435 D NetworkRegistrationManager: onGetNetworkRegistrationStateComplete result 0 state NetworkRegistrationState{transportType=1 domain=CS regState=NOT_REG_SEARCHING accessNetworkTechnology=UMTS reasonForDenial=0 emergencyEnabled=true supportedServices=[I@ce3b968 cellIdentity=CellIdentityWcdma:{ mMcc=460 mMnc=01 mAlphaLong=CHN-UNICOM mAlphaShort=UNICOM} voiceSpecificStates=VoiceSpecificRegistrationStates { mCssSupported=false mRoamingIndicator=-1 mSystemIsInPrl=-1 mDefaultRoamingIndicator=-1} dataSpecificStates=null}
09-21 16:48:24.262  2197  2197 D SST[1]  : [1] handlPollVoiceRegResultMessage: regState=2 radioTechnology=3
