09-21 16:49:00.141  2197  2197 D use-Rlog/RLOG-QC_RIL_OEM_HOOK: Received Broadcast Intent ACTION_UNSOL_RESPONSE_OEM_HOOK_RAW
09-21 16:49:00.142  2197  2197 D use-Rlog/RLOG-QC_RIL_OEM_HOOK: Oem ID in QCRILHOOK UNSOL RESP is QOEMHOOK
09-21 16:49:00.142  2197  2197 D use-Rlog/RLOG-QC_RIL_OEM_HOOK: Received Broadcast Intent ACTION_UNSOL_RESPONSE_OEM_HOOK_RAW
09-21 16:49:00.142  2197  2197 D use-Rlog/RLOG-QC_RIL_OEM_HOOK: Oem ID in QCRILHOOK UNSOL RESP is QOEMHOOK
09-21 16:49:00.142  2197  2197 E use-Rlog/RLOG-QC_RIL_OEM_HOOK: QcRilOemHook notifyRegistrants Failed
09-21 16:49:00.142  2197  2197 D use-Rlog/RLOG-QC_RIL_OEM_HOOK: Received Broadcast Intent ACTION_UNSOL_RESPONSE_OEM_HOOK_RAW
09-21 16:49:00.142  2197  2197 D use-Rlog/RLOG-QC_RIL_OEM_HOOK: Oem ID in QCRILHOOK UNSOL RESP is QOEMHOOK
09-21 16:49:00.142  2197  2197 D use-Rlog/RLOG-QC_RIL_OEM_HOOK: Received Broadcast Intent ACTION_UNSOL_RESPONSE_OEM_HOOK_RAW
09-21 16:49:00.142  2197  2197 D use-Rlog/RLOG-QC_RIL_OEM_HOOK: Oem ID in QCRILHOOK UNSOL RESP is QOEMHOOK
09-21 16:49:00.144  2197  2197 D PhoneSwitcher: handle event - 108
09-21 16:49:00.145  2197  2372 D RILJ    : [0708]> DATA_REGISTRATION_STATE [SUB1]
09-21 16:49:00.152  2317  2341 I QcrilOemhookMsgTunnel: [1]processOemHookIndication length=21
09-21 16:49:00.152  2317  2317 D QcrilMsgTunnelIfaceManager: handleMessage what = 0
09-21 16:49:00.153  2197  2372 D RILJ    : [0709]> VOICE_REGISTRATION_STATE [SUB1]
09-21 16:49:00.157  2178  2178 D use-Rlog/RLOG-QC_RIL_OEM_HOOK: Received Broadcast Intent ACTION_UNSOL_RESPONSE_OEM_HOOK_RAW
09-21 16:49:00.157  2178  2178 D use-Rlog/RLOG-QC_RIL_OEM_HOOK: Oem ID in QCRILHOOK UNSOL RESP is QOEMHOOK
09-21 16:49:00.160  2197  2288 D RILJ    : Unsol response received; Sending ack to ril.cpp [SUB1]
09-21 16:49:00.160  2197  2288 D RILJ    : [UNSL]< UNSOL_RESPONSE_NETWORK_STATE_CHANGED [SUB1]
09-21 16:49:00.160  2197  2372 D NetworkRegistrationManager: onNetworkStateChanged
09-21 16:49:00.161  2197  2288 D RILJ    : [0706]< OPERATOR {, , } [SUB1]
09-21 16:49:00.162  2197  2197 D use-Rlog/RLOG-QC_RIL_OEM_HOOK: Received Broadcast Intent ACTION_UNSOL_RESPONSE_OEM_HOOK_RAW
09-21 16:49:00.162  2197  2197 D use-Rlog/RLOG-QC_RIL_OEM_HOOK: Oem ID in QCRILHOOK UNSOL RESP is QOEMHOOK
09-21 16:49:00.162  2197  2197 D use-Rlog/RLOG-QC_RIL_OEM_HOOK: Received Broadcast Intent ACTION_UNSOL_RESPONSE_OEM_HOOK_RAW
09-21 16:49:00.162  2197  2197 D use-Rlog/RLOG-QC_RIL_OEM_HOOK: Oem ID in QCRILHOOK UNSOL RESP is QOEMHOOK
09-21 16:49:00.162  2197  2197 E use-Rlog/RLOG-QC_RIL_OEM_HOOK: QcRilOemHook notifyRegistrants Failed
09-21 16:49:00.162  2197  2197 D use-Rlog/RLOG-QC_RIL_OEM_HOOK: Received Broadcast Intent ACTION_UNSOL_RESPONSE_OEM_HOOK_RAW
09-21 16:49:00.163  2197  2197 D use-Rlog/RLOG-QC_RIL_OEM_HOOK: Oem ID in QCRILHOOK UNSOL RESP is QOEMHOOK
09-21 16:49:00.163  2197  2197 D use-Rlog/RLOG-QC_RIL_OEM_HOOK: Received Broadcast Intent ACTION_UNSOL_RESPONSE_OEM_HOOK_RAW
09-21 16:49:00.163  2197  2197 D use-Rlog/RLOG-QC_RIL_OEM_HOOK: Oem ID in QCRILHOOK UNSOL RESP is QOEMHOOK
09-21 16:49:00.163  2197  2197 D SST[1]  : [1] pollState: modemTriggered=true
09-21 16:49:00.166  2197  2197 D RILJ    : [0711]> OPERATOR [SUB1]
09-21 16:49:00.166  2197  2197 D NetworkRegistrationManager: getNetworkRegistrationState domain 2
09-21 16:49:00.167  2197  2197 D NetworkRegistrationManager: getNetworkRegistrationState domain 1
09-21 16:49:00.167  2197  2288 D RILJ    : [0707]< QUERY_NETWORK_SELECTION_MODE {0} [SUB1]
09-21 16:49:00.169  2197  2197 D RILJ    : [0712]> QUERY_NETWORK_SELECTION_MODE [SUB1]
09-21 16:49:00.170  2197  2197 D PhoneSwitcher: handle event - 108
09-21 16:49:00.170  2197  2197 D SST[1]  : [1] EVENT_POLL_STATE_NETWORK_SELECTION_MODE
09-21 16:49:00.171  2197  2288 D RILJ    : [0709]< VOICE_REGISTRATION_STATE {.regState = NOT_REG_MT_SEARCHING_OP_EM, .rat = 3, .cssSupported = false, .roamingIndicator = -1, .systemIsInPrl = -1, .defaultRoamingIndicator = -1, .reasonForDenial = 0, .cellIdentity = {...}} [SUB1]
09-21 16:49:00.171  2197  2435 D NetworkRegistrationManager: onGetNetworkRegistrationStateComplete result 0 state NetworkRegistrationState{transportType=1 domain=CS regState=NOT_REG_SEARCHING accessNetworkTechnology=UMTS reasonForDenial=0 emergencyEnabled=true supportedServices=[I@d250e28 cellIdentity=CellIdentityWcdma:{ mMcc=460 mMnc=01 mAlphaLong=CHN-UNICOM mAlphaShort=UNICOM} voiceSpecificStates=VoiceSpecificRegistrationStates { mCssSupported=false mRoamingIndicator=-1 mSystemIsInPrl=-1 mDefaultRoamingIndicator=-1} dataSpecificStates=null}
09-21 16:49:00.172  2197  2372 D RILJ    : [0713]> DATA_REGISTRATION_STATE [SUB1]
09-21 16:49:00.174  2197  2372 D RILJ    : [0714]> VOICE_REGISTRATION_STATE [SUB1]
09-21 16:49:00.177  2197  2288 D RILJ    : [0711]< OPERATOR {, , } [SUB1]
09-21 16:49:00.178  2197  2288 D RILJ    : [0708]< DATA_REGISTRATION_STATE {.regState = NOT_REG_MT_NOT_SEARCHING_OP, .rat = 0, .reasonDataDenied = 0, .maxDataCalls = 20, .cellIdentity = {...}} [SUB1]
09-21 16:49:00.178  2197  2435 D NetworkRegistrationManager: onGetNetworkRegistrationStateComplete result 0 state NetworkRegistrationState{transportType=1 domain=PS regState=NOT_REG_NOT_SEARCHING accessNetworkTechnology=UNKNOWN reasonForDenial=0 emergencyEnabled=false supportedServices=null cellIdentity=null voiceSpecificStates=null dataSpecificStates=DataSpecificRegistrationStates { mMaxDataCalls=20}}
09-21 16:49:00.181  2197  2288 D RILJ    : [0713]< DATA_REGISTRATION_STATE {.regState = NOT_REG_MT_NOT_SEARCHING_OP, .rat = 0, .reasonDataDenied = 0, .maxDataCalls = 20, .cellIdentity = {...}} [SUB1]
09-21 16:49:00.181  2197  2435 D NetworkRegistrationManager: onGetNetworkRegistrationStateComplete result 0 state NetworkRegistrationState{transportType=1 domain=PS regState=NOT_REG_NOT_SEARCHING accessNetworkTechnology=UNKNOWN reasonForDenial=0 emergencyEnabled=false supportedServices=null cellIdentity=null voiceSpecificStates=null dataSpecificStates=DataSpecificRegistrationStates { mMaxDataCalls=20}}
09-21 16:49:00.181  2197  2197 D SST[1]  : [1] Could not set ServiceState channel number. CellIdentity null
09-21 16:49:00.181  2197  2197 D SST[1]  : [1] handlPollStateResultMessage: GsmSST dataServiceState=1 regState=0 dataRadioTechnology=0
09-21 16:49:00.182  2197  2288 D RILJ    : [0714]< VOICE_REGISTRATION_STATE {.regState = NOT_REG_MT_SEARCHING_OP_EM, .rat = 3, .cssSupported = false, .roamingIndicator = -1, .systemIsInPrl = -1, .defaultRoamingIndicator = -1, .reasonForDenial = 0, .cellIdentity = {...}} [SUB1]
09-21 16:49:00.183  2197  2435 D NetworkRegistrationManager: onGetNetworkRegistrationStateComplete result 0 state NetworkRegistrationState{transportType=1 domain=CS regState=NOT_REG_SEARCHING accessNetworkTechnology=UMTS reasonForDenial=0 emergencyEnabled=true supportedServices=[I@7e2f4e6 cellIdentity=CellIdentityWcdma:{ mMcc=460 mMnc=01 mAlphaLong=CHN-UNICOM mAlphaShort=UNICOM} voiceSpecificStates=VoiceSpecificRegistrationStates { mCssSupported=false mRoamingIndicator=-1 mSystemIsInPrl=-1 mDefaultRoamingIndicator=-1} dataSpecificStates=null}
09-21 16:49:00.183  2197  2197 D SST[1]  : [1] handlPollVoiceRegResultMessage: regState=2 radioTechnology=3
09-21 16:49:00.183  2197  2288 D RILJ    : [0712]< QUERY_NETWORK_SELECTION_MODE {0} [SUB1]
09-21 16:49:00.183  2197  2197 D SST[1]  : [1] EVENT_POLL_STATE_NETWORK_SELECTION_MODE
09-21 16:49:00.187  2197  2197 D SST[1]  : [1] Poll ServiceState done:  oldSS=[{mVoiceRegState=1(OUT_OF_SERVICE), mDataRegState=1(OUT_OF_SERVICE), mChannelNumber=10763, duplexMode()=0, mCellBandwidths=[], mVoiceRoamingType=home, mDataRoamingType=home, mVoiceOperatorAlphaLong=, mVoiceOperatorAlphaShort=, mDataOperatorAlphaLong=, mDataOperatorAlphaShort=, isManualNetworkSelection=false(automatic), mRilVoiceRadioTechnology=3(UMTS), mRilDataRadioTechnology=0(Unknown), mCssIndicator=unsupported, mNetworkId=-1, mSystemId=-1, mCdmaRoamingIndicator=-1, mCdmaDefaultRoamingIndicator=-1, mIsEmergencyOnly=true, mIsDataRoamingFromRegistration=false, mIsUsingCarrierAggregation=false, mLteEarfcnRsrpBoost=0, mNetworkRegistrationStates=[NetworkRegistrationState{transportType=1 domain=PS regState=NOT_REG_NOT_SEARCHING accessNetworkTechnology=UNKNOWN reasonForDenial=0 emergencyEnabled=false supportedServices=null cellIdentity=null voiceSpecificStates=null dataSpecificStates=DataSpecificRegistrationStates { mMaxDataCalls=20}}, NetworkRegistrationState{transportType=1 domain=CS regState=NOT_REG_SEARCHING accessNetworkTechnology=UMTS reasonForDenial=0 emergencyEnabled=true supportedServices=[I@99dd3 cellIdentity=CellIdentityWcdma:{ mMcc=460 mMnc=01 mAlphaLong=CHN-UNICOM mAlphaShort=UNICOM} voiceSpecificStates=VoiceSpecificRegistrationStates { mCssSupported=false mRoamingIndicator=-1 mSystemIsInPrl=-1 mDefaultRoamingIndicator=-1} dataSpecificStates=null}]}] newSS=[{mVoiceRegState=1(OUT_OF_SERVICE), mDataRegState=1(OUT_OF_SERVICE), mChannelNumber=10763, duplexMode()=0, mCellBandwidths=[], mVoiceRoamingType=home, mDataRoamingType=home, mVoiceOperatorAlphaLong=, mVoiceOperatorAlphaShort=, mDataOperatorAlphaLong=, mDataOperatorAlphaShort=, isManualNetworkSelection=false(automatic), mRilVoiceRadioTechnology=3(UMTS), mRilDataRadioTechnology=0(Unknown), mCssIndicator=unsupported, mNetworkId=-1, mSystemId=-1, mCdmaRoamingIndicator=-1, mCdmaDefaultRoamingIndicator=-1, mIsEmergencyOnly=true, mIsDataRoamingFromRegistration=false, mIsUsingCarrierAggregation=false, mLteEarfcnRsrpBoost=0, mNetworkRegistrationStates=[NetworkRegistrationState{transportType=1 domain=PS regState=NOT_REG_NOT_SEARCHING accessNetworkTechnology=UNKNOWN reasonForDenial=0 emergencyEnabled=false supportedServices=null cellIdentity=null voiceSpecificStates=null dataSpecificStates=DataSpecificRegistrationStates { mMaxDataCalls=20}}, NetworkRegistrationState{transportType=1 domain=CS regState=NOT_REG_SEARCHING accessNetworkTechnology=UMTS reasonForDenial=0 emergencyEnabled=true supportedServices=[I@7e2f4e6 cellIdentity=CellIdentityWcdma:{ mMcc=460 mMnc=01 mAlphaLong=CHN-UNICOM mAlphaShort=UNICOM} voiceSpecificStates=VoiceSpecificRegistrationStates { mCssSupported=false mRoamingIndicator=-1 mSystemIsInPrl=-1 mDefaultRoamingIndicator=-1} dataSpecificStates=null}]}] oldMaxDataCalls=20 mNewMaxDataCalls=20 oldReasonDataDenied=0 mNewReasonDataDenied=0
09-21 16:49:00.187  2197  2197 D SST[1]  : [1] pollStateDone: hasRegistered=false hasDeregistered=false hasDataAttached=false hasDataDetached=false hasDataRegStateChanged=false hasRilVoiceRadioTechnologyChanged= false hasRilDataRadioTechnologyChanged=false hasChanged=false hasVoiceRoamingOn=false hasVoiceRoamingOff=false hasDataRoamingOn=false hasDataRoamingOff=false hasLocationChanged=false has4gHandoff = false hasMultiApnSupport=false hasLostMultiApnSupport=false hasCssIndicatorChanged=false
09-21 16:49:00.466  1589  3742 D PerfShielderService: com.android.systemui|StatusBar|193|109317821061526|193|6|1
09-21 16:49:00.467  2713 25360 W MiuiPerfServiceClient: interceptAndQueuing:1851|com.android.systemui|193|193|unknown|null|StatusBar|109317821061526|Slow swap buffers|1
09-21 16:49:00.549   853  1020 E ThermalEngine: read_thermal_config
09-21 16:49:00.549   853  1020 D ThermalEngine: algo_monitor: Timer EVT
09-21 16:49:00.551   853  1020 I ThermalEngine: Sensor:sdm-therm:48766 mC
09-21 16:49:00.551   853  1020 D ThermalEngine: handle_timer_sig: SS Id SS-QUIET-THERM-GOLD2 Read sdm-therm 48766mC, Err -1766mC, SampleCnt 1
09-21 16:49:00.551   853  1020 D ThermalEngine: handle_timer_sig: SS Id SS-QUIET-THERM-GOLD2, E0 -1766mC, E1 -1831mC
09-21 16:49:00.551   853  1020 D ThermalEngine: Already at device mitigation max limit
09-21 16:49:00.552   853  1020 I ThermalEngine: Sensor:sdm-therm:48766 mC
09-21 16:49:00.552   853  1020 D ThermalEngine: handle_timer_sig: SS Id SS-QUIET-THERM-GOLD Read sdm-therm 48766mC, Err -3766mC, SampleCnt 1
09-21 16:49:00.552   853  1020 D ThermalEngine: handle_timer_sig: SS Id SS-QUIET-THERM-GOLD, E0 -3766mC, E1 -3831mC
09-21 16:49:00.552   853  1020 D ThermalEngine: Already at device mitigation max limit
09-21 16:49:00.554   853  1020 I ThermalEngine: Sensor:sdm-therm:48766 mC
09-21 16:49:00.554   853  1020 D ThermalEngine: handle_timer_sig: SS Id SS-QUIET-THERM-SILVER3 Read sdm-therm 48766mC, Err -766mC, SampleCnt 1
09-21 16:49:00.554   853  1020 D ThermalEngine: handle_timer_sig: SS Id SS-QUIET-THERM-SILVER3, E0 -766mC, E1 -831mC
09-21 16:49:00.554   853  1020 D ThermalEngine: Already at device mitigation max limit
09-21 16:49:00.555   853  1020 I ThermalEngine: Sensor:sdm-therm:48766 mC
09-21 16:49:00.556   853  1020 D ThermalEngine: handle_timer_sig: SS Id SS-QUIET-THERM-SILVER2 Read sdm-therm 48766mC, Err -2766mC, SampleCnt 1
09-21 16:49:00.556   853  1020 D ThermalEngine: handle_timer_sig: SS Id SS-QUIET-THERM-SILVER2, E0 -2766mC, E1 -2831mC
09-21 16:49:00.556   853  1020 D ThermalEngine: Already at device mitigation max limit
09-21 16:49:00.557   853  1020 I ThermalEngine: Sensor:sdm-therm:48766 mC
09-21 16:49:00.557   853  1020 D ThermalEngine: handle_timer_sig: SS Id SS-QUIET-THERM-SILVER Read sdm-therm 48766mC, Err -4766mC, SampleCnt 1
09-21 16:49:00.557   853  1020 D ThermalEngine: handle_timer_sig: SS Id SS-QUIET-THERM-SILVER, E0 -4766mC, E1 -4766mC
09-21 16:49:00.557   853  1020 D ThermalEngine: Already at device mitigation max limit
09-21 16:49:00.557   853  1020 I ThermalEngine: settimer: Start timer 2.000(sec)
09-21 16:49:00.557   853  1020 D ThermalEngine: algo_monitor: Wait for EV
09-21 16:48:57.850     0     0 E pm6150_charger: wdog_snarl_irq_handler: IRQ: wdog-snarl
09-21 16:48:57.850     0     0 E AWAKE   : SW_THERM_REGULATION_VOTER,0 voting on of val=1
09-21 16:48:57.850     0     0 E AWAKE   : effective vote is now 1 voted by SW_THERM_REGULATION_VOTER,0
09-21 16:48:57.857     0     0 E pm6150_charger: smblib_process_thermal_readings: Current temperatures: 	DIE_TEMP: 516,	CONN_TEMP: 341,	SMB_TEMP: -61,	SKIN_TEMP: 488
09-21 16:48:57.857     0     0 E THERMAL_STATUS: 5
09-21 16:48:57.857     0     0 E AWAKE   : SW_THERM_REGULATION_VOTER,0 voting off of val=0
09-21 16:48:57.857     0     0 E AWAKE   : effective vote is now 0 voted by SW_THERM_REGULATION_VOTER,0
09-21 16:49:02.558   853  1020 E ThermalEngine: read_thermal_config
09-21 16:49:02.559   853  1020 D ThermalEngine: algo_monitor: Timer EVT
09-21 16:49:02.560   853  1020 I ThermalEngine: Sensor:sdm-therm:48766 mC
09-21 16:49:02.560   853  1020 D ThermalEngine: handle_timer_sig: SS Id SS-QUIET-THERM-GOLD2 Read sdm-therm 48766mC, Err -1766mC, SampleCnt 1
09-21 16:49:02.560   853  1020 D ThermalEngine: handle_timer_sig: SS Id SS-QUIET-THERM-GOLD2, E0 -1766mC, E1 -1766mC
09-21 16:49:02.560   853  1020 D ThermalEngine: Already at device mitigation max limit
09-21 16:49:02.561   853  1020 I ThermalEngine: Sensor:sdm-therm:48766 mC
09-21 16:49:02.561   853  1020 D ThermalEngine: handle_timer_sig: SS Id SS-QUIET-THERM-GOLD Read sdm-therm 48766mC, Err -3766mC, SampleCnt 1
09-21 16:49:02.561   853  1020 D ThermalEngine: handle_timer_sig: SS Id SS-QUIET-THERM-GOLD, E0 -3766mC, E1 -3766mC
09-21 16:49:02.561   853  1020 D ThermalEngine: Already at device mitigation max limit
09-21 16:49:02.562   853  1020 I ThermalEngine: Sensor:sdm-therm:48766 mC
09-21 16:49:02.563   853  1020 D ThermalEngine: handle_timer_sig: SS Id SS-QUIET-THERM-SILVER3 Read sdm-therm 48766mC, Err -766mC, SampleCnt 1
09-21 16:49:02.563   853  1020 D ThermalEngine: handle_timer_sig: SS Id SS-QUIET-THERM-SILVER3, E0 -766mC, E1 -766mC
09-21 16:49:02.563   853  1020 D ThermalEngine: Already at device mitigation max limit
09-21 16:49:02.564   853  1020 I ThermalEngine: Sensor:sdm-therm:48766 mC
09-21 16:49:02.564   853  1020 D ThermalEngine: handle_timer_sig: SS Id SS-QUIET-THERM-SILVER2 Read sdm-therm 48766mC, Err -2766mC, SampleCnt 1
09-21 16:49:02.564   853  1020 D ThermalEngine: handle_timer_sig: SS Id SS-QUIET-THERM-SILVER2, E0 -2766mC, E1 -2766mC
09-21 16:49:02.564   853  1020 D ThermalEngine: Already at device mitigation max limit
09-21 16:49:02.565   853  1020 I ThermalEngine: Sensor:sdm-therm:48766 mC
09-21 16:49:02.565   853  1020 D ThermalEngine: handle_timer_sig: SS Id SS-QUIET-THERM-SILVER Read sdm-therm 48766mC, Err -4766mC, SampleCnt 1
09-21 16:49:02.565   853  1020 D ThermalEngine: handle_timer_sig: SS Id SS-QUIET-THERM-SILVER, E0 -4766mC, E1 -4766mC
09-21 16:49:02.565   853  1020 D ThermalEngine: Already at device mitigation max limit
09-21 16:49:02.565   853  1020 I ThermalEngine: settimer: Start timer 2.000(sec)
09-21 16:49:02.565   853  1020 D ThermalEngine: algo_monitor: Wait for EV
09-21 16:49:02.690 11568 11568 D BoundBrokerSvc: onUnbind: Intent { act=com.google.android.gms.mdns.service.START dat=chimera-action: cmp=com.google.android.gms/.chimera.PersistentApiService }
09-21 16:49:02.696  1589  3371 D CompatibilityInfo: mCompatibilityFlags - 0
09-21 16:49:02.696  1589  3371 D CompatibilityInfo: applicationDensity - 440
09-21 16:49:02.696  1589  3371 D CompatibilityInfo: applicationScale - 1.0
09-21 16:49:02.701 11568 11568 D BoundBrokerSvc: onBind: Intent { act=com.google.android.gms.mdns.service.START dat=chimera-action: cmp=com.google.android.gms/.chimera.PersistentApiService }
09-21 16:49:02.701 11568 11568 D BoundBrokerSvc: Loading bound service for intent: Intent { act=com.google.android.gms.mdns.service.START dat=chimera-action: cmp=com.google.android.gms/.chimera.PersistentApiService }
09-21 16:49:04.566   853  1020 E ThermalEngine: read_thermal_config
09-21 16:49:04.566   853  1020 D ThermalEngine: algo_monitor: Timer EVT
09-21 16:49:04.567   853  1020 I ThermalEngine: Sensor:sdm-therm:48766 mC
09-21 16:49:04.568   853  1020 D ThermalEngine: handle_timer_sig: SS Id SS-QUIET-THERM-GOLD2 Read sdm-therm 48766mC, Err -1766mC, SampleCnt 1
09-21 16:49:04.568   853  1020 D ThermalEngine: handle_timer_sig: SS Id SS-QUIET-THERM-GOLD2, E0 -1766mC, E1 -1766mC
09-21 16:49:04.568   853  1020 D ThermalEngine: Already at device mitigation max limit
09-21 16:49:04.569   853  1020 I ThermalEngine: Sensor:sdm-therm:48766 mC
09-21 16:49:04.570   853  1020 D ThermalEngine: handle_timer_sig: SS Id SS-QUIET-THERM-GOLD Read sdm-therm 48766mC, Err -3766mC, SampleCnt 1
09-21 16:49:04.570   853  1020 D ThermalEngine: handle_timer_sig: SS Id SS-QUIET-THERM-GOLD, E0 -3766mC, E1 -3766mC
09-21 16:49:04.570   853  1020 D ThermalEngine: Already at device mitigation max limit
09-21 16:49:04.572   853  1020 I ThermalEngine: Sensor:sdm-therm:48766 mC
09-21 16:49:04.572   853  1020 D ThermalEngine: handle_timer_sig: SS Id SS-QUIET-THERM-SILVER3 Read sdm-therm 48766mC, Err -766mC, SampleCnt 1
09-21 16:49:04.572   853  1020 D ThermalEngine: handle_timer_sig: SS Id SS-QUIET-THERM-SILVER3, E0 -766mC, E1 -766mC
09-21 16:49:04.572   853  1020 D ThermalEngine: Already at device mitigation max limit
09-21 16:49:04.573   853  1020 I ThermalEngine: Sensor:sdm-therm:48766 mC
09-21 16:49:04.574   853  1020 D ThermalEngine: handle_timer_sig: SS Id SS-QUIET-THERM-SILVER2 Read sdm-therm 48766mC, Err -2766mC, SampleCnt 1
09-21 16:49:04.574   853  1020 D ThermalEngine: handle_timer_sig: SS Id SS-QUIET-THERM-SILVER2, E0 -2766mC, E1 -2766mC
09-21 16:49:04.574   853  1020 D ThermalEngine: Already at device mitigation max limit
09-21 16:49:04.575   853  1020 I ThermalEngine: Sensor:sdm-therm:48766 mC
09-21 16:49:04.575   853  1020 D ThermalEngine: handle_timer_sig: SS Id SS-QUIET-THERM-SILVER Read sdm-therm 48766mC, Err -4766mC, SampleCnt 1
09-21 16:49:04.575   853  1020 D ThermalEngine: handle_timer_sig: SS Id SS-QUIET-THERM-SILVER, E0 -4766mC, E1 -4766mC
09-21 16:49:04.575   853  1020 D ThermalEngine: Already at device mitigation max limit
09-21 16:49:04.575   853  1020 I ThermalEngine: settimer: Start timer 2.000(sec)
09-21 16:49:04.575   853  1020 D ThermalEngine: algo_monitor: Wait for EV
09-21 16:49:05.261  2197  2288 D RILJ    : Unsol response received; Sending ack to ril.cpp [SUB1]
09-21 16:49:05.262  2197  2288 D RILJ    : [UNSL]< UNSOL_RESPONSE_NETWORK_STATE_CHANGED [SUB1]
09-21 16:49:05.262  2197  2372 D NetworkRegistrationManager: onNetworkStateChanged
09-21 16:49:05.263  2317  2341 I QcrilOemhookMsgTunnel: [1]processOemHookIndication length=21
09-21 16:49:05.263  2197  2197 D SST[1]  : [1] pollState: modemTriggered=true
09-21 16:49:05.263  2317  2317 D QcrilMsgTunnelIfaceManager: handleMessage what = 0
09-21 16:49:05.268  2178  2178 D use-Rlog/RLOG-QC_RIL_OEM_HOOK: Received Broadcast Intent ACTION_UNSOL_RESPONSE_OEM_HOOK_RAW
09-21 16:49:05.268  2178  2178 D use-Rlog/RLOG-QC_RIL_OEM_HOOK: Oem ID in QCRILHOOK UNSOL RESP is QOEMHOOK
09-21 16:49:05.272  2197  2197 D RILJ    : [0716]> OPERATOR [SUB1]
09-21 16:49:05.272  2197  2197 D NetworkRegistrationManager: getNetworkRegistrationState domain 2
09-21 16:49:05.272  2197  2197 D NetworkRegistrationManager: getNetworkRegistrationState domain 1
09-21 16:49:05.274  2197  2372 D RILJ    : [0717]> DATA_REGISTRATION_STATE [SUB1]
09-21 16:49:05.275  2197  2372 D RILJ    : [0719]> VOICE_REGISTRATION_STATE [SUB1]
09-21 16:49:05.277  2317  2341 I QcrilOemhookMsgTunnel: [1]processOemHookIndication length=21
09-21 16:49:05.278  2317  2317 D QcrilMsgTunnelIfaceManager: handleMessage what = 0
09-21 16:49:05.279  2197  2288 D RILJ    : Unsol response received; Sending ack to ril.cpp [SUB1]
09-21 16:49:05.279  2197  2288 D RILJ    : [UNSL]< UNSOL_RESPONSE_NETWORK_STATE_CHANGED [SUB1]
09-21 16:49:05.279  2197  2197 D RILJ    : [0718]> QUERY_NETWORK_SELECTION_MODE [SUB1]
09-21 16:49:05.280  2197  2197 D use-Rlog/RLOG-QC_RIL_OEM_HOOK: Received Broadcast Intent ACTION_UNSOL_RESPONSE_OEM_HOOK_RAW
09-21 16:49:05.280  2197  2197 D use-Rlog/RLOG-QC_RIL_OEM_HOOK: Oem ID in QCRILHOOK UNSOL RESP is QOEMHOOK
09-21 16:49:05.280  2197  2197 D use-Rlog/RLOG-QC_RIL_OEM_HOOK: Received Broadcast Intent ACTION_UNSOL_RESPONSE_OEM_HOOK_RAW
09-21 16:49:05.280  2197  2197 D use-Rlog/RLOG-QC_RIL_OEM_HOOK: Oem ID in QCRILHOOK UNSOL RESP is QOEMHOOK
09-21 16:49:05.280  2197  2197 E use-Rlog/RLOG-QC_RIL_OEM_HOOK: QcRilOemHook notifyRegistrants Failed
09-21 16:49:05.280  2197  2197 D use-Rlog/RLOG-QC_RIL_OEM_HOOK: Received Broadcast Intent ACTION_UNSOL_RESPONSE_OEM_HOOK_RAW
09-21 16:49:05.280  2197  2197 D use-Rlog/RLOG-QC_RIL_OEM_HOOK: Oem ID in QCRILHOOK UNSOL RESP is QOEMHOOK
09-21 16:49:05.280  2197  2197 D use-Rlog/RLOG-QC_RIL_OEM_HOOK: Received Broadcast Intent ACTION_UNSOL_RESPONSE_OEM_HOOK_RAW
09-21 16:49:05.280  2197  2197 D use-Rlog/RLOG-QC_RIL_OEM_HOOK: Oem ID in QCRILHOOK UNSOL RESP is QOEMHOOK
09-21 16:49:05.281  2197  2197 D PhoneSwitcher: handle event - 108
09-21 16:49:05.281  2197  2372 D NetworkRegistrationManager: onNetworkStateChanged
09-21 16:49:05.281  2197  2197 D SST[1]  : [1] pollState: modemTriggered=true
09-21 16:49:05.282  2178  2178 D use-Rlog/RLOG-QC_RIL_OEM_HOOK: Received Broadcast Intent ACTION_UNSOL_RESPONSE_OEM_HOOK_RAW
09-21 16:49:05.282  2178  2178 D use-Rlog/RLOG-QC_RIL_OEM_HOOK: Oem ID in QCRILHOOK UNSOL RESP is QOEMHOOK
09-21 16:49:05.283  2197  2197 D RILJ    : [0721]> OPERATOR [SUB1]
09-21 16:49:05.283  2197  2197 D NetworkRegistrationManager: getNetworkRegistrationState domain 2
09-21 16:49:05.283  2197  2197 D NetworkRegistrationManager: getNetworkRegistrationState domain 1
09-21 16:49:05.284  2197  2372 D RILJ    : [0722]> DATA_REGISTRATION_STATE [SUB1]
09-21 16:49:05.286  2197  2288 D RILJ    : [0716]< OPERATOR {, , } [SUB1]
09-21 16:49:05.291  2197  2372 D RILJ    : [0724]> VOICE_REGISTRATION_STATE [SUB1]
09-21 16:49:05.292  2197  2288 D RILJ    : [0721]< OPERATOR {, , } [SUB1]
09-21 16:49:05.293  2197  2197 D RILJ    : [0723]> QUERY_NETWORK_SELECTION_MODE [SUB1]
09-21 16:49:05.293  2197  2197 D use-Rlog/RLOG-QC_RIL_OEM_HOOK: Received Broadcast Intent ACTION_UNSOL_RESPONSE_OEM_HOOK_RAW
09-21 16:49:05.294  2197  2197 D use-Rlog/RLOG-QC_RIL_OEM_HOOK: Oem ID in QCRILHOOK UNSOL RESP is QOEMHOOK
09-21 16:49:05.294  2197  2197 D use-Rlog/RLOG-QC_RIL_OEM_HOOK: Received Broadcast Intent ACTION_UNSOL_RESPONSE_OEM_HOOK_RAW
09-21 16:49:05.294  2197  2288 D RILJ    : [0717]< DATA_REGISTRATION_STATE {.regState = NOT_REG_MT_NOT_SEARCHING_OP, .rat = 0, .reasonDataDenied = 0, .maxDataCalls = 20, .cellIdentity = {...}} [SUB1]
09-21 16:49:05.294  2197  2435 D NetworkRegistrationManager: onGetNetworkRegistrationStateComplete result 0 state NetworkRegistrationState{transportType=1 domain=PS regState=NOT_REG_NOT_SEARCHING accessNetworkTechnology=UNKNOWN reasonForDenial=0 emergencyEnabled=false supportedServices=null cellIdentity=null voiceSpecificStates=null dataSpecificStates=DataSpecificRegistrationStates { mMaxDataCalls=20}}
09-21 16:49:05.294  2197  2197 D use-Rlog/RLOG-QC_RIL_OEM_HOOK: Oem ID in QCRILHOOK UNSOL RESP is QOEMHOOK
09-21 16:49:05.294  2197  2197 E use-Rlog/RLOG-QC_RIL_OEM_HOOK: QcRilOemHook notifyRegistrants Failed
09-21 16:49:05.294  2197  2197 D use-Rlog/RLOG-QC_RIL_OEM_HOOK: Received Broadcast Intent ACTION_UNSOL_RESPONSE_OEM_HOOK_RAW
09-21 16:49:05.294  2197  2197 D use-Rlog/RLOG-QC_RIL_OEM_HOOK: Oem ID in QCRILHOOK UNSOL RESP is QOEMHOOK
09-21 16:49:05.294  2197  2197 D use-Rlog/RLOG-QC_RIL_OEM_HOOK: Received Broadcast Intent ACTION_UNSOL_RESPONSE_OEM_HOOK_RAW
09-21 16:49:05.294  2197  2197 D use-Rlog/RLOG-QC_RIL_OEM_HOOK: Oem ID in QCRILHOOK UNSOL RESP is QOEMHOOK
09-21 16:49:05.294  2197  2288 D RILJ    : [0722]< DATA_REGISTRATION_STATE {.regState = NOT_REG_MT_NOT_SEARCHING_OP, .rat = 0, .reasonDataDenied = 0, .maxDataCalls = 20, .cellIdentity = {...}} [SUB1]
09-21 16:49:05.294  2197  2435 D NetworkRegistrationManager: onGetNetworkRegistrationStateComplete result 0 state NetworkRegistrationState{transportType=1 domain=PS regState=NOT_REG_NOT_SEARCHING accessNetworkTechnology=UNKNOWN reasonForDenial=0 emergencyEnabled=false supportedServices=null cellIdentity=null voiceSpecificStates=null dataSpecificStates=DataSpecificRegistrationStates { mMaxDataCalls=20}}
09-21 16:49:05.294  2197  2197 D PhoneSwitcher: handle event - 108
09-21 16:49:05.294  2197  2197 D SST[1]  : [1] Could not set ServiceState channel number. CellIdentity null
09-21 16:49:05.294  2197  2197 D SST[1]  : [1] handlPollStateResultMessage: GsmSST dataServiceState=1 regState=0 dataRadioTechnology=0
09-21 16:49:05.296  2197  2288 D RILJ    : [0718]< QUERY_NETWORK_SELECTION_MODE {0} [SUB1]
09-21 16:49:05.296  2197  2288 D RILJ    : [0723]< QUERY_NETWORK_SELECTION_MODE {0} [SUB1]
09-21 16:49:05.297  2197  2197 D SST[1]  : [1] EVENT_POLL_STATE_NETWORK_SELECTION_MODE
09-21 16:49:05.297  2197  2197 D SST[1]  : [1] EVENT_POLL_STATE_NETWORK_SELECTION_MODE
09-21 16:49:05.298  2197  2288 D RILJ    : [0719]< VOICE_REGISTRATION_STATE {.regState = NOT_REG_MT_SEARCHING_OP_EM, .rat = 3, .cssSupported = false, .roamingIndicator = -1, .systemIsInPrl = -1, .defaultRoamingIndicator = -1, .reasonForDenial = 0, .cellIdentity = {...}} [SUB1]
09-21 16:49:05.298  2197  2288 D RILJ    : [0724]< VOICE_REGISTRATION_STATE {.regState = NOT_REG_MT_SEARCHING_OP_EM, .rat = 3, .cssSupported = false, .roamingIndicator = -1, .systemIsInPrl = -1, .defaultRoamingIndicator = -1, .reasonForDenial = 0, .cellIdentity = {...}} [SUB1]
09-21 16:49:05.299  2197  2435 D NetworkRegistrationManager: onGetNetworkRegistrationStateComplete result 0 state NetworkRegistrationState{transportType=1 domain=CS regState=NOT_REG_SEARCHING accessNetworkTechnology=UMTS reasonForDenial=0 emergencyEnabled=true supportedServices=[I@4d6971f cellIdentity=CellIdentityWcdma:{ mMcc=460 mMnc=01 mAlphaLong=CHN-UNICOM mAlphaShort=UNICOM} voiceSpecificStates=VoiceSpecificRegistrationStates { mCssSupported=false mRoamingIndicator=-1 mSystemIsInPrl=-1 mDefaultRoamingIndicator=-1} dataSpecificStates=null}
09-21 16:49:05.299  2197  2435 D NetworkRegistrationManager: onGetNetworkRegistrationStateComplete result 0 state NetworkRegistrationState{transportType=1 domain=CS regState=NOT_REG_SEARCHING accessNetworkTechnology=UMTS reasonForDenial=0 emergencyEnabled=true supportedServices=[I@263fa6c cellIdentity=CellIdentityWcdma:{ mMcc=460 mMnc=01 mAlphaLong=CHN-UNICOM mAlphaShort=UNICOM} voiceSpecificStates=VoiceSpecificRegistrationStates { mCssSupported=false mRoamingIndicator=-1 mSystemIsInPrl=-1 mDefaultRoamingIndicator=-1} dataSpecificStates=null}
09-21 16:49:05.300  2197  2197 D SST[1]  : [1] handlPollVoiceRegResultMessage: regState=2 radioTechnology=3
09-21 16:49:05.302  2197  2197 D SST[1]  : [1] Poll ServiceState done:  oldSS=[{mVoiceRegState=1(OUT_OF_SERVICE), mDataRegState=1(OUT_OF_SERVICE), mChannelNumber=10763, duplexMode()=0, mCellBandwidths=[], mVoiceRoamingType=home, mDataRoamingType=home, mVoiceOperatorAlphaLong=, mVoiceOperatorAlphaShort=, mDataOperatorAlphaLong=, mDataOperatorAlphaShort=, isManualNetworkSelection=false(automatic), mRilVoiceRadioTechnology=3(UMTS), mRilDataRadioTechnology=0(Unknown), mCssIndicator=unsupported, mNetworkId=-1, mSystemId=-1, mCdmaRoamingIndicator=-1, mCdmaDefaultRoamingIndicator=-1, mIsEmergencyOnly=true, mIsDataRoamingFromRegistration=false, mIsUsingCarrierAggregation=false, mLteEarfcnRsrpBoost=0, mNetworkRegistrationStates=[NetworkRegistrationState{transportType=1 domain=PS regState=NOT_REG_NOT_SEARCHING accessNetworkTechnology=UNKNOWN reasonForDenial=0 emergencyEnabled=false supportedServices=null cellIdentity=null voiceSpecificStates=null dataSpecificStates=DataSpecificRegistrationStates { mMaxDataCalls=20}}, NetworkRegistrationState{transportType=1 domain=CS regState=NOT_REG_SEARCHING accessNetworkTechnology=UMTS reasonForDenial=0 emergencyEnabled=true supportedServices=[I@7e2f4e6 cellIdentity=CellIdentityWcdma:{ mMcc=460 mMnc=01 mAlphaLong=CHN-UNICOM mAlphaShort=UNICOM} voiceSpecificStates=VoiceSpecificRegistrationStates { mCssSupported=false mRoamingIndicator=-1 mSystemIsInPrl=-1 mDefaultRoamingIndicator=-1} dataSpecificStates=null}]}] newSS=[{mVoiceRegState=1(OUT_OF_SERVICE), mDataRegState=1(OUT_OF_SERVICE), mChannelNumber=10763, duplexMode()=0, mCellBandwidths=[], mVoiceRoamingType=home, mDataRoamingType=home, mVoiceOperatorAlphaLong=, mVoiceOperatorAlphaShort=, mDataOperatorAlphaLong=, mDataOperatorAlphaShort=, isManualNetworkSelection=false(automatic), mRilVoiceRadioTechnology=3(UMTS), mRilDataRadioTechnology=0(Unknown), mCssIndicator=unsupported, mNetworkId=-1, mSystemId=-1, mCdmaRoamingIndicator=-1, mCdmaDefaultRoamingIndicator=-1, mIsEmergencyOnly=true, mIsDataRoamingFromRegistration=false, mIsUsingCarrierAggregation=false, mLteEarfcnRsrpBoost=0, mNetworkRegistrationStates=[NetworkRegistrationState{transportType=1 domain=PS regState=NOT_REG_NOT_SEARCHING accessNetworkTechnology=UNKNOWN reasonForDenial=0 emergencyEnabled=false supportedServices=null cellIdentity=null voiceSpecificStates=null dataSpecificStates=DataSpecificRegistrationStates { mMaxDataCalls=20}}, NetworkRegistrationState{transportType=1 domain=CS regState=NOT_REG_SEARCHING accessNetworkTechnology=UMTS reasonForDenial=0 emergencyEnabled=true supportedServices=[I@263fa6c cellIdentity=CellIdentityWcdma:{ mMcc=460 mMnc=01 mAlphaLong=CHN-UNICOM mAlphaShort=UNICOM} voiceSpecificStates=VoiceSpecificRegistrationStates { mCssSupported=false mRoamingIndicator=-1 mSystemIsInPrl=-1 mDefaultRoamingIndicator=-1} dataSpecificStates=null}]}] oldMaxDataCalls=20 mNewMaxDataCalls=20 oldReasonDataDenied=0 mNewReasonDataDenied=0
09-21 16:49:05.302  2197  2197 D SST[1]  : [1] pollStateDone: hasRegistered=false hasDeregistered=false hasDataAttached=false hasDataDetached=false hasDataRegStateChanged=false hasRilVoiceRadioTechnologyChanged= false hasRilDataRadioTechnologyChanged=false hasChanged=false hasVoiceRoamingOn=false hasVoiceRoamingOff=false hasDataRoamingOn=false hasDataRoamingOff=false hasLocationChanged=false has4gHandoff = false hasMultiApnSupport=false hasLostMultiApnSupport=false hasCssIndicatorChanged=false
09-21 16:49:02.321     0     0 I addr=4842 mask: 01 val: 01
09-21 16:49:02.321     0     0 I         : length 2 addr=48c6
09-21 16:49:02.321     0     0 I val[0]  : 46
09-21 16:49:02.321     0     0 I val[1]  : 02
09-21 16:49:02.321     0     0 I addr=4842 mask: 01 val: 00
09-21 16:49:02.321     0     0 I         : length 2 addr=48c0
09-21 16:49:02.321     0     0 I val[0]  : e4
09-21 16:49:02.321     0     0 I val[1]  : 50
09-21 16:49:02.321     0     0 E ALG     : get_time_to_full_locked: TTF: msoc=79
09-21 16:49:02.321     0     0 I QG-K    : qg_get_learned_capacity: Retrieved learned capacity 2576000uah
09-21 16:49:02.321     0     0 E ALG     : get_time_to_full_locked: TTF: ibatt_avg=200 vbatt_avg=4022 rbatt=212 act_cap_mah=2425
09-21 16:49:02.321     0     0 E ALG     : get_time_to_full_locked: TTF: mode: 0
09-21 16:49:02.321     0     0 E ALG     : get_time_to_full_locked: TTF: i_cc2cv=182
09-21 16:49:02.322     0     0 E ALG     : get_time_to_full_locked: TTF: soc_cc2cv=96
09-21 16:49:02.322     0     0 E ALG     : get_time_to_full_locked: TTF: t_predicted_cc=7770
09-21 16:49:02.322     0     0 E ALG     : get_time_to_full_locked: TTF: iterm=201
09-21 16:49:02.322     0     0 E ALG     : get_time_to_full_locked: TTF: tau=0
09-21 16:49:02.322     0     0 E ALG     : get_time_to_full_locked: TTF: t_predicted_cv=0
09-21 16:49:02.322     0     0 E ALG     : get_time_to_full_locked: TTF: t_predicted_prefilter=7770
09-21 16:49:02.322     0     0 E ALG     : get_time_to_full_locked: TTF: ttf_slope=-100
09-21 16:49:02.322     0     0 E ALG     : get_time_to_full_locked: TTF: t_predicted_postfilter=6814
09-21 16:49:02.322     0     0 E QG_WS   : TTF_AWAKE_VOTER,5 same vote off of val=0
09-21 16:49:02.322     0     0 E QG_WS   : TTF_AWAKE_VOTER,5 Ignoring similar vote off of val=0
09-21 16:49:03.066     0     0 E pm6150_charger: default_irq_handler: IRQ: aicl-done
09-21 16:49:06.575   853  1020 E ThermalEngine: read_thermal_config
09-21 16:49:06.576   853  1020 D ThermalEngine: algo_monitor: Timer EVT
09-21 16:49:06.577   853  1020 I ThermalEngine: Sensor:sdm-therm:48766 mC
09-21 16:49:06.577   853  1020 D ThermalEngine: handle_timer_sig: SS Id SS-QUIET-THERM-GOLD2 Read sdm-therm 48766mC, Err -1766mC, SampleCnt 1
09-21 16:49:06.577   853  1020 D ThermalEngine: handle_timer_sig: SS Id SS-QUIET-THERM-GOLD2, E0 -1766mC, E1 -1766mC
09-21 16:49:06.577   853  1020 D ThermalEngine: Already at device mitigation max limit
09-21 16:49:06.578   853  1020 I ThermalEngine: Sensor:sdm-therm:48766 mC
09-21 16:49:06.578   853  1020 D ThermalEngine: handle_timer_sig: SS Id SS-QUIET-THERM-GOLD Read sdm-therm 48766mC, Err -3766mC, SampleCnt 1
09-21 16:49:06.578   853  1020 D ThermalEngine: handle_timer_sig: SS Id SS-QUIET-THERM-GOLD, E0 -3766mC, E1 -3766mC
09-21 16:49:06.578   853  1020 D ThermalEngine: Already at device mitigation max limit
09-21 16:49:06.580   853  1020 I ThermalEngine: Sensor:sdm-therm:48766 mC
09-21 16:49:06.580   853  1020 D ThermalEngine: handle_timer_sig: SS Id SS-QUIET-THERM-SILVER3 Read sdm-therm 48766mC, Err -766mC, SampleCnt 1
09-21 16:49:06.580   853  1020 D ThermalEngine: handle_timer_sig: SS Id SS-QUIET-THERM-SILVER3, E0 -766mC, E1 -766mC
09-21 16:49:06.580   853  1020 D ThermalEngine: Already at device mitigation max limit
09-21 16:49:06.581   853  1020 I ThermalEngine: Sensor:sdm-therm:48766 mC
09-21 16:49:06.581   853  1020 D ThermalEngine: handle_timer_sig: SS Id SS-QUIET-THERM-SILVER2 Read sdm-therm 48766mC, Err -2766mC, SampleCnt 1
09-21 16:49:06.581   853  1020 D ThermalEngine: handle_timer_sig: SS Id SS-QUIET-THERM-SILVER2, E0 -2766mC, E1 -2766mC
09-21 16:49:06.581   853  1020 D ThermalEngine: Already at device mitigation max limit
09-21 16:49:06.583   853  1020 I ThermalEngine: Sensor:sdm-therm:48766 mC
09-21 16:49:06.583   853  1020 D ThermalEngine: handle_timer_sig: SS Id SS-QUIET-THERM-SILVER Read sdm-therm 48766mC, Err -4766mC, SampleCnt 1
09-21 16:49:06.583   853  1020 D ThermalEngine: handle_timer_sig: SS Id SS-QUIET-THERM-SILVER, E0 -4766mC, E1 -4766mC
09-21 16:49:06.583   853  1020 D ThermalEngine: Already at device mitigation max limit
09-21 16:49:06.583   853  1020 I ThermalEngine: settimer: Start timer 2.000(sec)
09-21 16:49:06.583   853  1020 D ThermalEngine: algo_monitor: Wait for EV
09-21 16:49:07.761 11568 11568 D BoundBrokerSvc: onUnbind: Intent { act=com.google.android.gms.mdns.service.START dat=chimera-action: cmp=com.google.android.gms/.chimera.PersistentApiService }
09-21 16:49:07.769  1589  3742 D CompatibilityInfo: mCompatibilityFlags - 0
09-21 16:49:07.770  1589  3742 D CompatibilityInfo: applicationDensity - 440
09-21 16:49:07.770  1589  3742 D CompatibilityInfo: applicationScale - 1.0
09-21 16:49:07.775 11568 11568 D BoundBrokerSvc: onBind: Intent { act=com.google.android.gms.mdns.service.START dat=chimera-action: cmp=com.google.android.gms/.chimera.PersistentApiService }
09-21 16:49:07.775 11568 11568 D BoundBrokerSvc: Loading bound service for intent: Intent { act=com.google.android.gms.mdns.service.START dat=chimera-action: cmp=com.google.android.gms/.chimera.PersistentApiService }
09-21 16:49:08.583   853  1020 E ThermalEngine: read_thermal_config
09-21 16:49:08.584   853  1020 D ThermalEngine: algo_monitor: Timer EVT
09-21 16:49:08.585   853  1020 I ThermalEngine: Sensor:sdm-therm:48766 mC
09-21 16:49:08.585   853  1020 D ThermalEngine: handle_timer_sig: SS Id SS-QUIET-THERM-GOLD2 Read sdm-therm 48766mC, Err -1766mC, SampleCnt 1
09-21 16:49:08.585   853  1020 D ThermalEngine: handle_timer_sig: SS Id SS-QUIET-THERM-GOLD2, E0 -1766mC, E1 -1766mC
09-21 16:49:08.585   853  1020 D ThermalEngine: Already at device mitigation max limit
09-21 16:49:08.586   853  1020 I ThermalEngine: Sensor:sdm-therm:48766 mC
09-21 16:49:08.586   853  1020 D ThermalEngine: handle_timer_sig: SS Id SS-QUIET-THERM-GOLD Read sdm-therm 48766mC, Err -3766mC, SampleCnt 1
09-21 16:49:08.586   853  1020 D ThermalEngine: handle_timer_sig: SS Id SS-QUIET-THERM-GOLD, E0 -3766mC, E1 -3766mC
09-21 16:49:08.586   853  1020 D ThermalEngine: Already at device mitigation max limit
09-21 16:49:08.587   853  1020 I ThermalEngine: Sensor:sdm-therm:48766 mC
09-21 16:49:08.588   853  1020 D ThermalEngine: handle_timer_sig: SS Id SS-QUIET-THERM-SILVER3 Read sdm-therm 48766mC, Err -766mC, SampleCnt 1
09-21 16:49:08.588   853  1020 D ThermalEngine: handle_timer_sig: SS Id SS-QUIET-THERM-SILVER3, E0 -766mC, E1 -766mC
09-21 16:49:08.588   853  1020 D ThermalEngine: Already at device mitigation max limit
09-21 16:49:08.589   853  1020 I ThermalEngine: Sensor:sdm-therm:48766 mC
09-21 16:49:08.589   853  1020 D ThermalEngine: handle_timer_sig: SS Id SS-QUIET-THERM-SILVER2 Read sdm-therm 48766mC, Err -2766mC, SampleCnt 1
09-21 16:49:08.589   853  1020 D ThermalEngine: handle_timer_sig: SS Id SS-QUIET-THERM-SILVER2, E0 -2766mC, E1 -2766mC
09-21 16:49:08.589   853  1020 D ThermalEngine: Already at device mitigation max limit
09-21 16:49:08.591   853  1020 I ThermalEngine: Sensor:sdm-therm:48766 mC
09-21 16:49:08.591   853  1020 D ThermalEngine: handle_timer_sig: SS Id SS-QUIET-THERM-SILVER Read sdm-therm 48766mC, Err -4766mC, SampleCnt 1
09-21 16:49:08.591   853  1020 D ThermalEngine: handle_timer_sig: SS Id SS-QUIET-THERM-SILVER, E0 -4766mC, E1 -4766mC
09-21 16:49:08.591   853  1020 D ThermalEngine: Already at device mitigation max limit
09-21 16:49:08.591   853  1020 I ThermalEngine: settimer: Start timer 2.000(sec)
09-21 16:49:08.591   853  1020 D ThermalEngine: algo_monitor: Wait for EV
09-21 16:49:05.999     0     0 E pm6150_charger: wdog_snarl_irq_handler: IRQ: wdog-snarl
09-21 16:49:05.999     0     0 E AWAKE   : SW_THERM_REGULATION_VOTER,0 voting on of val=1
09-21 16:49:05.999     0     0 E AWAKE   : effective vote is now 1 voted by SW_THERM_REGULATION_VOTER,0
09-21 16:49:06.006     0     0 E pm6150_charger: smblib_process_thermal_readings: Current temperatures: 	DIE_TEMP: 514,	CONN_TEMP: 341,	SMB_TEMP: -61,	SKIN_TEMP: 487
09-21 16:49:06.006     0     0 E THERMAL_STATUS: 5
09-21 16:49:06.006     0     0 E AWAKE   : SW_THERM_REGULATION_VOTER,0 voting off of val=0
09-21 16:49:06.006     0     0 E AWAKE   : effective vote is now 0 voted by SW_THERM_REGULATION_VOTER,0
09-21 16:49:10.379  2197  2288 D RILJ    : Unsol response received; Sending ack to ril.cpp [SUB1]
09-21 16:49:10.379  2197  2288 D RILJ    : [UNSL]< UNSOL_RESPONSE_NETWORK_STATE_CHANGED [SUB1]
09-21 16:49:10.380  2197  2372 D NetworkRegistrationManager: onNetworkStateChanged
09-21 16:49:10.380  2197  2197 D SST[1]  : [1] pollState: modemTriggered=true
09-21 16:49:10.381  2317  2341 I QcrilOemhookMsgTunnel: [1]processOemHookIndication length=21
09-21 16:49:10.381  2317  2317 D QcrilMsgTunnelIfaceManager: handleMessage what = 0
09-21 16:49:10.384  2178  2178 D use-Rlog/RLOG-QC_RIL_OEM_HOOK: Received Broadcast Intent ACTION_UNSOL_RESPONSE_OEM_HOOK_RAW
09-21 16:49:10.384  2178  2178 D use-Rlog/RLOG-QC_RIL_OEM_HOOK: Oem ID in QCRILHOOK UNSOL RESP is QOEMHOOK
09-21 16:49:10.391  2197  2197 D RILJ    : [0726]> OPERATOR [SUB1]
09-21 16:49:10.391  2197  2197 D NetworkRegistrationManager: getNetworkRegistrationState domain 2
09-21 16:49:10.391  2197  2197 D NetworkRegistrationManager: getNetworkRegistrationState domain 1
09-21 16:49:10.393  2197  2197 D RILJ    : [0727]> QUERY_NETWORK_SELECTION_MODE [SUB1]
09-21 16:49:10.393  2197  2197 D use-Rlog/RLOG-QC_RIL_OEM_HOOK: Received Broadcast Intent ACTION_UNSOL_RESPONSE_OEM_HOOK_RAW
09-21 16:49:10.394  2197  2197 D use-Rlog/RLOG-QC_RIL_OEM_HOOK: Oem ID in QCRILHOOK UNSOL RESP is QOEMHOOK
09-21 16:49:10.394  2197  2197 D use-Rlog/RLOG-QC_RIL_OEM_HOOK: Received Broadcast Intent ACTION_UNSOL_RESPONSE_OEM_HOOK_RAW
09-21 16:49:10.394  2197  2197 D use-Rlog/RLOG-QC_RIL_OEM_HOOK: Oem ID in QCRILHOOK UNSOL RESP is QOEMHOOK
09-21 16:49:10.394  2197  2197 E use-Rlog/RLOG-QC_RIL_OEM_HOOK: QcRilOemHook notifyRegistrants Failed
09-21 16:49:10.394  2197  2197 D use-Rlog/RLOG-QC_RIL_OEM_HOOK: Received Broadcast Intent ACTION_UNSOL_RESPONSE_OEM_HOOK_RAW
09-21 16:49:10.394  2197  2197 D use-Rlog/RLOG-QC_RIL_OEM_HOOK: Oem ID in QCRILHOOK UNSOL RESP is QOEMHOOK
09-21 16:49:10.394  2197  2197 D use-Rlog/RLOG-QC_RIL_OEM_HOOK: Received Broadcast Intent ACTION_UNSOL_RESPONSE_OEM_HOOK_RAW
09-21 16:49:10.394  2197  2197 D use-Rlog/RLOG-QC_RIL_OEM_HOOK: Oem ID in QCRILHOOK UNSOL RESP is QOEMHOOK
09-21 16:49:10.394  2197  2197 D PhoneSwitcher: handle event - 108
09-21 16:49:10.395  2197  2372 D RILJ    : [0728]> DATA_REGISTRATION_STATE [SUB1]
09-21 16:49:10.395  2197  2372 D RILJ    : [0729]> VOICE_REGISTRATION_STATE [SUB1]
09-21 16:49:10.400  2317  2341 I QcrilOemhookMsgTunnel: [1]processOemHookIndication length=21
09-21 16:49:10.402  2197  2288 D RILJ    : Unsol response received; Sending ack to ril.cpp [SUB1]
09-21 16:49:10.402  2197  2288 D RILJ    : [UNSL]< UNSOL_RESPONSE_NETWORK_STATE_CHANGED [SUB1]
09-21 16:49:10.403  2197  2372 D NetworkRegistrationManager: onNetworkStateChanged
09-21 16:49:10.403  2197  2288 D RILJ    : [0726]< OPERATOR {, , } [SUB1]
09-21 16:49:10.403  2197  2197 D SST[1]  : [1] pollState: modemTriggered=true
09-21 16:49:10.403  2197  2288 D RILJ    : [0727]< QUERY_NETWORK_SELECTION_MODE {0} [SUB1]
09-21 16:49:10.404  2197  2197 D RILJ    : [0731]> OPERATOR [SUB1]
09-21 16:49:10.404  2197  2197 D NetworkRegistrationManager: getNetworkRegistrationState domain 2
09-21 16:49:10.405  2197  2197 D NetworkRegistrationManager: getNetworkRegistrationState domain 1
09-21 16:49:10.405  2317  2317 D QcrilMsgTunnelIfaceManager: handleMessage what = 0
09-21 16:49:10.408  2178  2178 D use-Rlog/RLOG-QC_RIL_OEM_HOOK: Received Broadcast Intent ACTION_UNSOL_RESPONSE_OEM_HOOK_RAW
09-21 16:49:10.408  2178  2178 D use-Rlog/RLOG-QC_RIL_OEM_HOOK: Oem ID in QCRILHOOK UNSOL RESP is QOEMHOOK
09-21 16:49:10.409  2197  2197 D RILJ    : [0732]> QUERY_NETWORK_SELECTION_MODE [SUB1]
09-21 16:49:10.409  2197  2197 D SST[1]  : [1] EVENT_POLL_STATE_NETWORK_SELECTION_MODE
09-21 16:49:10.409  2197  2197 D use-Rlog/RLOG-QC_RIL_OEM_HOOK: Received Broadcast Intent ACTION_UNSOL_RESPONSE_OEM_HOOK_RAW
09-21 16:49:10.410  2197  2197 D use-Rlog/RLOG-QC_RIL_OEM_HOOK: Oem ID in QCRILHOOK UNSOL RESP is QOEMHOOK
09-21 16:49:10.410  2197  2197 D use-Rlog/RLOG-QC_RIL_OEM_HOOK: Received Broadcast Intent ACTION_UNSOL_RESPONSE_OEM_HOOK_RAW
09-21 16:49:10.410  2197  2197 D use-Rlog/RLOG-QC_RIL_OEM_HOOK: Oem ID in QCRILHOOK UNSOL RESP is QOEMHOOK
09-21 16:49:10.410  2197  2197 E use-Rlog/RLOG-QC_RIL_OEM_HOOK: QcRilOemHook notifyRegistrants Failed
09-21 16:49:10.410  2197  2197 D use-Rlog/RLOG-QC_RIL_OEM_HOOK: Received Broadcast Intent ACTION_UNSOL_RESPONSE_OEM_HOOK_RAW
09-21 16:49:10.410  2197  2197 D use-Rlog/RLOG-QC_RIL_OEM_HOOK: Oem ID in QCRILHOOK UNSOL RESP is QOEMHOOK
09-21 16:49:10.410  2197  2197 D use-Rlog/RLOG-QC_RIL_OEM_HOOK: Received Broadcast Intent ACTION_UNSOL_RESPONSE_OEM_HOOK_RAW
09-21 16:49:10.410  2197  2197 D use-Rlog/RLOG-QC_RIL_OEM_HOOK: Oem ID in QCRILHOOK UNSOL RESP is QOEMHOOK
09-21 16:49:10.411  2197  2288 D RILJ    : [0728]< DATA_REGISTRATION_STATE {.regState = NOT_REG_MT_NOT_SEARCHING_OP, .rat = 0, .reasonDataDenied = 0, .maxDataCalls = 20, .cellIdentity = {...}} [SUB1]
09-21 16:49:10.411  2197  2435 D NetworkRegistrationManager: onGetNetworkRegistrationStateComplete result 0 state NetworkRegistrationState{transportType=1 domain=PS regState=NOT_REG_NOT_SEARCHING accessNetworkTechnology=UNKNOWN reasonForDenial=0 emergencyEnabled=false supportedServices=null cellIdentity=null voiceSpecificStates=null dataSpecificStates=DataSpecificRegistrationStates { mMaxDataCalls=20}}
09-21 16:49:10.410  2197  2197 D PhoneSwitcher: handle event - 108
09-21 16:49:10.411  2197  2372 D RILJ    : [0733]> DATA_REGISTRATION_STATE [SUB1]
09-21 16:49:10.412  2197  2372 D RILJ    : [0734]> VOICE_REGISTRATION_STATE [SUB1]
09-21 16:49:10.414  2197  2435 D NetworkRegistrationManager: onGetNetworkRegistrationStateComplete result 0 state NetworkRegistrationState{transportType=1 domain=CS regState=NOT_REG_SEARCHING accessNetworkTechnology=UMTS reasonForDenial=0 emergencyEnabled=true supportedServices=[I@64281b3 cellIdentity=CellIdentityWcdma:{ mMcc=460 mMnc=01 mAlphaLong=CHN-UNICOM mAlphaShort=UNICOM} voiceSpecificStates=VoiceSpecificRegistrationStates { mCssSupported=false mRoamingIndicator=-1 mSystemIsInPrl=-1 mDefaultRoamingIndicator=-1} dataSpecificStates=null}
09-21 16:49:10.415  2197  2288 D RILJ    : [0729]< VOICE_REGISTRATION_STATE {.regState = NOT_REG_MT_SEARCHING_OP_EM, .rat = 3, .cssSupported = false, .roamingIndicator = -1, .systemIsInPrl = -1, .defaultRoamingIndicator = -1, .reasonForDenial = 0, .cellIdentity = {...}} [SUB1]
09-21 16:49:10.421  2197  2288 D RILJ    : [0731]< OPERATOR {, , } [SUB1]
09-21 16:49:10.425  2197  2288 D RILJ    : [0732]< QUERY_NETWORK_SELECTION_MODE {0} [SUB1]
09-21 16:49:10.426  2197  2197 D SST[1]  : [1] EVENT_POLL_STATE_NETWORK_SELECTION_MODE
09-21 16:49:10.426  2197  2288 D RILJ    : [0733]< DATA_REGISTRATION_STATE {.regState = NOT_REG_MT_NOT_SEARCHING_OP, .rat = 0, .reasonDataDenied = 0, .maxDataCalls = 20, .cellIdentity = {...}} [SUB1]
09-21 16:49:10.427  2197  2435 D NetworkRegistrationManager: onGetNetworkRegistrationStateComplete result 0 state NetworkRegistrationState{transportType=1 domain=PS regState=NOT_REG_NOT_SEARCHING accessNetworkTechnology=UNKNOWN reasonForDenial=0 emergencyEnabled=false supportedServices=null cellIdentity=null voiceSpecificStates=null dataSpecificStates=DataSpecificRegistrationStates { mMaxDataCalls=20}}
09-21 16:49:10.428  2197  2197 D SST[1]  : [1] Could not set ServiceState channel number. CellIdentity null
09-21 16:49:10.428  2197  2197 D SST[1]  : [1] handlPollStateResultMessage: GsmSST dataServiceState=1 regState=0 dataRadioTechnology=0
09-21 16:49:10.433  2197  2288 D RILJ    : [0734]< VOICE_REGISTRATION_STATE {.regState = NOT_REG_MT_SEARCHING_OP_EM, .rat = 3, .cssSupported = false, .roamingIndicator = -1, .systemIsInPrl = -1, .defaultRoamingIndicator = -1, .reasonForDenial = 0, .cellIdentity = {...}} [SUB1]
09-21 16:49:10.433  2197  2435 D NetworkRegistrationManager: onGetNetworkRegistrationStateComplete result 0 state NetworkRegistrationState{transportType=1 domain=CS regState=NOT_REG_SEARCHING accessNetworkTechnology=UMTS reasonForDenial=0 emergencyEnabled=true supportedServices=[I@147f370 cellIdentity=CellIdentityWcdma:{ mMcc=460 mMnc=01 mAlphaLong=CHN-UNICOM mAlphaShort=UNICOM} voiceSpecificStates=VoiceSpecificRegistrationStates { mCssSupported=false mRoamingIndicator=-1 mSystemIsInPrl=-1 mDefaultRoamingIndicator=-1} dataSpecificStates=null}
09-21 16:49:10.433  2197  2197 D SST[1]  : [1] handlPollVoiceRegResultMessage: regState=2 radioTechnology=3
