--------- beginning of kernel
09-21 16:48:13.360     0     0 E PL_AWAKE: PL_VOTER,1 same vote off of val=0
09-21 16:48:13.361     0     0 E PL_AWAKE: PL_VOTER,1 Ignoring similar vote off of val=0
--------- beginning of events
09-21 16:50:48.621  1589  1804 I battery_level: [78,4020,395]
09-21 16:50:48.675  1589  1642 I cpu     : [10,5,3,0,1,0]
09-21 16:50:50.934  1589  3381 I netstats_mobile_sample: [0,0,0,0,0,0,0,0,0,0,0,0,1726908651190]
09-21 16:50:50.934  1589  3381 I netstats_wifi_sample: [2062515601,2864757,57105662,699540,2062515601,2864757,57105662,699540,2129863578,2676868,56638740,696712,1726908651190]
09-21 16:50:50.936  1589  1650 I commit_sys_config_file: [jobs,11]
09-21 16:50:49.453     0     0 D logd    : logdr: UID=2000 GID=2000 PID=10478 b tail=0 logMask=ff pid=0 start=0ns timeout=0ns
--------- beginning of main
09-21 16:50:53.135  2317  2341 I QcrilOemhookMsgTunnel: [1]processOemHookIndication length=21
09-21 16:50:53.135  2317  2317 D QcrilMsgTunnelIfaceManager: handleMessage what = 0
--------- beginning of radio
09-21 16:50:53.135  2197  2288 D RILJ    : Unsol response received; Sending ack to ril.cpp [SUB1]
09-21 16:50:53.136  2197  2288 D RILJ    : [UNSL]< UNSOL_RESPONSE_NETWORK_STATE_CHANGED [SUB1]
09-21 16:50:53.138  2197  2372 D NetworkRegistrationManager: onNetworkStateChanged
09-21 16:50:53.138  2197  2197 D SST[1]  : [1] pollState: modemTriggered=true
09-21 16:50:53.139  2178  2178 D use-Rlog/RLOG-QC_RIL_OEM_HOOK: Received Broadcast Intent ACTION_UNSOL_RESPONSE_OEM_HOOK_RAW
09-21 16:50:53.139  2178  2178 D use-Rlog/RLOG-QC_RIL_OEM_HOOK: Oem ID in QCRILHOOK UNSOL RESP is QOEMHOOK
09-21 16:50:53.140  2197  2197 D RILJ    : [0927]> OPERATOR [SUB1]
09-21 16:50:53.140  2197  2197 D NetworkRegistrationManager: getNetworkRegistrationState domain 2
09-21 16:50:53.141  2197  2197 D NetworkRegistrationManager: getNetworkRegistrationState domain 1
09-21 16:50:53.142  2197  2372 D RILJ    : [0928]> DATA_REGISTRATION_STATE [SUB1]
09-21 16:50:53.145  2197  2197 D RILJ    : [0929]> QUERY_NETWORK_SELECTION_MODE [SUB1]
09-21 16:50:53.145  2197  2197 D use-Rlog/RLOG-QC_RIL_OEM_HOOK: Received Broadcast Intent ACTION_UNSOL_RESPONSE_OEM_HOOK_RAW
09-21 16:50:53.146  2197  2197 D use-Rlog/RLOG-QC_RIL_OEM_HOOK: Oem ID in QCRILHOOK UNSOL RESP is QOEMHOOK
09-21 16:50:53.146  2197  2197 D use-Rlog/RLOG-QC_RIL_OEM_HOOK: Received Broadcast Intent ACTION_UNSOL_RESPONSE_OEM_HOOK_RAW
09-21 16:50:53.146  2197  2197 D use-Rlog/RLOG-QC_RIL_OEM_HOOK: Oem ID in QCRILHOOK UNSOL RESP is QOEMHOOK
09-21 16:50:53.146  2197  2197 E use-Rlog/RLOG-QC_RIL_OEM_HOOK: QcRilOemHook notifyRegistrants Failed
09-21 16:50:53.146  2197  2197 D use-Rlog/RLOG-QC_RIL_OEM_HOOK: Received Broadcast Intent ACTION_UNSOL_RESPONSE_OEM_HOOK_RAW
09-21 16:50:53.147  2197  2197 D use-Rlog/RLOG-QC_RIL_OEM_HOOK: Oem ID in QCRILHOOK UNSOL RESP is QOEMHOOK
09-21 16:50:53.147  2197  2197 D use-Rlog/RLOG-QC_RIL_OEM_HOOK: Received Broadcast Intent ACTION_UNSOL_RESPONSE_OEM_HOOK_RAW
09-21 16:50:53.147  2197  2197 D use-Rlog/RLOG-QC_RIL_OEM_HOOK: Oem ID in QCRILHOOK UNSOL RESP is QOEMHOOK
09-21 16:50:53.147  2197  2197 D PhoneSwitcher: handle event - 108
09-21 16:50:53.152  2197  2372 D RILJ    : [0930]> VOICE_REGISTRATION_STATE [SUB1]
09-21 16:50:53.156  2197  2288 D RILJ    : Unsol response received; Sending ack to ril.cpp [SUB1]
09-21 16:50:53.156  2197  2288 D RILJ    : [UNSL]< UNSOL_RESPONSE_NETWORK_STATE_CHANGED [SUB1]
09-21 16:50:53.156  2317  2341 I QcrilOemhookMsgTunnel: [1]processOemHookIndication length=21
09-21 16:50:53.157  2317  2317 D QcrilMsgTunnelIfaceManager: handleMessage what = 0
09-21 16:50:53.157  2197  2372 D NetworkRegistrationManager: onNetworkStateChanged
09-21 16:50:53.158  2197  2288 D RILJ    : [0927]< OPERATOR {, , } [SUB1]
09-21 16:50:53.160  2178  2178 D use-Rlog/RLOG-QC_RIL_OEM_HOOK: Received Broadcast Intent ACTION_UNSOL_RESPONSE_OEM_HOOK_RAW
09-21 16:50:53.160  2178  2178 D use-Rlog/RLOG-QC_RIL_OEM_HOOK: Oem ID in QCRILHOOK UNSOL RESP is QOEMHOOK
09-21 16:50:53.161  2197  2197 D SST[1]  : [1] pollState: modemTriggered=true
09-21 16:50:53.164  2197  2288 D RILJ    : [0928]< DATA_REGISTRATION_STATE {.regState = NOT_REG_MT_NOT_SEARCHING_OP, .rat = 0, .reasonDataDenied = 0, .maxDataCalls = 20, .cellIdentity = {...}} [SUB1]
09-21 16:50:53.164  2197  2435 D NetworkRegistrationManager: onGetNetworkRegistrationStateComplete result 0 state NetworkRegistrationState{transportType=1 domain=PS regState=NOT_REG_NOT_SEARCHING accessNetworkTechnology=UNKNOWN reasonForDenial=0 emergencyEnabled=false supportedServices=null cellIdentity=null voiceSpecificStates=null dataSpecificStates=DataSpecificRegistrationStates { mMaxDataCalls=20}}
09-21 16:50:53.165  2197  2197 D RILJ    : [0932]> OPERATOR [SUB1]
09-21 16:50:53.165  2197  2197 D NetworkRegistrationManager: getNetworkRegistrationState domain 2
09-21 16:50:53.165  2197  2197 D NetworkRegistrationManager: getNetworkRegistrationState domain 1
09-21 16:50:53.166  2197  2197 D RILJ    : [0933]> QUERY_NETWORK_SELECTION_MODE [SUB1]
09-21 16:50:53.167  2197  2197 D use-Rlog/RLOG-QC_RIL_OEM_HOOK: Received Broadcast Intent ACTION_UNSOL_RESPONSE_OEM_HOOK_RAW
09-21 16:50:53.167  2197  2197 D use-Rlog/RLOG-QC_RIL_OEM_HOOK: Oem ID in QCRILHOOK UNSOL RESP is QOEMHOOK
09-21 16:50:53.167  2197  2197 D use-Rlog/RLOG-QC_RIL_OEM_HOOK: Received Broadcast Intent ACTION_UNSOL_RESPONSE_OEM_HOOK_RAW
09-21 16:50:53.167  2197  2197 D use-Rlog/RLOG-QC_RIL_OEM_HOOK: Oem ID in QCRILHOOK UNSOL RESP is QOEMHOOK
09-21 16:50:53.167  2197  2197 E use-Rlog/RLOG-QC_RIL_OEM_HOOK: QcRilOemHook notifyRegistrants Failed
09-21 16:50:53.167  2197  2197 D use-Rlog/RLOG-QC_RIL_OEM_HOOK: Received Broadcast Intent ACTION_UNSOL_RESPONSE_OEM_HOOK_RAW
09-21 16:50:53.167  2197  2197 D use-Rlog/RLOG-QC_RIL_OEM_HOOK: Oem ID in QCRILHOOK UNSOL RESP is QOEMHOOK
09-21 16:50:53.167  2197  2197 D use-Rlog/RLOG-QC_RIL_OEM_HOOK: Received Broadcast Intent ACTION_UNSOL_RESPONSE_OEM_HOOK_RAW
09-21 16:50:53.167  2197  2197 D use-Rlog/RLOG-QC_RIL_OEM_HOOK: Oem ID in QCRILHOOK UNSOL RESP is QOEMHOOK
09-21 16:50:53.167  2197  2197 D PhoneSwitcher: handle event - 108
09-21 16:50:53.168  2197  2372 D RILJ    : [0934]> DATA_REGISTRATION_STATE [SUB1]
09-21 16:50:53.169  2197  2372 D RILJ    : [0935]> VOICE_REGISTRATION_STATE [SUB1]
09-21 16:50:53.174  2197  2288 D RILJ    : [0930]< VOICE_REGISTRATION_STATE {.regState = NOT_REG_MT_SEARCHING_OP_EM, .rat = 3, .cssSupported = false, .roamingIndicator = -1, .systemIsInPrl = -1, .defaultRoamingIndicator = -1, .reasonForDenial = 0, .cellIdentity = {...}} [SUB1]
09-21 16:50:53.174  2197  2288 D RILJ    : [0929]< QUERY_NETWORK_SELECTION_MODE {0} [SUB1]
09-21 16:50:53.174  2197  2435 D NetworkRegistrationManager: onGetNetworkRegistrationStateComplete result 0 state NetworkRegistrationState{transportType=1 domain=CS regState=NOT_REG_SEARCHING accessNetworkTechnology=UMTS reasonForDenial=0 emergencyEnabled=true supportedServices=[I@1da65e5 cellIdentity=CellIdentityWcdma:{ mMcc=460 mMnc=01 mAlphaLong=CHN-UNICOM mAlphaShort=UNICOM} voiceSpecificStates=VoiceSpecificRegistrationStates { mCssSupported=false mRoamingIndicator=-1 mSystemIsInPrl=-1 mDefaultRoamingIndicator=-1} dataSpecificStates=null}
09-21 16:50:53.174  2197  2288 D RILJ    : [0933]< QUERY_NETWORK_SELECTION_MODE {0} [SUB1]
09-21 16:50:53.174  2197  2197 D SST[1]  : [1] EVENT_POLL_STATE_NETWORK_SELECTION_MODE
09-21 16:50:53.175  2197  2197 D SST[1]  : [1] EVENT_POLL_STATE_NETWORK_SELECTION_MODE
09-21 16:50:53.176  2197  2288 D RILJ    : [0932]< OPERATOR {, , } [SUB1]
09-21 16:50:53.177  2197  2288 D RILJ    : [0934]< DATA_REGISTRATION_STATE {.regState = NOT_REG_MT_NOT_SEARCHING_OP, .rat = 0, .reasonDataDenied = 0, .maxDataCalls = 20, .cellIdentity = {...}} [SUB1]
09-21 16:50:53.178  2197  2435 D NetworkRegistrationManager: onGetNetworkRegistrationStateComplete result 0 state NetworkRegistrationState{transportType=1 domain=PS regState=NOT_REG_NOT_SEARCHING accessNetworkTechnology=UNKNOWN reasonForDenial=0 emergencyEnabled=false supportedServices=null cellIdentity=null voiceSpecificStates=null dataSpecificStates=DataSpecificRegistrationStates { mMaxDataCalls=20}}
09-21 16:50:53.178  2197  2197 D SST[1]  : [1] Could not set ServiceState channel number. CellIdentity null
09-21 16:50:53.178  2197  2197 D SST[1]  : [1] handlPollStateResultMessage: GsmSST dataServiceState=1 regState=0 dataRadioTechnology=0
09-21 16:50:53.184  2197  2288 D RILJ    : [0935]< VOICE_REGISTRATION_STATE {.regState = NOT_REG_MT_SEARCHING_OP_EM, .rat = 3, .cssSupported = false, .roamingIndicator = -1, .systemIsInPrl = -1, .defaultRoamingIndicator = -1, .reasonForDenial = 0, .cellIdentity = {...}} [SUB1]
09-21 16:50:53.184  2197  2435 D NetworkRegistrationManager: onGetNetworkRegistrationStateComplete result 0 state NetworkRegistrationState{transportType=1 domain=CS regState=NOT_REG_SEARCHING accessNetworkTechnology=UMTS reasonForDenial=0 emergencyEnabled=true supportedServices=[I@92758ba cellIdentity=CellIdentityWcdma:{ mMcc=460 mMnc=01 mAlphaLong=CHN-UNICOM mAlphaShort=UNICOM} voiceSpecificStates=VoiceSpecificRegistrationStates { mCssSupported=false mRoamingIndicator=-1 mSystemIsInPrl=-1 mDefaultRoamingIndicator=-1} dataSpecificStates=null}
09-21 16:50:53.185  2197  2197 D SST[1]  : [1] handlPollVoiceRegResultMessage: regState=2 radioTechnology=3
09-21 16:50:53.188  2197  2197 D SST[1]  : [1] Poll ServiceState done:  oldSS=[{mVoiceRegState=1(OUT_OF_SERVICE), mDataRegState=1(OUT_OF_SERVICE), mChannelNumber=10763, duplexMode()=0, mCellBandwidths=[], mVoiceRoamingType=home, mDataRoamingType=home, mVoiceOperatorAlphaLong=, mVoiceOperatorAlphaShort=, mDataOperatorAlphaLong=, mDataOperatorAlphaShort=, isManualNetworkSelection=false(automatic), mRilVoiceRadioTechnology=3(UMTS), mRilDataRadioTechnology=0(Unknown), mCssIndicator=unsupported, mNetworkId=-1, mSystemId=-1, mCdmaRoamingIndicator=-1, mCdmaDefaultRoamingIndicator=-1, mIsEmergencyOnly=true, mIsDataRoamingFromRegistration=false, mIsUsingCarrierAggregation=false, mLteEarfcnRsrpBoost=0, mNetworkRegistrationStates=[NetworkRegistrationState{transportType=1 domain=PS regState=NOT_REG_NOT_SEARCHING accessNetworkTechnology=UNKNOWN reasonForDenial=0 emergencyEnabled=false supportedServices=null cellIdentity=null voiceSpecificStates=null dataSpecificStates=DataSpecificRegistrationStates { mMaxDataCalls=20}}, NetworkRegistrationState{transportType=1 domain=CS regState=NOT_REG_SEARCHING accessNetworkTechnology=UMTS reasonForDenial=0 emergencyEnabled=true supportedServices=[I@119de57 cellIdentity=CellIdentityWcdma:{ mMcc=460 mMnc=01 mAlphaLong=CHN-UNICOM mAlphaShort=UNICOM} voiceSpecificStates=VoiceSpecificRegistrationStates { mCssSupported=false mRoamingIndicator=-1 mSystemIsInPrl=-1 mDefaultRoamingIndicator=-1} dataSpecificStates=null}]}] newSS=[{mVoiceRegState=1(OUT_OF_SERVICE), mDataRegState=1(OUT_OF_SERVICE), mChannelNumber=10763, duplexMode()=0, mCellBandwidths=[], mVoiceRoamingType=home, mDataRoamingType=home, mVoiceOperatorAlphaLong=, mVoiceOperatorAlphaShort=, mDataOperatorAlphaLong=, mDataOperatorAlphaShort=, isManualNetworkSelection=false(automatic), mRilVoiceRadioTechnology=3(UMTS), mRilDataRadioTechnology=0(Unknown), mCssIndicator=unsupported, mNetworkId=-1, mSystemId=-1, mCdmaRoamingIndicator=-1, mCdmaDefaultRoamingIndicator=-1, mIsEmergencyOnly=true, mIsDataRoamingFromRegistration=false, mIsUsingCarrierAggregation=false, mLteEarfcnRsrpBoost=0, mNetworkRegistrationStates=[NetworkRegistrationState{transportType=1 domain=PS regState=NOT_REG_NOT_SEARCHING accessNetworkTechnology=UNKNOWN reasonForDenial=0 emergencyEnabled=false supportedServices=null cellIdentity=null voiceSpecificStates=null dataSpecificStates=DataSpecificRegistrationStates { mMaxDataCalls=20}}, NetworkRegistrationState{transportType=1 domain=CS regState=NOT_REG_SEARCHING accessNetworkTechnology=UMTS reasonForDenial=0 emergencyEnabled=true supportedServices=[I@92758ba cellIdentity=CellIdentityWcdma:{ mMcc=460 mMnc=01 mAlphaLong=CHN-UNICOM mAlphaShort=UNICOM} voiceSpecificStates=VoiceSpecificRegistrationStates { mCssSupported=false mRoamingIndicator=-1 mSystemIsInPrl=-1 mDefaultRoamingIndicator=-1} dataSpecificStates=null}]}] oldMaxDataCalls=20 mNewMaxDataCalls=20 oldReasonDataDenied=0 mNewReasonDataDenied=0
09-21 16:50:53.188  2197  2197 D SST[1]  : [1] pollStateDone: hasRegistered=false hasDeregistered=false hasDataAttached=false hasDataDetached=false hasDataRegStateChanged=false hasRilVoiceRadioTechnologyChanged= false hasRilDataRadioTechnologyChanged=false hasChanged=false hasVoiceRoamingOn=false hasVoiceRoamingOff=false hasDataRoamingOn=false hasDataRoamingOff=false hasLocationChanged=false has4gHandoff = false hasMultiApnSupport=false hasLostMultiApnSupport=false hasCssIndicatorChanged=false
09-21 16:50:50.161     0     0 E PL_AWAKE: PL_VOTER,1 same vote off of val=0
09-21 16:50:50.161     0     0 E PL_AWAKE: PL_VOTER,1 Ignoring similar vote off of val=0
09-21 16:50:53.718  1589  3371 D WificondControl: Scan result ready event
09-21 16:50:53.726  1027  8288 I LOWI-8.6.0.39: [LOWI-Scan] lowi_close_record:Scan done in 247866949ms, 18 APs in scan results
09-21 16:50:53.728  1589  1748 D WifiGbk : removing bss - Bss("上品+":00:1f:7a:5c:34:71, isGbk=false, security=NONE, level=-76, frequency=2467)
09-21 16:50:54.759   853  1020 E ThermalEngine: read_thermal_config
09-21 16:50:54.760   853  1020 D ThermalEngine: algo_monitor: Timer EVT
09-21 16:50:54.761   853  1020 I ThermalEngine: Sensor:sdm-therm:49090 mC
09-21 16:50:54.761   853  1020 D ThermalEngine: handle_timer_sig: SS Id SS-QUIET-THERM-GOLD3 Read sdm-therm 49090mC, Err -90mC, SampleCnt 1
09-21 16:50:54.761   853  1020 D ThermalEngine: handle_timer_sig: SS Id SS-QUIET-THERM-GOLD3, E0 -90mC, E1 0mC
09-21 16:50:54.761   853  1020 D ThermalEngine: devices_manager_set_op_value: DEV cpu6, op_value 1708800
09-21 16:50:54.761   853  1020 I ThermalEngine: increase_mitigation_lvl: SS Id SS-QUIET-THERM-GOLD3, Device cpu6, Req. 1708800kHz, Applied  1516800kHz, TC delay 0
09-21 16:50:54.762   853  1020 I ThermalEngine: Sensor:sdm-therm:49090 mC
09-21 16:50:54.763   853  1020 D ThermalEngine: handle_timer_sig: SS Id SS-QUIET-THERM-GOLD2 Read sdm-therm 49090mC, Err -2090mC, SampleCnt 1
09-21 16:50:54.763   853  1020 D ThermalEngine: handle_timer_sig: SS Id SS-QUIET-THERM-GOLD2, E0 -2090mC, E1 -1896mC
09-21 16:50:54.763   853  1020 D ThermalEngine: Already at device mitigation max limit
09-21 16:50:54.764   853  1020 I ThermalEngine: Sensor:sdm-therm:49090 mC
09-21 16:50:54.764   853  1020 D ThermalEngine: handle_timer_sig: SS Id SS-QUIET-THERM-GOLD Read sdm-therm 49090mC, Err -4090mC, SampleCnt 1
09-21 16:50:54.764   853  1020 D ThermalEngine: handle_timer_sig: SS Id SS-QUIET-THERM-GOLD, E0 -4090mC, E1 -3831mC
09-21 16:50:54.764   853  1020 D ThermalEngine: Already at device mitigation max limit
09-21 16:50:54.766   853  1020 I ThermalEngine: Sensor:sdm-therm:49090 mC
09-21 16:50:54.766   853  1020 D ThermalEngine: handle_timer_sig: SS Id SS-QUIET-THERM-SILVER3 Read sdm-therm 49090mC, Err -1090mC, SampleCnt 1
09-21 16:50:54.766   853  1020 D ThermalEngine: handle_timer_sig: SS Id SS-QUIET-THERM-SILVER3, E0 -1090mC, E1 -896mC
09-21 16:50:54.766   853  1020 D ThermalEngine: Already at device mitigation max limit
09-21 16:50:54.767   853  1020 I ThermalEngine: Sensor:sdm-therm:49090 mC
09-21 16:50:54.767   853  1020 D ThermalEngine: handle_timer_sig: SS Id SS-QUIET-THERM-SILVER2 Read sdm-therm 49090mC, Err -3090mC, SampleCnt 1
09-21 16:50:54.767   853  1020 D ThermalEngine: handle_timer_sig: SS Id SS-QUIET-THERM-SILVER2, E0 -3090mC, E1 -2896mC
09-21 16:50:54.767   853  1020 D ThermalEngine: Already at device mitigation max limit
09-21 16:50:54.768   853  1020 I ThermalEngine: Sensor:sdm-therm:49090 mC
09-21 16:50:54.768   853  1020 D ThermalEngine: handle_timer_sig: SS Id SS-QUIET-THERM-SILVER Read sdm-therm 49090mC, Err -5090mC, SampleCnt 1
09-21 16:50:54.768   853  1020 D ThermalEngine: handle_timer_sig: SS Id SS-QUIET-THERM-SILVER, E0 -5090mC, E1 -4896mC
09-21 16:50:54.768   853  1020 D ThermalEngine: Already at device mitigation max limit
09-21 16:50:54.769   853  1020 I ThermalEngine: settimer: Start timer 2.000(sec)
09-21 16:50:54.769   853  1020 D ThermalEngine: algo_monitor: Wait for EV
09-21 16:50:51.938     0     0 E pm6150_charger: wdog_snarl_irq_handler: IRQ: wdog-snarl
09-21 16:50:51.938     0     0 E AWAKE   : SW_THERM_REGULATION_VOTER,0 voting on of val=1
09-21 16:50:51.938     0     0 E AWAKE   : effective vote is now 1 voted by SW_THERM_REGULATION_VOTER,0
09-21 16:50:51.944     0     0 E pm6150_charger: smblib_process_thermal_readings: Current temperatures: 	DIE_TEMP: 515,	CONN_TEMP: 341,	SMB_TEMP: -61,	SKIN_TEMP: 490
09-21 16:50:51.944     0     0 E THERMAL_STATUS: 5
09-21 16:50:51.944     0     0 E AWAKE   : SW_THERM_REGULATION_VOTER,0 voting off of val=0
09-21 16:50:51.944     0     0 E AWAKE   : effective vote is now 0 voted by SW_THERM_REGULATION_VOTER,0
09-21 16:50:56.769   853  1020 E ThermalEngine: read_thermal_config
09-21 16:50:56.770   853  1020 D ThermalEngine: algo_monitor: Timer EVT
09-21 16:50:56.771   853  1020 I ThermalEngine: Sensor:sdm-therm:48961 mC
09-21 16:50:56.771   853  1020 D ThermalEngine: handle_timer_sig: SS Id SS-QUIET-THERM-GOLD3 Read sdm-therm 48961mC, Err 39mC, SampleCnt 1
09-21 16:50:56.771   853  1020 D ThermalEngine: handle_timer_sig: SS Id SS-QUIET-THERM-GOLD3, E0 39mC, E1 -90mC
09-21 16:50:56.771   853  1020 D ThermalEngine: devices_manager_set_op_value: DEV cpu6, op_value 1900800
09-21 16:50:56.771   853  1020 I ThermalEngine: decrease_mitigation_lvl: SS Id SS-QUIET-THERM-GOLD3, Device cpu6, Req. 1900800kHz, Applied  1516800kHz, TC delay 0
09-21 16:50:56.772   853  1020 I ThermalEngine: Sensor:sdm-therm:48961 mC
09-21 16:50:56.772   853  1020 D ThermalEngine: handle_timer_sig: SS Id SS-QUIET-THERM-GOLD2 Read sdm-therm 48961mC, Err -1961mC, SampleCnt 1
09-21 16:50:56.772   853  1020 D ThermalEngine: handle_timer_sig: SS Id SS-QUIET-THERM-GOLD2, E0 -1961mC, E1 -2090mC
09-21 16:50:56.772   853  1020 D ThermalEngine: Already at device mitigation max limit
09-21 16:50:56.773   853  1020 I ThermalEngine: Sensor:sdm-therm:48961 mC
09-21 16:50:56.774   853  1020 D ThermalEngine: handle_timer_sig: SS Id SS-QUIET-THERM-GOLD Read sdm-therm 48961mC, Err -3961mC, SampleCnt 1
09-21 16:50:56.774   853  1020 D ThermalEngine: handle_timer_sig: SS Id SS-QUIET-THERM-GOLD, E0 -3961mC, E1 -4090mC
09-21 16:50:56.774   853  1020 D ThermalEngine: Already at device mitigation max limit
09-21 16:50:56.775   853  1020 I ThermalEngine: Sensor:sdm-therm:48961 mC
09-21 16:50:56.775   853  1020 D ThermalEngine: handle_timer_sig: SS Id SS-QUIET-THERM-SILVER3 Read sdm-therm 48961mC, Err -961mC, SampleCnt 1
09-21 16:50:56.775   853  1020 D ThermalEngine: handle_timer_sig: SS Id SS-QUIET-THERM-SILVER3, E0 -961mC, E1 -1090mC
09-21 16:50:56.775   853  1020 D ThermalEngine: Already at device mitigation max limit
09-21 16:50:56.776   853  1020 I ThermalEngine: Sensor:sdm-therm:48961 mC
09-21 16:50:56.776   853  1020 D ThermalEngine: handle_timer_sig: SS Id SS-QUIET-THERM-SILVER2 Read sdm-therm 48961mC, Err -2961mC, SampleCnt 1
09-21 16:50:56.776   853  1020 D ThermalEngine: handle_timer_sig: SS Id SS-QUIET-THERM-SILVER2, E0 -2961mC, E1 -3090mC
09-21 16:50:56.776   853  1020 D ThermalEngine: Already at device mitigation max limit
09-21 16:50:56.781   853  1020 I ThermalEngine: Sensor:sdm-therm:48961 mC
09-21 16:50:56.781   853  1020 D ThermalEngine: handle_timer_sig: SS Id SS-QUIET-THERM-SILVER Read sdm-therm 48961mC, Err -4961mC, SampleCnt 1
09-21 16:50:56.781   853  1020 D ThermalEngine: handle_timer_sig: SS Id SS-QUIET-THERM-SILVER, E0 -4961mC, E1 -5090mC
09-21 16:50:56.781   853  1020 D ThermalEngine: Already at device mitigation max limit
09-21 16:50:56.781   853  1020 I ThermalEngine: settimer: Start timer 2.000(sec)
09-21 16:50:56.781   853  1020 D ThermalEngine: algo_monitor: Wait for EV
--------- beginning of system
09-21 16:50:57.687  1589  3371 D PerfShielderService: com.android.systemui|StatusBar|183|109426427873255|183|6|1
09-21 16:50:57.688  2713 25360 W MiuiPerfServiceClient: interceptAndQueuing:1851|com.android.systemui|183|183|unknown|null|StatusBar|109426427873255|Slow swap buffers|1
09-21 16:50:57.944  2197  2522 E PhoneInterfaceManager: [PhoneIntfMgr] checkCarrierPrivilegesForPackage: No UICC
09-21 16:50:57.950  2197  2522 E PhoneInterfaceManager: [PhoneIntfMgr] checkCarrierPrivilegesForPackage: No UICC
09-21 16:50:58.256  2317  2341 I QcrilOemhookMsgTunnel: [1]processOemHookIndication length=21
09-21 16:50:58.256  2317  2317 D QcrilMsgTunnelIfaceManager: handleMessage what = 0
09-21 16:50:58.257  2197  2288 D RILJ    : Unsol response received; Sending ack to ril.cpp [SUB1]
09-21 16:50:58.257  2197  2288 D RILJ    : [UNSL]< UNSOL_RESPONSE_NETWORK_STATE_CHANGED [SUB1]
09-21 16:50:58.258  2197  2372 D NetworkRegistrationManager: onNetworkStateChanged
09-21 16:50:58.258  2197  2197 D SST[1]  : [1] pollState: modemTriggered=true
09-21 16:50:58.261  2178  2178 D use-Rlog/RLOG-QC_RIL_OEM_HOOK: Received Broadcast Intent ACTION_UNSOL_RESPONSE_OEM_HOOK_RAW
09-21 16:50:58.261  2178  2178 D use-Rlog/RLOG-QC_RIL_OEM_HOOK: Oem ID in QCRILHOOK UNSOL RESP is QOEMHOOK
09-21 16:50:58.262  2197  2197 D RILJ    : [0937]> OPERATOR [SUB1]
09-21 16:50:58.262  2197  2197 D NetworkRegistrationManager: getNetworkRegistrationState domain 2
09-21 16:50:58.262  2197  2197 D NetworkRegistrationManager: getNetworkRegistrationState domain 1
09-21 16:50:58.264  2197  2197 D RILJ    : [0938]> QUERY_NETWORK_SELECTION_MODE [SUB1]
09-21 16:50:58.264  2197  2197 D use-Rlog/RLOG-QC_RIL_OEM_HOOK: Received Broadcast Intent ACTION_UNSOL_RESPONSE_OEM_HOOK_RAW
09-21 16:50:58.264  2197  2197 D use-Rlog/RLOG-QC_RIL_OEM_HOOK: Oem ID in QCRILHOOK UNSOL RESP is QOEMHOOK
09-21 16:50:58.264  2197  2197 D use-Rlog/RLOG-QC_RIL_OEM_HOOK: Received Broadcast Intent ACTION_UNSOL_RESPONSE_OEM_HOOK_RAW
09-21 16:50:58.264  2197  2197 D use-Rlog/RLOG-QC_RIL_OEM_HOOK: Oem ID in QCRILHOOK UNSOL RESP is QOEMHOOK
09-21 16:50:58.264  2197  2197 E use-Rlog/RLOG-QC_RIL_OEM_HOOK: QcRilOemHook notifyRegistrants Failed
09-21 16:50:58.264  2197  2197 D use-Rlog/RLOG-QC_RIL_OEM_HOOK: Received Broadcast Intent ACTION_UNSOL_RESPONSE_OEM_HOOK_RAW
09-21 16:50:58.264  2197  2197 D use-Rlog/RLOG-QC_RIL_OEM_HOOK: Oem ID in QCRILHOOK UNSOL RESP is QOEMHOOK
09-21 16:50:58.265  2197  2197 D use-Rlog/RLOG-QC_RIL_OEM_HOOK: Received Broadcast Intent ACTION_UNSOL_RESPONSE_OEM_HOOK_RAW
09-21 16:50:58.265  2197  2197 D use-Rlog/RLOG-QC_RIL_OEM_HOOK: Oem ID in QCRILHOOK UNSOL RESP is QOEMHOOK
09-21 16:50:58.265  2197  2197 D PhoneSwitcher: handle event - 108
09-21 16:50:58.267  2197  2372 D RILJ    : [0939]> DATA_REGISTRATION_STATE [SUB1]
09-21 16:50:58.267  2317  2341 I QcrilOemhookMsgTunnel: [1]processOemHookIndication length=21
09-21 16:50:58.268  2317  2317 D QcrilMsgTunnelIfaceManager: handleMessage what = 0
09-21 16:50:58.268  2197  2372 D RILJ    : [0940]> VOICE_REGISTRATION_STATE [SUB1]
09-21 16:50:58.271  2197  2288 D RILJ    : Unsol response received; Sending ack to ril.cpp [SUB1]
09-21 16:50:58.272  2197  2288 D RILJ    : [UNSL]< UNSOL_RESPONSE_NETWORK_STATE_CHANGED [SUB1]
09-21 16:50:58.275  2197  2197 D use-Rlog/RLOG-QC_RIL_OEM_HOOK: Received Broadcast Intent ACTION_UNSOL_RESPONSE_OEM_HOOK_RAW
09-21 16:50:58.274  2197  2372 D NetworkRegistrationManager: onNetworkStateChanged
09-21 16:50:58.275  2197  2197 D use-Rlog/RLOG-QC_RIL_OEM_HOOK: Oem ID in QCRILHOOK UNSOL RESP is QOEMHOOK
09-21 16:50:58.275  2197  2197 D use-Rlog/RLOG-QC_RIL_OEM_HOOK: Received Broadcast Intent ACTION_UNSOL_RESPONSE_OEM_HOOK_RAW
09-21 16:50:58.275  2197  2197 D use-Rlog/RLOG-QC_RIL_OEM_HOOK: Oem ID in QCRILHOOK UNSOL RESP is QOEMHOOK
09-21 16:50:58.275  2197  2197 E use-Rlog/RLOG-QC_RIL_OEM_HOOK: QcRilOemHook notifyRegistrants Failed
09-21 16:50:58.275  2197  2197 D use-Rlog/RLOG-QC_RIL_OEM_HOOK: Received Broadcast Intent ACTION_UNSOL_RESPONSE_OEM_HOOK_RAW
09-21 16:50:58.275  2197  2197 D use-Rlog/RLOG-QC_RIL_OEM_HOOK: Oem ID in QCRILHOOK UNSOL RESP is QOEMHOOK
09-21 16:50:58.275  2178  2178 D use-Rlog/RLOG-QC_RIL_OEM_HOOK: Received Broadcast Intent ACTION_UNSOL_RESPONSE_OEM_HOOK_RAW
09-21 16:50:58.275  2178  2178 D use-Rlog/RLOG-QC_RIL_OEM_HOOK: Oem ID in QCRILHOOK UNSOL RESP is QOEMHOOK
09-21 16:50:58.276  2197  2288 D RILJ    : [0937]< OPERATOR {, , } [SUB1]
09-21 16:50:58.276  2197  2197 D use-Rlog/RLOG-QC_RIL_OEM_HOOK: Received Broadcast Intent ACTION_UNSOL_RESPONSE_OEM_HOOK_RAW
09-21 16:50:58.276  2197  2197 D use-Rlog/RLOG-QC_RIL_OEM_HOOK: Oem ID in QCRILHOOK UNSOL RESP is QOEMHOOK
09-21 16:50:58.276  2197  2197 D SST[1]  : [1] pollState: modemTriggered=true
09-21 16:50:58.277  2197  2197 D RILJ    : [0942]> OPERATOR [SUB1]
09-21 16:50:58.277  2197  2197 D NetworkRegistrationManager: getNetworkRegistrationState domain 2
09-21 16:50:58.277  2197  2197 D NetworkRegistrationManager: getNetworkRegistrationState domain 1
09-21 16:50:58.278  2197  2197 D RILJ    : [0943]> QUERY_NETWORK_SELECTION_MODE [SUB1]
09-21 16:50:58.278  2197  2197 D PhoneSwitcher: handle event - 108
09-21 16:50:58.280  2197  2372 D RILJ    : [0944]> DATA_REGISTRATION_STATE [SUB1]
09-21 16:50:58.280  2197  2288 D RILJ    : [0942]< OPERATOR {, , } [SUB1]
09-21 16:50:58.281  2197  2372 D RILJ    : [0945]> VOICE_REGISTRATION_STATE [SUB1]
09-21 16:50:58.286  2197  2288 D RILJ    : [0940]< VOICE_REGISTRATION_STATE {.regState = NOT_REG_MT_SEARCHING_OP_EM, .rat = 3, .cssSupported = false, .roamingIndicator = -1, .systemIsInPrl = -1, .defaultRoamingIndicator = -1, .reasonForDenial = 0, .cellIdentity = {...}} [SUB1]
09-21 16:50:58.287  2197  2435 D NetworkRegistrationManager: onGetNetworkRegistrationStateComplete result 0 state NetworkRegistrationState{transportType=1 domain=CS regState=NOT_REG_SEARCHING accessNetworkTechnology=UMTS reasonForDenial=0 emergencyEnabled=true supportedServices=[I@3d53ee0 cellIdentity=CellIdentityWcdma:{ mMcc=460 mMnc=01 mAlphaLong=CHN-UNICOM mAlphaShort=UNICOM} voiceSpecificStates=VoiceSpecificRegistrationStates { mCssSupported=false mRoamingIndicator=-1 mSystemIsInPrl=-1 mDefaultRoamingIndicator=-1} dataSpecificStates=null}
09-21 16:50:58.287  2197  2288 D RILJ    : [0945]< VOICE_REGISTRATION_STATE {.regState = NOT_REG_MT_SEARCHING_OP_EM, .rat = 3, .cssSupported = false, .roamingIndicator = -1, .systemIsInPrl = -1, .defaultRoamingIndicator = -1, .reasonForDenial = 0, .cellIdentity = {...}} [SUB1]
09-21 16:50:58.287  2197  2435 D NetworkRegistrationManager: onGetNetworkRegistrationStateComplete result 0 state NetworkRegistrationState{transportType=1 domain=CS regState=NOT_REG_SEARCHING accessNetworkTechnology=UMTS reasonForDenial=0 emergencyEnabled=true supportedServices=[I@c343599 cellIdentity=CellIdentityWcdma:{ mMcc=460 mMnc=01 mAlphaLong=CHN-UNICOM mAlphaShort=UNICOM} voiceSpecificStates=VoiceSpecificRegistrationStates { mCssSupported=false mRoamingIndicator=-1 mSystemIsInPrl=-1 mDefaultRoamingIndicator=-1} dataSpecificStates=null}
09-21 16:50:58.288  2197  2197 D SST[1]  : [1] handlPollVoiceRegResultMessage: regState=2 radioTechnology=3
09-21 16:50:58.289  2197  2288 D RILJ    : [0938]< QUERY_NETWORK_SELECTION_MODE {0} [SUB1]
09-21 16:50:58.290  2197  2288 D RILJ    : [0943]< QUERY_NETWORK_SELECTION_MODE {0} [SUB1]
09-21 16:50:58.292  2197  2197 D SST[1]  : [1] EVENT_POLL_STATE_NETWORK_SELECTION_MODE
09-21 16:50:58.292  2197  2197 D SST[1]  : [1] EVENT_POLL_STATE_NETWORK_SELECTION_MODE
09-21 16:50:58.292  2197  2288 D RILJ    : [0939]< DATA_REGISTRATION_STATE {.regState = NOT_REG_MT_NOT_SEARCHING_OP, .rat = 0, .reasonDataDenied = 0, .maxDataCalls = 20, .cellIdentity = {...}} [SUB1]
09-21 16:50:58.293  2197  2435 D NetworkRegistrationManager: onGetNetworkRegistrationStateComplete result 0 state NetworkRegistrationState{transportType=1 domain=PS regState=NOT_REG_NOT_SEARCHING accessNetworkTechnology=UNKNOWN reasonForDenial=0 emergencyEnabled=false supportedServices=null cellIdentity=null voiceSpecificStates=null dataSpecificStates=DataSpecificRegistrationStates { mMaxDataCalls=20}}
09-21 16:50:58.293  2197  2288 D RILJ    : [0944]< DATA_REGISTRATION_STATE {.regState = NOT_REG_MT_NOT_SEARCHING_OP, .rat = 0, .reasonDataDenied = 0, .maxDataCalls = 20, .cellIdentity = {...}} [SUB1]
09-21 16:50:58.293  2197  2435 D NetworkRegistrationManager: onGetNetworkRegistrationStateComplete result 0 state NetworkRegistrationState{transportType=1 domain=PS regState=NOT_REG_NOT_SEARCHING accessNetworkTechnology=UNKNOWN reasonForDenial=0 emergencyEnabled=false supportedServices=null cellIdentity=null voiceSpecificStates=null dataSpecificStates=DataSpecificRegistrationStates { mMaxDataCalls=20}}
09-21 16:50:58.294  2197  2197 D SST[1]  : [1] Could not set ServiceState channel number. CellIdentity null
09-21 16:50:58.294  2197  2197 D SST[1]  : [1] handlPollStateResultMessage: GsmSST dataServiceState=1 regState=0 dataRadioTechnology=0
09-21 16:50:58.297  2197  2197 D SST[1]  : [1] Poll ServiceState done:  oldSS=[{mVoiceRegState=1(OUT_OF_SERVICE), mDataRegState=1(OUT_OF_SERVICE), mChannelNumber=10763, duplexMode()=0, mCellBandwidths=[], mVoiceRoamingType=home, mDataRoamingType=home, mVoiceOperatorAlphaLong=, mVoiceOperatorAlphaShort=, mDataOperatorAlphaLong=, mDataOperatorAlphaShort=, isManualNetworkSelection=false(automatic), mRilVoiceRadioTechnology=3(UMTS), mRilDataRadioTechnology=0(Unknown), mCssIndicator=unsupported, mNetworkId=-1, mSystemId=-1, mCdmaRoamingIndicator=-1, mCdmaDefaultRoamingIndicator=-1, mIsEmergencyOnly=true, mIsDataRoamingFromRegistration=false, mIsUsingCarrierAggregation=false, mLteEarfcnRsrpBoost=0, mNetworkRegistrationStates=[NetworkRegistrationState{transportType=1 domain=PS regState=NOT_REG_NOT_SEARCHING accessNetworkTechnology=UNKNOWN reasonForDenial=0 emergencyEnabled=false supportedServices=null cellIdentity=null voiceSpecificStates=null dataSpecificStates=DataSpecificRegistrationStates { mMaxDataCalls=20}}, NetworkRegistrationState{transportType=1 domain=CS regState=NOT_REG_SEARCHING accessNetworkTechnology=UMTS reasonForDenial=0 emergencyEnabled=true supportedServices=[I@92758ba cellIdentity=CellIdentityWcdma:{ mMcc=460 mMnc=01 mAlphaLong=CHN-UNICOM mAlphaShort=UNICOM} voiceSpecificStates=VoiceSpecificRegistrationStates { mCssSupported=false mRoamingIndicator=-1 mSystemIsInPrl=-1 mDefaultRoamingIndicator=-1} dataSpecificStates=null}]}] newSS=[{mVoiceRegState=1(OUT_OF_SERVICE), mDataRegState=1(OUT_OF_SERVICE), mChannelNumber=10763, duplexMode()=0, mCellBandwidths=[], mVoiceRoamingType=home, mDataRoamingType=home, mVoiceOperatorAlphaLong=, mVoiceOperatorAlphaShort=, mDataOperatorAlphaLong=, mDataOperatorAlphaShort=, isManualNetworkSelection=false(automatic), mRilVoiceRadioTechnology=3(UMTS), mRilDataRadioTechnology=0(Unknown), mCssIndicator=unsupported, mNetworkId=-1, mSystemId=-1, mCdmaRoamingIndicator=-1, mCdmaDefaultRoamingIndicator=-1, mIsEmergencyOnly=true, mIsDataRoamingFromRegistration=false, mIsUsingCarrierAggregation=false, mLteEarfcnRsrpBoost=0, mNetworkRegistrationStates=[NetworkRegistrationState{transportType=1 domain=CS regState=NOT_REG_SEARCHING accessNetworkTechnology=UMTS reasonForDenial=0 emergencyEnabled=true supportedServices=[I@c343599 cellIdentity=CellIdentityWcdma:{ mMcc=460 mMnc=01 mAlphaLong=CHN-UNICOM mAlphaShort=UNICOM} voiceSpecificStates=VoiceSpecificRegistrationStates { mCssSupported=false mRoamingIndicator=-1 mSystemIsInPrl=-1 mDefaultRoamingIndicator=-1} dataSpecificStates=null}, NetworkRegistrationState{transportType=1 domain=PS regState=NOT_REG_NOT_SEARCHING accessNetworkTechnology=UNKNOWN reasonForDenial=0 emergencyEnabled=false supportedServices=null cellIdentity=null voiceSpecificStates=null dataSpecificStates=DataSpecificRegistrationStates { mMaxDataCalls=20}}]}] oldMaxDataCalls=20 mNewMaxDataCalls=20 oldReasonDataDenied=0 mNewReasonDataDenied=0
09-21 16:50:58.297  2197  2197 D SST[1]  : [1] pollStateDone: hasRegistered=false hasDeregistered=false hasDataAttached=false hasDataDetached=false hasDataRegStateChanged=false hasRilVoiceRadioTechnologyChanged= false hasRilDataRadioTechnologyChanged=false hasChanged=false hasVoiceRoamingOn=false hasVoiceRoamingOff=false hasDataRoamingOn=false hasDataRoamingOff=false hasLocationChanged=false has4gHandoff = false hasMultiApnSupport=false hasLostMultiApnSupport=false hasCssIndicatorChanged=false
09-21 16:50:54.961     0     0 I addr=4842 mask: 01 val: 01
09-21 16:50:54.961     0     0 I         : length 2 addr=48c6
09-21 16:50:54.961     0     0 I val[0]  : bd
09-21 16:50:54.961     0     0 I val[1]  : 01
09-21 16:50:54.961     0     0 I addr=4842 mask: 01 val: 00
09-21 16:50:54.961     0     0 I         : length 2 addr=48c0
09-21 16:50:54.961     0     0 I val[0]  : b8
09-21 16:50:54.961     0     0 I val[1]  : 50
09-21 16:50:54.961     0     0 E ALG     : get_time_to_full_locked: TTF: msoc=78
09-21 16:50:54.961     0     0 I QG-K    : qg_get_learned_capacity: Retrieved learned capacity 2576000uah
09-21 16:50:54.961     0     0 E ALG     : get_time_to_full_locked: TTF: ibatt_avg=200 vbatt_avg=4020 rbatt=212 act_cap_mah=2425
09-21 16:50:54.961     0     0 E ALG     : get_time_to_full_locked: TTF: mode: 0
09-21 16:50:54.961     0     0 E ALG     : get_time_to_full_locked: TTF: i_cc2cv=182
09-21 16:50:54.961     0     0 E ALG     : get_time_to_full_locked: TTF: soc_cc2cv=96
09-21 16:50:54.961     0     0 E ALG     : get_time_to_full_locked: TTF: t_predicted_cc=8227
09-21 16:50:54.961     0     0 E ALG     : get_time_to_full_locked: TTF: iterm=201
09-21 16:50:54.961     0     0 E ALG     : get_time_to_full_locked: TTF: tau=0
09-21 16:50:54.961     0     0 E ALG     : get_time_to_full_locked: TTF: t_predicted_cv=0
09-21 16:50:54.961     0     0 E ALG     : get_time_to_full_locked: TTF: t_predicted_prefilter=8227
09-21 16:50:54.961     0     0 E ALG     : get_time_to_full_locked: TTF: ttf_slope=-100
09-21 16:50:54.961     0     0 E ALG     : get_time_to_full_locked: TTF: t_predicted_postfilter=6803
09-21 16:50:54.961     0     0 E QG_WS   : TTF_AWAKE_VOTER,5 same vote off of val=0
09-21 16:50:54.961     0     0 E QG_WS   : TTF_AWAKE_VOTER,5 Ignoring similar vote off of val=0
09-21 16:50:58.782   853  1020 E ThermalEngine: read_thermal_config
09-21 16:50:58.782   853  1020 D ThermalEngine: algo_monitor: Timer EVT
09-21 16:50:58.783   853  1020 I ThermalEngine: Sensor:sdm-therm:48961 mC
09-21 16:50:58.783   853  1020 D ThermalEngine: handle_timer_sig: SS Id SS-QUIET-THERM-GOLD3 Read sdm-therm 48961mC, Err 39mC, SampleCnt 1
09-21 16:50:58.783   853  1020 D ThermalEngine: handle_timer_sig: SS Id SS-QUIET-THERM-GOLD3, E0 39mC, E1 39mC
09-21 16:50:58.783   853  1020 D ThermalEngine: devices_manager_set_op_value: DEV cpu6, op_value 2016000
09-21 16:50:58.783   853  1020 I ThermalEngine: decrease_mitigation_lvl: SS Id SS-QUIET-THERM-GOLD3, Device cpu6, Req. 2016000kHz, Applied  1516800kHz, TC delay 0
09-21 16:50:58.784   853  1020 I ThermalEngine: Sensor:sdm-therm:48896 mC
09-21 16:50:58.784   853  1020 D ThermalEngine: handle_thresh_sig: SS Id SS-QUIET-THERM-GOLD3, Read sdm-therm 48896mC
09-21 16:50:58.784   853  1020 I ThermalEngine: handle_thresh_sig: SS Id SS-QUIET-THERM-GOLD3 Transition State 3
09-21 16:50:58.784   853  1020 D ThermalEngine: device_clnt_cancel_request: DEV cpu6
09-21 16:50:58.784   853  1020 D ThermalEngine: sensors_manager_set_thresh_lvl: sdm-therm Hi(1) 49000, Lo(0) 0, desc:0 Interval(0) 0
09-21 16:50:58.784   853  1020 D ThermalEngine: update_active_thresh: sdm-therm Active(1), Hi(1) 49000, Lo(1) 47000, desc(0) Interval(1) 1000
09-21 16:50:58.784   853  1020 D ThermalEngine: Setting up thresholds high: 49000
09-21 16:50:58.785   853  1020 D ThermalEngine: writing:49000 in fd:50 bytes:5
09-21 16:50:58.787   853   963 D ThermalEngine: zone:62 sensor:sdm-therm temp:48961 trip:0 event:0
09-21 16:50:58.788   853  1020 I ThermalEngine: Sensor:sdm-therm:48896 mC
09-21 16:50:58.788   853   967 D ThermalEngine: sensor_monitor: sdm-therm Reading 48961 .
09-21 16:50:58.788   853  1020 D ThermalEngine: handle_timer_sig: SS Id SS-QUIET-THERM-GOLD2 Read sdm-therm 48896mC, Err -1896mC, SampleCnt 1
09-21 16:50:58.788   853   967 I ThermalEngine: Sensor:sdm-therm:48961 mC
09-21 16:50:58.788   853  1020 D ThermalEngine: handle_timer_sig: SS Id SS-QUIET-THERM-GOLD2, E0 -1896mC, E1 -1961mC
09-21 16:50:58.788   853   967 D ThermalEngine: update_active_thresh: sdm-therm Active(1), Hi(1) 49000, Lo(1) 47000, desc(0) Interval(1) 1000
09-21 16:50:58.788   853  1020 D ThermalEngine: Already at device mitigation max limit
09-21 16:50:58.788   853   967 D ThermalEngine: sensor_monitor: sdm-therm Sensor wait.
09-21 16:50:58.789   853  1020 I ThermalEngine: Sensor:sdm-therm:48896 mC
09-21 16:50:58.789   853  1020 D ThermalEngine: handle_timer_sig: SS Id SS-QUIET-THERM-GOLD Read sdm-therm 48896mC, Err -3896mC, SampleCnt 1
09-21 16:50:58.789   853  1020 D ThermalEngine: handle_timer_sig: SS Id SS-QUIET-THERM-GOLD, E0 -3896mC, E1 -3961mC
09-21 16:50:58.790   853  1020 D ThermalEngine: Already at device mitigation max limit
09-21 16:50:58.791   853  1020 I ThermalEngine: Sensor:sdm-therm:48961 mC
09-21 16:50:58.791   853  1020 D ThermalEngine: handle_timer_sig: SS Id SS-QUIET-THERM-SILVER3 Read sdm-therm 48961mC, Err -961mC, SampleCnt 1
09-21 16:50:58.791   853  1020 D ThermalEngine: handle_timer_sig: SS Id SS-QUIET-THERM-SILVER3, E0 -961mC, E1 -961mC
09-21 16:50:58.791   853  1020 D ThermalEngine: Already at device mitigation max limit
09-21 16:50:58.792   853  1020 I ThermalEngine: Sensor:sdm-therm:48896 mC
09-21 16:50:58.792   853  1020 D ThermalEngine: handle_timer_sig: SS Id SS-QUIET-THERM-SILVER2 Read sdm-therm 48896mC, Err -2896mC, SampleCnt 1
09-21 16:50:58.792   853  1020 D ThermalEngine: handle_timer_sig: SS Id SS-QUIET-THERM-SILVER2, E0 -2896mC, E1 -2961mC
09-21 16:50:58.792   853  1020 D ThermalEngine: Already at device mitigation max limit
09-21 16:50:58.793   853  1020 I ThermalEngine: Sensor:sdm-therm:48896 mC
09-21 16:50:58.793   853  1020 D ThermalEngine: handle_timer_sig: SS Id SS-QUIET-THERM-SILVER Read sdm-therm 48896mC, Err -4896mC, SampleCnt 1
09-21 16:50:58.793   853  1020 D ThermalEngine: handle_timer_sig: SS Id SS-QUIET-THERM-SILVER, E0 -4896mC, E1 -4961mC
09-21 16:50:58.793   853  1020 D ThermalEngine: Already at device mitigation max limit
09-21 16:50:58.793   853  1020 I ThermalEngine: settimer: Start timer 2.000(sec)
09-21 16:50:58.793   853  1020 D ThermalEngine: algo_monitor: Wait for EV
09-21 16:50:59.778  2197 19084 E PhoneInterfaceManager: [PhoneIntfMgr] checkCarrierPrivilegesForPackage: No UICC
09-21 16:50:59.784  2197 19084 E PhoneInterfaceManager: [PhoneIntfMgr] checkCarrierPrivilegesForPackage: No UICC
09-21 16:51:00.004  1851  1851 D KeyguardUpdateMonitor: handleTimeUpdate
09-21 16:51:00.793   853  1020 E ThermalEngine: read_thermal_config
09-21 16:51:00.794   853  1020 D ThermalEngine: algo_monitor: Timer EVT
09-21 16:51:00.795   853  1020 I ThermalEngine: Sensor:sdm-therm:48896 mC
09-21 16:51:00.795   853  1020 D ThermalEngine: handle_timer_sig: SS Id SS-QUIET-THERM-GOLD2 Read sdm-therm 48896mC, Err -1896mC, SampleCnt 1
09-21 16:51:00.795   853  1020 D ThermalEngine: handle_timer_sig: SS Id SS-QUIET-THERM-GOLD2, E0 -1896mC, E1 -1896mC
09-21 16:51:00.795   853  1020 D ThermalEngine: Already at device mitigation max limit
09-21 16:51:00.797   853  1020 I ThermalEngine: Sensor:sdm-therm:48896 mC
09-21 16:51:00.797   853  1020 D ThermalEngine: handle_timer_sig: SS Id SS-QUIET-THERM-GOLD Read sdm-therm 48896mC, Err -3896mC, SampleCnt 1
09-21 16:51:00.797   853  1020 D ThermalEngine: handle_timer_sig: SS Id SS-QUIET-THERM-GOLD, E0 -3896mC, E1 -3896mC
09-21 16:51:00.797   853  1020 D ThermalEngine: Already at device mitigation max limit
09-21 16:51:00.798   853  1020 I ThermalEngine: Sensor:sdm-therm:48896 mC
09-21 16:51:00.798   853  1020 D ThermalEngine: handle_timer_sig: SS Id SS-QUIET-THERM-SILVER3 Read sdm-therm 48896mC, Err -896mC, SampleCnt 1
09-21 16:51:00.798   853  1020 D ThermalEngine: handle_timer_sig: SS Id SS-QUIET-THERM-SILVER3, E0 -896mC, E1 -961mC
09-21 16:51:00.798   853  1020 D ThermalEngine: Already at device mitigation max limit
09-21 16:51:00.800   853  1020 I ThermalEngine: Sensor:sdm-therm:48896 mC
09-21 16:51:00.800   853  1020 D ThermalEngine: handle_timer_sig: SS Id SS-QUIET-THERM-SILVER2 Read sdm-therm 48896mC, Err -2896mC, SampleCnt 1
09-21 16:51:00.800   853  1020 D ThermalEngine: handle_timer_sig: SS Id SS-QUIET-THERM-SILVER2, E0 -2896mC, E1 -2896mC
09-21 16:51:00.800   853  1020 D ThermalEngine: Already at device mitigation max limit
09-21 16:51:00.814   853  1020 I ThermalEngine: Sensor:sdm-therm:48896 mC
09-21 16:51:00.814   853  1020 D ThermalEngine: handle_timer_sig: SS Id SS-QUIET-THERM-SILVER Read sdm-therm 48896mC, Err -4896mC, SampleCnt 1
09-21 16:51:00.814   853  1020 D ThermalEngine: handle_timer_sig: SS Id SS-QUIET-THERM-SILVER, E0 -4896mC, E1 -4896mC
09-21 16:51:00.814   853  1020 D ThermalEngine: Already at device mitigation max limit
09-21 16:51:00.814   853  1020 I ThermalEngine: settimer: Start timer 2.000(sec)
09-21 16:51:00.814   853  1020 D ThermalEngine: algo_monitor: Wait for EV
09-21 16:51:02.814   853  1020 E ThermalEngine: read_thermal_config
09-21 16:51:02.815   853  1020 D ThermalEngine: algo_monitor: Timer EVT
09-21 16:51:02.816   853  1020 I ThermalEngine: Sensor:sdm-therm:48896 mC
09-21 16:51:02.816   853  1020 D ThermalEngine: handle_timer_sig: SS Id SS-QUIET-THERM-GOLD2 Read sdm-therm 48896mC, Err -1896mC, SampleCnt 1
09-21 16:51:02.816   853  1020 D ThermalEngine: handle_timer_sig: SS Id SS-QUIET-THERM-GOLD2, E0 -1896mC, E1 -1896mC
09-21 16:51:02.816   853  1020 D ThermalEngine: Already at device mitigation max limit
09-21 16:51:02.817   853  1020 I ThermalEngine: Sensor:sdm-therm:48896 mC
09-21 16:51:02.817   853  1020 D ThermalEngine: handle_timer_sig: SS Id SS-QUIET-THERM-GOLD Read sdm-therm 48896mC, Err -3896mC, SampleCnt 1
09-21 16:51:02.817   853  1020 D ThermalEngine: handle_timer_sig: SS Id SS-QUIET-THERM-GOLD, E0 -3896mC, E1 -3896mC
09-21 16:51:02.817   853  1020 D ThermalEngine: Already at device mitigation max limit
09-21 16:51:02.818   853  1020 I ThermalEngine: Sensor:sdm-therm:48896 mC
09-21 16:51:02.818   853  1020 D ThermalEngine: handle_timer_sig: SS Id SS-QUIET-THERM-SILVER3 Read sdm-therm 48896mC, Err -896mC, SampleCnt 1
09-21 16:51:02.818   853  1020 D ThermalEngine: handle_timer_sig: SS Id SS-QUIET-THERM-SILVER3, E0 -896mC, E1 -896mC
09-21 16:51:02.818   853  1020 D ThermalEngine: Already at device mitigation max limit
09-21 16:51:02.820   853  1020 I ThermalEngine: Sensor:sdm-therm:48896 mC
09-21 16:51:02.820   853  1020 D ThermalEngine: handle_timer_sig: SS Id SS-QUIET-THERM-SILVER2 Read sdm-therm 48896mC, Err -2896mC, SampleCnt 1
09-21 16:51:02.820   853  1020 D ThermalEngine: handle_timer_sig: SS Id SS-QUIET-THERM-SILVER2, E0 -2896mC, E1 -2896mC
09-21 16:51:02.820   853  1020 D ThermalEngine: Already at device mitigation max limit
09-21 16:51:02.821   853  1020 I ThermalEngine: Sensor:sdm-therm:48896 mC
09-21 16:51:02.821   853  1020 D ThermalEngine: handle_timer_sig: SS Id SS-QUIET-THERM-SILVER Read sdm-therm 48896mC, Err -4896mC, SampleCnt 1
09-21 16:51:02.821   853  1020 D ThermalEngine: handle_timer_sig: SS Id SS-QUIET-THERM-SILVER, E0 -4896mC, E1 -4896mC
09-21 16:51:02.821   853  1020 D ThermalEngine: Already at device mitigation max limit
09-21 16:51:02.821   853  1020 I ThermalEngine: settimer: Start timer 2.000(sec)
09-21 16:51:02.821   853  1020 D ThermalEngine: algo_monitor: Wait for EV
09-21 16:51:03.372  2317  2341 I QcrilOemhookMsgTunnel: [1]processOemHookIndication length=21
09-21 16:51:03.373  2317  2317 D QcrilMsgTunnelIfaceManager: handleMessage what = 0
09-21 16:51:03.375  2197  2288 D RILJ    : Unsol response received; Sending ack to ril.cpp [SUB1]
09-21 16:51:03.375  2197  2288 D RILJ    : [UNSL]< UNSOL_RESPONSE_NETWORK_STATE_CHANGED [SUB1]
09-21 16:51:03.375  2197  2372 D NetworkRegistrationManager: onNetworkStateChanged
09-21 16:51:03.376  2197  2197 D SST[1]  : [1] pollState: modemTriggered=true
09-21 16:51:03.377  2197  2197 D RILJ    : [0947]> OPERATOR [SUB1]
09-21 16:51:03.378  2197  2197 D NetworkRegistrationManager: getNetworkRegistrationState domain 2
09-21 16:51:03.378  2197  2197 D NetworkRegistrationManager: getNetworkRegistrationState domain 1
09-21 16:51:03.381  2178  2178 D use-Rlog/RLOG-QC_RIL_OEM_HOOK: Received Broadcast Intent ACTION_UNSOL_RESPONSE_OEM_HOOK_RAW
09-21 16:51:03.381  2178  2178 D use-Rlog/RLOG-QC_RIL_OEM_HOOK: Oem ID in QCRILHOOK UNSOL RESP is QOEMHOOK
09-21 16:51:03.383  2197  2197 D RILJ    : [0948]> QUERY_NETWORK_SELECTION_MODE [SUB1]
09-21 16:51:03.383  2197  2197 D use-Rlog/RLOG-QC_RIL_OEM_HOOK: Received Broadcast Intent ACTION_UNSOL_RESPONSE_OEM_HOOK_RAW
09-21 16:51:03.383  2197  2197 D use-Rlog/RLOG-QC_RIL_OEM_HOOK: Oem ID in QCRILHOOK UNSOL RESP is QOEMHOOK
09-21 16:51:03.384  2197  2197 D use-Rlog/RLOG-QC_RIL_OEM_HOOK: Received Broadcast Intent ACTION_UNSOL_RESPONSE_OEM_HOOK_RAW
09-21 16:51:03.384  2197  2197 D use-Rlog/RLOG-QC_RIL_OEM_HOOK: Oem ID in QCRILHOOK UNSOL RESP is QOEMHOOK
09-21 16:51:03.384  2197  2197 E use-Rlog/RLOG-QC_RIL_OEM_HOOK: QcRilOemHook notifyRegistrants Failed
09-21 16:51:03.384  2197  2197 D use-Rlog/RLOG-QC_RIL_OEM_HOOK: Received Broadcast Intent ACTION_UNSOL_RESPONSE_OEM_HOOK_RAW
09-21 16:51:03.384  2197  2197 D use-Rlog/RLOG-QC_RIL_OEM_HOOK: Oem ID in QCRILHOOK UNSOL RESP is QOEMHOOK
09-21 16:51:03.384  2197  2197 D use-Rlog/RLOG-QC_RIL_OEM_HOOK: Received Broadcast Intent ACTION_UNSOL_RESPONSE_OEM_HOOK_RAW
09-21 16:51:03.384  2197  2197 D use-Rlog/RLOG-QC_RIL_OEM_HOOK: Oem ID in QCRILHOOK UNSOL RESP is QOEMHOOK
09-21 16:51:03.384  2197  2197 D PhoneSwitcher: handle event - 108
09-21 16:51:03.387  2197  2372 D RILJ    : [0949]> DATA_REGISTRATION_STATE [SUB1]
09-21 16:51:03.388  2197  2372 D RILJ    : [0950]> VOICE_REGISTRATION_STATE [SUB1]
09-21 16:51:03.393  2317  2341 I QcrilOemhookMsgTunnel: [1]processOemHookIndication length=21
09-21 16:51:03.394  2317  2317 D QcrilMsgTunnelIfaceManager: handleMessage what = 0
09-21 16:51:03.394  2197  2288 D RILJ    : Unsol response received; Sending ack to ril.cpp [SUB1]
09-21 16:51:03.394  2197  2288 D RILJ    : [UNSL]< UNSOL_RESPONSE_NETWORK_STATE_CHANGED [SUB1]
09-21 16:51:03.395  2197  2372 D NetworkRegistrationManager: onNetworkStateChanged
09-21 16:51:03.395  2197  2197 D SST[1]  : [1] pollState: modemTriggered=true
09-21 16:51:03.397  2178  2178 D use-Rlog/RLOG-QC_RIL_OEM_HOOK: Received Broadcast Intent ACTION_UNSOL_RESPONSE_OEM_HOOK_RAW
09-21 16:51:03.397  2197  2197 D RILJ    : [0952]> OPERATOR [SUB1]
09-21 16:51:03.397  2178  2178 D use-Rlog/RLOG-QC_RIL_OEM_HOOK: Oem ID in QCRILHOOK UNSOL RESP is QOEMHOOK
09-21 16:51:03.398  2197  2197 D NetworkRegistrationManager: getNetworkRegistrationState domain 2
09-21 16:51:03.398  2197  2197 D NetworkRegistrationManager: getNetworkRegistrationState domain 1
09-21 16:51:03.401  2197  2197 D RILJ    : [0953]> QUERY_NETWORK_SELECTION_MODE [SUB1]
09-21 16:51:03.401  2197  2197 D use-Rlog/RLOG-QC_RIL_OEM_HOOK: Received Broadcast Intent ACTION_UNSOL_RESPONSE_OEM_HOOK_RAW
09-21 16:51:03.402  2197  2197 D use-Rlog/RLOG-QC_RIL_OEM_HOOK: Oem ID in QCRILHOOK UNSOL RESP is QOEMHOOK
09-21 16:51:03.402  2197  2197 D use-Rlog/RLOG-QC_RIL_OEM_HOOK: Received Broadcast Intent ACTION_UNSOL_RESPONSE_OEM_HOOK_RAW
09-21 16:51:03.402  2197  2197 D use-Rlog/RLOG-QC_RIL_OEM_HOOK: Oem ID in QCRILHOOK UNSOL RESP is QOEMHOOK
09-21 16:51:03.402  2197  2197 E use-Rlog/RLOG-QC_RIL_OEM_HOOK: QcRilOemHook notifyRegistrants Failed
09-21 16:51:03.402  2197  2197 D use-Rlog/RLOG-QC_RIL_OEM_HOOK: Received Broadcast Intent ACTION_UNSOL_RESPONSE_OEM_HOOK_RAW
09-21 16:51:03.402  2197  2197 D use-Rlog/RLOG-QC_RIL_OEM_HOOK: Oem ID in QCRILHOOK UNSOL RESP is QOEMHOOK
09-21 16:51:03.402  2197  2197 D use-Rlog/RLOG-QC_RIL_OEM_HOOK: Received Broadcast Intent ACTION_UNSOL_RESPONSE_OEM_HOOK_RAW
09-21 16:51:03.402  2197  2197 D use-Rlog/RLOG-QC_RIL_OEM_HOOK: Oem ID in QCRILHOOK UNSOL RESP is QOEMHOOK
09-21 16:51:03.402  2197  2197 D PhoneSwitcher: handle event - 108
09-21 16:51:03.402  2197  2372 D RILJ    : [0954]> DATA_REGISTRATION_STATE [SUB1]
09-21 16:51:03.403  2197  2288 D RILJ    : [0947]< OPERATOR {, , } [SUB1]
09-21 16:51:03.404  2197  2372 D RILJ    : [0955]> VOICE_REGISTRATION_STATE [SUB1]
09-21 16:51:03.404  2197  2288 D RILJ    : [0952]< OPERATOR {, , } [SUB1]
09-21 16:51:03.405  2197  2288 D RILJ    : [0948]< QUERY_NETWORK_SELECTION_MODE {0} [SUB1]
09-21 16:51:03.405  2197  2288 D RILJ    : [0953]< QUERY_NETWORK_SELECTION_MODE {0} [SUB1]
09-21 16:51:03.410  2197  2197 D SST[1]  : [1] EVENT_POLL_STATE_NETWORK_SELECTION_MODE
09-21 16:51:03.410  2197  2197 D SST[1]  : [1] EVENT_POLL_STATE_NETWORK_SELECTION_MODE
09-21 16:51:03.416  2197  2288 D RILJ    : [0950]< VOICE_REGISTRATION_STATE {.regState = NOT_REG_MT_SEARCHING_OP_EM, .rat = 3, .cssSupported = false, .roamingIndicator = -1, .systemIsInPrl = -1, .defaultRoamingIndicator = -1, .reasonForDenial = 0, .cellIdentity = {...}} [SUB1]
09-21 16:51:03.416  2197  2435 D NetworkRegistrationManager: onGetNetworkRegistrationStateComplete result 0 state NetworkRegistrationState{transportType=1 domain=CS regState=NOT_REG_SEARCHING accessNetworkTechnology=UMTS reasonForDenial=0 emergencyEnabled=true supportedServices=[I@8355437 cellIdentity=CellIdentityWcdma:{ mMcc=460 mMnc=01 mAlphaLong=CHN-UNICOM mAlphaShort=UNICOM} voiceSpecificStates=VoiceSpecificRegistrationStates { mCssSupported=false mRoamingIndicator=-1 mSystemIsInPrl=-1 mDefaultRoamingIndicator=-1} dataSpecificStates=null}
09-21 16:51:03.417  2197  2288 D RILJ    : [0955]< VOICE_REGISTRATION_STATE {.regState = NOT_REG_MT_SEARCHING_OP_EM, .rat = 3, .cssSupported = false, .roamingIndicator = -1, .systemIsInPrl = -1, .defaultRoamingIndicator = -1, .reasonForDenial = 0, .cellIdentity = {...}} [SUB1]
