09-21 16:51:03.417  2197  2435 D NetworkRegistrationManager: onGetNetworkRegistrationStateComplete result 0 state NetworkRegistrationState{transportType=1 domain=CS regState=NOT_REG_SEARCHING accessNetworkTechnology=UMTS reasonForDenial=0 emergencyEnabled=true supportedServices=[I@7e7cda4 cellIdentity=CellIdentityWcdma:{ mMcc=460 mMnc=01 mAlphaLong=CHN-UNICOM mAlphaShort=UNICOM} voiceSpecificStates=VoiceSpecificRegistrationStates { mCssSupported=false mRoamingIndicator=-1 mSystemIsInPrl=-1 mDefaultRoamingIndicator=-1} dataSpecificStates=null}
09-21 16:51:03.418  2197  2197 D SST[1]  : [1] handlPollVoiceRegResultMessage: regState=2 radioTechnology=3
09-21 16:51:03.420  2197  2288 D RILJ    : [0949]< DATA_REGISTRATION_STATE {.regState = NOT_REG_MT_NOT_SEARCHING_OP, .rat = 0, .reasonDataDenied = 0, .maxDataCalls = 20, .cellIdentity = {...}} [SUB1]
09-21 16:51:03.420  2197  2435 D NetworkRegistrationManager: onGetNetworkRegistrationStateComplete result 0 state NetworkRegistrationState{transportType=1 domain=PS regState=NOT_REG_NOT_SEARCHING accessNetworkTechnology=UNKNOWN reasonForDenial=0 emergencyEnabled=false supportedServices=null cellIdentity=null voiceSpecificStates=null dataSpecificStates=DataSpecificRegistrationStates { mMaxDataCalls=20}}
09-21 16:51:03.421  2197  2288 D RILJ    : [0954]< DATA_REGISTRATION_STATE {.regState = NOT_REG_MT_NOT_SEARCHING_OP, .rat = 0, .reasonDataDenied = 0, .maxDataCalls = 20, .cellIdentity = {...}} [SUB1]
09-21 16:51:03.421  2197  2435 D NetworkRegistrationManager: onGetNetworkRegistrationStateComplete result 0 state NetworkRegistrationState{transportType=1 domain=PS regState=NOT_REG_NOT_SEARCHING accessNetworkTechnology=UNKNOWN reasonForDenial=0 emergencyEnabled=false supportedServices=null cellIdentity=null voiceSpecificStates=null dataSpecificStates=DataSpecificRegistrationStates { mMaxDataCalls=20}}
09-21 16:51:03.423  2197  2197 D SST[1]  : [1] Could not set ServiceState channel number. CellIdentity null
09-21 16:51:03.423  2197  2197 D SST[1]  : [1] handlPollStateResultMessage: GsmSST dataServiceState=1 regState=0 dataRadioTechnology=0
09-21 16:51:03.428  2197  2197 D SST[1]  : [1] Poll ServiceState done:  oldSS=[{mVoiceRegState=1(OUT_OF_SERVICE), mDataRegState=1(OUT_OF_SERVICE), mChannelNumber=10763, duplexMode()=0, mCellBandwidths=[], mVoiceRoamingType=home, mDataRoamingType=home, mVoiceOperatorAlphaLong=, mVoiceOperatorAlphaShort=, mDataOperatorAlphaLong=, mDataOperatorAlphaShort=, isManualNetworkSelection=false(automatic), mRilVoiceRadioTechnology=3(UMTS), mRilDataRadioTechnology=0(Unknown), mCssIndicator=unsupported, mNetworkId=-1, mSystemId=-1, mCdmaRoamingIndicator=-1, mCdmaDefaultRoamingIndicator=-1, mIsEmergencyOnly=true, mIsDataRoamingFromRegistration=false, mIsUsingCarrierAggregation=false, mLteEarfcnRsrpBoost=0, mNetworkRegistrationStates=[NetworkRegistrationState{transportType=1 domain=CS regState=NOT_REG_SEARCHING accessNetworkTechnology=UMTS reasonForDenial=0 emergencyEnabled=true supportedServices=[I@c343599 cellIdentity=CellIdentityWcdma:{ mMcc=460 mMnc=01 mAlphaLong=CHN-UNICOM mAlphaShort=UNICOM} voiceSpecificStates=VoiceSpecificRegistrationStates { mCssSupported=false mRoamingIndicator=-1 mSystemIsInPrl=-1 mDefaultRoamingIndicator=-1} dataSpecificStates=null}, NetworkRegistrationState{transportType=1 domain=PS regState=NOT_REG_NOT_SEARCHING accessNetworkTechnology=UNKNOWN reasonForDenial=0 emergencyEnabled=false supportedServices=null cellIdentity=null voiceSpecificStates=null dataSpecificStates=DataSpecificRegistrationStates { mMaxDataCalls=20}}]}] newSS=[{mVoiceRegState=1(OUT_OF_SERVICE), mDataRegState=1(OUT_OF_SERVICE), mChannelNumber=10763, duplexMode()=0, mCellBandwidths=[], mVoiceRoamingType=home, mDataRoamingType=home, mVoiceOperatorAlphaLong=, mVoiceOperatorAlphaShort=, mDataOperatorAlphaLong=, mDataOperatorAlphaShort=, isManualNetworkSelection=false(automatic), mRilVoiceRadioTechnology=3(UMTS), mRilDataRadioTechnology=0(Unknown), mCssIndicator=unsupported, mNetworkId=-1, mSystemId=-1, mCdmaRoamingIndicator=-1, mCdmaDefaultRoamingIndicator=-1, mIsEmergencyOnly=true, mIsDataRoamingFromRegistration=false, mIsUsingCarrierAggregation=false, mLteEarfcnRsrpBoost=0, mNetworkRegistrationStates=[NetworkRegistrationState{transportType=1 domain=CS regState=NOT_REG_SEARCHING accessNetworkTechnology=UMTS reasonForDenial=0 emergencyEnabled=true supportedServices=[I@7e7cda4 cellIdentity=CellIdentityWcdma:{ mMcc=460 mMnc=01 mAlphaLong=CHN-UNICOM mAlphaShort=UNICOM} voiceSpecificStates=VoiceSpecificRegistrationStates { mCssSupported=false mRoamingIndicator=-1 mSystemIsInPrl=-1 mDefaultRoamingIndicator=-1} dataSpecificStates=null}, NetworkRegistrationState{transportType=1 domain=PS regState=NOT_REG_NOT_SEARCHING accessNetworkTechnology=UNKNOWN reasonForDenial=0 emergencyEnabled=false supportedServices=null cellIdentity=null voiceSpecificStates=null dataSpecificStates=DataSpecificRegistrationStates { mMaxDataCalls=20}}]}] oldMaxDataCalls=20 mNewMaxDataCalls=20 oldReasonDataDenied=0 mNewReasonDataDenied=0
09-21 16:51:03.428  2197  2197 D SST[1]  : [1] pollStateDone: hasRegistered=false hasDeregistered=false hasDataAttached=false hasDataDetached=false hasDataRegStateChanged=false hasRilVoiceRadioTechnologyChanged= false hasRilDataRadioTechnologyChanged=false hasChanged=false hasVoiceRoamingOn=false hasVoiceRoamingOff=false hasDataRoamingOn=false hasDataRoamingOff=false hasLocationChanged=false has4gHandoff = false hasMultiApnSupport=false hasLostMultiApnSupport=false hasCssIndicatorChanged=false
09-21 16:51:00.086     0     0 E pm6150_charger: wdog_snarl_irq_handler: IRQ: wdog-snarl
09-21 16:51:00.086     0     0 E AWAKE   : SW_THERM_REGULATION_VOTER,0 voting on of val=1
09-21 16:51:00.086     0     0 E AWAKE   : effective vote is now 1 voted by SW_THERM_REGULATION_VOTER,0
09-21 16:51:00.089     0     0 E pm6150_charger: smblib_process_thermal_readings: Current temperatures: 	DIE_TEMP: 516,	CONN_TEMP: 341,	SMB_TEMP: -61,	SKIN_TEMP: 488
09-21 16:51:00.089     0     0 E THERMAL_STATUS: 5
09-21 16:51:00.089     0     0 E AWAKE   : SW_THERM_REGULATION_VOTER,0 voting off of val=0
09-21 16:51:00.089     0     0 E AWAKE   : effective vote is now 0 voted by SW_THERM_REGULATION_VOTER,0
09-21 16:51:00.412     0     0 E pm6150_charger: default_irq_handler: IRQ: aicl-done
09-21 16:51:03.950 11568 11568 D BoundBrokerSvc: onUnbind: Intent { act=com.google.android.gms.mdns.service.START dat=chimera-action: cmp=com.google.android.gms/.chimera.PersistentApiService }
09-21 16:51:03.964  1589  3397 D CompatibilityInfo: mCompatibilityFlags - 0
09-21 16:51:03.964  1589  3397 D CompatibilityInfo: applicationDensity - 440
09-21 16:51:03.964  1589  3397 D CompatibilityInfo: applicationScale - 1.0
09-21 16:51:03.967 11568 11568 D BoundBrokerSvc: onBind: Intent { act=com.google.android.gms.mdns.service.START dat=chimera-action: cmp=com.google.android.gms/.chimera.PersistentApiService }
09-21 16:51:03.967 11568 11568 D BoundBrokerSvc: Loading bound service for intent: Intent { act=com.google.android.gms.mdns.service.START dat=chimera-action: cmp=com.google.android.gms/.chimera.PersistentApiService }
09-21 16:51:04.821   853  1020 E ThermalEngine: read_thermal_config
09-21 16:51:04.823   853  1020 D ThermalEngine: algo_monitor: Timer EVT
09-21 16:51:04.824   853  1020 I ThermalEngine: Sensor:sdm-therm:48831 mC
09-21 16:51:04.825   853  1020 D ThermalEngine: handle_timer_sig: SS Id SS-QUIET-THERM-GOLD2 Read sdm-therm 48831mC, Err -1831mC, SampleCnt 1
09-21 16:51:04.825   853  1020 D ThermalEngine: handle_timer_sig: SS Id SS-QUIET-THERM-GOLD2, E0 -1831mC, E1 -1896mC
09-21 16:51:04.825   853  1020 D ThermalEngine: Already at device mitigation max limit
09-21 16:51:04.826   853  1020 I ThermalEngine: Sensor:sdm-therm:48831 mC
09-21 16:51:04.827   853  1020 D ThermalEngine: handle_timer_sig: SS Id SS-QUIET-THERM-GOLD Read sdm-therm 48831mC, Err -3831mC, SampleCnt 1
09-21 16:51:04.827   853  1020 D ThermalEngine: handle_timer_sig: SS Id SS-QUIET-THERM-GOLD, E0 -3831mC, E1 -3896mC
09-21 16:51:04.827   853  1020 D ThermalEngine: Already at device mitigation max limit
09-21 16:51:04.828   853  1020 I ThermalEngine: Sensor:sdm-therm:48896 mC
09-21 16:51:04.828   853  1020 D ThermalEngine: handle_timer_sig: SS Id SS-QUIET-THERM-SILVER3 Read sdm-therm 48896mC, Err -896mC, SampleCnt 1
09-21 16:51:04.828   853  1020 D ThermalEngine: handle_timer_sig: SS Id SS-QUIET-THERM-SILVER3, E0 -896mC, E1 -896mC
09-21 16:51:04.828   853  1020 D ThermalEngine: Already at device mitigation max limit
09-21 16:51:04.829   853  1020 I ThermalEngine: Sensor:sdm-therm:48896 mC
09-21 16:51:04.829   853  1020 D ThermalEngine: handle_timer_sig: SS Id SS-QUIET-THERM-SILVER2 Read sdm-therm 48896mC, Err -2896mC, SampleCnt 1
09-21 16:51:04.829   853  1020 D ThermalEngine: handle_timer_sig: SS Id SS-QUIET-THERM-SILVER2, E0 -2896mC, E1 -2896mC
09-21 16:51:04.829   853  1020 D ThermalEngine: Already at device mitigation max limit
09-21 16:51:04.831   853  1020 I ThermalEngine: Sensor:sdm-therm:48831 mC
09-21 16:51:04.831   853  1020 D ThermalEngine: handle_timer_sig: SS Id SS-QUIET-THERM-SILVER Read sdm-therm 48831mC, Err -4831mC, SampleCnt 1
09-21 16:51:04.831   853  1020 D ThermalEngine: handle_timer_sig: SS Id SS-QUIET-THERM-SILVER, E0 -4831mC, E1 -4896mC
09-21 16:51:04.831   853  1020 D ThermalEngine: Already at device mitigation max limit
09-21 16:51:04.832   853  1020 I ThermalEngine: settimer: Start timer 2.000(sec)
09-21 16:51:04.832   853  1020 D ThermalEngine: algo_monitor: Wait for EV
09-21 16:51:06.832   853  1020 E ThermalEngine: read_thermal_config
09-21 16:51:06.832   853  1020 D ThermalEngine: algo_monitor: Timer EVT
09-21 16:51:06.834   853  1020 I ThermalEngine: Sensor:sdm-therm:48831 mC
09-21 16:51:06.834   853  1020 D ThermalEngine: handle_timer_sig: SS Id SS-QUIET-THERM-GOLD2 Read sdm-therm 48831mC, Err -1831mC, SampleCnt 1
09-21 16:51:06.834   853  1020 D ThermalEngine: handle_timer_sig: SS Id SS-QUIET-THERM-GOLD2, E0 -1831mC, E1 -1831mC
09-21 16:51:06.834   853  1020 D ThermalEngine: Already at device mitigation max limit
09-21 16:51:06.836   853  1020 I ThermalEngine: Sensor:sdm-therm:48831 mC
09-21 16:51:06.836   853  1020 D ThermalEngine: handle_timer_sig: SS Id SS-QUIET-THERM-GOLD Read sdm-therm 48831mC, Err -3831mC, SampleCnt 1
09-21 16:51:06.836   853  1020 D ThermalEngine: handle_timer_sig: SS Id SS-QUIET-THERM-GOLD, E0 -3831mC, E1 -3831mC
09-21 16:51:06.836   853  1020 D ThermalEngine: Already at device mitigation max limit
09-21 16:51:06.837   853  1020 I ThermalEngine: Sensor:sdm-therm:48831 mC
09-21 16:51:06.837   853  1020 D ThermalEngine: handle_timer_sig: SS Id SS-QUIET-THERM-SILVER3 Read sdm-therm 48831mC, Err -831mC, SampleCnt 1
09-21 16:51:06.837   853  1020 D ThermalEngine: handle_timer_sig: SS Id SS-QUIET-THERM-SILVER3, E0 -831mC, E1 -896mC
09-21 16:51:06.837   853  1020 D ThermalEngine: Already at device mitigation max limit
09-21 16:51:06.839   853  1020 I ThermalEngine: Sensor:sdm-therm:48831 mC
09-21 16:51:06.839   853  1020 D ThermalEngine: handle_timer_sig: SS Id SS-QUIET-THERM-SILVER2 Read sdm-therm 48831mC, Err -2831mC, SampleCnt 1
09-21 16:51:06.839   853  1020 D ThermalEngine: handle_timer_sig: SS Id SS-QUIET-THERM-SILVER2, E0 -2831mC, E1 -2896mC
09-21 16:51:06.839   853  1020 D ThermalEngine: Already at device mitigation max limit
09-21 16:51:06.840   853  1020 I ThermalEngine: Sensor:sdm-therm:48831 mC
09-21 16:51:06.840   853  1020 D ThermalEngine: handle_timer_sig: SS Id SS-QUIET-THERM-SILVER Read sdm-therm 48831mC, Err -4831mC, SampleCnt 1
09-21 16:51:06.840   853  1020 D ThermalEngine: handle_timer_sig: SS Id SS-QUIET-THERM-SILVER, E0 -4831mC, E1 -4831mC
09-21 16:51:06.840   853  1020 D ThermalEngine: Already at device mitigation max limit
09-21 16:51:06.840   853  1020 I ThermalEngine: settimer: Start timer 2.000(sec)
09-21 16:51:06.840   853  1020 D ThermalEngine: algo_monitor: Wait for EV
09-21 16:51:08.499  2197  2288 D RILJ    : Unsol response received; Sending ack to ril.cpp [SUB1]
09-21 16:51:08.499  2197  2288 D RILJ    : [UNSL]< UNSOL_RESPONSE_NETWORK_STATE_CHANGED [SUB1]
09-21 16:51:08.500  2317  2341 I QcrilOemhookMsgTunnel: [1]processOemHookIndication length=21
09-21 16:51:08.500  2317  2317 D QcrilMsgTunnelIfaceManager: handleMessage what = 0
09-21 16:51:08.500  2197  2372 D NetworkRegistrationManager: onNetworkStateChanged
09-21 16:51:08.503  2197  2197 D SST[1]  : [1] pollState: modemTriggered=true
09-21 16:51:08.505  2178  2178 D use-Rlog/RLOG-QC_RIL_OEM_HOOK: Received Broadcast Intent ACTION_UNSOL_RESPONSE_OEM_HOOK_RAW
09-21 16:51:08.505  2178  2178 D use-Rlog/RLOG-QC_RIL_OEM_HOOK: Oem ID in QCRILHOOK UNSOL RESP is QOEMHOOK
09-21 16:51:08.506  2197  2197 D RILJ    : [0957]> OPERATOR [SUB1]
09-21 16:51:08.506  2197  2197 D NetworkRegistrationManager: getNetworkRegistrationState domain 2
09-21 16:51:08.506  2197  2197 D NetworkRegistrationManager: getNetworkRegistrationState domain 1
09-21 16:51:08.507  2197  2197 D RILJ    : [0958]> QUERY_NETWORK_SELECTION_MODE [SUB1]
09-21 16:51:08.508  2197  2197 D use-Rlog/RLOG-QC_RIL_OEM_HOOK: Received Broadcast Intent ACTION_UNSOL_RESPONSE_OEM_HOOK_RAW
09-21 16:51:08.508  2197  2197 D use-Rlog/RLOG-QC_RIL_OEM_HOOK: Oem ID in QCRILHOOK UNSOL RESP is QOEMHOOK
09-21 16:51:08.508  2197  2197 D use-Rlog/RLOG-QC_RIL_OEM_HOOK: Received Broadcast Intent ACTION_UNSOL_RESPONSE_OEM_HOOK_RAW
09-21 16:51:08.508  2197  2197 D use-Rlog/RLOG-QC_RIL_OEM_HOOK: Oem ID in QCRILHOOK UNSOL RESP is QOEMHOOK
09-21 16:51:08.508  2197  2197 E use-Rlog/RLOG-QC_RIL_OEM_HOOK: QcRilOemHook notifyRegistrants Failed
09-21 16:51:08.508  2197  2372 D RILJ    : [0959]> DATA_REGISTRATION_STATE [SUB1]
09-21 16:51:08.508  2197  2197 D use-Rlog/RLOG-QC_RIL_OEM_HOOK: Received Broadcast Intent ACTION_UNSOL_RESPONSE_OEM_HOOK_RAW
09-21 16:51:08.508  2197  2197 D use-Rlog/RLOG-QC_RIL_OEM_HOOK: Oem ID in QCRILHOOK UNSOL RESP is QOEMHOOK
09-21 16:51:08.508  2197  2197 D use-Rlog/RLOG-QC_RIL_OEM_HOOK: Received Broadcast Intent ACTION_UNSOL_RESPONSE_OEM_HOOK_RAW
09-21 16:51:08.509  2197  2197 D use-Rlog/RLOG-QC_RIL_OEM_HOOK: Oem ID in QCRILHOOK UNSOL RESP is QOEMHOOK
09-21 16:51:08.509  2197  2197 D PhoneSwitcher: handle event - 108
09-21 16:51:08.509  2197  2372 D RILJ    : [0960]> VOICE_REGISTRATION_STATE [SUB1]
09-21 16:51:08.513  2197  2288 D RILJ    : Unsol response received; Sending ack to ril.cpp [SUB1]
09-21 16:51:08.513  2197  2288 D RILJ    : [UNSL]< UNSOL_RESPONSE_NETWORK_STATE_CHANGED [SUB1]
09-21 16:51:08.513  2197  2372 D NetworkRegistrationManager: onNetworkStateChanged
09-21 16:51:08.513  2197  2288 D RILJ    : [0957]< OPERATOR {, , } [SUB1]
09-21 16:51:08.514  2197  2288 D RILJ    : [0958]< QUERY_NETWORK_SELECTION_MODE {0} [SUB1]
09-21 16:51:08.516  2317  2341 I QcrilOemhookMsgTunnel: [1]processOemHookIndication length=21
09-21 16:51:08.517  2317  2317 D QcrilMsgTunnelIfaceManager: handleMessage what = 0
09-21 16:51:08.520  2178  2178 D use-Rlog/RLOG-QC_RIL_OEM_HOOK: Received Broadcast Intent ACTION_UNSOL_RESPONSE_OEM_HOOK_RAW
09-21 16:51:08.520  2178  2178 D use-Rlog/RLOG-QC_RIL_OEM_HOOK: Oem ID in QCRILHOOK UNSOL RESP is QOEMHOOK
09-21 16:51:08.521  2197  2288 D RILJ    : [0959]< DATA_REGISTRATION_STATE {.regState = NOT_REG_MT_NOT_SEARCHING_OP, .rat = 0, .reasonDataDenied = 0, .maxDataCalls = 20, .cellIdentity = {...}} [SUB1]
09-21 16:51:08.522  2197  2435 D NetworkRegistrationManager: onGetNetworkRegistrationStateComplete result 0 state NetworkRegistrationState{transportType=1 domain=PS regState=NOT_REG_NOT_SEARCHING accessNetworkTechnology=UNKNOWN reasonForDenial=0 emergencyEnabled=false supportedServices=null cellIdentity=null voiceSpecificStates=null dataSpecificStates=DataSpecificRegistrationStates { mMaxDataCalls=20}}
09-21 16:51:08.522  2197  2197 D SST[1]  : [1] pollState: modemTriggered=true
09-21 16:51:08.523  2197  2197 D RILJ    : [0962]> OPERATOR [SUB1]
09-21 16:51:08.523  2197  2197 D NetworkRegistrationManager: getNetworkRegistrationState domain 2
09-21 16:51:08.525  2197  2197 D NetworkRegistrationManager: getNetworkRegistrationState domain 1
09-21 16:51:08.525  2197  2372 D RILJ    : [0963]> DATA_REGISTRATION_STATE [SUB1]
09-21 16:51:08.528  2197  2372 D RILJ    : [0964]> VOICE_REGISTRATION_STATE [SUB1]
09-21 16:51:08.532  2197  2197 D RILJ    : [0965]> QUERY_NETWORK_SELECTION_MODE [SUB1]
09-21 16:51:08.532  2197  2435 D NetworkRegistrationManager: onGetNetworkRegistrationStateComplete result 0 state NetworkRegistrationState{transportType=1 domain=CS regState=NOT_REG_SEARCHING accessNetworkTechnology=UMTS reasonForDenial=0 emergencyEnabled=true supportedServices=[I@359bc1a cellIdentity=CellIdentityWcdma:{ mMcc=460 mMnc=01 mAlphaLong=CHN-UNICOM mAlphaShort=UNICOM} voiceSpecificStates=VoiceSpecificRegistrationStates { mCssSupported=false mRoamingIndicator=-1 mSystemIsInPrl=-1 mDefaultRoamingIndicator=-1} dataSpecificStates=null}
09-21 16:51:08.532  2197  2197 D SST[1]  : [1] EVENT_POLL_STATE_NETWORK_SELECTION_MODE
09-21 16:51:08.532  2197  2288 D RILJ    : [0960]< VOICE_REGISTRATION_STATE {.regState = NOT_REG_MT_SEARCHING_OP_EM, .rat = 3, .cssSupported = false, .roamingIndicator = -1, .systemIsInPrl = -1, .defaultRoamingIndicator = -1, .reasonForDenial = 0, .cellIdentity = {...}} [SUB1]
09-21 16:51:08.532  2197  2197 D use-Rlog/RLOG-QC_RIL_OEM_HOOK: Received Broadcast Intent ACTION_UNSOL_RESPONSE_OEM_HOOK_RAW
09-21 16:51:08.532  2197  2197 D use-Rlog/RLOG-QC_RIL_OEM_HOOK: Oem ID in QCRILHOOK UNSOL RESP is QOEMHOOK
09-21 16:51:08.532  2197  2197 D use-Rlog/RLOG-QC_RIL_OEM_HOOK: Received Broadcast Intent ACTION_UNSOL_RESPONSE_OEM_HOOK_RAW
09-21 16:51:08.532  2197  2197 D use-Rlog/RLOG-QC_RIL_OEM_HOOK: Oem ID in QCRILHOOK UNSOL RESP is QOEMHOOK
09-21 16:51:08.532  2197  2288 D RILJ    : [0962]< OPERATOR {, , } [SUB1]
09-21 16:51:08.532  2197  2197 E use-Rlog/RLOG-QC_RIL_OEM_HOOK: QcRilOemHook notifyRegistrants Failed
09-21 16:51:08.532  2197  2197 D use-Rlog/RLOG-QC_RIL_OEM_HOOK: Received Broadcast Intent ACTION_UNSOL_RESPONSE_OEM_HOOK_RAW
09-21 16:51:08.532  2197  2197 D use-Rlog/RLOG-QC_RIL_OEM_HOOK: Oem ID in QCRILHOOK UNSOL RESP is QOEMHOOK
09-21 16:51:08.532  2197  2197 D use-Rlog/RLOG-QC_RIL_OEM_HOOK: Received Broadcast Intent ACTION_UNSOL_RESPONSE_OEM_HOOK_RAW
09-21 16:51:08.533  2197  2197 D use-Rlog/RLOG-QC_RIL_OEM_HOOK: Oem ID in QCRILHOOK UNSOL RESP is QOEMHOOK
09-21 16:51:08.533  2197  2197 D PhoneSwitcher: handle event - 108
09-21 16:51:08.533  2197  2288 D RILJ    : [0963]< DATA_REGISTRATION_STATE {.regState = NOT_REG_MT_NOT_SEARCHING_OP, .rat = 0, .reasonDataDenied = 0, .maxDataCalls = 20, .cellIdentity = {...}} [SUB1]
09-21 16:51:08.534  2197  2435 D NetworkRegistrationManager: onGetNetworkRegistrationStateComplete result 0 state NetworkRegistrationState{transportType=1 domain=PS regState=NOT_REG_NOT_SEARCHING accessNetworkTechnology=UNKNOWN reasonForDenial=0 emergencyEnabled=false supportedServices=null cellIdentity=null voiceSpecificStates=null dataSpecificStates=DataSpecificRegistrationStates { mMaxDataCalls=20}}
09-21 16:51:08.535  2197  2197 D SST[1]  : [1] Could not set ServiceState channel number. CellIdentity null
09-21 16:51:08.535  2197  2197 D SST[1]  : [1] handlPollStateResultMessage: GsmSST dataServiceState=1 regState=0 dataRadioTechnology=0
09-21 16:51:08.543  2197  2288 D RILJ    : [0964]< VOICE_REGISTRATION_STATE {.regState = NOT_REG_MT_SEARCHING_OP_EM, .rat = 3, .cssSupported = false, .roamingIndicator = -1, .systemIsInPrl = -1, .defaultRoamingIndicator = -1, .reasonForDenial = 0, .cellIdentity = {...}} [SUB1]
09-21 16:51:08.543  2197  2435 D NetworkRegistrationManager: onGetNetworkRegistrationStateComplete result 0 state NetworkRegistrationState{transportType=1 domain=CS regState=NOT_REG_SEARCHING accessNetworkTechnology=UMTS reasonForDenial=0 emergencyEnabled=true supportedServices=[I@aa1334b cellIdentity=CellIdentityWcdma:{ mMcc=460 mMnc=01 mAlphaLong=CHN-UNICOM mAlphaShort=UNICOM} voiceSpecificStates=VoiceSpecificRegistrationStates { mCssSupported=false mRoamingIndicator=-1 mSystemIsInPrl=-1 mDefaultRoamingIndicator=-1} dataSpecificStates=null}
09-21 16:51:08.543  2197  2288 D RILJ    : [0965]< QUERY_NETWORK_SELECTION_MODE {0} [SUB1]
09-21 16:51:08.544  2197  2197 D SST[1]  : [1] handlPollVoiceRegResultMessage: regState=2 radioTechnology=3
09-21 16:51:08.544  2197  2197 D SST[1]  : [1] EVENT_POLL_STATE_NETWORK_SELECTION_MODE
09-21 16:51:08.546  2197  2197 D SST[1]  : [1] Poll ServiceState done:  oldSS=[{mVoiceRegState=1(OUT_OF_SERVICE), mDataRegState=1(OUT_OF_SERVICE), mChannelNumber=10763, duplexMode()=0, mCellBandwidths=[], mVoiceRoamingType=home, mDataRoamingType=home, mVoiceOperatorAlphaLong=, mVoiceOperatorAlphaShort=, mDataOperatorAlphaLong=, mDataOperatorAlphaShort=, isManualNetworkSelection=false(automatic), mRilVoiceRadioTechnology=3(UMTS), mRilDataRadioTechnology=0(Unknown), mCssIndicator=unsupported, mNetworkId=-1, mSystemId=-1, mCdmaRoamingIndicator=-1, mCdmaDefaultRoamingIndicator=-1, mIsEmergencyOnly=true, mIsDataRoamingFromRegistration=false, mIsUsingCarrierAggregation=false, mLteEarfcnRsrpBoost=0, mNetworkRegistrationStates=[NetworkRegistrationState{transportType=1 domain=CS regState=NOT_REG_SEARCHING accessNetworkTechnology=UMTS reasonForDenial=0 emergencyEnabled=true supportedServices=[I@7e7cda4 cellIdentity=CellIdentityWcdma:{ mMcc=460 mMnc=01 mAlphaLong=CHN-UNICOM mAlphaShort=UNICOM} voiceSpecificStates=VoiceSpecificRegistrationStates { mCssSupported=false mRoamingIndicator=-1 mSystemIsInPrl=-1 mDefaultRoamingIndicator=-1} dataSpecificStates=null}, NetworkRegistrationState{transportType=1 domain=PS regState=NOT_REG_NOT_SEARCHING accessNetworkTechnology=UNKNOWN reasonForDenial=0 emergencyEnabled=false supportedServices=null cellIdentity=null voiceSpecificStates=null dataSpecificStates=DataSpecificRegistrationStates { mMaxDataCalls=20}}]}] newSS=[{mVoiceRegState=1(OUT_OF_SERVICE), mDataRegState=1(OUT_OF_SERVICE), mChannelNumber=10763, duplexMode()=0, mCellBandwidths=[], mVoiceRoamingType=home, mDataRoamingType=home, mVoiceOperatorAlphaLong=, mVoiceOperatorAlphaShort=, mDataOperatorAlphaLong=, mDataOperatorAlphaShort=, isManualNetworkSelection=false(automatic), mRilVoiceRadioTechnology=3(UMTS), mRilDataRadioTechnology=0(Unknown), mCssIndicator=unsupported, mNetworkId=-1, mSystemId=-1, mCdmaRoamingIndicator=-1, mCdmaDefaultRoamingIndicator=-1, mIsEmergencyOnly=true, mIsDataRoamingFromRegistration=false, mIsUsingCarrierAggregation=false, mLteEarfcnRsrpBoost=0, mNetworkRegistrationStates=[NetworkRegistrationState{transportType=1 domain=PS regState=NOT_REG_NOT_SEARCHING accessNetworkTechnology=UNKNOWN reasonForDenial=0 emergencyEnabled=false supportedServices=null cellIdentity=null voiceSpecificStates=null dataSpecificStates=DataSpecificRegistrationStates { mMaxDataCalls=20}}, NetworkRegistrationState{transportType=1 domain=CS regState=NOT_REG_SEARCHING accessNetworkTechnology=UMTS reasonForDenial=0 emergencyEnabled=true supportedServices=[I@aa1334b cellIdentity=CellIdentityWcdma:{ mMcc=460 mMnc=01 mAlphaLong=CHN-UNICOM mAlphaShort=UNICOM} voiceSpecificStates=VoiceSpecificRegistrationStates { mCssSupported=false mRoamingIndicator=-1 mSystemIsInPrl=-1 mDefaultRoamingIndicator=-1} dataSpecificStates=null}]}] oldMaxDataCalls=20 mNewMaxDataCalls=20 oldReasonDataDenied=0 mNewReasonDataDenied=0
09-21 16:51:08.546  2197  2197 D SST[1]  : [1] pollStateDone: hasRegistered=false hasDeregistered=false hasDataAttached=false hasDataDetached=false hasDataRegStateChanged=false hasRilVoiceRadioTechnologyChanged= false hasRilDataRadioTechnologyChanged=false hasChanged=false hasVoiceRoamingOn=false hasVoiceRoamingOff=false hasDataRoamingOn=false hasDataRoamingOff=false hasLocationChanged=false has4gHandoff = false hasMultiApnSupport=false hasLostMultiApnSupport=false hasCssIndicatorChanged=false
09-21 16:51:05.200     0     0 I addr=4842 mask: 01 val: 01
09-21 16:51:05.201     0     0 I         : length 2 addr=48c6
09-21 16:51:05.201     0     0 I val[0]  : 0f
09-21 16:51:05.201     0     0 I val[1]  : 03
09-21 16:51:05.201     0     0 I addr=4842 mask: 01 val: 00
09-21 16:51:05.201     0     0 I         : length 2 addr=48c0
09-21 16:51:05.201     0     0 I val[0]  : 69
09-21 16:51:05.201     0     0 I val[1]  : 50
09-21 16:51:05.201     0     0 E ALG     : get_time_to_full_locked: TTF: msoc=78
09-21 16:51:05.201     0     0 I QG-K    : qg_get_learned_capacity: Retrieved learned capacity 2576000uah
09-21 16:51:05.201     0     0 E ALG     : get_time_to_full_locked: TTF: ibatt_avg=200 vbatt_avg=4020 rbatt=212 act_cap_mah=2425
09-21 16:51:05.201     0     0 E ALG     : get_time_to_full_locked: TTF: mode: 0
09-21 16:51:05.201     0     0 E ALG     : get_time_to_full_locked: TTF: i_cc2cv=182
09-21 16:51:05.201     0     0 E ALG     : get_time_to_full_locked: TTF: soc_cc2cv=96
09-21 16:51:05.201     0     0 E ALG     : get_time_to_full_locked: TTF: t_predicted_cc=8227
09-21 16:51:05.201     0     0 E ALG     : get_time_to_full_locked: TTF: iterm=201
09-21 16:51:05.201     0     0 E ALG     : get_time_to_full_locked: TTF: tau=0
09-21 16:51:05.201     0     0 E ALG     : get_time_to_full_locked: TTF: t_predicted_cv=0
09-21 16:51:05.201     0     0 E ALG     : get_time_to_full_locked: TTF: t_predicted_prefilter=8227
09-21 16:51:05.201     0     0 E ALG     : get_time_to_full_locked: TTF: ttf_slope=-100
09-21 16:51:05.201     0     0 E ALG     : get_time_to_full_locked: TTF: t_predicted_postfilter=6802
09-21 16:51:05.201     0     0 E QG_WS   : TTF_AWAKE_VOTER,5 same vote off of val=0
09-21 16:51:05.201     0     0 E QG_WS   : TTF_AWAKE_VOTER,5 Ignoring similar vote off of val=0
09-21 16:51:08.841   853  1020 E ThermalEngine: read_thermal_config
09-21 16:51:08.842   853  1020 D ThermalEngine: algo_monitor: Timer EVT
09-21 16:51:08.843   853  1020 I ThermalEngine: Sensor:sdm-therm:48831 mC
09-21 16:51:08.843   853  1020 D ThermalEngine: handle_timer_sig: SS Id SS-QUIET-THERM-GOLD2 Read sdm-therm 48831mC, Err -1831mC, SampleCnt 1
09-21 16:51:08.843   853  1020 D ThermalEngine: handle_timer_sig: SS Id SS-QUIET-THERM-GOLD2, E0 -1831mC, E1 -1831mC
09-21 16:51:08.843   853  1020 D ThermalEngine: Already at device mitigation max limit
09-21 16:51:08.845   853  1020 I ThermalEngine: Sensor:sdm-therm:48831 mC
09-21 16:51:08.845   853  1020 D ThermalEngine: handle_timer_sig: SS Id SS-QUIET-THERM-GOLD Read sdm-therm 48831mC, Err -3831mC, SampleCnt 1
09-21 16:51:08.845   853  1020 D ThermalEngine: handle_timer_sig: SS Id SS-QUIET-THERM-GOLD, E0 -3831mC, E1 -3831mC
09-21 16:51:08.845   853  1020 D ThermalEngine: Already at device mitigation max limit
09-21 16:51:08.846   853  1020 I ThermalEngine: Sensor:sdm-therm:48831 mC
09-21 16:51:08.846   853  1020 D ThermalEngine: handle_timer_sig: SS Id SS-QUIET-THERM-SILVER3 Read sdm-therm 48831mC, Err -831mC, SampleCnt 1
09-21 16:51:08.846   853  1020 D ThermalEngine: handle_timer_sig: SS Id SS-QUIET-THERM-SILVER3, E0 -831mC, E1 -831mC
09-21 16:51:08.846   853  1020 D ThermalEngine: Already at device mitigation max limit
09-21 16:51:08.847   853  1020 I ThermalEngine: Sensor:sdm-therm:48831 mC
09-21 16:51:08.848   853  1020 D ThermalEngine: handle_timer_sig: SS Id SS-QUIET-THERM-SILVER2 Read sdm-therm 48831mC, Err -2831mC, SampleCnt 1
09-21 16:51:08.848   853  1020 D ThermalEngine: handle_timer_sig: SS Id SS-QUIET-THERM-SILVER2, E0 -2831mC, E1 -2831mC
09-21 16:51:08.848   853  1020 D ThermalEngine: Already at device mitigation max limit
09-21 16:51:08.849   853  1020 I ThermalEngine: Sensor:sdm-therm:48831 mC
09-21 16:51:08.849   853  1020 D ThermalEngine: handle_timer_sig: SS Id SS-QUIET-THERM-SILVER Read sdm-therm 48831mC, Err -4831mC, SampleCnt 1
09-21 16:51:08.849   853  1020 D ThermalEngine: handle_timer_sig: SS Id SS-QUIET-THERM-SILVER, E0 -4831mC, E1 -4831mC
09-21 16:51:08.849   853  1020 D ThermalEngine: Already at device mitigation max limit
09-21 16:51:08.849   853  1020 I ThermalEngine: settimer: Start timer 2.000(sec)
09-21 16:51:08.849   853  1020 D ThermalEngine: algo_monitor: Wait for EV
09-21 16:51:09.005 11568 11568 D BoundBrokerSvc: onUnbind: Intent { act=com.google.android.gms.mdns.service.START dat=chimera-action: cmp=com.google.android.gms/.chimera.PersistentApiService }
09-21 16:51:09.022  1589  3371 D CompatibilityInfo: mCompatibilityFlags - 0
09-21 16:51:09.023  1589  3371 D CompatibilityInfo: applicationDensity - 440
09-21 16:51:09.023  1589  3371 D CompatibilityInfo: applicationScale - 1.0
09-21 16:51:09.027 11568 11568 D BoundBrokerSvc: onBind: Intent { act=com.google.android.gms.mdns.service.START dat=chimera-action: cmp=com.google.android.gms/.chimera.PersistentApiService }
09-21 16:51:09.027 11568 11568 D BoundBrokerSvc: Loading bound service for intent: Intent { act=com.google.android.gms.mdns.service.START dat=chimera-action: cmp=com.google.android.gms/.chimera.PersistentApiService }
09-21 16:51:10.077  6503  6607 E memtrack: Couldn't load memtrack module
09-21 16:51:10.077  6503  6607 W android.os.Debug: failed to get memory consumption info: -1
09-21 16:51:10.850   853  1020 E ThermalEngine: read_thermal_config
09-21 16:51:10.850   853  1020 D ThermalEngine: algo_monitor: Timer EVT
09-21 16:51:10.851   853  1020 I ThermalEngine: Sensor:sdm-therm:48831 mC
09-21 16:51:10.851   853  1020 D ThermalEngine: handle_timer_sig: SS Id SS-QUIET-THERM-GOLD2 Read sdm-therm 48831mC, Err -1831mC, SampleCnt 1
09-21 16:51:10.851   853  1020 D ThermalEngine: handle_timer_sig: SS Id SS-QUIET-THERM-GOLD2, E0 -1831mC, E1 -1831mC
09-21 16:51:10.851   853  1020 D ThermalEngine: Already at device mitigation max limit
09-21 16:51:10.853   853  1020 I ThermalEngine: Sensor:sdm-therm:48831 mC
09-21 16:51:10.853   853  1020 D ThermalEngine: handle_timer_sig: SS Id SS-QUIET-THERM-GOLD Read sdm-therm 48831mC, Err -3831mC, SampleCnt 1
09-21 16:51:10.853   853  1020 D ThermalEngine: handle_timer_sig: SS Id SS-QUIET-THERM-GOLD, E0 -3831mC, E1 -3831mC
09-21 16:51:10.853   853  1020 D ThermalEngine: Already at device mitigation max limit
09-21 16:51:10.854   853  1020 I ThermalEngine: Sensor:sdm-therm:48831 mC
09-21 16:51:10.854   853  1020 D ThermalEngine: handle_timer_sig: SS Id SS-QUIET-THERM-SILVER3 Read sdm-therm 48831mC, Err -831mC, SampleCnt 1
09-21 16:51:10.854   853  1020 D ThermalEngine: handle_timer_sig: SS Id SS-QUIET-THERM-SILVER3, E0 -831mC, E1 -831mC
09-21 16:51:10.854   853  1020 D ThermalEngine: Already at device mitigation max limit
09-21 16:51:10.857   853  1020 I ThermalEngine: Sensor:sdm-therm:48831 mC
09-21 16:51:10.858   853  1020 D ThermalEngine: handle_timer_sig: SS Id SS-QUIET-THERM-SILVER2 Read sdm-therm 48831mC, Err -2831mC, SampleCnt 1
09-21 16:51:10.858   853  1020 D ThermalEngine: handle_timer_sig: SS Id SS-QUIET-THERM-SILVER2, E0 -2831mC, E1 -2831mC
09-21 16:51:10.858   853  1020 D ThermalEngine: Already at device mitigation max limit
09-21 16:51:10.859   853  1020 I ThermalEngine: Sensor:sdm-therm:48831 mC
09-21 16:51:10.859   853  1020 D ThermalEngine: handle_timer_sig: SS Id SS-QUIET-THERM-SILVER Read sdm-therm 48831mC, Err -4831mC, SampleCnt 1
09-21 16:51:10.859   853  1020 D ThermalEngine: handle_timer_sig: SS Id SS-QUIET-THERM-SILVER, E0 -4831mC, E1 -4831mC
09-21 16:51:10.859   853  1020 D ThermalEngine: Already at device mitigation max limit
09-21 16:51:10.859   853  1020 I ThermalEngine: settimer: Start timer 2.000(sec)
09-21 16:51:10.859   853  1020 D ThermalEngine: algo_monitor: Wait for EV
09-21 16:51:08.235     0     0 E pm6150_charger: wdog_snarl_irq_handler: IRQ: wdog-snarl
09-21 16:51:08.235     0     0 E AWAKE   : SW_THERM_REGULATION_VOTER,0 voting on of val=1
09-21 16:51:08.235     0     0 E AWAKE   : effective vote is now 1 voted by SW_THERM_REGULATION_VOTER,0
09-21 16:51:08.238     0     0 E pm6150_charger: smblib_process_thermal_readings: Current temperatures: 	DIE_TEMP: 515,	CONN_TEMP: 341,	SMB_TEMP: -61,	SKIN_TEMP: 488
09-21 16:51:08.238     0     0 E THERMAL_STATUS: 5
09-21 16:51:08.238     0     0 E AWAKE   : SW_THERM_REGULATION_VOTER,0 voting off of val=0
09-21 16:51:08.238     0     0 E AWAKE   : effective vote is now 0 voted by SW_THERM_REGULATION_VOTER,0
09-21 16:51:08.396     0     0 I         : smblib_get_prop_usb_present stat 16
09-21 16:51:08.396     0     0 E pm6150_charger: smblib_get_charge_param: aicl icl status = 500000 (0x0a)
09-21 16:51:12.860   853  1020 E ThermalEngine: read_thermal_config
09-21 16:51:12.860   853  1020 D ThermalEngine: algo_monitor: Timer EVT
09-21 16:51:12.861   853  1020 I ThermalEngine: Sensor:sdm-therm:48831 mC
09-21 16:51:12.861   853  1020 D ThermalEngine: handle_timer_sig: SS Id SS-QUIET-THERM-GOLD2 Read sdm-therm 48831mC, Err -1831mC, SampleCnt 1
09-21 16:51:12.861   853  1020 D ThermalEngine: handle_timer_sig: SS Id SS-QUIET-THERM-GOLD2, E0 -1831mC, E1 -1831mC
09-21 16:51:12.861   853  1020 D ThermalEngine: Already at device mitigation max limit
09-21 16:51:12.863   853  1020 I ThermalEngine: Sensor:sdm-therm:48766 mC
09-21 16:51:12.863   853  1020 D ThermalEngine: handle_timer_sig: SS Id SS-QUIET-THERM-GOLD Read sdm-therm 48766mC, Err -3766mC, SampleCnt 1
09-21 16:51:12.863   853  1020 D ThermalEngine: handle_timer_sig: SS Id SS-QUIET-THERM-GOLD, E0 -3766mC, E1 -3831mC
09-21 16:51:12.863   853  1020 D ThermalEngine: Already at device mitigation max limit
09-21 16:51:12.864   853  1020 I ThermalEngine: Sensor:sdm-therm:48831 mC
09-21 16:51:12.864   853  1020 D ThermalEngine: handle_timer_sig: SS Id SS-QUIET-THERM-SILVER3 Read sdm-therm 48831mC, Err -831mC, SampleCnt 1
09-21 16:51:12.864   853  1020 D ThermalEngine: handle_timer_sig: SS Id SS-QUIET-THERM-SILVER3, E0 -831mC, E1 -831mC
09-21 16:51:12.864   853  1020 D ThermalEngine: Already at device mitigation max limit
09-21 16:51:12.865   853  1020 I ThermalEngine: Sensor:sdm-therm:48766 mC
09-21 16:51:12.865   853  1020 D ThermalEngine: handle_timer_sig: SS Id SS-QUIET-THERM-SILVER2 Read sdm-therm 48766mC, Err -2766mC, SampleCnt 1
09-21 16:51:12.866   853  1020 D ThermalEngine: handle_timer_sig: SS Id SS-QUIET-THERM-SILVER2, E0 -2766mC, E1 -2831mC
09-21 16:51:12.866   853  1020 D ThermalEngine: Already at device mitigation max limit
09-21 16:51:12.867   853  1020 I ThermalEngine: Sensor:sdm-therm:48766 mC
09-21 16:51:12.867   853  1020 D ThermalEngine: handle_timer_sig: SS Id SS-QUIET-THERM-SILVER Read sdm-therm 48766mC, Err -4766mC, SampleCnt 1
09-21 16:51:12.867   853  1020 D ThermalEngine: handle_timer_sig: SS Id SS-QUIET-THERM-SILVER, E0 -4766mC, E1 -4831mC
09-21 16:51:12.867   853  1020 D ThermalEngine: Already at device mitigation max limit
09-21 16:51:12.867   853  1020 I ThermalEngine: settimer: Start timer 2.000(sec)
09-21 16:51:12.867   853  1020 D ThermalEngine: algo_monitor: Wait for EV
09-21 16:51:13.613  2317  2341 I QcrilOemhookMsgTunnel: [1]processOemHookIndication length=21
09-21 16:51:13.614  2317  2317 D QcrilMsgTunnelIfaceManager: handleMessage what = 0
09-21 16:51:13.615  2197  2288 D RILJ    : Unsol response received; Sending ack to ril.cpp [SUB1]
09-21 16:51:13.615  2197  2288 D RILJ    : [UNSL]< UNSOL_RESPONSE_NETWORK_STATE_CHANGED [SUB1]
09-21 16:51:13.616  2197  2372 D NetworkRegistrationManager: onNetworkStateChanged
09-21 16:51:13.616  2197  2197 D SST[1]  : [1] pollState: modemTriggered=true
09-21 16:51:13.618  2197  2197 D RILJ    : [0967]> OPERATOR [SUB1]
09-21 16:51:13.618  2197  2197 D NetworkRegistrationManager: getNetworkRegistrationState domain 2
09-21 16:51:13.619  2197  2197 D NetworkRegistrationManager: getNetworkRegistrationState domain 1
09-21 16:51:13.622  2178  2178 D use-Rlog/RLOG-QC_RIL_OEM_HOOK: Received Broadcast Intent ACTION_UNSOL_RESPONSE_OEM_HOOK_RAW
09-21 16:51:13.623  2178  2178 D use-Rlog/RLOG-QC_RIL_OEM_HOOK: Oem ID in QCRILHOOK UNSOL RESP is QOEMHOOK
09-21 16:51:13.625  2197  2197 D RILJ    : [0968]> QUERY_NETWORK_SELECTION_MODE [SUB1]
09-21 16:51:13.625  2197  2197 D use-Rlog/RLOG-QC_RIL_OEM_HOOK: Received Broadcast Intent ACTION_UNSOL_RESPONSE_OEM_HOOK_RAW
09-21 16:51:13.625  2197  2197 D use-Rlog/RLOG-QC_RIL_OEM_HOOK: Oem ID in QCRILHOOK UNSOL RESP is QOEMHOOK
09-21 16:51:13.626  2197  2197 D use-Rlog/RLOG-QC_RIL_OEM_HOOK: Received Broadcast Intent ACTION_UNSOL_RESPONSE_OEM_HOOK_RAW
09-21 16:51:13.626  2197  2197 D use-Rlog/RLOG-QC_RIL_OEM_HOOK: Oem ID in QCRILHOOK UNSOL RESP is QOEMHOOK
09-21 16:51:13.626  2197  2197 E use-Rlog/RLOG-QC_RIL_OEM_HOOK: QcRilOemHook notifyRegistrants Failed
09-21 16:51:13.626  2197  2197 D use-Rlog/RLOG-QC_RIL_OEM_HOOK: Received Broadcast Intent ACTION_UNSOL_RESPONSE_OEM_HOOK_RAW
09-21 16:51:13.626  2197  2197 D use-Rlog/RLOG-QC_RIL_OEM_HOOK: Oem ID in QCRILHOOK UNSOL RESP is QOEMHOOK
09-21 16:51:13.626  2197  2197 D use-Rlog/RLOG-QC_RIL_OEM_HOOK: Received Broadcast Intent ACTION_UNSOL_RESPONSE_OEM_HOOK_RAW
09-21 16:51:13.627  2197  2197 D use-Rlog/RLOG-QC_RIL_OEM_HOOK: Oem ID in QCRILHOOK UNSOL RESP is QOEMHOOK
09-21 16:51:13.627  2197  2197 D PhoneSwitcher: handle event - 108
09-21 16:51:13.637  2317  2341 I QcrilOemhookMsgTunnel: [1]processOemHookIndication length=21
09-21 16:51:13.637  2317  2317 D QcrilMsgTunnelIfaceManager: handleMessage what = 0
09-21 16:51:13.640  2197  2372 D RILJ    : [0969]> DATA_REGISTRATION_STATE [SUB1]
09-21 16:51:13.641  2178  2178 D use-Rlog/RLOG-QC_RIL_OEM_HOOK: Received Broadcast Intent ACTION_UNSOL_RESPONSE_OEM_HOOK_RAW
09-21 16:51:13.642  2178  2178 D use-Rlog/RLOG-QC_RIL_OEM_HOOK: Oem ID in QCRILHOOK UNSOL RESP is QOEMHOOK
09-21 16:51:13.642  2197  2372 D RILJ    : [0970]> VOICE_REGISTRATION_STATE [SUB1]
09-21 16:51:13.642  2197  2197 D use-Rlog/RLOG-QC_RIL_OEM_HOOK: Received Broadcast Intent ACTION_UNSOL_RESPONSE_OEM_HOOK_RAW
09-21 16:51:13.642  2197  2197 D use-Rlog/RLOG-QC_RIL_OEM_HOOK: Oem ID in QCRILHOOK UNSOL RESP is QOEMHOOK
09-21 16:51:13.642  2197  2197 D PhoneSwitcher: handle event - 108
09-21 16:51:13.643  2197  2197 D use-Rlog/RLOG-QC_RIL_OEM_HOOK: Received Broadcast Intent ACTION_UNSOL_RESPONSE_OEM_HOOK_RAW
09-21 16:51:13.643  2197  2197 D use-Rlog/RLOG-QC_RIL_OEM_HOOK: Oem ID in QCRILHOOK UNSOL RESP is QOEMHOOK
09-21 16:51:13.643  2197  2197 E use-Rlog/RLOG-QC_RIL_OEM_HOOK: QcRilOemHook notifyRegistrants Failed
09-21 16:51:13.643  2197  2197 D use-Rlog/RLOG-QC_RIL_OEM_HOOK: Received Broadcast Intent ACTION_UNSOL_RESPONSE_OEM_HOOK_RAW
09-21 16:51:13.644  2197  2197 D use-Rlog/RLOG-QC_RIL_OEM_HOOK: Oem ID in QCRILHOOK UNSOL RESP is QOEMHOOK
09-21 16:51:13.644  2197  2197 D use-Rlog/RLOG-QC_RIL_OEM_HOOK: Received Broadcast Intent ACTION_UNSOL_RESPONSE_OEM_HOOK_RAW
09-21 16:51:13.644  2197  2197 D use-Rlog/RLOG-QC_RIL_OEM_HOOK: Oem ID in QCRILHOOK UNSOL RESP is QOEMHOOK
09-21 16:51:13.649  2197  2288 D RILJ    : Unsol response received; Sending ack to ril.cpp [SUB1]
09-21 16:51:13.649  2197  2288 D RILJ    : [UNSL]< UNSOL_RESPONSE_NETWORK_STATE_CHANGED [SUB1]
09-21 16:51:13.649  2197  2372 D NetworkRegistrationManager: onNetworkStateChanged
09-21 16:51:13.651  2197  2197 D SST[1]  : [1] pollState: modemTriggered=true
09-21 16:51:13.654  2197  2197 D RILJ    : [0972]> OPERATOR [SUB1]
09-21 16:51:13.656  2197  2288 D RILJ    : [0967]< OPERATOR {, , } [SUB1]
09-21 16:51:13.656  2197  2197 D NetworkRegistrationManager: getNetworkRegistrationState domain 2
09-21 16:51:13.657  2197  2197 D NetworkRegistrationManager: getNetworkRegistrationState domain 1
09-21 16:51:13.657  2197  2372 D RILJ    : [0973]> DATA_REGISTRATION_STATE [SUB1]
09-21 16:51:13.657  2197  2288 D RILJ    : [0968]< QUERY_NETWORK_SELECTION_MODE {0} [SUB1]
09-21 16:51:13.659  2197  2288 D RILJ    : [0969]< DATA_REGISTRATION_STATE {.regState = NOT_REG_MT_NOT_SEARCHING_OP, .rat = 0, .reasonDataDenied = 0, .maxDataCalls = 20, .cellIdentity = {...}} [SUB1]
09-21 16:51:13.659  2197  2435 D NetworkRegistrationManager: onGetNetworkRegistrationStateComplete result 0 state NetworkRegistrationState{transportType=1 domain=PS regState=NOT_REG_NOT_SEARCHING accessNetworkTechnology=UNKNOWN reasonForDenial=0 emergencyEnabled=false supportedServices=null cellIdentity=null voiceSpecificStates=null dataSpecificStates=DataSpecificRegistrationStates { mMaxDataCalls=20}}
09-21 16:51:13.660  2197  2372 D RILJ    : [0975]> VOICE_REGISTRATION_STATE [SUB1]
09-21 16:51:13.660  2197  2288 D RILJ    : [0973]< DATA_REGISTRATION_STATE {.regState = NOT_REG_MT_NOT_SEARCHING_OP, .rat = 0, .reasonDataDenied = 0, .maxDataCalls = 20, .cellIdentity = {...}} [SUB1]
09-21 16:51:13.660  2197  2435 D NetworkRegistrationManager: onGetNetworkRegistrationStateComplete result 0 state NetworkRegistrationState{transportType=1 domain=PS regState=NOT_REG_NOT_SEARCHING accessNetworkTechnology=UNKNOWN reasonForDenial=0 emergencyEnabled=false supportedServices=null cellIdentity=null voiceSpecificStates=null dataSpecificStates=DataSpecificRegistrationStates { mMaxDataCalls=20}}
09-21 16:51:13.660  2197  2197 D RILJ    : [0974]> QUERY_NETWORK_SELECTION_MODE [SUB1]
09-21 16:51:13.661  2197  2197 D SST[1]  : [1] EVENT_POLL_STATE_NETWORK_SELECTION_MODE
09-21 16:51:13.661  2197  2197 D SST[1]  : [1] Could not set ServiceState channel number. CellIdentity null
09-21 16:51:13.661  2197  2197 D SST[1]  : [1] handlPollStateResultMessage: GsmSST dataServiceState=1 regState=0 dataRadioTechnology=0
09-21 16:51:13.664  2197  2288 D RILJ    : [0972]< OPERATOR {, , } [SUB1]
09-21 16:51:13.669  2197  2288 D RILJ    : [0974]< QUERY_NETWORK_SELECTION_MODE {0} [SUB1]
09-21 16:51:13.669  2197  2197 D SST[1]  : [1] EVENT_POLL_STATE_NETWORK_SELECTION_MODE
09-21 16:51:13.671  2197  2288 D RILJ    : [0970]< VOICE_REGISTRATION_STATE {.regState = NOT_REG_MT_SEARCHING_OP_EM, .rat = 3, .cssSupported = false, .roamingIndicator = -1, .systemIsInPrl = -1, .defaultRoamingIndicator = -1, .reasonForDenial = 0, .cellIdentity = {...}} [SUB1]
09-21 16:51:13.671  2197  2435 D NetworkRegistrationManager: onGetNetworkRegistrationStateComplete result 0 state NetworkRegistrationState{transportType=1 domain=CS regState=NOT_REG_SEARCHING accessNetworkTechnology=UMTS reasonForDenial=0 emergencyEnabled=true supportedServices=[I@3287479 cellIdentity=CellIdentityWcdma:{ mMcc=460 mMnc=01 mAlphaLong=CHN-UNICOM mAlphaShort=UNICOM} voiceSpecificStates=VoiceSpecificRegistrationStates { mCssSupported=false mRoamingIndicator=-1 mSystemIsInPrl=-1 mDefaultRoamingIndicator=-1} dataSpecificStates=null}
09-21 16:51:13.671  2197  2288 D RILJ    : [0975]< VOICE_REGISTRATION_STATE {.regState = NOT_REG_MT_SEARCHING_OP_EM, .rat = 3, .cssSupported = false, .roamingIndicator = -1, .systemIsInPrl = -1, .defaultRoamingIndicator = -1, .reasonForDenial = 0, .cellIdentity = {...}} [SUB1]
09-21 16:51:13.672  2197  2435 D NetworkRegistrationManager: onGetNetworkRegistrationStateComplete result 0 state NetworkRegistrationState{transportType=1 domain=CS regState=NOT_REG_SEARCHING accessNetworkTechnology=UMTS reasonForDenial=0 emergencyEnabled=true supportedServices=[I@a4ca5be cellIdentity=CellIdentityWcdma:{ mMcc=460 mMnc=01 mAlphaLong=CHN-UNICOM mAlphaShort=UNICOM} voiceSpecificStates=VoiceSpecificRegistrationStates { mCssSupported=false mRoamingIndicator=-1 mSystemIsInPrl=-1 mDefaultRoamingIndicator=-1} dataSpecificStates=null}
09-21 16:51:13.672  2197  2197 D SST[1]  : [1] handlPollVoiceRegResultMessage: regState=2 radioTechnology=3
09-21 16:51:13.674  2197  2197 I service_manager_stats: [100,86,241089]
09-21 16:51:13.674  2197  2197 D SST[1]  : [1] Poll ServiceState done:  oldSS=[{mVoiceRegState=1(OUT_OF_SERVICE), mDataRegState=1(OUT_OF_SERVICE), mChannelNumber=10763, duplexMode()=0, mCellBandwidths=[], mVoiceRoamingType=home, mDataRoamingType=home, mVoiceOperatorAlphaLong=, mVoiceOperatorAlphaShort=, mDataOperatorAlphaLong=, mDataOperatorAlphaShort=, isManualNetworkSelection=false(automatic), mRilVoiceRadioTechnology=3(UMTS), mRilDataRadioTechnology=0(Unknown), mCssIndicator=unsupported, mNetworkId=-1, mSystemId=-1, mCdmaRoamingIndicator=-1, mCdmaDefaultRoamingIndicator=-1, mIsEmergencyOnly=true, mIsDataRoamingFromRegistration=false, mIsUsingCarrierAggregation=false, mLteEarfcnRsrpBoost=0, mNetworkRegistrationStates=[NetworkRegistrationState{transportType=1 domain=PS regState=NOT_REG_NOT_SEARCHING accessNetworkTechnology=UNKNOWN reasonForDenial=0 emergencyEnabled=false supportedServices=null cellIdentity=null voiceSpecificStates=null dataSpecificStates=DataSpecificRegistrationStates { mMaxDataCalls=20}}, NetworkRegistrationState{transportType=1 domain=CS regState=NOT_REG_SEARCHING accessNetworkTechnology=UMTS reasonForDenial=0 emergencyEnabled=true supportedServices=[I@aa1334b cellIdentity=CellIdentityWcdma:{ mMcc=460 mMnc=01 mAlphaLong=CHN-UNICOM mAlphaShort=UNICOM} voiceSpecificStates=VoiceSpecificRegistrationStates { mCssSupported=false mRoamingIndicator=-1 mSystemIsInPrl=-1 mDefaultRoamingIndicator=-1} dataSpecificStates=null}]}] newSS=[{mVoiceRegState=1(OUT_OF_SERVICE), mDataRegState=1(OUT_OF_SERVICE), mChannelNumber=10763, duplexMode()=0, mCellBandwidths=[], mVoiceRoamingType=home, mDataRoamingType=home, mVoiceOperatorAlphaLong=, mVoiceOperatorAlphaShort=, mDataOperatorAlphaLong=, mDataOperatorAlphaShort=, isManualNetworkSelection=false(automatic), mRilVoiceRadioTechnology=3(UMTS), mRilDataRadioTechnology=0(Unknown), mCssIndicator=unsupported, mNetworkId=-1, mSystemId=-1, mCdmaRoamingIndicator=-1, mCdmaDefaultRoamingIndicator=-1, mIsEmergencyOnly=true, mIsDataRoamingFromRegistration=false, mIsUsingCarrierAggregation=false, mLteEarfcnRsrpBoost=0, mNetworkRegistrationStates=[NetworkRegistrationState{transportType=1 domain=PS regState=NOT_REG_NOT_SEARCHING accessNetworkTechnology=UNKNOWN reasonForDenial=0 emergencyEnabled=false supportedServices=null cellIdentity=null voiceSpecificStates=null dataSpecificStates=DataSpecificRegistrationStates { mMaxDataCalls=20}}, NetworkRegistrationState{transportType=1 domain=CS regState=NOT_REG_SEARCHING accessNetworkTechnology=UMTS reasonForDenial=0 emergencyEnabled=true supportedServices=[I@a4ca5be cellIdentity=CellIdentityWcdma:{ mMcc=460 mMnc=01 mAlphaLong=CHN-UNICOM mAlphaShort=UNICOM} voiceSpecificStates=VoiceSpecificRegistrationStates { mCssSupported=false mRoamingIndicator=-1 mSystemIsInPrl=-1 mDefaultRoamingIndicator=-1} dataSpecificStates=null}]}] oldMaxDataCalls=20 mNewMaxDataCalls=20 oldReasonDataDenied=0 mNewReasonDataDenied=0
09-21 16:51:13.675  2197  2197 D SST[1]  : [1] pollStateDone: hasRegistered=false hasDeregistered=false hasDataAttached=false hasDataDetached=false hasDataRegStateChanged=false hasRilVoiceRadioTechnologyChanged= false hasRilDataRadioTechnologyChanged=false hasChanged=false hasVoiceRoamingOn=false hasVoiceRoamingOff=false hasDataRoamingOn=false hasDataRoamingOff=false hasLocationChanged=false has4gHandoff = false hasMultiApnSupport=false hasLostMultiApnSupport=false hasCssIndicatorChanged=false
09-21 16:51:13.702  1589  3371 D PerfShielderService: com.android.systemui|StatusBar|177|109437808528616|177|6|1
09-21 16:51:13.703  2713 25360 W MiuiPerfServiceClient: interceptAndQueuing:1851|com.android.systemui|177|177|unknown|null|StatusBar|109437808528616|Slow swap buffers|1
09-21 16:51:14.061 11568 11568 D BoundBrokerSvc: onUnbind: Intent { act=com.google.android.gms.mdns.service.START dat=chimera-action: cmp=com.google.android.gms/.chimera.PersistentApiService }
09-21 16:51:14.070  1589  3371 D CompatibilityInfo: mCompatibilityFlags - 0
09-21 16:51:14.071  1589  3371 D CompatibilityInfo: applicationDensity - 440
09-21 16:51:14.071  1589  3371 D CompatibilityInfo: applicationScale - 1.0
09-21 16:51:14.074 11568 11568 D BoundBrokerSvc: onBind: Intent { act=com.google.android.gms.mdns.service.START dat=chimera-action: cmp=com.google.android.gms/.chimera.PersistentApiService }
09-21 16:51:14.074 11568 11568 D BoundBrokerSvc: Loading bound service for intent: Intent { act=com.google.android.gms.mdns.service.START dat=chimera-action: cmp=com.google.android.gms/.chimera.PersistentApiService }
09-21 16:51:14.868   853  1020 E ThermalEngine: read_thermal_config
09-21 16:51:14.868   853  1020 D ThermalEngine: algo_monitor: Timer EVT
09-21 16:51:14.870   853  1020 I ThermalEngine: Sensor:sdm-therm:48766 mC
09-21 16:51:14.870   853  1020 D ThermalEngine: handle_timer_sig: SS Id SS-QUIET-THERM-GOLD2 Read sdm-therm 48766mC, Err -1766mC, SampleCnt 1
09-21 16:51:14.870   853  1020 D ThermalEngine: handle_timer_sig: SS Id SS-QUIET-THERM-GOLD2, E0 -1766mC, E1 -1831mC
09-21 16:51:14.870   853  1020 D ThermalEngine: Already at device mitigation max limit
09-21 16:51:14.871   853  1020 I ThermalEngine: Sensor:sdm-therm:48766 mC
09-21 16:51:14.871   853  1020 D ThermalEngine: handle_timer_sig: SS Id SS-QUIET-THERM-GOLD Read sdm-therm 48766mC, Err -3766mC, SampleCnt 1
09-21 16:51:14.871   853  1020 D ThermalEngine: handle_timer_sig: SS Id SS-QUIET-THERM-GOLD, E0 -3766mC, E1 -3766mC
09-21 16:51:14.871   853  1020 D ThermalEngine: Already at device mitigation max limit
09-21 16:51:14.872   853  1020 I ThermalEngine: Sensor:sdm-therm:48766 mC
09-21 16:51:14.872   853  1020 D ThermalEngine: handle_timer_sig: SS Id SS-QUIET-THERM-SILVER3 Read sdm-therm 48766mC, Err -766mC, SampleCnt 1
09-21 16:51:14.872   853  1020 D ThermalEngine: handle_timer_sig: SS Id SS-QUIET-THERM-SILVER3, E0 -766mC, E1 -831mC
09-21 16:51:14.872   853  1020 D ThermalEngine: Already at device mitigation max limit
09-21 16:51:14.873   853  1020 I ThermalEngine: Sensor:sdm-therm:48766 mC
09-21 16:51:14.874   853  1020 D ThermalEngine: handle_timer_sig: SS Id SS-QUIET-THERM-SILVER2 Read sdm-therm 48766mC, Err -2766mC, SampleCnt 1
09-21 16:51:14.874   853  1020 D ThermalEngine: handle_timer_sig: SS Id SS-QUIET-THERM-SILVER2, E0 -2766mC, E1 -2766mC
09-21 16:51:14.874   853  1020 D ThermalEngine: Already at device mitigation max limit
09-21 16:51:14.875   853  1020 I ThermalEngine: Sensor:sdm-therm:48766 mC
09-21 16:51:14.875   853  1020 D ThermalEngine: handle_timer_sig: SS Id SS-QUIET-THERM-SILVER Read sdm-therm 48766mC, Err -4766mC, SampleCnt 1
09-21 16:51:14.875   853  1020 D ThermalEngine: handle_timer_sig: SS Id SS-QUIET-THERM-SILVER, E0 -4766mC, E1 -4766mC
