09-21 16:51:14.875   853  1020 D ThermalEngine: Already at device mitigation max limit
09-21 16:51:14.875   853  1020 I ThermalEngine: settimer: Start timer 2.000(sec)
09-21 16:51:14.875   853  1020 D ThermalEngine: algo_monitor: Wait for EV
09-21 16:51:16.876   853  1020 E ThermalEngine: read_thermal_config
09-21 16:51:16.876   853  1020 D ThermalEngine: algo_monitor: Timer EVT
09-21 16:51:16.877   853  1020 I ThermalEngine: Sensor:sdm-therm:48831 mC
09-21 16:51:16.877   853  1020 D ThermalEngine: handle_timer_sig: SS Id SS-QUIET-THERM-GOLD2 Read sdm-therm 48831mC, Err -1831mC, SampleCnt 1
09-21 16:51:16.877   853  1020 D ThermalEngine: handle_timer_sig: SS Id SS-QUIET-THERM-GOLD2, E0 -1831mC, E1 -1766mC
09-21 16:51:16.877   853  1020 D ThermalEngine: Already at device mitigation max limit
09-21 16:51:16.879   853  1020 I ThermalEngine: Sensor:sdm-therm:48831 mC
09-21 16:51:16.879   853  1020 D ThermalEngine: handle_timer_sig: SS Id SS-QUIET-THERM-GOLD Read sdm-therm 48831mC, Err -3831mC, SampleCnt 1
09-21 16:51:16.879   853  1020 D ThermalEngine: handle_timer_sig: SS Id SS-QUIET-THERM-GOLD, E0 -3831mC, E1 -3766mC
09-21 16:51:16.879   853  1020 D ThermalEngine: Already at device mitigation max limit
09-21 16:51:16.880   853  1020 I ThermalEngine: Sensor:sdm-therm:48831 mC
09-21 16:51:16.880   853  1020 D ThermalEngine: handle_timer_sig: SS Id SS-QUIET-THERM-SILVER3 Read sdm-therm 48831mC, Err -831mC, SampleCnt 1
09-21 16:51:16.880   853  1020 D ThermalEngine: handle_timer_sig: SS Id SS-QUIET-THERM-SILVER3, E0 -831mC, E1 -766mC
09-21 16:51:16.880   853  1020 D ThermalEngine: Already at device mitigation max limit
09-21 16:51:16.882   853  1020 I ThermalEngine: Sensor:sdm-therm:48831 mC
09-21 16:51:16.883   853  1020 D ThermalEngine: handle_timer_sig: SS Id SS-QUIET-THERM-SILVER2 Read sdm-therm 48831mC, Err -2831mC, SampleCnt 1
09-21 16:51:16.883   853  1020 D ThermalEngine: handle_timer_sig: SS Id SS-QUIET-THERM-SILVER2, E0 -2831mC, E1 -2766mC
09-21 16:51:16.883   853  1020 D ThermalEngine: Already at device mitigation max limit
09-21 16:51:16.884   853  1020 I ThermalEngine: Sensor:sdm-therm:48831 mC
09-21 16:51:16.884   853  1020 D ThermalEngine: handle_timer_sig: SS Id SS-QUIET-THERM-SILVER Read sdm-therm 48831mC, Err -4831mC, SampleCnt 1
09-21 16:51:16.885   853  1020 D ThermalEngine: handle_timer_sig: SS Id SS-QUIET-THERM-SILVER, E0 -4831mC, E1 -4766mC
09-21 16:51:16.885   853  1020 D ThermalEngine: Already at device mitigation max limit
09-21 16:51:16.885   853  1020 I ThermalEngine: settimer: Start timer 2.000(sec)
09-21 16:51:16.885   853  1020 D ThermalEngine: algo_monitor: Wait for EV
09-21 16:51:13.450     0     0 E pm6150_charger: default_irq_handler: IRQ: aicl-done
09-21 16:51:18.736  2317  2341 I QcrilOemhookMsgTunnel: [1]processOemHookIndication length=21
09-21 16:51:18.736  2317  2317 D QcrilMsgTunnelIfaceManager: handleMessage what = 0
09-21 16:51:18.739  2197  2288 D RILJ    : Unsol response received; Sending ack to ril.cpp [SUB1]
09-21 16:51:18.739  2197  2288 D RILJ    : [UNSL]< UNSOL_RESPONSE_NETWORK_STATE_CHANGED [SUB1]
09-21 16:51:18.743  2197  2372 D NetworkRegistrationManager: onNetworkStateChanged
09-21 16:51:18.746  2197  2197 D SST[1]  : [1] pollState: modemTriggered=true
09-21 16:51:18.747  2178  2178 D use-Rlog/RLOG-QC_RIL_OEM_HOOK: Received Broadcast Intent ACTION_UNSOL_RESPONSE_OEM_HOOK_RAW
09-21 16:51:18.747  2178  2178 D use-Rlog/RLOG-QC_RIL_OEM_HOOK: Oem ID in QCRILHOOK UNSOL RESP is QOEMHOOK
09-21 16:51:18.749  2197  2197 D RILJ    : [0977]> OPERATOR [SUB1]
09-21 16:51:18.749  2197  2197 D NetworkRegistrationManager: getNetworkRegistrationState domain 2
09-21 16:51:18.749  2197  2197 D NetworkRegistrationManager: getNetworkRegistrationState domain 1
09-21 16:51:18.751  2317  2341 I QcrilOemhookMsgTunnel: [1]processOemHookIndication length=21
09-21 16:51:18.752  2317  2317 D QcrilMsgTunnelIfaceManager: handleMessage what = 0
09-21 16:51:18.754  2178  2178 D use-Rlog/RLOG-QC_RIL_OEM_HOOK: Received Broadcast Intent ACTION_UNSOL_RESPONSE_OEM_HOOK_RAW
09-21 16:51:18.754  2178  2178 D use-Rlog/RLOG-QC_RIL_OEM_HOOK: Oem ID in QCRILHOOK UNSOL RESP is QOEMHOOK
09-21 16:51:18.756  2197  2197 D RILJ    : [0978]> QUERY_NETWORK_SELECTION_MODE [SUB1]
09-21 16:51:18.756  2197  2197 D use-Rlog/RLOG-QC_RIL_OEM_HOOK: Received Broadcast Intent ACTION_UNSOL_RESPONSE_OEM_HOOK_RAW
09-21 16:51:18.756  2197  2288 D RILJ    : Unsol response received; Sending ack to ril.cpp [SUB1]
09-21 16:51:18.756  2197  2288 D RILJ    : [UNSL]< UNSOL_RESPONSE_NETWORK_STATE_CHANGED [SUB1]
09-21 16:51:18.756  2197  2197 D use-Rlog/RLOG-QC_RIL_OEM_HOOK: Oem ID in QCRILHOOK UNSOL RESP is QOEMHOOK
09-21 16:51:18.756  2197  2197 D use-Rlog/RLOG-QC_RIL_OEM_HOOK: Received Broadcast Intent ACTION_UNSOL_RESPONSE_OEM_HOOK_RAW
09-21 16:51:18.756  2197  2197 D use-Rlog/RLOG-QC_RIL_OEM_HOOK: Oem ID in QCRILHOOK UNSOL RESP is QOEMHOOK
09-21 16:51:18.756  2197  2197 E use-Rlog/RLOG-QC_RIL_OEM_HOOK: QcRilOemHook notifyRegistrants Failed
09-21 16:51:18.756  2197  2288 D RILJ    : [0977]< OPERATOR {, , } [SUB1]
09-21 16:51:18.756  2197  2197 D use-Rlog/RLOG-QC_RIL_OEM_HOOK: Received Broadcast Intent ACTION_UNSOL_RESPONSE_OEM_HOOK_RAW
09-21 16:51:18.756  2197  2197 D use-Rlog/RLOG-QC_RIL_OEM_HOOK: Oem ID in QCRILHOOK UNSOL RESP is QOEMHOOK
09-21 16:51:18.757  2197  2197 D use-Rlog/RLOG-QC_RIL_OEM_HOOK: Received Broadcast Intent ACTION_UNSOL_RESPONSE_OEM_HOOK_RAW
09-21 16:51:18.757  2197  2197 D use-Rlog/RLOG-QC_RIL_OEM_HOOK: Oem ID in QCRILHOOK UNSOL RESP is QOEMHOOK
09-21 16:51:18.757  2197  2197 D use-Rlog/RLOG-QC_RIL_OEM_HOOK: Received Broadcast Intent ACTION_UNSOL_RESPONSE_OEM_HOOK_RAW
09-21 16:51:18.757  2197  2197 D use-Rlog/RLOG-QC_RIL_OEM_HOOK: Oem ID in QCRILHOOK UNSOL RESP is QOEMHOOK
09-21 16:51:18.757  2197  2197 D use-Rlog/RLOG-QC_RIL_OEM_HOOK: Received Broadcast Intent ACTION_UNSOL_RESPONSE_OEM_HOOK_RAW
09-21 16:51:18.757  2197  2197 D use-Rlog/RLOG-QC_RIL_OEM_HOOK: Oem ID in QCRILHOOK UNSOL RESP is QOEMHOOK
09-21 16:51:18.757  2197  2197 E use-Rlog/RLOG-QC_RIL_OEM_HOOK: QcRilOemHook notifyRegistrants Failed
09-21 16:51:18.757  2197  2197 D use-Rlog/RLOG-QC_RIL_OEM_HOOK: Received Broadcast Intent ACTION_UNSOL_RESPONSE_OEM_HOOK_RAW
09-21 16:51:18.757  2197  2197 D use-Rlog/RLOG-QC_RIL_OEM_HOOK: Oem ID in QCRILHOOK UNSOL RESP is QOEMHOOK
09-21 16:51:18.757  2197  2197 D use-Rlog/RLOG-QC_RIL_OEM_HOOK: Received Broadcast Intent ACTION_UNSOL_RESPONSE_OEM_HOOK_RAW
09-21 16:51:18.757  2197  2197 D use-Rlog/RLOG-QC_RIL_OEM_HOOK: Oem ID in QCRILHOOK UNSOL RESP is QOEMHOOK
09-21 16:51:18.757  2197  2197 D PhoneSwitcher: handle event - 108
09-21 16:51:18.759  2197  2197 D PhoneSwitcher: handle event - 108
09-21 16:51:18.760  2197  2288 D RILJ    : [0978]< QUERY_NETWORK_SELECTION_MODE {0} [SUB1]
09-21 16:51:18.761  2197  2197 D SST[1]  : [1] EVENT_POLL_STATE_NETWORK_SELECTION_MODE
09-21 16:51:18.764  2197  2372 D RILJ    : [0979]> DATA_REGISTRATION_STATE [SUB1]
09-21 16:51:18.767  2197  2372 D RILJ    : [0981]> VOICE_REGISTRATION_STATE [SUB1]
09-21 16:51:18.767  2197  2372 D NetworkRegistrationManager: onNetworkStateChanged
09-21 16:51:18.768  2197  2197 D SST[1]  : [1] pollState: modemTriggered=true
09-21 16:51:18.770  2197  2197 D RILJ    : [0982]> OPERATOR [SUB1]
09-21 16:51:18.770  2197  2197 D NetworkRegistrationManager: getNetworkRegistrationState domain 2
09-21 16:51:18.771  2197  2197 D NetworkRegistrationManager: getNetworkRegistrationState domain 1
09-21 16:51:18.772  2197  2288 D RILJ    : [0979]< DATA_REGISTRATION_STATE {.regState = NOT_REG_MT_NOT_SEARCHING_OP, .rat = 0, .reasonDataDenied = 0, .maxDataCalls = 20, .cellIdentity = {...}} [SUB1]
09-21 16:51:18.772  2197  2435 D NetworkRegistrationManager: onGetNetworkRegistrationStateComplete result 0 state NetworkRegistrationState{transportType=1 domain=PS regState=NOT_REG_NOT_SEARCHING accessNetworkTechnology=UNKNOWN reasonForDenial=0 emergencyEnabled=false supportedServices=null cellIdentity=null voiceSpecificStates=null dataSpecificStates=DataSpecificRegistrationStates { mMaxDataCalls=20}}
09-21 16:51:18.773  2197  2372 D RILJ    : [0983]> DATA_REGISTRATION_STATE [SUB1]
09-21 16:51:18.777  2197  2197 D RILJ    : [0984]> QUERY_NETWORK_SELECTION_MODE [SUB1]
09-21 16:51:18.778  2197  2372 D RILJ    : [0985]> VOICE_REGISTRATION_STATE [SUB1]
09-21 16:51:18.780  2197  2288 D RILJ    : [0981]< VOICE_REGISTRATION_STATE {.regState = NOT_REG_MT_SEARCHING_OP_EM, .rat = 3, .cssSupported = false, .roamingIndicator = -1, .systemIsInPrl = -1, .defaultRoamingIndicator = -1, .reasonForDenial = 0, .cellIdentity = {...}} [SUB1]
09-21 16:51:18.780  2197  2435 D NetworkRegistrationManager: onGetNetworkRegistrationStateComplete result 0 state NetworkRegistrationState{transportType=1 domain=CS regState=NOT_REG_SEARCHING accessNetworkTechnology=UMTS reasonForDenial=0 emergencyEnabled=true supportedServices=[I@c65ae96 cellIdentity=CellIdentityWcdma:{ mMcc=460 mMnc=01 mAlphaLong=CHN-UNICOM mAlphaShort=UNICOM} voiceSpecificStates=VoiceSpecificRegistrationStates { mCssSupported=false mRoamingIndicator=-1 mSystemIsInPrl=-1 mDefaultRoamingIndicator=-1} dataSpecificStates=null}
09-21 16:51:18.781  2197  2288 D RILJ    : [0985]< VOICE_REGISTRATION_STATE {.regState = NOT_REG_MT_SEARCHING_OP_EM, .rat = 3, .cssSupported = false, .roamingIndicator = -1, .systemIsInPrl = -1, .defaultRoamingIndicator = -1, .reasonForDenial = 0, .cellIdentity = {...}} [SUB1]
09-21 16:51:18.782  2197  2288 D RILJ    : [0982]< OPERATOR {, , } [SUB1]
09-21 16:51:18.782  2197  2435 D NetworkRegistrationManager: onGetNetworkRegistrationStateComplete result 0 state NetworkRegistrationState{transportType=1 domain=CS regState=NOT_REG_SEARCHING accessNetworkTechnology=UMTS reasonForDenial=0 emergencyEnabled=true supportedServices=[I@813a17 cellIdentity=CellIdentityWcdma:{ mMcc=460 mMnc=01 mAlphaLong=CHN-UNICOM mAlphaShort=UNICOM} voiceSpecificStates=VoiceSpecificRegistrationStates { mCssSupported=false mRoamingIndicator=-1 mSystemIsInPrl=-1 mDefaultRoamingIndicator=-1} dataSpecificStates=null}
09-21 16:51:18.782  2197  2197 D SST[1]  : [1] handlPollVoiceRegResultMessage: regState=2 radioTechnology=3
09-21 16:51:18.785  2197  2288 D RILJ    : [0983]< DATA_REGISTRATION_STATE {.regState = NOT_REG_MT_NOT_SEARCHING_OP, .rat = 0, .reasonDataDenied = 0, .maxDataCalls = 20, .cellIdentity = {...}} [SUB1]
09-21 16:51:18.786  2197  2435 D NetworkRegistrationManager: onGetNetworkRegistrationStateComplete result 0 state NetworkRegistrationState{transportType=1 domain=PS regState=NOT_REG_NOT_SEARCHING accessNetworkTechnology=UNKNOWN reasonForDenial=0 emergencyEnabled=false supportedServices=null cellIdentity=null voiceSpecificStates=null dataSpecificStates=DataSpecificRegistrationStates { mMaxDataCalls=20}}
09-21 16:51:18.786  2197  2197 D SST[1]  : [1] Could not set ServiceState channel number. CellIdentity null
09-21 16:51:18.786  2197  2197 D SST[1]  : [1] handlPollStateResultMessage: GsmSST dataServiceState=1 regState=0 dataRadioTechnology=0
09-21 16:51:18.788  2197  2288 D RILJ    : [0984]< QUERY_NETWORK_SELECTION_MODE {0} [SUB1]
09-21 16:51:18.788  2197  2197 D SST[1]  : [1] EVENT_POLL_STATE_NETWORK_SELECTION_MODE
09-21 16:51:18.790  2197  2197 D SST[1]  : [1] Poll ServiceState done:  oldSS=[{mVoiceRegState=1(OUT_OF_SERVICE), mDataRegState=1(OUT_OF_SERVICE), mChannelNumber=10763, duplexMode()=0, mCellBandwidths=[], mVoiceRoamingType=home, mDataRoamingType=home, mVoiceOperatorAlphaLong=, mVoiceOperatorAlphaShort=, mDataOperatorAlphaLong=, mDataOperatorAlphaShort=, isManualNetworkSelection=false(automatic), mRilVoiceRadioTechnology=3(UMTS), mRilDataRadioTechnology=0(Unknown), mCssIndicator=unsupported, mNetworkId=-1, mSystemId=-1, mCdmaRoamingIndicator=-1, mCdmaDefaultRoamingIndicator=-1, mIsEmergencyOnly=true, mIsDataRoamingFromRegistration=false, mIsUsingCarrierAggregation=false, mLteEarfcnRsrpBoost=0, mNetworkRegistrationStates=[NetworkRegistrationState{transportType=1 domain=PS regState=NOT_REG_NOT_SEARCHING accessNetworkTechnology=UNKNOWN reasonForDenial=0 emergencyEnabled=false supportedServices=null cellIdentity=null voiceSpecificStates=null dataSpecificStates=DataSpecificRegistrationStates { mMaxDataCalls=20}}, NetworkRegistrationState{transportType=1 domain=CS regState=NOT_REG_SEARCHING accessNetworkTechnology=UMTS reasonForDenial=0 emergencyEnabled=true supportedServices=[I@a4ca5be cellIdentity=CellIdentityWcdma:{ mMcc=460 mMnc=01 mAlphaLong=CHN-UNICOM mAlphaShort=UNICOM} voiceSpecificStates=VoiceSpecificRegistrationStates { mCssSupported=false mRoamingIndicator=-1 mSystemIsInPrl=-1 mDefaultRoamingIndicator=-1} dataSpecificStates=null}]}] newSS=[{mVoiceRegState=1(OUT_OF_SERVICE), mDataRegState=1(OUT_OF_SERVICE), mChannelNumber=10763, duplexMode()=0, mCellBandwidths=[], mVoiceRoamingType=home, mDataRoamingType=home, mVoiceOperatorAlphaLong=, mVoiceOperatorAlphaShort=, mDataOperatorAlphaLong=, mDataOperatorAlphaShort=, isManualNetworkSelection=false(automatic), mRilVoiceRadioTechnology=3(UMTS), mRilDataRadioTechnology=0(Unknown), mCssIndicator=unsupported, mNetworkId=-1, mSystemId=-1, mCdmaRoamingIndicator=-1, mCdmaDefaultRoamingIndicator=-1, mIsEmergencyOnly=true, mIsDataRoamingFromRegistration=false, mIsUsingCarrierAggregation=false, mLteEarfcnRsrpBoost=0, mNetworkRegistrationStates=[NetworkRegistrationState{transportType=1 domain=CS regState=NOT_REG_SEARCHING accessNetworkTechnology=UMTS reasonForDenial=0 emergencyEnabled=true supportedServices=[I@813a17 cellIdentity=CellIdentityWcdma:{ mMcc=460 mMnc=01 mAlphaLong=CHN-UNICOM mAlphaShort=UNICOM} voiceSpecificStates=VoiceSpecificRegistrationStates { mCssSupported=false mRoamingIndicator=-1 mSystemIsInPrl=-1 mDefaultRoamingIndicator=-1} dataSpecificStates=null}, NetworkRegistrationState{transportType=1 domain=PS regState=NOT_REG_NOT_SEARCHING accessNetworkTechnology=UNKNOWN reasonForDenial=0 emergencyEnabled=false supportedServices=null cellIdentity=null voiceSpecificStates=null dataSpecificStates=DataSpecificRegistrationStates { mMaxDataCalls=20}}]}] oldMaxDataCalls=20 mNewMaxDataCalls=20 oldReasonDataDenied=0 mNewReasonDataDenied=0
09-21 16:51:18.791  2197  2197 D SST[1]  : [1] pollStateDone: hasRegistered=false hasDeregistered=false hasDataAttached=false hasDataDetached=false hasDataRegStateChanged=false hasRilVoiceRadioTechnologyChanged= false hasRilDataRadioTechnologyChanged=false hasChanged=false hasVoiceRoamingOn=false hasVoiceRoamingOff=false hasDataRoamingOn=false hasDataRoamingOff=false hasLocationChanged=false has4gHandoff = false hasMultiApnSupport=false hasLostMultiApnSupport=false hasCssIndicatorChanged=false
09-21 16:51:18.885   853  1020 E ThermalEngine: read_thermal_config
09-21 16:51:18.885   853  1020 D ThermalEngine: algo_monitor: Timer EVT
09-21 16:51:18.886   853  1020 I ThermalEngine: Sensor:sdm-therm:48766 mC
09-21 16:51:18.887   853  1020 D ThermalEngine: handle_timer_sig: SS Id SS-QUIET-THERM-GOLD2 Read sdm-therm 48766mC, Err -1766mC, SampleCnt 1
09-21 16:51:18.887   853  1020 D ThermalEngine: handle_timer_sig: SS Id SS-QUIET-THERM-GOLD2, E0 -1766mC, E1 -1831mC
09-21 16:51:18.887   853  1020 D ThermalEngine: Already at device mitigation max limit
09-21 16:51:18.888   853  1020 I ThermalEngine: Sensor:sdm-therm:48766 mC
09-21 16:51:18.888   853  1020 D ThermalEngine: handle_timer_sig: SS Id SS-QUIET-THERM-GOLD Read sdm-therm 48766mC, Err -3766mC, SampleCnt 1
09-21 16:51:18.888   853  1020 D ThermalEngine: handle_timer_sig: SS Id SS-QUIET-THERM-GOLD, E0 -3766mC, E1 -3831mC
09-21 16:51:18.888   853  1020 D ThermalEngine: Already at device mitigation max limit
09-21 16:51:15.441     0     0 I addr=4842 mask: 01 val: 01
09-21 16:51:15.441     0     0 I         : length 2 addr=48c6
09-21 16:51:15.441     0     0 I val[0]  : e2
09-21 16:51:15.441     0     0 I val[1]  : 01
09-21 16:51:15.441     0     0 I addr=4842 mask: 01 val: 00
09-21 16:51:15.441     0     0 I         : length 2 addr=48c0
09-21 16:51:15.441     0     0 I val[0]  : aa
09-21 16:51:15.441     0     0 I val[1]  : 50
09-21 16:51:15.441     0     0 E ALG     : get_time_to_full_locked: TTF: msoc=78
09-21 16:51:15.441     0     0 I QG-K    : qg_get_learned_capacity: Retrieved learned capacity 2576000uah
09-21 16:51:15.441     0     0 E ALG     : get_time_to_full_locked: TTF: ibatt_avg=200 vbatt_avg=4019 rbatt=212 act_cap_mah=2425
09-21 16:51:15.441     0     0 E ALG     : get_time_to_full_locked: TTF: mode: 0
09-21 16:51:15.441     0     0 E ALG     : get_time_to_full_locked: TTF: i_cc2cv=182
09-21 16:51:15.441     0     0 E ALG     : get_time_to_full_locked: TTF: soc_cc2cv=96
09-21 16:51:15.441     0     0 E ALG     : get_time_to_full_locked: TTF: t_predicted_cc=8227
09-21 16:51:15.441     0     0 E ALG     : get_time_to_full_locked: TTF: iterm=201
09-21 16:51:15.441     0     0 E ALG     : get_time_to_full_locked: TTF: tau=0
09-21 16:51:15.441     0     0 E ALG     : get_time_to_full_locked: TTF: t_predicted_cv=0
09-21 16:51:15.441     0     0 E ALG     : get_time_to_full_locked: TTF: t_predicted_prefilter=8227
09-21 16:51:15.441     0     0 E ALG     : get_time_to_full_locked: TTF: ttf_slope=-100
09-21 16:51:15.441     0     0 E ALG     : get_time_to_full_locked: TTF: t_predicted_postfilter=6801
09-21 16:51:15.441     0     0 E QG_WS   : TTF_AWAKE_VOTER,5 same vote off of val=0
09-21 16:51:15.441     0     0 E QG_WS   : TTF_AWAKE_VOTER,5 Ignoring similar vote off of val=0
09-21 16:51:18.889   853  1020 I ThermalEngine: Sensor:sdm-therm:48831 mC
09-21 16:51:18.889   853  1020 D ThermalEngine: handle_timer_sig: SS Id SS-QUIET-THERM-SILVER3 Read sdm-therm 48831mC, Err -831mC, SampleCnt 1
09-21 16:51:18.889   853  1020 D ThermalEngine: handle_timer_sig: SS Id SS-QUIET-THERM-SILVER3, E0 -831mC, E1 -831mC
09-21 16:51:18.889   853  1020 D ThermalEngine: Already at device mitigation max limit
09-21 16:51:18.891   853  1020 I ThermalEngine: Sensor:sdm-therm:48766 mC
09-21 16:51:18.891   853  1020 D ThermalEngine: handle_timer_sig: SS Id SS-QUIET-THERM-SILVER2 Read sdm-therm 48766mC, Err -2766mC, SampleCnt 1
09-21 16:51:18.891   853  1020 D ThermalEngine: handle_timer_sig: SS Id SS-QUIET-THERM-SILVER2, E0 -2766mC, E1 -2831mC
09-21 16:51:18.891   853  1020 D ThermalEngine: Already at device mitigation max limit
09-21 16:51:18.892   853  1020 I ThermalEngine: Sensor:sdm-therm:48766 mC
09-21 16:51:18.892   853  1020 D ThermalEngine: handle_timer_sig: SS Id SS-QUIET-THERM-SILVER Read sdm-therm 48766mC, Err -4766mC, SampleCnt 1
09-21 16:51:18.892   853  1020 D ThermalEngine: handle_timer_sig: SS Id SS-QUIET-THERM-SILVER, E0 -4766mC, E1 -4831mC
09-21 16:51:18.892   853  1020 D ThermalEngine: Already at device mitigation max limit
09-21 16:51:18.892   853  1020 I ThermalEngine: settimer: Start timer 2.000(sec)
09-21 16:51:18.892   853  1020 D ThermalEngine: algo_monitor: Wait for EV
09-21 16:51:19.133 11568 11568 D BoundBrokerSvc: onUnbind: Intent { act=com.google.android.gms.mdns.service.START dat=chimera-action: cmp=com.google.android.gms/.chimera.PersistentApiService }
09-21 16:51:16.384     0     0 E pm6150_charger: wdog_snarl_irq_handler: IRQ: wdog-snarl
09-21 16:51:16.384     0     0 E AWAKE   : SW_THERM_REGULATION_VOTER,0 voting on of val=1
09-21 16:51:16.384     0     0 E AWAKE   : effective vote is now 1 voted by SW_THERM_REGULATION_VOTER,0
09-21 16:51:16.387     0     0 E pm6150_charger: smblib_process_thermal_readings: Current temperatures: 	DIE_TEMP: 515,	CONN_TEMP: 341,	SMB_TEMP: -61,	SKIN_TEMP: 487
09-21 16:51:16.387     0     0 E THERMAL_STATUS: 5
09-21 16:51:16.387     0     0 E AWAKE   : SW_THERM_REGULATION_VOTER,0 voting off of val=0
09-21 16:51:16.388     0     0 E AWAKE   : effective vote is now 0 voted by SW_THERM_REGULATION_VOTER,0
09-21 16:51:20.892   853  1020 E ThermalEngine: read_thermal_config
09-21 16:51:20.893   853  1020 D ThermalEngine: algo_monitor: Timer EVT
09-21 16:51:20.894   853  1020 I ThermalEngine: Sensor:sdm-therm:48766 mC
09-21 16:51:20.894   853  1020 D ThermalEngine: handle_timer_sig: SS Id SS-QUIET-THERM-GOLD2 Read sdm-therm 48766mC, Err -1766mC, SampleCnt 1
09-21 16:51:20.894   853  1020 D ThermalEngine: handle_timer_sig: SS Id SS-QUIET-THERM-GOLD2, E0 -1766mC, E1 -1766mC
09-21 16:51:20.895   853  1020 D ThermalEngine: Already at device mitigation max limit
09-21 16:51:20.896   853  1020 I ThermalEngine: Sensor:sdm-therm:48831 mC
09-21 16:51:20.896   853  1020 D ThermalEngine: handle_timer_sig: SS Id SS-QUIET-THERM-GOLD Read sdm-therm 48831mC, Err -3831mC, SampleCnt 1
09-21 16:51:20.896   853  1020 D ThermalEngine: handle_timer_sig: SS Id SS-QUIET-THERM-GOLD, E0 -3831mC, E1 -3766mC
09-21 16:51:20.896   853  1020 D ThermalEngine: Already at device mitigation max limit
09-21 16:51:20.897   853  1020 I ThermalEngine: Sensor:sdm-therm:48831 mC
09-21 16:51:20.897   853  1020 D ThermalEngine: handle_timer_sig: SS Id SS-QUIET-THERM-SILVER3 Read sdm-therm 48831mC, Err -831mC, SampleCnt 1
09-21 16:51:20.897   853  1020 D ThermalEngine: handle_timer_sig: SS Id SS-QUIET-THERM-SILVER3, E0 -831mC, E1 -831mC
09-21 16:51:20.897   853  1020 D ThermalEngine: Already at device mitigation max limit
09-21 16:51:20.899   853  1020 I ThermalEngine: Sensor:sdm-therm:48766 mC
09-21 16:51:20.899   853  1020 D ThermalEngine: handle_timer_sig: SS Id SS-QUIET-THERM-SILVER2 Read sdm-therm 48766mC, Err -2766mC, SampleCnt 1
09-21 16:51:20.899   853  1020 D ThermalEngine: handle_timer_sig: SS Id SS-QUIET-THERM-SILVER2, E0 -2766mC, E1 -2766mC
09-21 16:51:20.899   853  1020 D ThermalEngine: Already at device mitigation max limit
09-21 16:51:20.900   853  1020 I ThermalEngine: Sensor:sdm-therm:48766 mC
09-21 16:51:20.900   853  1020 D ThermalEngine: handle_timer_sig: SS Id SS-QUIET-THERM-SILVER Read sdm-therm 48766mC, Err -4766mC, SampleCnt 1
09-21 16:51:20.900   853  1020 D ThermalEngine: handle_timer_sig: SS Id SS-QUIET-THERM-SILVER, E0 -4766mC, E1 -4766mC
09-21 16:51:20.900   853  1020 D ThermalEngine: Already at device mitigation max limit
09-21 16:51:20.900   853  1020 I ThermalEngine: settimer: Start timer 2.000(sec)
09-21 16:51:20.900   853  1020 D ThermalEngine: algo_monitor: Wait for EV
09-21 16:51:21.159   913  1000 E storaged: getDiskStats failed with result NOT_SUPPORTED and size 0
09-21 16:51:22.901   853  1020 E ThermalEngine: read_thermal_config
09-21 16:51:22.901   853  1020 D ThermalEngine: algo_monitor: Timer EVT
09-21 16:51:22.902   853  1020 I ThermalEngine: Sensor:sdm-therm:48831 mC
09-21 16:51:22.902   853  1020 D ThermalEngine: handle_timer_sig: SS Id SS-QUIET-THERM-GOLD2 Read sdm-therm 48831mC, Err -1831mC, SampleCnt 1
09-21 16:51:22.902   853  1020 D ThermalEngine: handle_timer_sig: SS Id SS-QUIET-THERM-GOLD2, E0 -1831mC, E1 -1766mC
09-21 16:51:22.902   853  1020 D ThermalEngine: Already at device mitigation max limit
09-21 16:51:22.903   853  1020 I ThermalEngine: Sensor:sdm-therm:48766 mC
09-21 16:51:22.904   853  1020 D ThermalEngine: handle_timer_sig: SS Id SS-QUIET-THERM-GOLD Read sdm-therm 48766mC, Err -3766mC, SampleCnt 1
09-21 16:51:22.904   853  1020 D ThermalEngine: handle_timer_sig: SS Id SS-QUIET-THERM-GOLD, E0 -3766mC, E1 -3831mC
09-21 16:51:22.904   853  1020 D ThermalEngine: Already at device mitigation max limit
09-21 16:51:22.905   853  1020 I ThermalEngine: Sensor:sdm-therm:48831 mC
09-21 16:51:22.905   853  1020 D ThermalEngine: handle_timer_sig: SS Id SS-QUIET-THERM-SILVER3 Read sdm-therm 48831mC, Err -831mC, SampleCnt 1
09-21 16:51:22.905   853  1020 D ThermalEngine: handle_timer_sig: SS Id SS-QUIET-THERM-SILVER3, E0 -831mC, E1 -831mC
09-21 16:51:22.905   853  1020 D ThermalEngine: Already at device mitigation max limit
09-21 16:51:22.906   853  1020 I ThermalEngine: Sensor:sdm-therm:48831 mC
09-21 16:51:22.906   853  1020 D ThermalEngine: handle_timer_sig: SS Id SS-QUIET-THERM-SILVER2 Read sdm-therm 48831mC, Err -2831mC, SampleCnt 1
09-21 16:51:22.906   853  1020 D ThermalEngine: handle_timer_sig: SS Id SS-QUIET-THERM-SILVER2, E0 -2831mC, E1 -2766mC
09-21 16:51:22.906   853  1020 D ThermalEngine: Already at device mitigation max limit
09-21 16:51:22.907   853  1020 I ThermalEngine: Sensor:sdm-therm:48766 mC
09-21 16:51:22.908   853  1020 D ThermalEngine: handle_timer_sig: SS Id SS-QUIET-THERM-SILVER Read sdm-therm 48766mC, Err -4766mC, SampleCnt 1
09-21 16:51:22.908   853  1020 D ThermalEngine: handle_timer_sig: SS Id SS-QUIET-THERM-SILVER, E0 -4766mC, E1 -4766mC
09-21 16:51:22.908   853  1020 D ThermalEngine: Already at device mitigation max limit
09-21 16:51:22.908   853  1020 I ThermalEngine: settimer: Start timer 2.000(sec)
09-21 16:51:22.908   853  1020 D ThermalEngine: algo_monitor: Wait for EV
09-21 16:51:23.830  2317  2341 I QcrilOemhookMsgTunnel: [1]processOemHookIndication length=21
09-21 16:51:23.830  2197  2288 D RILJ    : Unsol response received; Sending ack to ril.cpp [SUB1]
09-21 16:51:23.830  2197  2288 D RILJ    : [UNSL]< UNSOL_RESPONSE_NETWORK_STATE_CHANGED [SUB1]
09-21 16:51:23.830  2317  2317 D QcrilMsgTunnelIfaceManager: handleMessage what = 0
09-21 16:51:23.831  2197  2372 D NetworkRegistrationManager: onNetworkStateChanged
09-21 16:51:23.835  2197  2197 D SST[1]  : [1] pollState: modemTriggered=true
09-21 16:51:23.835  2178  2178 D use-Rlog/RLOG-QC_RIL_OEM_HOOK: Received Broadcast Intent ACTION_UNSOL_RESPONSE_OEM_HOOK_RAW
09-21 16:51:23.835  2178  2178 D use-Rlog/RLOG-QC_RIL_OEM_HOOK: Oem ID in QCRILHOOK UNSOL RESP is QOEMHOOK
09-21 16:51:23.836  2197  2197 D RILJ    : [0987]> OPERATOR [SUB1]
09-21 16:51:23.836  2197  2197 D NetworkRegistrationManager: getNetworkRegistrationState domain 2
09-21 16:51:23.837  2197  2197 D NetworkRegistrationManager: getNetworkRegistrationState domain 1
09-21 16:51:23.838  2317  2341 I QcrilOemhookMsgTunnel: [1]processOemHookIndication length=21
09-21 16:51:23.839  2197  2197 D RILJ    : [0988]> QUERY_NETWORK_SELECTION_MODE [SUB1]
09-21 16:51:23.839  2197  2197 D use-Rlog/RLOG-QC_RIL_OEM_HOOK: Received Broadcast Intent ACTION_UNSOL_RESPONSE_OEM_HOOK_RAW
09-21 16:51:23.839  2197  2197 D use-Rlog/RLOG-QC_RIL_OEM_HOOK: Oem ID in QCRILHOOK UNSOL RESP is QOEMHOOK
09-21 16:51:23.839  2197  2197 D use-Rlog/RLOG-QC_RIL_OEM_HOOK: Received Broadcast Intent ACTION_UNSOL_RESPONSE_OEM_HOOK_RAW
09-21 16:51:23.840  2197  2197 D use-Rlog/RLOG-QC_RIL_OEM_HOOK: Oem ID in QCRILHOOK UNSOL RESP is QOEMHOOK
09-21 16:51:23.840  2197  2197 E use-Rlog/RLOG-QC_RIL_OEM_HOOK: QcRilOemHook notifyRegistrants Failed
09-21 16:51:23.840  2197  2197 D use-Rlog/RLOG-QC_RIL_OEM_HOOK: Received Broadcast Intent ACTION_UNSOL_RESPONSE_OEM_HOOK_RAW
09-21 16:51:23.840  2197  2197 D use-Rlog/RLOG-QC_RIL_OEM_HOOK: Oem ID in QCRILHOOK UNSOL RESP is QOEMHOOK
09-21 16:51:23.840  2197  2197 D use-Rlog/RLOG-QC_RIL_OEM_HOOK: Received Broadcast Intent ACTION_UNSOL_RESPONSE_OEM_HOOK_RAW
09-21 16:51:23.840  2197  2197 D use-Rlog/RLOG-QC_RIL_OEM_HOOK: Oem ID in QCRILHOOK UNSOL RESP is QOEMHOOK
09-21 16:51:23.840  2197  2197 D PhoneSwitcher: handle event - 108
09-21 16:51:23.841  2317  2317 D QcrilMsgTunnelIfaceManager: handleMessage what = 0
09-21 16:51:23.843  2197  2372 D RILJ    : [0989]> DATA_REGISTRATION_STATE [SUB1]
09-21 16:51:23.843  2197  2288 D RILJ    : Unsol response received; Sending ack to ril.cpp [SUB1]
09-21 16:51:23.843  2197  2288 D RILJ    : [UNSL]< UNSOL_RESPONSE_NETWORK_STATE_CHANGED [SUB1]
09-21 16:51:23.843  2197  2288 D RILJ    : [0987]< OPERATOR {, , } [SUB1]
09-21 16:51:23.845  2197  2372 D RILJ    : [0991]> VOICE_REGISTRATION_STATE [SUB1]
09-21 16:51:23.845  2197  2372 D NetworkRegistrationManager: onNetworkStateChanged
09-21 16:51:23.847  2197  2197 D SST[1]  : [1] pollState: modemTriggered=true
09-21 16:51:23.848  2197  2288 D RILJ    : [0988]< QUERY_NETWORK_SELECTION_MODE {0} [SUB1]
09-21 16:51:23.852  2197  2197 D RILJ    : [0992]> OPERATOR [SUB1]
09-21 16:51:23.852  2197  2197 D NetworkRegistrationManager: getNetworkRegistrationState domain 2
09-21 16:51:23.852  2197  2197 D NetworkRegistrationManager: getNetworkRegistrationState domain 1
09-21 16:51:23.853  2178  2178 D use-Rlog/RLOG-QC_RIL_OEM_HOOK: Received Broadcast Intent ACTION_UNSOL_RESPONSE_OEM_HOOK_RAW
09-21 16:51:23.853  2197  2372 D RILJ    : [0993]> DATA_REGISTRATION_STATE [SUB1]
09-21 16:51:23.853  2178  2178 D use-Rlog/RLOG-QC_RIL_OEM_HOOK: Oem ID in QCRILHOOK UNSOL RESP is QOEMHOOK
09-21 16:51:23.854  2197  2372 D RILJ    : [0995]> VOICE_REGISTRATION_STATE [SUB1]
09-21 16:51:23.855  2197  2288 D RILJ    : [0989]< DATA_REGISTRATION_STATE {.regState = NOT_REG_MT_NOT_SEARCHING_OP, .rat = 0, .reasonDataDenied = 0, .maxDataCalls = 20, .cellIdentity = {...}} [SUB1]
09-21 16:51:23.855  2197  2435 D NetworkRegistrationManager: onGetNetworkRegistrationStateComplete result 0 state NetworkRegistrationState{transportType=1 domain=PS regState=NOT_REG_NOT_SEARCHING accessNetworkTechnology=UNKNOWN reasonForDenial=0 emergencyEnabled=false supportedServices=null cellIdentity=null voiceSpecificStates=null dataSpecificStates=DataSpecificRegistrationStates { mMaxDataCalls=20}}
09-21 16:51:23.856  2197  2197 D RILJ    : [0994]> QUERY_NETWORK_SELECTION_MODE [SUB1]
09-21 16:51:23.856  2197  2197 D SST[1]  : [1] EVENT_POLL_STATE_NETWORK_SELECTION_MODE
09-21 16:51:23.856  2197  2197 D use-Rlog/RLOG-QC_RIL_OEM_HOOK: Received Broadcast Intent ACTION_UNSOL_RESPONSE_OEM_HOOK_RAW
09-21 16:51:23.856  2197  2197 D use-Rlog/RLOG-QC_RIL_OEM_HOOK: Oem ID in QCRILHOOK UNSOL RESP is QOEMHOOK
09-21 16:51:23.856  2197  2197 D use-Rlog/RLOG-QC_RIL_OEM_HOOK: Received Broadcast Intent ACTION_UNSOL_RESPONSE_OEM_HOOK_RAW
09-21 16:51:23.856  2197  2197 D use-Rlog/RLOG-QC_RIL_OEM_HOOK: Oem ID in QCRILHOOK UNSOL RESP is QOEMHOOK
09-21 16:51:23.856  2197  2197 E use-Rlog/RLOG-QC_RIL_OEM_HOOK: QcRilOemHook notifyRegistrants Failed
09-21 16:51:23.856  2197  2197 D use-Rlog/RLOG-QC_RIL_OEM_HOOK: Received Broadcast Intent ACTION_UNSOL_RESPONSE_OEM_HOOK_RAW
09-21 16:51:23.856  2197  2197 D use-Rlog/RLOG-QC_RIL_OEM_HOOK: Oem ID in QCRILHOOK UNSOL RESP is QOEMHOOK
09-21 16:51:23.856  2197  2197 D use-Rlog/RLOG-QC_RIL_OEM_HOOK: Received Broadcast Intent ACTION_UNSOL_RESPONSE_OEM_HOOK_RAW
09-21 16:51:23.857  2197  2197 D use-Rlog/RLOG-QC_RIL_OEM_HOOK: Oem ID in QCRILHOOK UNSOL RESP is QOEMHOOK
09-21 16:51:23.857  2197  2197 D PhoneSwitcher: handle event - 108
09-21 16:51:23.861  2197  2435 D NetworkRegistrationManager: onGetNetworkRegistrationStateComplete result 0 state NetworkRegistrationState{transportType=1 domain=CS regState=NOT_REG_SEARCHING accessNetworkTechnology=UMTS reasonForDenial=0 emergencyEnabled=true supportedServices=[I@bc7f99c cellIdentity=CellIdentityWcdma:{ mMcc=460 mMnc=01 mAlphaLong=CHN-UNICOM mAlphaShort=UNICOM} voiceSpecificStates=VoiceSpecificRegistrationStates { mCssSupported=false mRoamingIndicator=-1 mSystemIsInPrl=-1 mDefaultRoamingIndicator=-1} dataSpecificStates=null}
09-21 16:51:23.861  2197  2288 D RILJ    : [0991]< VOICE_REGISTRATION_STATE {.regState = NOT_REG_MT_SEARCHING_OP_EM, .rat = 3, .cssSupported = false, .roamingIndicator = -1, .systemIsInPrl = -1, .defaultRoamingIndicator = -1, .reasonForDenial = 0, .cellIdentity = {...}} [SUB1]
09-21 16:51:23.863  2197  2288 D RILJ    : [0995]< VOICE_REGISTRATION_STATE {.regState = NOT_REG_MT_SEARCHING_OP_EM, .rat = 3, .cssSupported = false, .roamingIndicator = -1, .systemIsInPrl = -1, .defaultRoamingIndicator = -1, .reasonForDenial = 0, .cellIdentity = {...}} [SUB1]
09-21 16:51:23.864  2197  2435 D NetworkRegistrationManager: onGetNetworkRegistrationStateComplete result 0 state NetworkRegistrationState{transportType=1 domain=CS regState=NOT_REG_SEARCHING accessNetworkTechnology=UMTS reasonForDenial=0 emergencyEnabled=true supportedServices=[I@cdaffa5 cellIdentity=CellIdentityWcdma:{ mMcc=460 mMnc=01 mAlphaLong=CHN-UNICOM mAlphaShort=UNICOM} voiceSpecificStates=VoiceSpecificRegistrationStates { mCssSupported=false mRoamingIndicator=-1 mSystemIsInPrl=-1 mDefaultRoamingIndicator=-1} dataSpecificStates=null}
09-21 16:51:23.864  2197  2288 D RILJ    : [0993]< DATA_REGISTRATION_STATE {.regState = NOT_REG_MT_NOT_SEARCHING_OP, .rat = 0, .reasonDataDenied = 0, .maxDataCalls = 20, .cellIdentity = {...}} [SUB1]
09-21 16:51:23.864  2197  2435 D NetworkRegistrationManager: onGetNetworkRegistrationStateComplete result 0 state NetworkRegistrationState{transportType=1 domain=PS regState=NOT_REG_NOT_SEARCHING accessNetworkTechnology=UNKNOWN reasonForDenial=0 emergencyEnabled=false supportedServices=null cellIdentity=null voiceSpecificStates=null dataSpecificStates=DataSpecificRegistrationStates { mMaxDataCalls=20}}
09-21 16:51:23.865  2197  2197 D SST[1]  : [1] handlPollVoiceRegResultMessage: regState=2 radioTechnology=3
09-21 16:51:23.865  2197  2197 D SST[1]  : [1] Could not set ServiceState channel number. CellIdentity null
09-21 16:51:23.865  2197  2197 D SST[1]  : [1] handlPollStateResultMessage: GsmSST dataServiceState=1 regState=0 dataRadioTechnology=0
09-21 16:51:23.865  2197  2288 D RILJ    : [0994]< QUERY_NETWORK_SELECTION_MODE {0} [SUB1]
09-21 16:51:23.865  2197  2197 D SST[1]  : [1] EVENT_POLL_STATE_NETWORK_SELECTION_MODE
09-21 16:51:23.871  2197  2288 D RILJ    : [0992]< OPERATOR {, , } [SUB1]
09-21 16:51:23.873  2197  2197 D SST[1]  : [1] Poll ServiceState done:  oldSS=[{mVoiceRegState=1(OUT_OF_SERVICE), mDataRegState=1(OUT_OF_SERVICE), mChannelNumber=10763, duplexMode()=0, mCellBandwidths=[], mVoiceRoamingType=home, mDataRoamingType=home, mVoiceOperatorAlphaLong=, mVoiceOperatorAlphaShort=, mDataOperatorAlphaLong=, mDataOperatorAlphaShort=, isManualNetworkSelection=false(automatic), mRilVoiceRadioTechnology=3(UMTS), mRilDataRadioTechnology=0(Unknown), mCssIndicator=unsupported, mNetworkId=-1, mSystemId=-1, mCdmaRoamingIndicator=-1, mCdmaDefaultRoamingIndicator=-1, mIsEmergencyOnly=true, mIsDataRoamingFromRegistration=false, mIsUsingCarrierAggregation=false, mLteEarfcnRsrpBoost=0, mNetworkRegistrationStates=[NetworkRegistrationState{transportType=1 domain=CS regState=NOT_REG_SEARCHING accessNetworkTechnology=UMTS reasonForDenial=0 emergencyEnabled=true supportedServices=[I@813a17 cellIdentity=CellIdentityWcdma:{ mMcc=460 mMnc=01 mAlphaLong=CHN-UNICOM mAlphaShort=UNICOM} voiceSpecificStates=VoiceSpecificRegistrationStates { mCssSupported=false mRoamingIndicator=-1 mSystemIsInPrl=-1 mDefaultRoamingIndicator=-1} dataSpecificStates=null}, NetworkRegistrationState{transportType=1 domain=PS regState=NOT_REG_NOT_SEARCHING accessNetworkTechnology=UNKNOWN reasonForDenial=0 emergencyEnabled=false supportedServices=null cellIdentity=null voiceSpecificStates=null dataSpecificStates=DataSpecificRegistrationStates { mMaxDataCalls=20}}]}] newSS=[{mVoiceRegState=1(OUT_OF_SERVICE), mDataRegState=1(OUT_OF_SERVICE), mChannelNumber=10763, duplexMode()=0, mCellBandwidths=[], mVoiceRoamingType=home, mDataRoamingType=home, mVoiceOperatorAlphaLong=, mVoiceOperatorAlphaShort=, mDataOperatorAlphaLong=, mDataOperatorAlphaShort=, isManualNetworkSelection=false(automatic), mRilVoiceRadioTechnology=3(UMTS), mRilDataRadioTechnology=0(Unknown), mCssIndicator=unsupported, mNetworkId=-1, mSystemId=-1, mCdmaRoamingIndicator=-1, mCdmaDefaultRoamingIndicator=-1, mIsEmergencyOnly=true, mIsDataRoamingFromRegistration=false, mIsUsingCarrierAggregation=false, mLteEarfcnRsrpBoost=0, mNetworkRegistrationStates=[NetworkRegistrationState{transportType=1 domain=CS regState=NOT_REG_SEARCHING accessNetworkTechnology=UMTS reasonForDenial=0 emergencyEnabled=true supportedServices=[I@cdaffa5 cellIdentity=CellIdentityWcdma:{ mMcc=460 mMnc=01 mAlphaLong=CHN-UNICOM mAlphaShort=UNICOM} voiceSpecificStates=VoiceSpecificRegistrationStates { mCssSupported=false mRoamingIndicator=-1 mSystemIsInPrl=-1 mDefaultRoamingIndicator=-1} dataSpecificStates=null}, NetworkRegistrationState{transportType=1 domain=PS regState=NOT_REG_NOT_SEARCHING accessNetworkTechnology=UNKNOWN reasonForDenial=0 emergencyEnabled=false supportedServices=null cellIdentity=null voiceSpecificStates=null dataSpecificStates=DataSpecificRegistrationStates { mMaxDataCalls=20}}]}] oldMaxDataCalls=20 mNewMaxDataCalls=20 oldReasonDataDenied=0 mNewReasonDataDenied=0
09-21 16:51:23.874  2197  2197 D SST[1]  : [1] pollStateDone: hasRegistered=false hasDeregistered=false hasDataAttached=false hasDataDetached=false hasDataRegStateChanged=false hasRilVoiceRadioTechnologyChanged= false hasRilDataRadioTechnologyChanged=false hasChanged=false hasVoiceRoamingOn=false hasVoiceRoamingOff=false hasDataRoamingOn=false hasDataRoamingOff=false hasLocationChanged=false has4gHandoff = false hasMultiApnSupport=false hasLostMultiApnSupport=false hasCssIndicatorChanged=false
09-21 16:51:24.111  1589  3381 D CompatibilityInfo: mCompatibilityFlags - 0
09-21 16:51:24.111  1589  3381 D CompatibilityInfo: applicationDensity - 440
09-21 16:51:24.111  1589  3381 D CompatibilityInfo: applicationScale - 1.0
09-21 16:51:24.117 11568 11568 D BoundBrokerSvc: onBind: Intent { act=com.google.android.gms.mdns.service.START dat=chimera-action: cmp=com.google.android.gms/.chimera.PersistentApiService }
09-21 16:51:24.119 11568 11568 D BoundBrokerSvc: Loading bound service for intent: Intent { act=com.google.android.gms.mdns.service.START dat=chimera-action: cmp=com.google.android.gms/.chimera.PersistentApiService }
09-21 16:51:24.908   853  1020 E ThermalEngine: read_thermal_config
09-21 16:51:24.909   853  1020 D ThermalEngine: algo_monitor: Timer EVT
09-21 16:51:24.910   853  1020 I ThermalEngine: Sensor:sdm-therm:48766 mC
09-21 16:51:24.910   853  1020 D ThermalEngine: handle_timer_sig: SS Id SS-QUIET-THERM-GOLD2 Read sdm-therm 48766mC, Err -1766mC, SampleCnt 1
09-21 16:51:24.910   853  1020 D ThermalEngine: handle_timer_sig: SS Id SS-QUIET-THERM-GOLD2, E0 -1766mC, E1 -1831mC
09-21 16:51:24.911   853  1020 D ThermalEngine: Already at device mitigation max limit
09-21 16:51:24.912   853  1020 I ThermalEngine: Sensor:sdm-therm:48766 mC
09-21 16:51:24.912   853  1020 D ThermalEngine: handle_timer_sig: SS Id SS-QUIET-THERM-GOLD Read sdm-therm 48766mC, Err -3766mC, SampleCnt 1
09-21 16:51:24.912   853  1020 D ThermalEngine: handle_timer_sig: SS Id SS-QUIET-THERM-GOLD, E0 -3766mC, E1 -3766mC
09-21 16:51:24.912   853  1020 D ThermalEngine: Already at device mitigation max limit
09-21 16:51:24.914   853  1020 I ThermalEngine: Sensor:sdm-therm:48831 mC
09-21 16:51:24.914   853  1020 D ThermalEngine: handle_timer_sig: SS Id SS-QUIET-THERM-SILVER3 Read sdm-therm 48831mC, Err -831mC, SampleCnt 1
09-21 16:51:24.914   853  1020 D ThermalEngine: handle_timer_sig: SS Id SS-QUIET-THERM-SILVER3, E0 -831mC, E1 -831mC
09-21 16:51:24.914   853  1020 D ThermalEngine: Already at device mitigation max limit
09-21 16:51:24.916   853  1020 I ThermalEngine: Sensor:sdm-therm:48766 mC
09-21 16:51:24.916   853  1020 D ThermalEngine: handle_timer_sig: SS Id SS-QUIET-THERM-SILVER2 Read sdm-therm 48766mC, Err -2766mC, SampleCnt 1
09-21 16:51:24.916   853  1020 D ThermalEngine: handle_timer_sig: SS Id SS-QUIET-THERM-SILVER2, E0 -2766mC, E1 -2831mC
09-21 16:51:24.916   853  1020 D ThermalEngine: Already at device mitigation max limit
09-21 16:51:24.917   853  1020 I ThermalEngine: Sensor:sdm-therm:48766 mC
09-21 16:51:24.917   853  1020 D ThermalEngine: handle_timer_sig: SS Id SS-QUIET-THERM-SILVER Read sdm-therm 48766mC, Err -4766mC, SampleCnt 1
09-21 16:51:24.917   853  1020 D ThermalEngine: handle_timer_sig: SS Id SS-QUIET-THERM-SILVER, E0 -4766mC, E1 -4766mC
09-21 16:51:24.917   853  1020 D ThermalEngine: Already at device mitigation max limit
09-21 16:51:24.917   853  1020 I ThermalEngine: settimer: Start timer 2.000(sec)
09-21 16:51:24.917   853  1020 D ThermalEngine: algo_monitor: Wait for EV
09-21 16:51:26.917   853  1020 E ThermalEngine: read_thermal_config
09-21 16:51:26.919   853  1020 D ThermalEngine: algo_monitor: Timer EVT
09-21 16:51:26.932   853  1020 I ThermalEngine: Sensor:sdm-therm:48766 mC
09-21 16:51:26.932   853  1020 D ThermalEngine: handle_timer_sig: SS Id SS-QUIET-THERM-GOLD2 Read sdm-therm 48766mC, Err -1766mC, SampleCnt 1
09-21 16:51:26.932   853  1020 D ThermalEngine: handle_timer_sig: SS Id SS-QUIET-THERM-GOLD2, E0 -1766mC, E1 -1766mC
09-21 16:51:26.932   853  1020 D ThermalEngine: Already at device mitigation max limit
09-21 16:51:26.938   853  1020 I ThermalEngine: Sensor:sdm-therm:48766 mC
09-21 16:51:26.938   853  1020 D ThermalEngine: handle_timer_sig: SS Id SS-QUIET-THERM-GOLD Read sdm-therm 48766mC, Err -3766mC, SampleCnt 1
09-21 16:51:26.938   853  1020 D ThermalEngine: handle_timer_sig: SS Id SS-QUIET-THERM-GOLD, E0 -3766mC, E1 -3766mC
09-21 16:51:26.938   853  1020 D ThermalEngine: Already at device mitigation max limit
09-21 16:51:26.939   853  1020 I ThermalEngine: Sensor:sdm-therm:48766 mC
09-21 16:51:26.939   853  1020 D ThermalEngine: handle_timer_sig: SS Id SS-QUIET-THERM-SILVER3 Read sdm-therm 48766mC, Err -766mC, SampleCnt 1
09-21 16:51:26.939   853  1020 D ThermalEngine: handle_timer_sig: SS Id SS-QUIET-THERM-SILVER3, E0 -766mC, E1 -831mC
09-21 16:51:26.939   853  1020 D ThermalEngine: Already at device mitigation max limit
09-21 16:51:26.940   853  1020 I ThermalEngine: Sensor:sdm-therm:48766 mC
09-21 16:51:26.940   853  1020 D ThermalEngine: handle_timer_sig: SS Id SS-QUIET-THERM-SILVER2 Read sdm-therm 48766mC, Err -2766mC, SampleCnt 1
09-21 16:51:26.940   853  1020 D ThermalEngine: handle_timer_sig: SS Id SS-QUIET-THERM-SILVER2, E0 -2766mC, E1 -2766mC
09-21 16:51:26.940   853  1020 D ThermalEngine: Already at device mitigation max limit
09-21 16:51:26.942   853  1020 I ThermalEngine: Sensor:sdm-therm:48766 mC
09-21 16:51:26.942   853  1020 D ThermalEngine: handle_timer_sig: SS Id SS-QUIET-THERM-SILVER Read sdm-therm 48766mC, Err -4766mC, SampleCnt 1
09-21 16:51:26.942   853  1020 D ThermalEngine: handle_timer_sig: SS Id SS-QUIET-THERM-SILVER, E0 -4766mC, E1 -4766mC
09-21 16:51:26.942   853  1020 D ThermalEngine: Already at device mitigation max limit
09-21 16:51:26.942   853  1020 I ThermalEngine: settimer: Start timer 2.000(sec)
09-21 16:51:26.942   853  1020 D ThermalEngine: algo_monitor: Wait for EV
09-21 16:51:27.173  9611  9842 I PlayCommon: [34292] akwg.j(32): Preparing logs for uploading
09-21 16:51:27.177  9611  9842 I PlayCommon: [34292] akwg.j(150): Connecting to server for timestamp: https://play.googleapis.com/play/log/timestamp
09-21 16:51:23.882     0     0 E pm6150_charger: wdog_bark_irq_handler: IRQ: wdog-bark
09-21 16:51:23.882     0     0 E power_supply battery: power_supply_changed
09-21 16:51:23.882     0     0 E power_supply battery: power_supply_changed_work
09-21 16:51:23.882     0     0 E pm6150_charger: smblib_get_prop_usb_online: POWER_PATH_STATUS = 0x95
09-21 16:51:23.882     0     0 E pm6150_charger: smblib_get_prop_dc_online: POWER_PATH_STATUS = 0x95
09-21 16:51:23.882     0     0 E pm6150_charger: smblib_get_prop_batt_health: BATTERY_CHARGER_STATUS_2 = 0x08
09-21 16:51:23.882     0     0 I smblib_get_prop_batt_status stat: 3 max_voltage:4400000 chg_done:0
09-21 16:51:23.882     0     0 E pm6150_charger: smblib_get_prop_usb_online: POWER_PATH_STATUS = 0x95
09-21 16:51:23.883     0     0 E pm6150_charger: smblib_get_prop_dc_online: POWER_PATH_STATUS = 0x95
09-21 16:51:23.883     0     0 E pm6150_charger: smblib_get_prop_batt_health: BATTERY_CHARGER_STATUS_2 = 0x08
09-21 16:51:23.883     0     0 I smblib_get_prop_batt_status stat: 3 max_voltage:4400000 chg_done:0
09-21 16:51:23.883     0     0 E pm6150_charger: smblib_get_prop_batt_health: BATTERY_CHARGER_STATUS_2 = 0x08
09-21 16:51:23.883     0     0 I         : smblib_get_prop_usb_present stat 16
09-21 16:51:23.883     0     0 E pm6150_charger: smblib_get_prop_usb_online: POWER_PATH_STATUS = 0x95
09-21 16:51:23.883     0     0 E pm6150_charger: smblib_get_prop_dc_online: POWER_PATH_STATUS = 0x95
09-21 16:51:23.883     0     0 E pm6150_charger: smblib_get_prop_batt_health: BATTERY_CHARGER_STATUS_2 = 0x08
09-21 16:51:23.883     0     0 I smblib_get_prop_batt_status stat: 3 max_voltage:4400000 chg_done:0
09-21 16:51:23.883     0     0 I QG-K    : qg_status_change_work: charge_status=1 charge_done=0
09-21 16:51:23.883     0     0 I         : smblib_get_prop_usb_present stat 16
09-21 16:51:23.883     0     0 E ALG     : cycle_count_update: batt_soc: 199 id: 6 chg_status: 1
09-21 16:51:23.883     0     0 I         : smblib_get_prop_usb_present stat 16
09-21 16:51:23.883     0     0 E PL_DISABLE: CHG_STATE_VOTER,0 same vote off of val=0
09-21 16:51:23.883     0     0 E PL_DISABLE: CHG_STATE_VOTER,0 Ignoring similar vote off of val=0
09-21 16:51:23.883     0     0 E pm6150_charger: smblib_get_charge_param: aicl icl status = 500000 (0x0a)
09-21 16:51:23.883     0     0 E PL_ENABLE_INDIRECT: USBIN_I_VOTER,0 same vote off of val=0
09-21 16:51:23.883     0     0 E PL_ENABLE_INDIRECT: USBIN_I_VOTER,0 Ignoring similar vote off of val=0
09-21 16:51:23.883     0     0 E PL_AWAKE: FCC_STEPPER_VOTER,0 same vote off of val=0
09-21 16:51:23.883     0     0 E PL_AWAKE: FCC_STEPPER_VOTER,0 Ignoring similar vote off of val=0
09-21 16:51:23.883     0     0 E pm6150_charger: smblib_get_charge_param: fast charge current = 100000 (0x02)
09-21 16:51:23.883     0     0 E pm6150_charger: smblib_set_charge_param: float voltage = 4400000 (0x50)
09-21 16:51:23.884     0     0 I         : length 2 addr=48c0
09-21 16:51:23.884     0     0 I val[0]  : 7e
09-21 16:51:23.884     0     0 I val[1]  : 50
09-21 16:51:23.884     0     0 I addr=4842 mask: 01 val: 01
09-21 16:51:23.884     0     0 I         : length 2 addr=48c6
09-21 16:51:23.884     0     0 I val[0]  : af
09-21 16:51:23.884     0     0 I val[1]  : 02
09-21 16:51:23.884     0     0 I addr=4842 mask: 01 val: 00
09-21 16:51:23.887     0     0 I         : smblib_get_prop_usb_present stat 16
09-21 16:51:23.887     0     0 I QG-K    : qg_get_learned_capacity: Retrieved learned capacity 2576000uah
09-21 16:51:23.889     0     0 I QG-K    : qg_get_learned_capacity: Retrieved learned capacity 2576000uah
09-21 16:51:23.889     0     0 I         : length 2 addr=48c0
09-21 16:51:23.889     0     0 I val[0]  : 7e
09-21 16:51:23.889     0     0 I val[1]  : 50
09-21 16:51:23.889     0     0 I addr=4842 mask: 01 val: 01
09-21 16:51:23.889     0     0 I         : length 2 addr=48c6
09-21 16:51:23.889     0     0 I val[0]  : af
09-21 16:51:23.889     0     0 I val[1]  : 02
09-21 16:51:23.889     0     0 I addr=4842 mask: 01 val: 00
09-21 16:51:23.889     0     0 I QG-K    : qg_get_learned_capacity: Retrieved learned capacity 2576000uah
09-21 16:51:23.890     0     0 I         : smblib_get_prop_usb_present stat 16
09-21 16:51:23.890     0     0 I         : length 2 addr=48c0
09-21 16:51:23.890     0     0 I val[0]  : 7e
09-21 16:51:23.890     0     0 I val[1]  : 50
09-21 16:51:23.890     0     0 I addr=4842 mask: 01 val: 01
09-21 16:51:23.890     0     0 I         : smblib_get_prop_usb_present stat 16
09-21 16:51:23.890     0     0 I         : length 2 addr=48c6
09-21 16:51:23.890     0     0 I val[0]  : af
09-21 16:51:23.890     0     0 I val[1]  : 02
09-21 16:51:23.890     0     0 I addr=4842 mask: 01 val: 00
09-21 16:51:23.891     0     0 I QG-K    : qg_get_learned_capacity: Retrieved learned capacity 2576000uah
09-21 16:51:23.891     0     0 I         : smblib_get_prop_usb_present stat 16
09-21 16:51:23.891     0     0 I         : smblib_get_prop_usb_present stat 16
09-21 16:51:23.892     0     0 E pm6150_charger: smblib_get_charge_param: aicl icl status = 500000 (0x0a)
09-21 16:51:23.892     0     0 I         : smblib_get_prop_usb_present stat 16
09-21 16:51:23.892     0     0 E pm6150_charger: smblib_get_charge_param: aicl icl status = 500000 (0x0a)
09-21 16:51:23.893     0     0 I QG-K    : qg_get_learned_capacity: Retrieved learned capacity 2576000uah
09-21 16:51:23.894     0     0 E ALG     : cap_learning_update: Charge_status: 1 active: 0 batt_soc: 190
09-21 16:51:23.894     0     0 E ALG     : cap_learning_begin: Battery SOC 75 is high/low, not starting
09-21 16:51:23.894     0     0 E pm6150_charger: smblib_get_prop_batt_health: BATTERY_CHARGER_STATUS_2 = 0x08
09-21 16:51:23.894     0     0 I QG-K    : qg_charge_full_update: msoc=78 health=1 charge_full=0 charge_done=0
09-21 16:51:23.894     0     0 I         : smblib_get_prop_usb_present stat 16
09-21 16:51:23.895     0     0 I         : smblib_get_prop_usb_present stat 16
09-21 16:51:23.895     0     0 E FCC     : JEITA_VOTER,5 same vote on of val=3000000
09-21 16:51:23.895     0     0 E FCC     : JEITA_VOTER,5 Ignoring similar vote on of val=3000000
09-21 16:51:23.895     0     0 E USB_ICL : JEITA_VOTER,8 same vote off of val=0
09-21 16:51:23.895     0     0 E USB_ICL : JEITA_VOTER,8 Ignoring similar vote off of val=0
09-21 16:51:23.895     0     0 I QCOM-STEPCHG: handle_jeita:  jeita vote fv_uv:4400000 last_vol:4400000
09-21 16:51:23.895     0     0 E FV      : JEITA_VOTER,2 same vote on of val=4400000
09-21 16:51:23.895     0     0 E FV      : JEITA_VOTER,2 Ignoring similar vote on of val=4400000
09-21 16:51:23.895     0     0 E power_supply main: power_supply_changed
09-21 16:51:23.895     0     0 E FCC     : STEP_CHG_VOTER,6 same vote off of val=0
09-21 16:51:23.895     0     0 E FCC     : STEP_CHG_VOTER,6 Ignoring similar vote off of val=0
09-21 16:51:23.895     0     0 I         : smblib_get_prop_usb_present stat 16
09-21 16:51:23.896     0     0 E power_supply main: power_supply_changed_work
09-21 16:51:23.896     0     0 E         : get prop 4 is not supported in usb-main
09-21 16:51:23.896     0     0 E         : Couldn't get prop 4 rc = -22
09-21 16:51:23.896     0     0 E pm6150_charger: smblib_get_charge_param: float voltage = 4400000 (0x50)
09-21 16:51:23.896     0     0 E pm6150_charger: smblib_get_charge_param: fast charge current = 100000 (0x02)
09-21 16:51:23.896     0     0 E pm6150_charger: smblib_get_charge_param: aicl icl status = 500000 (0x0a)
09-21 16:51:23.896     0     0 E pm6150_charger: smblib_get_charge_param: dcdc icl max status = 500000 (0x0a)
09-21 16:51:23.896     0     0 E         : Couldn't get prop 103 rc = -1
09-21 16:51:23.899     0     0 I         : smblib_get_prop_usb_present stat 16
