09-21 16:09:53.272  2317  2341 I QcrilOemhookMsgTunnel: [0]processOemHookIndication length=28
09-21 16:09:53.273  2317  2317 I QcrilOemhookMsgTunnel: [1]invokeOemRilRequestRaw: serial=1344 length=24
09-21 16:09:53.273  2317  2317 D QcrilMsgTunnelIfaceManager: handleMessage what = 0
09-21 16:09:53.274  2317  2341 I QcrilOemhookMsgTunnel: [1]processOemHookResponse serial no: 1344 error: 0length=0
09-21 16:09:53.276  2317  2317 D QcrilMsgTunnelIfaceManager: handleMessage what = 2
09-21 16:09:53.276  2178  2178 D use-Rlog/RLOG-QC_RIL_OEM_HOOK: Received Broadcast Intent ACTION_UNSOL_RESPONSE_OEM_HOOK_RAW
09-21 16:09:53.276  2178  2178 D use-Rlog/RLOG-QC_RIL_OEM_HOOK: Oem ID in QCRILHOOK UNSOL RESP is QOEMHOOK
09-21 16:09:53.277  2197  2197 D use-Rlog/RLOG-QC_RIL_OEM_HOOK: sendOemRilRequestRaw returns value = 0
09-21 16:09:53.278  2197  2197 D use-Rlog/RLOG-QC_RIL_OEM_HOOK: Received Broadcast Intent ACTION_UNSOL_RESPONSE_OEM_HOOK_RAW
09-21 16:09:53.278  2197  2197 D use-Rlog/RLOG-QC_RIL_OEM_HOOK: Oem ID in QCRILHOOK UNSOL RESP is QOEMHOOK
09-21 16:09:53.278  2197  2197 D use-Rlog/RLOG-QC_RIL_OEM_HOOK: Received Broadcast Intent ACTION_UNSOL_RESPONSE_OEM_HOOK_RAW
09-21 16:09:53.278  2197  2197 D use-Rlog/RLOG-QC_RIL_OEM_HOOK: Oem ID in QCRILHOOK UNSOL RESP is QOEMHOOK
09-21 16:09:53.278  2197  2197 E use-Rlog/RLOG-QC_RIL_OEM_HOOK: QcRilOemHook notifyRegistrants Failed
09-21 16:09:53.278  2197  2197 D use-Rlog/RLOG-QC_RIL_OEM_HOOK: Received Broadcast Intent ACTION_UNSOL_RESPONSE_OEM_HOOK_RAW
09-21 16:09:53.278  2197  2197 D use-Rlog/RLOG-QC_RIL_OEM_HOOK: Oem ID in QCRILHOOK UNSOL RESP is QOEMHOOK
09-21 16:09:53.278  2197  2197 D use-Rlog/RLOG-QC_RIL_OEM_HOOK: Received Broadcast Intent ACTION_UNSOL_RESPONSE_OEM_HOOK_RAW
09-21 16:09:53.278  2197  2197 D use-Rlog/RLOG-QC_RIL_OEM_HOOK: Oem ID in QCRILHOOK UNSOL RESP is QOEMHOOK
09-21 16:09:53.278  2197  2197 D PhoneSwitcher: handle event - 108
09-21 16:09:53.279  2317  2341 I QcrilOemhookMsgTunnel: [1]processOemHookIndication length=28
09-21 16:09:53.279  2317  2317 D QcrilMsgTunnelIfaceManager: handleMessage what = 0
09-21 16:09:53.281  2178  2178 D use-Rlog/RLOG-QC_RIL_OEM_HOOK: Received Broadcast Intent ACTION_UNSOL_RESPONSE_OEM_HOOK_RAW
09-21 16:09:53.281  2197  2197 D use-Rlog/RLOG-QC_RIL_OEM_HOOK: Received Broadcast Intent ACTION_UNSOL_RESPONSE_OEM_HOOK_RAW
09-21 16:09:53.281  2197  2197 D use-Rlog/RLOG-QC_RIL_OEM_HOOK: Oem ID in QCRILHOOK UNSOL RESP is QOEMHOOK
09-21 16:09:53.281  2197  2197 D use-Rlog/RLOG-QC_RIL_OEM_HOOK: Received Broadcast Intent ACTION_UNSOL_RESPONSE_OEM_HOOK_RAW
09-21 16:09:53.281  2178  2178 D use-Rlog/RLOG-QC_RIL_OEM_HOOK: Oem ID in QCRILHOOK UNSOL RESP is QOEMHOOK
09-21 16:09:53.281  2197  2197 D use-Rlog/RLOG-QC_RIL_OEM_HOOK: Oem ID in QCRILHOOK UNSOL RESP is QOEMHOOK
09-21 16:09:53.281  2197  2197 E use-Rlog/RLOG-QC_RIL_OEM_HOOK: QcRilOemHook notifyRegistrants Failed
09-21 16:09:53.281  2197  2197 D use-Rlog/RLOG-QC_RIL_OEM_HOOK: Received Broadcast Intent ACTION_UNSOL_RESPONSE_OEM_HOOK_RAW
09-21 16:09:53.281  2197  2197 D use-Rlog/RLOG-QC_RIL_OEM_HOOK: Oem ID in QCRILHOOK UNSOL RESP is QOEMHOOK
09-21 16:09:53.281  2197  2197 D use-Rlog/RLOG-QC_RIL_OEM_HOOK: Received Broadcast Intent ACTION_UNSOL_RESPONSE_OEM_HOOK_RAW
09-21 16:09:53.281  2197  2197 D use-Rlog/RLOG-QC_RIL_OEM_HOOK: Oem ID in QCRILHOOK UNSOL RESP is QOEMHOOK
09-21 16:09:53.281  2197  2197 D PhoneSwitcher: handle event - 108
09-21 16:09:53.430  7099  7124 I Unity   : [HybridStart] [Log] HybridStartup _LOCAL_MANIFEST_PATH = /storage/emulated/0/Android/data/com.camelgames.aoz.debuglz4/files/wdeY33011010830_cli
09-21 16:09:53.430  7099  7124 I Unity   : CamelHybrid.HybridStart:Log(String, LogType)
09-21 16:09:53.430  7099  7124 I Unity   : CamelHybrid.<HybridStartup>d__24:MoveNext()
09-21 16:09:53.430  7099  7124 I Unity   : UnityEngine.SetupCoroutine:InvokeMoveNext(IEnumerator, IntPtr)
09-21 16:09:53.430  7099  7124 I Unity   :
09-21 16:09:53.433  7099  7124 I Unity   : [HybridStart] [Log] HybridStartup _LOCAL_DATA_PATH = /storage/emulated/0/Android/data/com.camelgames.aoz.debuglz4/files/wdeY33011010830_cld
09-21 16:09:53.433  7099  7124 I Unity   : CamelHybrid.HybridStart:Log(String, LogType)
09-21 16:09:53.433  7099  7124 I Unity   : CamelHybrid.<HybridStartup>d__24:MoveNext()
09-21 16:09:53.433  7099  7124 I Unity   : UnityEngine.SetupCoroutine:InvokeMoveNext(IEnumerator, IntPtr)
09-21 16:09:53.433  7099  7124 I Unity   :
09-21 16:09:53.436  7099  7124 I Unity   : _testers is null or empty!
09-21 16:09:53.436  7099  7124 I Unity   : CamelHot.SSOTester.SSOTesterBase`1:get_AnyPassed()
09-21 16:09:53.436  7099  7124 I Unity   : UnityEngine.WaitUntil:get_keepWaiting()
09-21 16:09:53.436  7099  7124 I Unity   : UnityEngine.SetupCoroutine:InvokeMoveNext(IEnumerator, IntPtr)
09-21 16:09:53.436  7099  7124 I Unity   : CamelHybrid.<HybridStartup>d__24:MoveNext()
09-21 16:09:53.436  7099  7124 I Unity   : UnityEngine.SetupCoroutine:InvokeMoveNext(IEnumerator, IntPtr)
09-21 16:09:53.436  7099  7124 I Unity   :
09-21 16:09:53.437  7099  7124 I Unity   : [HybridSceneChanger] Prepare 0
09-21 16:09:53.437  7099  7124 I Unity   : CamelHybrid.HybridSceneChanger:Prepare()
09-21 16:09:53.437  7099  7124 I Unity   : CamelHybrid.<HybridStartup>d__24:MoveNext()
09-21 16:09:53.437  7099  7124 I Unity   : UnityEngine.SetupCoroutine:InvokeMoveNext(IEnumerator, IntPtr)
09-21 16:09:53.437  7099  7124 I Unity   :
09-21 16:09:53.438  7099  7124 I Unity   : [HybridSceneChanger] HybridSceneChanger
09-21 16:09:53.438  7099  7124 I Unity   : CamelHybrid.HybridSceneChanger:Prepare()
09-21 16:09:53.438  7099  7124 I Unity   : CamelHybrid.<HybridStartup>d__24:MoveNext()
09-21 16:09:53.438  7099  7124 I Unity   : UnityEngine.SetupCoroutine:InvokeMoveNext(IEnumerator, IntPtr)
09-21 16:09:53.438  7099  7124 I Unity   :
09-21 16:09:53.438  7099  7124 I Unity   : [HybridSceneChanger] Prepare 1
09-21 16:09:53.438  7099  7124 I Unity   : CamelHybrid.<HybridStartup>d__24:MoveNext()
09-21 16:09:53.438  7099  7124 I Unity   : UnityEngine.SetupCoroutine:InvokeMoveNext(IEnumerator, IntPtr)
09-21 16:09:53.438  7099  7124 I Unity   :
09-21 16:09:53.469  1589  3396 I am_activity_fully_drawn_time: [0,56761205,com.camelgames.aoz.debuglz4/com.camelgames.UnityPlayerActivity,1353,1353]
09-21 16:09:53.469  1589  3396 I ActivityManager: Fully drawn com.camelgames.aoz.debuglz4/com.camelgames.UnityPlayerActivity: +1s353ms
09-21 16:09:53.469  1589  3396 I sysui_multi_action: [324,0,757,1090,758,12,806,com.camelgames.aoz.debuglz4,871,com.camelgames.UnityPlayerActivity,1091,1388]
09-21 16:09:53.471  7099  7124 I Unity   : _testers is null or empty!
09-21 16:09:53.471  7099  7124 I Unity   : CamelHot.SSOTester.SSOTesterBase`1:get_AnyPassed()
09-21 16:09:53.471  7099  7124 I Unity   : UnityEngine.WaitUntil:get_keepWaiting()
09-21 16:09:53.471  7099  7124 I Unity   : UnityEngine.SetupCoroutine:InvokeMoveNext(IEnumerator, IntPtr)
09-21 16:09:53.471  7099  7124 I Unity   :
09-21 16:09:53.480  1589  3369 I WindowManagerService: MIUILOG- Show when locked PermissionDenied pkg : com.camelgames.aoz.debuglz4 uid : 10201
09-21 16:09:54.064  7099  7124 I chatty  : uid=10201(com.camelgames.aoz.debuglz4) UnityMain identical 18 lines
09-21 16:09:54.097  7099  7124 I Unity   : _testers is null or empty!
09-21 16:09:54.097  7099  7124 I Unity   : CamelHot.SSOTester.SSOTesterBase`1:get_AnyPassed()
09-21 16:09:54.097  7099  7124 I Unity   : UnityEngine.WaitUntil:get_keepWaiting()
09-21 16:09:54.097  7099  7124 I Unity   : UnityEngine.SetupCoroutine:InvokeMoveNext(IEnumerator, IntPtr)
09-21 16:09:54.097  7099  7124 I Unity   :
09-21 16:09:54.130  7099  7167 E AIHelp >> (LogInterceptor.java:68):
09-21 16:09:54.130  7099  7167 E AIHelp >> (LogInterceptor.java:68): [GET] [https://camelgamesinc.aihelp.net/elva/api/v3.0/initget?domain=camelgamesinc.aihelp.net&appId=CamelGamesInc_platform_f08701cf-0462-4c46-97cc-24000b59c31f&l=zh-CN&lan=zh-CN&platform=2&sdkVersion=3.1.8&sdkVersionDetail=3.1.8]:
09-21 16:09:54.130  7099  7167 E AIHelp >> (LogInterceptor.java:68):
09-21 16:09:54.130  7099  7167 E AIHelp >> (LogInterceptor.java:68): {
09-21 16:09:54.130  7099  7167 E AIHelp >> (LogInterceptor.java:68): 	"flag":true,
09-21 16:09:54.130  7099  7167 E AIHelp >> (LogInterceptor.java:68): 	"code":200,
09-21 16:09:54.130  7099  7167 E AIHelp >> (LogInterceptor.java:68): 	"message":"Success",
09-21 16:09:54.130  7099  7167 E AIHelp >> (LogInterceptor.java:68): 	"time":1726905995192,
09-21 16:09:54.130  7099  7167 E AIHelp >> (LogInterceptor.java:68): 	"data":{
