--------- beginning of main
09-21 16:06:58.815 11568 11568 D BoundBrokerSvc: onUnbind: Intent { act=com.google.android.gms.mdns.service.START dat=chimera-action: cmp=com.google.android.gms/.chimera.PersistentApiService }
09-21 16:06:58.822  1589  2114 D CompatibilityInfo: mCompatibilityFlags - 0
09-21 16:06:58.823  1589  2114 D CompatibilityInfo: applicationDensity - 440
09-21 16:06:58.823  1589  2114 D CompatibilityInfo: applicationScale - 1.0
09-21 16:06:58.825 11568 11568 D BoundBrokerSvc: onBind: Intent { act=com.google.android.gms.mdns.service.START dat=chimera-action: cmp=com.google.android.gms/.chimera.PersistentApiService }
09-21 16:06:58.826 11568 11568 D BoundBrokerSvc: Loading bound service for intent: Intent { act=com.google.android.gms.mdns.service.START dat=chimera-action: cmp=com.google.android.gms/.chimera.PersistentApiService }
09-21 16:06:58.927  6391  6434 I Unity   : [HybridWebDataReader] Operation success
09-21 16:06:58.927  6391  6434 I Unity   : CamelHybrid.<OperationAction>d__8:MoveNext()
09-21 16:06:58.927  6391  6434 I Unity   : UnityEngine.SetupCoroutine:InvokeMoveNext(IEnumerator, IntPtr)
09-21 16:06:58.927  6391  6434 I Unity   :
09-21 16:06:58.928  6391  6434 I Unity   : [HybridStart] [Log] UpdateHybridData 2 latestManifestData.Length=912
09-21 16:06:58.928  6391  6434 I Unity   : CamelHybrid.HybridStart:Log(String, LogType)
09-21 16:06:58.928  6391  6434 I Unity   : CamelHybrid.<UpdateHybridData>d__29:MoveNext()
09-21 16:06:58.928  6391  6434 I Unity   : UnityEngine.SetupCoroutine:InvokeMoveNext(IEnumerator, IntPtr)
09-21 16:06:58.928  6391  6434 I Unity   :
09-21 16:06:58.932  6391  6434 I Unity   : [HybridDataCryptor] Start RetryCount=3 Timeout=30
09-21 16:06:58.932  6391  6434 I Unity   : CamelHybrid.<Operation>d__30:MoveNext()
09-21 16:06:58.932  6391  6434 I Unity   : UnityEngine.SetupCoroutine:InvokeMoveNext(IEnumerator, IntPtr)
09-21 16:06:58.932  6391  6434 I Unity   :
09-21 16:06:58.960  6391  6434 I Unity   : [HybridDataCryptor] Operation success
09-21 16:06:58.960  6391  6434 I Unity   : CamelHybrid.<OperationAction>d__19:MoveNext()
09-21 16:06:58.960  6391  6434 I Unity   : UnityEngine.SetupCoroutine:InvokeMoveNext(IEnumerator, IntPtr)
09-21 16:06:58.960  6391  6434 I Unity   :
09-21 16:06:58.962  6391  6434 I Unity   : [HybridStart] [Log] UpdateHybridData 3 latestManifest.HashIn=0F7BC17DB6C8B89DC4A9895BE467D748 latestManifest.HashOut=08BB0921D99E1140AB572FA39AFD54F9
09-21 16:06:58.962  6391  6434 I Unity   : CamelHybrid.HybridStart:Log(String, LogType)
09-21 16:06:58.962  6391  6434 I Unity   : CamelHybrid.<UpdateHybridData>d__29:MoveNext()
09-21 16:06:58.962  6391  6434 I Unity   : UnityEngine.SetupCoroutine:InvokeMoveNext(IEnumerator, IntPtr)
09-21 16:06:58.962  6391  6434 I Unity   :
09-21 16:06:58.965  6391  6434 I Unity   : [HybridStart] [Log] UpdateHybridData finish no need to update LocalManifest.HashOut=08BB0921D99E1140AB572FA39AFD54F9 latestManifest.HashOut=08BB0921D99E1140AB572FA39AFD54F9
09-21 16:06:58.965  6391  6434 I Unity   : CamelHybrid.HybridStart:Log(String, LogType)
09-21 16:06:58.965  6391  6434 I Unity   : CamelHybrid.<UpdateHybridData>d__29:MoveNext()
09-21 16:06:58.965  6391  6434 I Unity   : UnityEngine.SetupCoroutine:InvokeMoveNext(IEnumerator, IntPtr)
09-21 16:06:58.965  6391  6434 I Unity   :
09-21 16:06:58.968  6391  6434 I Unity   : [HybridStart] [Log] UpdateHybridData finish 978.20ms spent
09-21 16:06:58.968  6391  6434 I Unity   : CamelHybrid.HybridStart:Log(String, LogType)
09-21 16:06:58.968  6391  6434 I Unity   : CamelHybrid.<HybridStartup>d__24:MoveNext()
09-21 16:06:58.968  6391  6434 I Unity   : UnityEngine.SetupCoroutine:InvokeMoveNext(IEnumerator, IntPtr)
09-21 16:06:58.968  6391  6434 I Unity   :
09-21 16:06:58.972  6391  6434 I Unity   : [HybridStart] [Log] [LoadSafeFile] 0 pathToFile=/storage/emulated/0/Android/data/com.camelgames.aoz.debuglz4/files/wdeY33011010830_cli
09-21 16:06:58.972  6391  6434 I Unity   : CamelHybrid.HybridStart:Log(String, LogType)
09-21 16:06:58.972  6391  6434 I Unity   : CamelHybrid.<LoadSafeFile>d__32:MoveNext()
09-21 16:06:58.972  6391  6434 I Unity   : UnityEngine.SetupCoroutine:InvokeMoveNext(IEnumerator, IntPtr)
09-21 16:06:58.972  6391  6434 I Unity   :
09-21 16:06:58.976  6391  6434 I Unity   : [HybridStart] [Log] [LoadSafeFile] 2
09-21 16:06:58.976  6391  6434 I Unity   : CamelHybrid.HybridStart:Log(String, LogType)
09-21 16:06:58.976  6391  6434 I Unity   : CamelHybrid.<LoadSafeFile>d__32:MoveNext()
09-21 16:06:58.976  6391  6434 I Unity   : UnityEngine.SetupCoroutine:InvokeMoveNext(IEnumerator, IntPtr)
09-21 16:06:58.976  6391  6434 I Unity   :
09-21 16:06:58.980  6391  6434 I Unity   : [HybridLocalDataReader /storage/emulated/0/Android/data/com.camelgames.aoz.debuglz4/files/wdeY33011010830_cli] Start RetryCount=3 Timeout=30
09-21 16:06:58.980  6391  6434 I Unity   : CamelHybrid.<Operation>d__30:MoveNext()
09-21 16:06:58.980  6391  6434 I Unity   : UnityEngine.SetupCoroutine:InvokeMoveNext(IEnumerator, IntPtr)
09-21 16:06:58.980  6391  6434 I Unity   :
09-21 16:06:58.994  6391  6434 I Unity   : [HybridLocalDataReader /storage/emulated/0/Android/data/com.camelgames.aoz.debuglz4/files/wdeY33011010830_cli] Operation success
09-21 16:06:58.994  6391  6434 I Unity   : CamelHybrid.<OperationAction>d__8:MoveNext()
09-21 16:06:58.994  6391  6434 I Unity   : UnityEngine.SetupCoroutine:InvokeMoveNext(IEnumerator, IntPtr)
09-21 16:06:58.994  6391  6434 I Unity   :
09-21 16:06:58.994  6391  6434 I Unity   : [HybridStart] [Log] [LoadSafeFile] 3
09-21 16:06:58.994  6391  6434 I Unity   : CamelHybrid.HybridStart:Log(String, LogType)
09-21 16:06:58.994  6391  6434 I Unity   : CamelHybrid.<>c__DisplayClass32_0:<LoadSafeFile>b__1(HybridLocalDataReader)
09-21 16:06:58.994  6391  6434 I Unity   : CamelHybrid.<Run>d__3:MoveNext()
09-21 16:06:58.994  6391  6434 I Unity   : UnityEngine.SetupCoroutine:InvokeMoveNext(IEnumerator, IntPtr)
09-21 16:06:58.994  6391  6434 I Unity   :
09-21 16:06:58.997  6391  6434 I Unity   : [HybridStart] [Log] [LoadSafeFile] 4
09-21 16:06:58.997  6391  6434 I Unity   : CamelHybrid.HybridStart:Log(String, LogType)
09-21 16:06:58.997  6391  6434 I Unity   : CamelHybrid.<>c__DisplayClass32_0:<LoadSafeFile>b__1(HybridLocalDataReader)
09-21 16:06:58.997  6391  6434 I Unity   : CamelHybrid.<Run>d__3:MoveNext()
09-21 16:06:58.997  6391  6434 I Unity   : UnityEngine.SetupCoroutine:InvokeMoveNext(IEnumerator, IntPtr)
09-21 16:06:58.997  6391  6434 I Unity   :
09-21 16:06:59.000  6391  6434 I Unity   : [HybridStart] [Log] [LoadSafeFile] 6 fileBytes length=912 hash=8B3C85B674A3E317D0BE49C5EA1586B2
09-21 16:06:59.000  6391  6434 I Unity   : CamelHybrid.HybridStart:Log(String, LogType)
09-21 16:06:59.000  6391  6434 I Unity   : CamelHybrid.<LoadSafeFile>d__32:MoveNext()
09-21 16:06:59.000  6391  6434 I Unity   : UnityEngine.SetupCoroutine:InvokeMoveNext(IEnumerator, IntPtr)
09-21 16:06:59.000  6391  6434 I Unity   :
09-21 16:06:59.002  6391  6434 I Unity   : [HybridDataCryptor] Start RetryCount=3 Timeout=30
09-21 16:06:59.002  6391  6434 I Unity   : CamelHybrid.<Operation>d__30:MoveNext()
09-21 16:06:59.002  6391  6434 I Unity   : UnityEngine.SetupCoroutine:InvokeMoveNext(IEnumerator, IntPtr)
09-21 16:06:59.002  6391  6434 I Unity   :
09-21 16:06:59.027  6391  6434 I Unity   : [HybridDataCryptor] Operation success
09-21 16:06:59.027  6391  6434 I Unity   : CamelHybrid.<OperationAction>d__19:MoveNext()
09-21 16:06:59.027  6391  6434 I Unity   : UnityEngine.SetupCoroutine:InvokeMoveNext(IEnumerator, IntPtr)
09-21 16:06:59.027  6391  6434 I Unity   :
09-21 16:06:59.028  6391  6434 I Unity   : [HybridStart] [Log] [LoadSafeFile] 7
09-21 16:06:59.028  6391  6434 I Unity   : CamelHybrid.HybridStart:Log(String, LogType)
09-21 16:06:59.028  6391  6434 I Unity   : CamelHybrid.<>c__DisplayClass32_0:<LoadSafeFile>b__4(HybridDataCryptor)
09-21 16:06:59.028  6391  6434 I Unity   : CamelHybrid.<Run>d__3:MoveNext()
09-21 16:06:59.028  6391  6434 I Unity   : UnityEngine.SetupCoroutine:InvokeMoveNext(IEnumerator, IntPtr)
09-21 16:06:59.028  6391  6434 I Unity   :
09-21 16:06:59.032  6391  6434 I Unity   : [HybridStart] [Log] [LoadSafeFile] 8 /storage/emulated/0/Android/data/com.camelgames.aoz.debuglz4/files/wdeY33011010830_cli spent 52.03ms
09-21 16:06:59.032  6391  6434 I Unity   : CamelHybrid.HybridStart:Log(String, LogType)
09-21 16:06:59.032  6391  6434 I Unity   : CamelHybrid.<LoadSafeFile>d__32:MoveNext()
09-21 16:06:59.032  6391  6434 I Unity   : UnityEngine.SetupCoroutine:InvokeMoveNext(IEnumerator, IntPtr)
09-21 16:06:59.032  6391  6434 I Unity   :
09-21 16:06:59.035  6391  6434 I Unity   : [HybridStart] [Log] LoadData 0 load manifest finish HashOut=08BB0921D99E1140AB572FA39AFD54F9 LengthOut=10788880 HashIn=0F7BC17DB6C8B89DC4A9895BE467D748 LengthIn=10788864
09-21 16:06:59.035  6391  6434 I Unity   : CamelHybrid.HybridStart:Log(String, LogType)
09-21 16:06:59.035  6391  6434 I Unity   : CamelHybrid.<LoadData>d__30:MoveNext()
09-21 16:06:59.035  6391  6434 I Unity   : UnityEngine.SetupCoroutine:InvokeMoveNext(IEnumerator, IntPtr)
09-21 16:06:59.035  6391  6434 I Unity   :
09-21 16:06:59.043  6391  6434 I Unity   : [HybridStart] [Log] [LoadSafeFile] 0 pathToFile=/storage/emulated/0/Android/data/com.camelgames.aoz.debuglz4/files/wdeY33011010830_cld
09-21 16:06:59.043  6391  6434 I Unity   : CamelHybrid.HybridStart:Log(String, LogType)
09-21 16:06:59.043  6391  6434 I Unity   : CamelHybrid.<LoadSafeFile>d__32:MoveNext()
09-21 16:06:59.043  6391  6434 I Unity   : UnityEngine.SetupCoroutine:InvokeMoveNext(IEnumerator, IntPtr)
09-21 16:06:59.043  6391  6434 I Unity   :
09-21 16:06:59.047  6391  6434 I Unity   : [HybridStart] [Log] [LoadSafeFile] 2
09-21 16:06:59.047  6391  6434 I Unity   : CamelHybrid.HybridStart:Log(String, LogType)
09-21 16:06:59.047  6391  6434 I Unity   : CamelHybrid.<LoadSafeFile>d__32:MoveNext()
09-21 16:06:59.047  6391  6434 I Unity   : UnityEngine.SetupCoroutine:InvokeMoveNext(IEnumerator, IntPtr)
09-21 16:06:59.047  6391  6434 I Unity   :
09-21 16:06:59.051  6391  6434 I Unity   : [HybridLocalDataReader /storage/emulated/0/Android/data/com.camelgames.aoz.debuglz4/files/wdeY33011010830_cld] Start RetryCount=3 Timeout=30
09-21 16:06:59.051  6391  6434 I Unity   : CamelHybrid.<Operation>d__30:MoveNext()
09-21 16:06:59.051  6391  6434 I Unity   : UnityEngine.SetupCoroutine:InvokeMoveNext(IEnumerator, IntPtr)
09-21 16:06:59.051  6391  6434 I Unity   :
09-21 16:06:59.172  6391  6434 I Unity   : [HybridLocalDataReader /storage/emulated/0/Android/data/com.camelgames.aoz.debuglz4/files/wdeY33011010830_cld] Operation success
09-21 16:06:59.172  6391  6434 I Unity   : CamelHybrid.<OperationAction>d__8:MoveNext()
09-21 16:06:59.172  6391  6434 I Unity   : UnityEngine.SetupCoroutine:InvokeMoveNext(IEnumerator, IntPtr)
09-21 16:06:59.172  6391  6434 I Unity   :
09-21 16:06:59.173  6391  6434 I Unity   : [HybridStart] [Log] [LoadSafeFile] 3
09-21 16:06:59.173  6391  6434 I Unity   : CamelHybrid.HybridStart:Log(String, LogType)
09-21 16:06:59.173  6391  6434 I Unity   : CamelHybrid.<>c__DisplayClass32_0:<LoadSafeFile>b__1(HybridLocalDataReader)
09-21 16:06:59.173  6391  6434 I Unity   : CamelHybrid.<Run>d__3:MoveNext()
09-21 16:06:59.173  6391  6434 I Unity   : UnityEngine.SetupCoroutine:InvokeMoveNext(IEnumerator, IntPtr)
09-21 16:06:59.173  6391  6434 I Unity   :
09-21 16:06:59.175  6391  6434 I Unity   : [HybridStart] [Log] [LoadSafeFile] 4
09-21 16:06:59.175  6391  6434 I Unity   : CamelHybrid.HybridStart:Log(String, LogType)
09-21 16:06:59.175  6391  6434 I Unity   : CamelHybrid.<>c__DisplayClass32_0:<LoadSafeFile>b__1(HybridLocalDataReader)
09-21 16:06:59.175  6391  6434 I Unity   : CamelHybrid.<Run>d__3:MoveNext()
09-21 16:06:59.175  6391  6434 I Unity   : UnityEngine.SetupCoroutine:InvokeMoveNext(IEnumerator, IntPtr)
09-21 16:06:59.175  6391  6434 I Unity   :
09-21 16:06:59.229  6391  6434 I Unity   : [HybridStart] [Log] [LoadSafeFile] 6 fileBytes length=10788880 hash=08BB0921D99E1140AB572FA39AFD54F9
09-21 16:06:59.229  6391  6434 I Unity   : CamelHybrid.HybridStart:Log(String, LogType)
09-21 16:06:59.229  6391  6434 I Unity   : CamelHybrid.<LoadSafeFile>d__32:MoveNext()
09-21 16:06:59.229  6391  6434 I Unity   : UnityEngine.SetupCoroutine:InvokeMoveNext(IEnumerator, IntPtr)
09-21 16:06:59.229  6391  6434 I Unity   :
09-21 16:06:59.231  6391  6434 I Unity   : [HybridDataCryptor] Start RetryCount=3 Timeout=30
09-21 16:06:59.231  6391  6434 I Unity   : CamelHybrid.<Operation>d__30:MoveNext()
09-21 16:06:59.231  6391  6434 I Unity   : UnityEngine.SetupCoroutine:InvokeMoveNext(IEnumerator, IntPtr)
09-21 16:06:59.231  6391  6434 I Unity   :
09-21 16:06:59.240  1851  1851 D KeyguardUpdateMonitor: received broadcast android.intent.action.BATTERY_CHANGED
09-21 16:06:59.240  2990  2990 I BatteryInfoReceiver: ACTION_BATTERY_CHANGED
09-21 16:06:59.240 27969 27969 E MtpServer: sendDevicePropertyChanged 20481
09-21 16:06:59.241  2975  3223 D PowerCheckerService: onBatteryChanged, mBatteryLevel = 91, status = 2, level = 92, plug = 2, scale = 100
09-21 16:06:59.241  2197  2197 D QtiCarrierConfigHelper: WARNING, no carrier configs on phone Id: 0
09-21 16:06:59.245  2990  6591 D BatteryHistoryLoadMgr: getHistoryInfo begin
09-21 16:06:59.251  2197  2197 D QtiCarrierConfigHelper: WARNING, no carrier configs on phone Id: 0
09-21 16:06:59.251  1851  1851 D KeyguardUpdateMonitor: handleBatteryUpdate
09-21 16:06:59.251  1851  1851 I MiuiChargeController: checkBatteryStatus: chargeType 11 status 2 plugged 2 isRapidCharge false isSuperCharge false isCarMode false mChargeDeviceType -1 mChargeDeviceForAnalytic -1
09-21 16:06:59.251  2975  3223 D PowerCheckerService: onBatteryChanged, mBatteryLevel = 92, status = 2, level = 92, plug = 2, scale = 100
09-21 16:06:59.252  1851  1851 I KeyguardIndication: updateIndication: mVisible false mDozing false mTransientIndication null mPowerPluggedIn true mUpArrowIndication 上滑解锁
09-21 16:06:59.252  2990  2990 I BatteryInfoReceiver: ACTION_BATTERY_CHANGED
09-21 16:06:59.260  1851  1851 D KeyguardUpdateMonitor: received broadcast android.intent.action.BATTERY_CHANGED
--------- beginning of radio
09-21 16:06:59.265  2197  2197 D RILJ    : [5761]> RIL_REQUEST_GET_ACTIVITY_INFO [SUB0]
09-21 16:06:59.268  2197  2288 D RILJ    : [5761]< RIL_REQUEST_GET_ACTIVITY_INFO ModemActivityInfo{ mTimestamp=245245699 mSleepTimeMs=226971 mIdleTimeMs=71668 mTxTimeMs[]=[0, 0, 0, 0, 0] mRxTimeMs=14377 mEnergyUsed=0} [SUB0]
09-21 16:06:59.312  2990  6591 D BatteryHistoryLoadMgr: getHistoryInfo end
09-21 16:06:59.312  2990  6591 I BatteryInfoReceiver: update charge detail 65
09-21 16:06:59.313  2990  6591 I PowerUtils: use feature battery typ capacity
09-21 16:06:59.316  2990  6591 I chatty  : uid=1000(system) AsyncTask #310 identical 2 lines
09-21 16:06:59.316  2990  6591 I PowerUtils: use feature battery typ capacity
09-21 16:06:59.316  2990  6591 I BatteryChargeTimeHelper: Left charge time, 0.08 27m1s753ms
09-21 16:06:59.635  6391  6434 I Unity   : [HybridDataCryptor] Operation success
09-21 16:06:59.635  6391  6434 I Unity   : CamelHybrid.<OperationAction>d__19:MoveNext()
09-21 16:06:59.635  6391  6434 I Unity   : UnityEngine.SetupCoroutine:InvokeMoveNext(IEnumerator, IntPtr)
09-21 16:06:59.635  6391  6434 I Unity   :
09-21 16:06:59.636  6391  6434 I Unity   : [HybridStart] [Log] [LoadSafeFile] 7
09-21 16:06:59.636  6391  6434 I Unity   : CamelHybrid.HybridStart:Log(String, LogType)
09-21 16:06:59.636  6391  6434 I Unity   : CamelHybrid.<>c__DisplayClass32_0:<LoadSafeFile>b__4(HybridDataCryptor)
09-21 16:06:59.636  6391  6434 I Unity   : CamelHybrid.<Run>d__3:MoveNext()
09-21 16:06:59.636  6391  6434 I Unity   : UnityEngine.SetupCoroutine:InvokeMoveNext(IEnumerator, IntPtr)
09-21 16:06:59.636  6391  6434 I Unity   :
09-21 16:06:59.641  6391  6434 I Unity   : [HybridStart] [Log] [LoadSafeFile] 8 /storage/emulated/0/Android/data/com.camelgames.aoz.debuglz4/files/wdeY33011010830_cld spent 590.34ms
09-21 16:06:59.641  6391  6434 I Unity   : CamelHybrid.HybridStart:Log(String, LogType)
09-21 16:06:59.641  6391  6434 I Unity   : CamelHybrid.<LoadSafeFile>d__32:MoveNext()
09-21 16:06:59.641  6391  6434 I Unity   : UnityEngine.SetupCoroutine:InvokeMoveNext(IEnumerator, IntPtr)
09-21 16:06:59.641  6391  6434 I Unity   :
09-21 16:06:59.713  6391  6434 I Unity   : [HybridStart] [Log] LoadData 1 open file finish length=10788864 hash=0F7BC17DB6C8B89DC4A9895BE467D748
09-21 16:06:59.713  6391  6434 I Unity   : CamelHybrid.HybridStart:Log(String, LogType)
09-21 16:06:59.713  6391  6434 I Unity   : CamelHybrid.<LoadData>d__30:MoveNext()
09-21 16:06:59.713  6391  6434 I Unity   : UnityEngine.SetupCoroutine:InvokeMoveNext(IEnumerator, IntPtr)
09-21 16:06:59.713  6391  6434 I Unity   :
09-21 16:06:59.725  6391  6434 I Unity   : [HybridStart] [Log] LoadData 3 index=0 result=OK
09-21 16:06:59.725  6391  6434 I Unity   : CamelHybrid.HybridStart:Log(String, LogType)
09-21 16:06:59.725  6391  6434 I Unity   : CamelHybrid.<>c__DisplayClass30_0:<LoadData>b__2(Int32, Byte[])
09-21 16:06:59.725  6391  6434 I Unity   : CamelHybrid.<DoLoadData>d__33:MoveNext()
09-21 16:06:59.725  6391  6434 I Unity   : UnityEngine.SetupCoroutine:InvokeMoveNext(IEnumerator, IntPtr)
09-21 16:06:59.725  6391  6434 I Unity   :
09-21 16:06:59.745  6391  6434 I Unity   : [HybridStart] [Log] LoadData 3 index=1 result=OK
09-21 16:06:59.745  6391  6434 I Unity   : CamelHybrid.HybridStart:Log(String, LogType)
09-21 16:06:59.745  6391  6434 I Unity   : CamelHybrid.<>c__DisplayClass30_0:<LoadData>b__2(Int32, Byte[])
09-21 16:06:59.745  6391  6434 I Unity   : CamelHybrid.<DoLoadData>d__33:MoveNext()
09-21 16:06:59.745  6391  6434 I Unity   : UnityEngine.SetupCoroutine:InvokeMoveNext(IEnumerator, IntPtr)
09-21 16:06:59.745  6391  6434 I Unity   :
09-21 16:06:59.781  2197  2458 E PhoneInterfaceManager: [PhoneIntfMgr] checkCarrierPrivilegesForPackage: No UICC
09-21 16:06:59.786  2197  2458 E PhoneInterfaceManager: [PhoneIntfMgr] checkCarrierPrivilegesForPackage: No UICC
09-21 16:06:59.791  6391  6434 I Unity   : [HybridStart] [Log] LoadData 3 index=2 result=OK
09-21 16:06:59.791  6391  6434 I Unity   : CamelHybrid.HybridStart:Log(String, LogType)
09-21 16:06:59.791  6391  6434 I Unity   : CamelHybrid.<>c__DisplayClass30_0:<LoadData>b__2(Int32, Byte[])
09-21 16:06:59.791  6391  6434 I Unity   : CamelHybrid.<DoLoadData>d__33:MoveNext()
09-21 16:06:59.791  6391  6434 I Unity   : UnityEngine.SetupCoroutine:InvokeMoveNext(IEnumerator, IntPtr)
09-21 16:06:59.791  6391  6434 I Unity   :
09-21 16:06:59.823  6391  6434 I Unity   : [HybridStart] [Log] LoadData 3 index=3 result=OK
09-21 16:06:59.823  6391  6434 I Unity   : CamelHybrid.HybridStart:Log(String, LogType)
09-21 16:06:59.823  6391  6434 I Unity   : CamelHybrid.<>c__DisplayClass30_0:<LoadData>b__2(Int32, Byte[])
09-21 16:06:59.823  6391  6434 I Unity   : CamelHybrid.<DoLoadData>d__33:MoveNext()
09-21 16:06:59.823  6391  6434 I Unity   : UnityEngine.SetupCoroutine:InvokeMoveNext(IEnumerator, IntPtr)
09-21 16:06:59.823  6391  6434 I Unity   :
09-21 16:06:59.846  6391  6434 I Unity   : [HybridStart] [Log] LoadData 3 index=4 result=OK
09-21 16:06:59.846  6391  6434 I Unity   : CamelHybrid.HybridStart:Log(String, LogType)
09-21 16:06:59.846  6391  6434 I Unity   : CamelHybrid.<>c__DisplayClass30_0:<LoadData>b__2(Int32, Byte[])
09-21 16:06:59.846  6391  6434 I Unity   : CamelHybrid.<DoLoadData>d__33:MoveNext()
09-21 16:06:59.846  6391  6434 I Unity   : UnityEngine.SetupCoroutine:InvokeMoveNext(IEnumerator, IntPtr)
09-21 16:06:59.846  6391  6434 I Unity   :
09-21 16:06:59.888  6391  6434 I Unity   : [HybridStart] [Log] LoadData 3 index=5 result=OK
09-21 16:06:59.888  6391  6434 I Unity   : CamelHybrid.HybridStart:Log(String, LogType)
09-21 16:06:59.888  6391  6434 I Unity   : CamelHybrid.<>c__DisplayClass30_0:<LoadData>b__2(Int32, Byte[])
09-21 16:06:59.888  6391  6434 I Unity   : CamelHybrid.<DoLoadData>d__33:MoveNext()
09-21 16:06:59.888  6391  6434 I Unity   : UnityEngine.SetupCoroutine:InvokeMoveNext(IEnumerator, IntPtr)
09-21 16:06:59.888  6391  6434 I Unity   :
09-21 16:06:59.985  6391  6434 I Unity   : [HybridStart] [Log] LoadData 3 index=6 result=OK
09-21 16:06:59.985  6391  6434 I Unity   : CamelHybrid.HybridStart:Log(String, LogType)
09-21 16:06:59.985  6391  6434 I Unity   : CamelHybrid.<>c__DisplayClass30_0:<LoadData>b__2(Int32, Byte[])
09-21 16:06:59.985  6391  6434 I Unity   : CamelHybrid.<DoLoadData>d__33:MoveNext()
09-21 16:06:59.985  6391  6434 I Unity   : UnityEngine.SetupCoroutine:InvokeMoveNext(IEnumerator, IntPtr)
09-21 16:06:59.985  6391  6434 I Unity   :
09-21 16:07:00.004  1851  1851 D KeyguardUpdateMonitor: handleTimeUpdate
09-21 16:07:00.009  6391  6434 I Unity   : [HybridStart] [Log] LoadData 3 index=7 result=OK
09-21 16:07:00.009  6391  6434 I Unity   : CamelHybrid.HybridStart:Log(String, LogType)
09-21 16:07:00.009  6391  6434 I Unity   : CamelHybrid.<>c__DisplayClass30_0:<LoadData>b__2(Int32, Byte[])
09-21 16:07:00.009  6391  6434 I Unity   : CamelHybrid.<DoLoadData>d__33:MoveNext()
09-21 16:07:00.009  6391  6434 I Unity   : UnityEngine.SetupCoroutine:InvokeMoveNext(IEnumerator, IntPtr)
09-21 16:07:00.009  6391  6434 I Unity   :
09-21 16:07:00.036  6391  6434 I Unity   : [HybridStart] [Log] LoadData 3 index=8 result=OK
09-21 16:07:00.036  6391  6434 I Unity   : CamelHybrid.HybridStart:Log(String, LogType)
09-21 16:07:00.036  6391  6434 I Unity   : CamelHybrid.<>c__DisplayClass30_0:<LoadData>b__2(Int32, Byte[])
09-21 16:07:00.036  6391  6434 I Unity   : CamelHybrid.<DoLoadData>d__33:MoveNext()
09-21 16:07:00.036  6391  6434 I Unity   : UnityEngine.SetupCoroutine:InvokeMoveNext(IEnumerator, IntPtr)
09-21 16:07:00.036  6391  6434 I Unity   :
09-21 16:07:00.063  6391  6434 I Unity   : [HybridStart] [Log] LoadData 3 index=9 result=OK
09-21 16:07:00.063  6391  6434 I Unity   : CamelHybrid.HybridStart:Log(String, LogType)
09-21 16:07:00.063  6391  6434 I Unity   : CamelHybrid.<>c__DisplayClass30_0:<LoadData>b__2(Int32, Byte[])
09-21 16:07:00.063  6391  6434 I Unity   : CamelHybrid.<DoLoadData>d__33:MoveNext()
09-21 16:07:00.063  6391  6434 I Unity   : UnityEngine.SetupCoroutine:InvokeMoveNext(IEnumerator, IntPtr)
09-21 16:07:00.063  6391  6434 I Unity   :
09-21 16:07:00.099  6391  6434 I Unity   : [HybridStart] [Log] LoadData 3 index=10 result=OK
09-21 16:07:00.099  6391  6434 I Unity   : CamelHybrid.HybridStart:Log(String, LogType)
09-21 16:07:00.099  6391  6434 I Unity   : CamelHybrid.<>c__DisplayClass30_0:<LoadData>b__2(Int32, Byte[])
09-21 16:07:00.099  6391  6434 I Unity   : CamelHybrid.<DoLoadData>d__33:MoveNext()
09-21 16:07:00.099  6391  6434 I Unity   : UnityEngine.SetupCoroutine:InvokeMoveNext(IEnumerator, IntPtr)
09-21 16:07:00.099  6391  6434 I Unity   :
09-21 16:07:00.130  6391  6434 I Unity   : [HybridStart] [Log] LoadData 3 index=11 result=OK
09-21 16:07:00.130  6391  6434 I Unity   : CamelHybrid.HybridStart:Log(String, LogType)
09-21 16:07:00.130  6391  6434 I Unity   : CamelHybrid.<>c__DisplayClass30_0:<LoadData>b__2(Int32, Byte[])
09-21 16:07:00.130  6391  6434 I Unity   : CamelHybrid.<DoLoadData>d__33:MoveNext()
09-21 16:07:00.130  6391  6434 I Unity   : UnityEngine.SetupCoroutine:InvokeMoveNext(IEnumerator, IntPtr)
09-21 16:07:00.130  6391  6434 I Unity   :
09-21 16:07:00.161  6391  6434 I Unity   : [HybridStart] [Log] LoadData 3 index=12 result=OK
09-21 16:07:00.161  6391  6434 I Unity   : CamelHybrid.HybridStart:Log(String, LogType)
09-21 16:07:00.161  6391  6434 I Unity   : CamelHybrid.<>c__DisplayClass30_0:<LoadData>b__2(Int32, Byte[])
09-21 16:07:00.161  6391  6434 I Unity   : CamelHybrid.<DoLoadData>d__33:MoveNext()
09-21 16:07:00.161  6391  6434 I Unity   : UnityEngine.SetupCoroutine:InvokeMoveNext(IEnumerator, IntPtr)
09-21 16:07:00.161  6391  6434 I Unity   :
09-21 16:07:00.250  6391  6434 I Unity   : [HybridStart] [Log] LoadData 3 index=13 result=OK
09-21 16:07:00.250  6391  6434 I Unity   : CamelHybrid.HybridStart:Log(String, LogType)
09-21 16:07:00.250  6391  6434 I Unity   : CamelHybrid.<>c__DisplayClass30_0:<LoadData>b__2(Int32, Byte[])
09-21 16:07:00.250  6391  6434 I Unity   : CamelHybrid.<DoLoadData>d__33:MoveNext()
09-21 16:07:00.250  6391  6434 I Unity   : UnityEngine.SetupCoroutine:InvokeMoveNext(IEnumerator, IntPtr)
09-21 16:07:00.250  6391  6434 I Unity   :
09-21 16:07:00.260  6391  6434 I Unity   : [HybridStart] [Log] LoadData 3 index=14 result=OK
09-21 16:07:00.260  6391  6434 I Unity   : CamelHybrid.HybridStart:Log(String, LogType)
09-21 16:07:00.260  6391  6434 I Unity   : CamelHybrid.<>c__DisplayClass30_0:<LoadData>b__2(Int32, Byte[])
09-21 16:07:00.260  6391  6434 I Unity   : CamelHybrid.<DoLoadData>d__33:MoveNext()
09-21 16:07:00.260  6391  6434 I Unity   : UnityEngine.SetupCoroutine:InvokeMoveNext(IEnumerator, IntPtr)
09-21 16:07:00.260  6391  6434 I Unity   :
09-21 16:07:00.335  6391  6434 I Unity   : [HybridStart] [Log] LoadData 3 index=15 result=OK
09-21 16:07:00.335  6391  6434 I Unity   : CamelHybrid.HybridStart:Log(String, LogType)
09-21 16:07:00.335  6391  6434 I Unity   : CamelHybrid.<>c__DisplayClass30_0:<LoadData>b__2(Int32, Byte[])
09-21 16:07:00.335  6391  6434 I Unity   : CamelHybrid.<DoLoadData>d__33:MoveNext()
09-21 16:07:00.335  6391  6434 I Unity   : UnityEngine.SetupCoroutine:InvokeMoveNext(IEnumerator, IntPtr)
09-21 16:07:00.335  6391  6434 I Unity   :
09-21 16:07:00.414  6391  6434 I Unity   : [HybridStart] [Log] LoadData 4 index=0 success
09-21 16:07:00.414  6391  6434 I Unity   : CamelHybrid.HybridStart:Log(String, LogType)
09-21 16:07:00.414  6391  6434 I Unity   : CamelHybrid.<>c__DisplayClass30_0:<LoadData>b__3(Int32, Byte[])
09-21 16:07:00.414  6391  6434 I Unity   : CamelHybrid.<DoLoadData>d__33:MoveNext()
09-21 16:07:00.414  6391  6434 I Unity   : UnityEngine.SetupCoroutine:InvokeMoveNext(IEnumerator, IntPtr)
09-21 16:07:00.414  6391  6434 I Unity   :
09-21 16:07:00.417  6391  6434 I Unity   : [HybridStart] [Log] LoadData finish 1445.65ms spent
09-21 16:07:00.417  6391  6434 I Unity   : CamelHybrid.HybridStart:Log(String, LogType)
09-21 16:07:00.417  6391  6434 I Unity   : CamelHybrid.<HybridStartup>d__24:MoveNext()
09-21 16:07:00.417  6391  6434 I Unity   : UnityEngine.SetupCoroutine:InvokeMoveNext(IEnumerator, IntPtr)
09-21 16:07:00.417  6391  6434 I Unity   :
09-21 16:07:00.420  6391  6434 I Unity   : [HybridSceneChanger] EnterInitial 0 started
09-21 16:07:00.420  6391  6434 I Unity   : CamelHybrid.<EnterInitial>d__6:MoveNext()
09-21 16:07:00.420  6391  6434 I Unity   : UnityEngine.SetupCoroutine:InvokeMoveNext(IEnumerator, IntPtr)
09-21 16:07:00.420  6391  6434 I Unity   : CamelHybrid.<HybridStartup>d__24:MoveNext()
09-21 16:07:00.420  6391  6434 I Unity   : UnityEngine.SetupCoroutine:InvokeMoveNext(IEnumerator, IntPtr)
09-21 16:07:00.420  6391  6434 I Unity   :
09-21 16:07:00.420  6391  6434 I Unity   : [HybridSceneChanger] EnterInitial 1 bundlePath=/storage/emulated/0/Android/data/com.camelgames.aoz.debuglz4/files/wdeY/hybrid_initial.cmlbundle
09-21 16:07:00.420  6391  6434 I Unity   : CamelHybrid.<EnterInitial>d__6:MoveNext()
09-21 16:07:00.420  6391  6434 I Unity   : UnityEngine.SetupCoroutine:InvokeMoveNext(IEnumerator, IntPtr)
09-21 16:07:00.420  6391  6434 I Unity   : CamelHybrid.<HybridStartup>d__24:MoveNext()
09-21 16:07:00.420  6391  6434 I Unity   : UnityEngine.SetupCoroutine:InvokeMoveNext(IEnumerator, IntPtr)
09-21 16:07:00.420  6391  6434 I Unity   :
09-21 16:07:00.423  6391  6434 I Unity   : [HybridSceneChanger] EnterInitial 4 start create load bundle request
09-21 16:07:00.423  6391  6434 I Unity   : CamelHybrid.<EnterInitial>d__6:MoveNext()
09-21 16:07:00.423  6391  6434 I Unity   : UnityEngine.SetupCoroutine:InvokeMoveNext(IEnumerator, IntPtr)
09-21 16:07:00.423  6391  6434 I Unity   : CamelHybrid.<HybridStartup>d__24:MoveNext()
09-21 16:07:00.423  6391  6434 I Unity   : UnityEngine.SetupCoroutine:InvokeMoveNext(IEnumerator, IntPtr)
09-21 16:07:00.423  6391  6434 I Unity   :
09-21 16:07:00.423  6391  6434 I Unity   : [HybridSceneChanger] EnterInitial 6 create load bundle request success
09-21 16:07:00.423  6391  6434 I Unity   : CamelHybrid.<EnterInitial>d__6:MoveNext()
09-21 16:07:00.423  6391  6434 I Unity   : UnityEngine.SetupCoroutine:InvokeMoveNext(IEnumerator, IntPtr)
09-21 16:07:00.423  6391  6434 I Unity   : CamelHybrid.<HybridStartup>d__24:MoveNext()
09-21 16:07:00.423  6391  6434 I Unity   : UnityEngine.SetupCoroutine:InvokeMoveNext(IEnumerator, IntPtr)
09-21 16:07:00.423  6391  6434 I Unity   :
09-21 16:07:00.429  6391  6434 I Unity   : [HybridSceneChanger] EnterInitial 7 load bundle finish
09-21 16:07:00.429  6391  6434 I Unity   : CamelHybrid.<EnterInitial>d__6:MoveNext()
09-21 16:07:00.429  6391  6434 I Unity   : UnityEngine.SetupCoroutine:InvokeMoveNext(IEnumerator, IntPtr)
09-21 16:07:00.429  6391  6434 I Unity   :
09-21 16:07:00.430  6391  6434 I Unity   : [HybridSceneChanger] EnterInitial 8 request.assetBundle is null? False
09-21 16:07:00.430  6391  6434 I Unity   : CamelHybrid.<EnterInitial>d__6:MoveNext()
09-21 16:07:00.430  6391  6434 I Unity   : UnityEngine.SetupCoroutine:InvokeMoveNext(IEnumerator, IntPtr)
09-21 16:07:00.430  6391  6434 I Unity   :
09-21 16:07:00.431  6391  6434 I Unity   : [HybridSceneChanger] EnterInitial 10
09-21 16:07:00.431  6391  6434 I Unity   : CamelHybrid.<EnterInitial>d__6:MoveNext()
09-21 16:07:00.431  6391  6434 I Unity   : UnityEngine.SetupCoroutine:InvokeMoveNext(IEnumerator, IntPtr)
09-21 16:07:00.431  6391  6434 I Unity   :
09-21 16:07:00.431  6391  6434 I Unity   : [HybridSceneChanger] EnterInitial 11
09-21 16:07:00.431  6391  6434 I Unity   : CamelHybrid.<EnterInitial>d__6:MoveNext()
09-21 16:07:00.431  6391  6434 I Unity   : UnityEngine.SetupCoroutine:InvokeMoveNext(IEnumerator, IntPtr)
09-21 16:07:00.431  6391  6434 I Unity   :
09-21 16:07:00.431  6391  6434 I Unity   : [HybridSceneChanger] EnterInitial 12 isDone=False progress=0.3078947
09-21 16:07:00.431  6391  6434 I Unity   : CamelHybrid.<EnterInitial>d__6:MoveNext()
09-21 16:07:00.431  6391  6434 I Unity   : UnityEngine.SetupCoroutine:InvokeMoveNext(IEnumerator, IntPtr)
09-21 16:07:00.431  6391  6434 I Unity   :
09-21 16:07:00.434  6391  6530 D Unity   : Unloading 6 Unused Serialized files (Serialized files now loaded: 2)
09-21 16:07:00.460  6391  6434 I Unity   : [HybridSceneChanger] EnterInitial 12 isDone=False progress=0.9
09-21 16:07:00.460  6391  6434 I Unity   : CamelHybrid.<EnterInitial>d__6:MoveNext()
09-21 16:07:00.460  6391  6434 I Unity   : UnityEngine.SetupCoroutine:InvokeMoveNext(IEnumerator, IntPtr)
09-21 16:07:00.460  6391  6434 I Unity   :
09-21 16:07:00.501  6391  6434 D Unity   : UnloadTime: 7.941667 ms
09-21 16:07:00.518  6391  6434 I Unity   : OnDeeplinkActivated url = [null or empty string]
09-21 16:07:00.518  6391  6434 I Unity   : DeeplinkHandler:OnDeeplinkActivated(String)
09-21 16:07:00.518  6391  6434 I Unity   : DeeplinkHandler:Init()
09-21 16:07:00.518  6391  6434 I Unity   : Initial:Awake()
09-21 16:07:00.518  6391  6434 I Unity   :
09-21 16:07:00.520  6391  6434 I Unity   : InitHumeSDK On Initial!
09-21 16:07:00.520  6391  6434 I Unity   : Initial:InitHumeSDK()
09-21 16:07:00.520  6391  6434 I Unity   : Initial:Awake()
09-21 16:07:00.520  6391  6434 I Unity   :
09-21 16:07:00.524  6391  6434 I Unity   : [HybridSceneChanger] EnterInitial 13 isDone=True progress=1
09-21 16:07:00.524  6391  6434 I Unity   : CamelHybrid.<EnterInitial>d__6:MoveNext()
09-21 16:07:00.524  6391  6434 I Unity   : UnityEngine.SetupCoroutine:InvokeMoveNext(IEnumerator, IntPtr)
09-21 16:07:00.524  6391  6434 I Unity   :
09-21 16:07:00.527  6391  6434 D lofelt-sdk: Initializing Lofelt SDK version 1.3.4
09-21 16:07:00.529  6391  6434 D lofelt-sdk: Creating LofeltHaptics instance
09-21 16:07:00.535  6391  6434 I Unity   : NiceVibrationHelper.HapticsSupported=True
09-21 16:07:00.535  6391  6434 I Unity   : Initial:Start()
09-21 16:07:00.535  6391  6434 I Unity   :
09-21 16:07:00.601  6391  6434 I Unity   : REPORTER INITED!!!!!
09-21 16:07:00.601  6391  6434 I Unity   : Initial:initGame()
09-21 16:07:00.601  6391  6434 I Unity   : Initial:Start()
09-21 16:07:00.601  6391  6434 I Unity   :
09-21 16:07:00.601  6391  6434 I Unity   : UNITY_EDITOR = FALSE
09-21 16:07:00.601  6391  6434 I Unity   : Initial:initGame()
09-21 16:07:00.601  6391  6434 I Unity   : Initial:Start()
09-21 16:07:00.601  6391  6434 I Unity   :
09-21 16:07:00.601  6391  6434 I Unity   : AB_UNLOAD_DYNAMIC = TRUE
09-21 16:07:00.601  6391  6434 I Unity   : Initial:initGame()
09-21 16:07:00.601  6391  6434 I Unity   : Initial:Start()
09-21 16:07:00.601  6391  6434 I Unity   :
09-21 16:07:00.602  6391  6434 I Unity   : DEBUG = TRUE
09-21 16:07:00.602  6391  6434 I Unity   : Initial:initGame()
09-21 16:07:00.602  6391  6434 I Unity   : Initial:Start()
09-21 16:07:00.602  6391  6434 I Unity   :
09-21 16:07:00.602  6391  6434 I Unity   : OPEN_LOG = TRUE
09-21 16:07:00.602  6391  6434 I Unity   : Initial:initGame()
09-21 16:07:00.602  6391  6434 I Unity   : Initial:Start()
09-21 16:07:00.602  6391  6434 I Unity   :
09-21 16:07:00.602  6391  6434 I Unity   : Application.absoluteURL =
09-21 16:07:00.602  6391  6434 I Unity   : Initial:initGame()
09-21 16:07:00.602  6391  6434 I Unity   : Initial:Start()
09-21 16:07:00.602  6391  6434 I Unity   :
09-21 16:07:00.603  6391  6434 I Unity   : Application.companyName = Camel Games Inc
09-21 16:07:00.603  6391  6434 I Unity   : Initial:initGame()
09-21 16:07:00.603  6391  6434 I Unity   : Initial:Start()
09-21 16:07:00.603  6391  6434 I Unity   :
09-21 16:07:00.603  6391  6434 I Unity   : Application.identifier = com.camelgames.aoz.debuglz4
09-21 16:07:00.603  6391  6434 I Unity   : Initial:initGame()
09-21 16:07:00.603  6391  6434 I Unity   : Initial:Start()
09-21 16:07:00.603  6391  6434 I Unity   :
09-21 16:07:00.604  6391  6434 I Unity   : Application.installerName = com.miui.packageinstaller
09-21 16:07:00.604  6391  6434 I Unity   : Initial:initGame()
09-21 16:07:00.604  6391  6434 I Unity   : Initial:Start()
09-21 16:07:00.604  6391  6434 I Unity   :
09-21 16:07:00.604  6391  6434 I Unity   : Application.productName = WDEY_Dev_debug_lz4-LOG
09-21 16:07:00.604  6391  6434 I Unity   : Initial:initGame()
09-21 16:07:00.604  6391  6434 I Unity   : Initial:Start()
09-21 16:07:00.604  6391  6434 I Unity   :
09-21 16:07:00.604  6391  6434 I Unity   : Application.dataPath = /data/app/com.camelgames.aoz.debuglz4-KA1Iy21z2n5Z8eCopnEsqQ==/base.apk
09-21 16:07:00.604  6391  6434 I Unity   : Initial:initGame()
09-21 16:07:00.604  6391  6434 I Unity   : Initial:Start()
09-21 16:07:00.604  6391  6434 I Unity   :
09-21 16:07:00.605  6391  6434 I Unity   : Application.persistentDataPath = /storage/emulated/0/Android/data/com.camelgames.aoz.debuglz4/files
09-21 16:07:00.605  6391  6434 I Unity   : Initial:initGame()
09-21 16:07:00.605  6391  6434 I Unity   : Initial:Start()
09-21 16:07:00.605  6391  6434 I Unity   :
09-21 16:07:00.605  6391  6434 I Unity   : Application.streamingAssetsPath = jar:file:///data/app/com.camelgames.aoz.debuglz4-KA1Iy21z2n5Z8eCopnEsqQ==/base.apk!/assets
09-21 16:07:00.605  6391  6434 I Unity   : Initial:initGame()
09-21 16:07:00.605  6391  6434 I Unity   : Initial:Start()
09-21 16:07:00.605  6391  6434 I Unity   :
09-21 16:07:00.605  6391  6434 I Unity   : Application.temporaryCachePath = /storage/emulated/0/Android/data/com.camelgames.aoz.debuglz4/cache
09-21 16:07:00.605  6391  6434 I Unity   : Initial:initGame()
09-21 16:07:00.605  6391  6434 I Unity   : Initial:Start()
09-21 16:07:00.605  6391  6434 I Unity   :
09-21 16:07:00.873  2317  2341 I QcrilOemhookMsgTunnel: [1]processOemHookIndication length=21
09-21 16:07:00.873  2317  2317 D QcrilMsgTunnelIfaceManager: handleMessage what = 0
09-21 16:07:00.875  2197  2197 D use-Rlog/RLOG-QC_RIL_OEM_HOOK: Received Broadcast Intent ACTION_UNSOL_RESPONSE_OEM_HOOK_RAW
09-21 16:07:00.875  2197  2197 D use-Rlog/RLOG-QC_RIL_OEM_HOOK: Oem ID in QCRILHOOK UNSOL RESP is QOEMHOOK
09-21 16:07:00.875  2197  2197 D use-Rlog/RLOG-QC_RIL_OEM_HOOK: Received Broadcast Intent ACTION_UNSOL_RESPONSE_OEM_HOOK_RAW
09-21 16:07:00.875  2197  2288 D RILJ    : Unsol response received; Sending ack to ril.cpp [SUB1]
09-21 16:07:00.875  2197  2197 D use-Rlog/RLOG-QC_RIL_OEM_HOOK: Oem ID in QCRILHOOK UNSOL RESP is QOEMHOOK
09-21 16:07:00.875  2197  2197 E use-Rlog/RLOG-QC_RIL_OEM_HOOK: QcRilOemHook notifyRegistrants Failed
09-21 16:07:00.875  2197  2288 D RILJ    : [UNSL]< UNSOL_RESPONSE_NETWORK_STATE_CHANGED [SUB1]
09-21 16:07:00.875  2178  2178 D use-Rlog/RLOG-QC_RIL_OEM_HOOK: Received Broadcast Intent ACTION_UNSOL_RESPONSE_OEM_HOOK_RAW
09-21 16:07:00.876  2178  2178 D use-Rlog/RLOG-QC_RIL_OEM_HOOK: Oem ID in QCRILHOOK UNSOL RESP is QOEMHOOK
09-21 16:07:00.876  2197  2197 D PhoneSwitcher: handle event - 108
09-21 16:07:00.876  2197  2372 D NetworkRegistrationManager: onNetworkStateChanged
09-21 16:07:00.876  2197  2197 D use-Rlog/RLOG-QC_RIL_OEM_HOOK: Received Broadcast Intent ACTION_UNSOL_RESPONSE_OEM_HOOK_RAW
09-21 16:07:00.876  2197  2197 D use-Rlog/RLOG-QC_RIL_OEM_HOOK: Oem ID in QCRILHOOK UNSOL RESP is QOEMHOOK
09-21 16:07:00.876  2197  2197 D use-Rlog/RLOG-QC_RIL_OEM_HOOK: Received Broadcast Intent ACTION_UNSOL_RESPONSE_OEM_HOOK_RAW
09-21 16:07:00.876  2197  2197 D use-Rlog/RLOG-QC_RIL_OEM_HOOK: Oem ID in QCRILHOOK UNSOL RESP is QOEMHOOK
09-21 16:07:00.876  2197  2197 D SST[1]  : [1] pollState: modemTriggered=true
09-21 16:07:00.878  2197  2197 D RILJ    : [5763]> OPERATOR [SUB1]
09-21 16:07:00.878  2197  2197 D NetworkRegistrationManager: getNetworkRegistrationState domain 2
09-21 16:07:00.879  2197  2197 D NetworkRegistrationManager: getNetworkRegistrationState domain 1
09-21 16:07:00.881  2197  2372 D RILJ    : [5764]> DATA_REGISTRATION_STATE [SUB1]
09-21 16:07:00.883  2197  2197 D RILJ    : [5765]> QUERY_NETWORK_SELECTION_MODE [SUB1]
09-21 16:07:00.884  2197  2372 D RILJ    : [5766]> VOICE_REGISTRATION_STATE [SUB1]
09-21 16:07:00.893  2317  2341 I QcrilOemhookMsgTunnel: [1]processOemHookIndication length=21
09-21 16:07:00.893  2317  2317 D QcrilMsgTunnelIfaceManager: handleMessage what = 0
09-21 16:07:00.893  2197  2288 D RILJ    : Unsol response received; Sending ack to ril.cpp [SUB1]
09-21 16:07:00.893  2197  2288 D RILJ    : [UNSL]< UNSOL_RESPONSE_NETWORK_STATE_CHANGED [SUB1]
09-21 16:07:00.894  2197  2372 D NetworkRegistrationManager: onNetworkStateChanged
09-21 16:07:00.895  2197  2288 D RILJ    : [5763]< OPERATOR {, , } [SUB1]
09-21 16:07:00.895  2178  2178 D use-Rlog/RLOG-QC_RIL_OEM_HOOK: Received Broadcast Intent ACTION_UNSOL_RESPONSE_OEM_HOOK_RAW
09-21 16:07:00.896  2178  2178 D use-Rlog/RLOG-QC_RIL_OEM_HOOK: Oem ID in QCRILHOOK UNSOL RESP is QOEMHOOK
09-21 16:07:00.896  2197  2197 D use-Rlog/RLOG-QC_RIL_OEM_HOOK: Received Broadcast Intent ACTION_UNSOL_RESPONSE_OEM_HOOK_RAW
09-21 16:07:00.896  2197  2197 D use-Rlog/RLOG-QC_RIL_OEM_HOOK: Oem ID in QCRILHOOK UNSOL RESP is QOEMHOOK
09-21 16:07:00.896  2197  2197 D SST[1]  : [1] pollState: modemTriggered=true
09-21 16:07:00.898  2197  2197 D RILJ    : [5768]> OPERATOR [SUB1]
09-21 16:07:00.900  2197  2288 D RILJ    : [5764]< DATA_REGISTRATION_STATE {.regState = NOT_REG_MT_NOT_SEARCHING_OP, .rat = 0, .reasonDataDenied = 0, .maxDataCalls = 20, .cellIdentity = {...}} [SUB1]
09-21 16:07:00.900  2197  2435 D NetworkRegistrationManager: onGetNetworkRegistrationStateComplete result 0 state NetworkRegistrationState{transportType=1 domain=PS regState=NOT_REG_NOT_SEARCHING accessNetworkTechnology=UNKNOWN reasonForDenial=0 emergencyEnabled=false supportedServices=null cellIdentity=null voiceSpecificStates=null dataSpecificStates=DataSpecificRegistrationStates { mMaxDataCalls=20}}
09-21 16:07:00.900  2197  2288 D RILJ    : [5765]< QUERY_NETWORK_SELECTION_MODE {0} [SUB1]
09-21 16:07:00.903  2197  2197 D NetworkRegistrationManager: getNetworkRegistrationState domain 2
09-21 16:07:00.903  2197  2197 D NetworkRegistrationManager: getNetworkRegistrationState domain 1
09-21 16:07:00.904  2197  2197 D RILJ    : [5769]> QUERY_NETWORK_SELECTION_MODE [SUB1]
09-21 16:07:00.905  2197  2197 D use-Rlog/RLOG-QC_RIL_OEM_HOOK: Received Broadcast Intent ACTION_UNSOL_RESPONSE_OEM_HOOK_RAW
09-21 16:07:00.905  2197  2197 D use-Rlog/RLOG-QC_RIL_OEM_HOOK: Oem ID in QCRILHOOK UNSOL RESP is QOEMHOOK
09-21 16:07:00.905  2197  2197 E use-Rlog/RLOG-QC_RIL_OEM_HOOK: QcRilOemHook notifyRegistrants Failed
09-21 16:07:00.905  2197  2197 D use-Rlog/RLOG-QC_RIL_OEM_HOOK: Received Broadcast Intent ACTION_UNSOL_RESPONSE_OEM_HOOK_RAW
09-21 16:07:00.905  2197  2288 D RILJ    : [5766]< VOICE_REGISTRATION_STATE {.regState = NOT_REG_MT_SEARCHING_OP_EM, .rat = 3, .cssSupported = false, .roamingIndicator = -1, .systemIsInPrl = -1, .defaultRoamingIndicator = -1, .reasonForDenial = 0, .cellIdentity = {...}} [SUB1]
09-21 16:07:00.905  2197  2435 D NetworkRegistrationManager: onGetNetworkRegistrationStateComplete result 0 state NetworkRegistrationState{transportType=1 domain=CS regState=NOT_REG_SEARCHING accessNetworkTechnology=UMTS reasonForDenial=0 emergencyEnabled=true supportedServices=[I@d529788 cellIdentity=CellIdentityWcdma:{ mMcc=460 mMnc=01 mAlphaLong=CHN-UNICOM mAlphaShort=UNICOM} voiceSpecificStates=VoiceSpecificRegistrationStates { mCssSupported=false mRoamingIndicator=-1 mSystemIsInPrl=-1 mDefaultRoamingIndicator=-1} dataSpecificStates=null}
09-21 16:07:00.906  2197  2288 D RILJ    : [5768]< OPERATOR {, , } [SUB1]
09-21 16:07:00.907  2197  2372 D RILJ    : [5770]> DATA_REGISTRATION_STATE [SUB1]
09-21 16:07:00.908  2197  2372 D RILJ    : [5771]> VOICE_REGISTRATION_STATE [SUB1]
09-21 16:07:00.909  2197  2197 D use-Rlog/RLOG-QC_RIL_OEM_HOOK: Oem ID in QCRILHOOK UNSOL RESP is QOEMHOOK
09-21 16:07:00.909  2197  2197 D use-Rlog/RLOG-QC_RIL_OEM_HOOK: Received Broadcast Intent ACTION_UNSOL_RESPONSE_OEM_HOOK_RAW
09-21 16:07:00.909  2197  2197 D use-Rlog/RLOG-QC_RIL_OEM_HOOK: Oem ID in QCRILHOOK UNSOL RESP is QOEMHOOK
09-21 16:07:00.909  2197  2197 D PhoneSwitcher: handle event - 108
09-21 16:07:00.910  2197  2197 D SST[1]  : [1] EVENT_POLL_STATE_NETWORK_SELECTION_MODE
09-21 16:07:00.910  2197  2288 D RILJ    : [5769]< QUERY_NETWORK_SELECTION_MODE {0} [SUB1]
09-21 16:07:00.910  2197  2197 D SST[1]  : [1] EVENT_POLL_STATE_NETWORK_SELECTION_MODE
09-21 16:07:00.913  2197  2288 D RILJ    : [5770]< DATA_REGISTRATION_STATE {.regState = NOT_REG_MT_NOT_SEARCHING_OP, .rat = 0, .reasonDataDenied = 0, .maxDataCalls = 20, .cellIdentity = {...}} [SUB1]
09-21 16:07:00.913  2197  2435 D NetworkRegistrationManager: onGetNetworkRegistrationStateComplete result 0 state NetworkRegistrationState{transportType=1 domain=PS regState=NOT_REG_NOT_SEARCHING accessNetworkTechnology=UNKNOWN reasonForDenial=0 emergencyEnabled=false supportedServices=null cellIdentity=null voiceSpecificStates=null dataSpecificStates=DataSpecificRegistrationStates { mMaxDataCalls=20}}
09-21 16:07:00.913  2197  2197 D SST[1]  : [1] Could not set ServiceState channel number. CellIdentity null
09-21 16:07:00.913  2197  2197 D SST[1]  : [1] handlPollStateResultMessage: GsmSST dataServiceState=1 regState=0 dataRadioTechnology=0
09-21 16:07:00.917  2197  2288 D RILJ    : [5771]< VOICE_REGISTRATION_STATE {.regState = NOT_REG_MT_SEARCHING_OP_EM, .rat = 3, .cssSupported = false, .roamingIndicator = -1, .systemIsInPrl = -1, .defaultRoamingIndicator = -1, .reasonForDenial = 0, .cellIdentity = {...}} [SUB1]
09-21 16:07:00.918  2197  2435 D NetworkRegistrationManager: onGetNetworkRegistrationStateComplete result 0 state NetworkRegistrationState{transportType=1 domain=CS regState=NOT_REG_SEARCHING accessNetworkTechnology=UMTS reasonForDenial=0 emergencyEnabled=true supportedServices=[I@df40d46 cellIdentity=CellIdentityWcdma:{ mMcc=460 mMnc=01 mAlphaLong=CHN-UNICOM mAlphaShort=UNICOM} voiceSpecificStates=VoiceSpecificRegistrationStates { mCssSupported=false mRoamingIndicator=-1 mSystemIsInPrl=-1 mDefaultRoamingIndicator=-1} dataSpecificStates=null}
09-21 16:07:00.918  2197  2197 D SST[1]  : [1] handlPollVoiceRegResultMessage: regState=2 radioTechnology=3
09-21 16:07:00.921  2197  2197 D SST[1]  : [1] Poll ServiceState done:  oldSS=[{mVoiceRegState=1(OUT_OF_SERVICE), mDataRegState=1(OUT_OF_SERVICE), mChannelNumber=10763, duplexMode()=0, mCellBandwidths=[], mVoiceRoamingType=home, mDataRoamingType=home, mVoiceOperatorAlphaLong=, mVoiceOperatorAlphaShort=, mDataOperatorAlphaLong=, mDataOperatorAlphaShort=, isManualNetworkSelection=false(automatic), mRilVoiceRadioTechnology=3(UMTS), mRilDataRadioTechnology=0(Unknown), mCssIndicator=unsupported, mNetworkId=-1, mSystemId=-1, mCdmaRoamingIndicator=-1, mCdmaDefaultRoamingIndicator=-1, mIsEmergencyOnly=true, mIsDataRoamingFromRegistration=false, mIsUsingCarrierAggregation=false, mLteEarfcnRsrpBoost=0, mNetworkRegistrationStates=[NetworkRegistrationState{transportType=1 domain=PS regState=NOT_REG_NOT_SEARCHING accessNetworkTechnology=UNKNOWN reasonForDenial=0 emergencyEnabled=false supportedServices=null cellIdentity=null voiceSpecificStates=null dataSpecificStates=DataSpecificRegistrationStates { mMaxDataCalls=20}}, NetworkRegistrationState{transportType=1 domain=CS regState=NOT_REG_SEARCHING accessNetworkTechnology=UMTS reasonForDenial=0 emergencyEnabled=true supportedServices=[I@64fea70 cellIdentity=CellIdentityWcdma:{ mMcc=460 mMnc=01 mAlphaLong=CHN-UNICOM mAlphaShort=UNICOM} voiceSpecificStates=VoiceSpecificRegistrationStates { mCssSupported=false mRoamingIndicator=-1 mSystemIsInPrl=-1 mDefaultRoamingIndicator=-1} dataSpecificStates=null}]}] newSS=[{mVoiceRegState=1(OUT_OF_SERVICE), mDataRegState=1(OUT_OF_SERVICE), mChannelNumber=10763, duplexMode()=0, mCellBandwidths=[], mVoiceRoamingType=home, mDataRoamingType=home, mVoiceOperatorAlphaLong=, mVoiceOperatorAlphaShort=, mDataOperatorAlphaLong=, mDataOperatorAlphaShort=, isManualNetworkSelection=false(automatic), mRilVoiceRadioTechnology=3(UMTS), mRilDataRadioTechnology=0(Unknown), mCssIndicator=unsupported, mNetworkId=-1, mSystemId=-1, mCdmaRoamingIndicator=-1, mCdmaDefaultRoamingIndicator=-1, mIsEmergencyOnly=true, mIsDataRoamingFromRegistration=false, mIsUsingCarrierAggregation=false, mLteEarfcnRsrpBoost=0, mNetworkRegistrationStates=[NetworkRegistrationState{transportType=1 domain=PS regState=NOT_REG_NOT_SEARCHING accessNetworkTechnology=UNKNOWN reasonForDenial=0 emergencyEnabled=false supportedServices=null cellIdentity=null voiceSpecificStates=null dataSpecificStates=DataSpecificRegistrationStates { mMaxDataCalls=20}}, NetworkRegistrationState{transportType=1 domain=CS regState=NOT_REG_SEARCHING accessNetworkTechnology=UMTS reasonForDenial=0 emergencyEnabled=true supportedServices=[I@df40d46 cellIdentity=CellIdentityWcdma:{ mMcc=460 mMnc=01 mAlphaLong=CHN-UNICOM mAlphaShort=UNICOM} voiceSpecificStates=VoiceSpecificRegistrationStates { mCssSupported=false mRoamingIndicator=-1 mSystemIsInPrl=-1 mDefaultRoamingIndicator=-1} dataSpecificStates=null}]}] oldMaxDataCalls=20 mNewMaxDataCalls=20 oldReasonDataDenied=0 mNewReasonDataDenied=0
09-21 16:07:00.921  2197  2197 D SST[1]  : [1] pollStateDone: hasRegistered=false hasDeregistered=false hasDataAttached=false hasDataDetached=false hasDataRegStateChanged=false hasRilVoiceRadioTechnologyChanged= false hasRilDataRadioTechnologyChanged=false hasChanged=false hasVoiceRoamingOn=false hasVoiceRoamingOff=false hasDataRoamingOn=false hasDataRoamingOff=false hasLocationChanged=false has4gHandoff = false hasMultiApnSupport=false hasLostMultiApnSupport=false hasCssIndicatorChanged=false
09-21 16:07:01.183  6391  6434 I Unity   : Start Login. Time = 7.034595s
09-21 16:07:01.183  6391  6434 I Unity   : <LoadLogin>d__12:MoveNext()
09-21 16:07:01.183  6391  6434 I Unity   : Initial:initGame()
09-21 16:07:01.183  6391  6434 I Unity   : Initial:Start()
09-21 16:07:01.183  6391  6434 I Unity   : UnityEngine.SetupCoroutine:InvokeMoveNext(IEnumerator, IntPtr)
09-21 16:07:01.183  6391  6434 I Unity   :
09-21 16:07:01.185  6391  6434 I Unity   : BundleManager Initiate. Time = 7.035867s
09-21 16:07:01.185  6391  6434 I Unity   : <Initiate>d__34:MoveNext()
09-21 16:07:01.185  6391  6434 I Unity   : <LoadLogin>d__12:MoveNext()
09-21 16:07:01.185  6391  6434 I Unity   : Initial:initGame()
09-21 16:07:01.185  6391  6434 I Unity   : Initial:Start()
09-21 16:07:01.185  6391  6434 I Unity   : UnityEngine.SetupCoroutine:InvokeMoveNext(IEnumerator, IntPtr)
09-21 16:07:01.185  6391  6434 I Unity   : UnityEngine.SetupCoroutine:InvokeMoveNext(IEnumerator, IntPtr)
09-21 16:07:01.185  6391  6434 I Unity   :
09-21 16:07:01.185  6391  6434 I Unity   : BundleManager Initiate
09-21 16:07:01.185  6391  6434 I Unity   : <Initiate>d__34:MoveNext()
09-21 16:07:01.185  6391  6434 I Unity   : <LoadLogin>d__12:MoveNext()
09-21 16:07:01.185  6391  6434 I Unity   : Initial:initGame()
09-21 16:07:01.185  6391  6434 I Unity   : Initial:Start()
09-21 16:07:01.185  6391  6434 I Unity   : Logger:Log(Object)
09-21 16:07:01.185  6391  6434 I Unity   : UnityEngine.SetupCoroutine:InvokeMoveNext(IEnumerator, IntPtr)
09-21 16:07:01.185  6391  6434 I Unity   : UnityEngine.SetupCoroutine:InvokeMoveNext(IEnumerator, IntPtr)
09-21 16:07:01.185  6391  6434 I Unity   :
09-21 16:07:01.188  6391  6434 I Unity   : <color=green>init bundle login</color>
09-21 16:07:01.188  6391  6434 I Unity   : <Initiate>d__34:MoveNext()
09-21 16:07:01.188  6391  6434 I Unity   : <LoadLogin>d__12:MoveNext()
09-21 16:07:01.188  6391  6434 I Unity   : Initial:initGame()
09-21 16:07:01.188  6391  6434 I Unity   : Initial:Start()
09-21 16:07:01.188  6391  6434 I Unity   : Logger:LogGreen(Object)
09-21 16:07:01.188  6391  6434 I Unity   : UnityEngine.SetupCoroutine:InvokeMoveNext(IEnumerator, IntPtr)
09-21 16:07:01.188  6391  6434 I Unity   : UnityEngine.SetupCoroutine:InvokeMoveNext(IEnumerator, IntPtr)
09-21 16:07:01.188  6391  6434 I Unity   :
09-21 16:07:01.188  6391  6434 I Unity   : <color=green>init bundle _ast_spine_runtime</color>
