09-21 16:07:01.188  6391  6434 I Unity   : <Initiate>d__34:MoveNext()
09-21 16:07:01.188  6391  6434 I Unity   : <LoadLogin>d__12:MoveNext()
09-21 16:07:01.188  6391  6434 I Unity   : Initial:initGame()
09-21 16:07:01.188  6391  6434 I Unity   : Initial:Start()
09-21 16:07:01.188  6391  6434 I Unity   : Logger:LogGreen(Object)
09-21 16:07:01.188  6391  6434 I Unity   : UnityEngine.SetupCoroutine:InvokeMoveNext(IEnumerator, IntPtr)
09-21 16:07:01.188  6391  6434 I Unity   : UnityEngine.SetupCoroutine:InvokeMoveNext(IEnumerator, IntPtr)
09-21 16:07:01.188  6391  6434 I Unity   :
09-21 16:07:01.189  6391  6434 I Unity   : <color=green>init bundle backgroundmusic_battle</color>
09-21 16:07:01.189  6391  6434 I Unity   : <Initiate>d__34:MoveNext()
09-21 16:07:01.189  6391  6434 I Unity   : <LoadLogin>d__12:MoveNext()
09-21 16:07:01.189  6391  6434 I Unity   : Initial:initGame()
09-21 16:07:01.189  6391  6434 I Unity   : Initial:Start()
09-21 16:07:01.189  6391  6434 I Unity   : Logger:LogGreen(Object)
09-21 16:07:01.189  6391  6434 I Unity   : UnityEngine.SetupCoroutine:InvokeMoveNext(IEnumerator, IntPtr)
09-21 16:07:01.189  6391  6434 I Unity   : UnityEngine.SetupCoroutine:InvokeMoveNext(IEnumerator, IntPtr)
09-21 16:07:01.189  6391  6434 I Unity   :
09-21 16:07:01.190  6391  6434 I Unity   : <color=green>init bundle dd_login</color>
09-21 16:07:01.190  6391  6434 I Unity   : <Initiate>d__34:MoveNext()
09-21 16:07:01.190  6391  6434 I Unity   : <LoadLogin>d__12:MoveNext()
09-21 16:07:01.190  6391  6434 I Unity   : Initial:initGame()
09-21 16:07:01.190  6391  6434 I Unity   : Initial:Start()
09-21 16:07:01.190  6391  6434 I Unity   : Logger:LogGreen(Object)
09-21 16:07:01.190  6391  6434 I Unity   : UnityEngine.SetupCoroutine:InvokeMoveNext(IEnumerator, IntPtr)
09-21 16:07:01.190  6391  6434 I Unity   : UnityEngine.SetupCoroutine:InvokeMoveNext(IEnumerator, IntPtr)
09-21 16:07:01.190  6391  6434 I Unity   :
09-21 16:07:01.190  6391  6434 I Unity   : <color=green>init bundle shaders</color>
09-21 16:07:01.190  6391  6434 I Unity   : <Initiate>d__34:MoveNext()
09-21 16:07:01.190  6391  6434 I Unity   : <LoadLogin>d__12:MoveNext()
09-21 16:07:01.190  6391  6434 I Unity   : Initial:initGame()
09-21 16:07:01.190  6391  6434 I Unity   : Initial:Start()
09-21 16:07:01.190  6391  6434 I Unity   : Logger:LogGreen(Object)
09-21 16:07:01.190  6391  6434 I Unity   : UnityEngine.SetupCoroutine:InvokeMoveNext(IEnumerator, IntPtr)
09-21 16:07:01.190  6391  6434 I Unity   : UnityEngine.SetupCoroutine:InvokeMoveNext(IEnumerator, IntPtr)
09-21 16:07:01.190  6391  6434 I Unity   :
09-21 16:07:01.191  6391  6434 I Unity   : <color=green>init bundle effect_material</color>
09-21 16:07:01.191  6391  6434 I Unity   : <Initiate>d__34:MoveNext()
09-21 16:07:01.191  6391  6434 I Unity   : <LoadLogin>d__12:MoveNext()
09-21 16:07:01.191  6391  6434 I Unity   : Initial:initGame()
09-21 16:07:01.191  6391  6434 I Unity   : Initial:Start()
09-21 16:07:01.191  6391  6434 I Unity   : Logger:LogGreen(Object)
09-21 16:07:01.191  6391  6434 I Unity   : UnityEngine.SetupCoroutine:InvokeMoveNext(IEnumerator, IntPtr)
09-21 16:07:01.191  6391  6434 I Unity   : UnityEngine.SetupCoroutine:InvokeMoveNext(IEnumerator, IntPtr)
09-21 16:07:01.191  6391  6434 I Unity   :
09-21 16:07:01.191  6391  6434 I Unity   : <color=green>init bundle battlepass_torch_bptorch_effect</color>
09-21 16:07:01.191  6391  6434 I Unity   : <Initiate>d__34:MoveNext()
09-21 16:07:01.191  6391  6434 I Unity   : <LoadLogin>d__12:MoveNext()
09-21 16:07:01.191  6391  6434 I Unity   : Initial:initGame()
09-21 16:07:01.191  6391  6434 I Unity   : Initial:Start()
09-21 16:07:01.191  6391  6434 I Unity   : Logger:LogGreen(Object)
09-21 16:07:01.191  6391  6434 I Unity   : UnityEngine.SetupCoroutine:InvokeMoveNext(IEnumerator, IntPtr)
09-21 16:07:01.191  6391  6434 I Unity   : UnityEngine.SetupCoroutine:InvokeMoveNext(IEnumerator, IntPtr)
09-21 16:07:01.191  6391  6434 I Unity   :
09-21 16:07:01.192  6391  6434 I Unity   : <color=green>init bundle effect_shader</color>
09-21 16:07:01.192  6391  6434 I Unity   : <Initiate>d__34:MoveNext()
09-21 16:07:01.192  6391  6434 I Unity   : <LoadLogin>d__12:MoveNext()
09-21 16:07:01.192  6391  6434 I Unity   : Initial:initGame()
09-21 16:07:01.192  6391  6434 I Unity   : Initial:Start()
09-21 16:07:01.192  6391  6434 I Unity   : Logger:LogGreen(Object)
09-21 16:07:01.192  6391  6434 I Unity   : UnityEngine.SetupCoroutine:InvokeMoveNext(IEnumerator, IntPtr)
09-21 16:07:01.192  6391  6434 I Unity   : UnityEngine.SetupCoroutine:InvokeMoveNext(IEnumerator, IntPtr)
09-21 16:07:01.192  6391  6434 I Unity   :
09-21 16:07:01.192  6391  6434 I Unity   : <color=green>init bundle effect_texture_animation</color>
09-21 16:07:01.192  6391  6434 I Unity   : <Initiate>d__34:MoveNext()
09-21 16:07:01.192  6391  6434 I Unity   : <LoadLogin>d__12:MoveNext()
09-21 16:07:01.192  6391  6434 I Unity   : Initial:initGame()
09-21 16:07:01.192  6391  6434 I Unity   : Initial:Start()
09-21 16:07:01.192  6391  6434 I Unity   : Logger:LogGreen(Object)
09-21 16:07:01.192  6391  6434 I Unity   : UnityEngine.SetupCoroutine:InvokeMoveNext(IEnumerator, IntPtr)
09-21 16:07:01.192  6391  6434 I Unity   : UnityEngine.SetupCoroutine:InvokeMoveNext(IEnumerator, IntPtr)
09-21 16:07:01.192  6391  6434 I Unity   :
09-21 16:07:01.193  6391  6434 I Unity   : <color=green>init bundle effect_texture_light</color>
09-21 16:07:01.193  6391  6434 I Unity   : <Initiate>d__34:MoveNext()
09-21 16:07:01.193  6391  6434 I Unity   : <LoadLogin>d__12:MoveNext()
09-21 16:07:01.193  6391  6434 I Unity   : Initial:initGame()
09-21 16:07:01.193  6391  6434 I Unity   : Initial:Start()
09-21 16:07:01.193  6391  6434 I Unity   : Logger:LogGreen(Object)
09-21 16:07:01.193  6391  6434 I Unity   : UnityEngine.SetupCoroutine:InvokeMoveNext(IEnumerator, IntPtr)
09-21 16:07:01.193  6391  6434 I Unity   : UnityEngine.SetupCoroutine:InvokeMoveNext(IEnumerator, IntPtr)
09-21 16:07:01.193  6391  6434 I Unity   :
09-21 16:07:01.194  6391  6434 I Unity   : <color=green>init bundle effect_texture_magic</color>
09-21 16:07:01.194  6391  6434 I Unity   : <Initiate>d__34:MoveNext()
09-21 16:07:01.194  6391  6434 I Unity   : <LoadLogin>d__12:MoveNext()
09-21 16:07:01.194  6391  6434 I Unity   : Initial:initGame()
09-21 16:07:01.194  6391  6434 I Unity   : Initial:Start()
09-21 16:07:01.194  6391  6434 I Unity   : Logger:LogGreen(Object)
09-21 16:07:01.194  6391  6434 I Unity   : UnityEngine.SetupCoroutine:InvokeMoveNext(IEnumerator, IntPtr)
09-21 16:07:01.194  6391  6434 I Unity   : UnityEngine.SetupCoroutine:InvokeMoveNext(IEnumerator, IntPtr)
09-21 16:07:01.194  6391  6434 I Unity   :
09-21 16:07:01.194  6391  6434 I Unity   : <color=green>init bundle effect_texture_nc_tex</color>
09-21 16:07:01.194  6391  6434 I Unity   : <Initiate>d__34:MoveNext()
09-21 16:07:01.194  6391  6434 I Unity   : <LoadLogin>d__12:MoveNext()
09-21 16:07:01.194  6391  6434 I Unity   : Initial:initGame()
09-21 16:07:01.194  6391  6434 I Unity   : Initial:Start()
09-21 16:07:01.194  6391  6434 I Unity   : Logger:LogGreen(Object)
09-21 16:07:01.194  6391  6434 I Unity   : UnityEngine.SetupCoroutine:InvokeMoveNext(IEnumerator, IntPtr)
09-21 16:07:01.194  6391  6434 I Unity   : UnityEngine.SetupCoroutine:InvokeMoveNext(IEnumerator, IntPtr)
09-21 16:07:01.194  6391  6434 I Unity   :
09-21 16:07:01.195  6391  6434 I Unity   : <color=green>init bundle effect_texture_object</color>
09-21 16:07:01.195  6391  6434 I Unity   : <Initiate>d__34:MoveNext()
09-21 16:07:01.195  6391  6434 I Unity   : <LoadLogin>d__12:MoveNext()
09-21 16:07:01.195  6391  6434 I Unity   : Initial:initGame()
09-21 16:07:01.195  6391  6434 I Unity   : Initial:Start()
09-21 16:07:01.195  6391  6434 I Unity   : Logger:LogGreen(Object)
09-21 16:07:01.195  6391  6434 I Unity   : UnityEngine.SetupCoroutine:InvokeMoveNext(IEnumerator, IntPtr)
09-21 16:07:01.195  6391  6434 I Unity   : UnityEngine.SetupCoroutine:InvokeMoveNext(IEnumerator, IntPtr)
09-21 16:07:01.195  6391  6434 I Unity   :
09-21 16:07:01.195  6391  6434 I Unity   : <color=green>init bundle effect_texture_terrain</color>
09-21 16:07:01.195  6391  6434 I Unity   : <Initiate>d__34:MoveNext()
09-21 16:07:01.195  6391  6434 I Unity   : <LoadLogin>d__12:MoveNext()
09-21 16:07:01.195  6391  6434 I Unity   : Initial:initGame()
09-21 16:07:01.195  6391  6434 I Unity   : Initial:Start()
09-21 16:07:01.195  6391  6434 I Unity   : Logger:LogGreen(Object)
09-21 16:07:01.195  6391  6434 I Unity   : UnityEngine.SetupCoroutine:InvokeMoveNext(IEnumerator, IntPtr)
09-21 16:07:01.195  6391  6434 I Unity   : UnityEngine.SetupCoroutine:InvokeMoveNext(IEnumerator, IntPtr)
09-21 16:07:01.195  6391  6434 I Unity   :
09-21 16:07:01.196  6391  6434 I Unity   : <color=green>init bundle effect_texture_trail</color>
09-21 16:07:01.196  6391  6434 I Unity   : <Initiate>d__34:MoveNext()
09-21 16:07:01.196  6391  6434 I Unity   : <LoadLogin>d__12:MoveNext()
09-21 16:07:01.196  6391  6434 I Unity   : Initial:initGame()
09-21 16:07:01.196  6391  6434 I Unity   : Initial:Start()
09-21 16:07:01.196  6391  6434 I Unity   : Logger:LogGreen(Object)
09-21 16:07:01.196  6391  6434 I Unity   : UnityEngine.SetupCoroutine:InvokeMoveNext(IEnumerator, IntPtr)
09-21 16:07:01.196  6391  6434 I Unity   : UnityEngine.SetupCoroutine:InvokeMoveNext(IEnumerator, IntPtr)
09-21 16:07:01.196  6391  6434 I Unity   :
09-21 16:07:01.196  6391  6434 I Unity   : <color=green>init bundle effect_texture_ui</color>
09-21 16:07:01.196  6391  6434 I Unity   : <Initiate>d__34:MoveNext()
09-21 16:07:01.196  6391  6434 I Unity   : <LoadLogin>d__12:MoveNext()
09-21 16:07:01.196  6391  6434 I Unity   : Initial:initGame()
09-21 16:07:01.196  6391  6434 I Unity   : Initial:Start()
09-21 16:07:01.196  6391  6434 I Unity   : Logger:LogGreen(Object)
09-21 16:07:01.196  6391  6434 I Unity   : UnityEngine.SetupCoroutine:InvokeMoveNext(IEnumerator, IntPtr)
09-21 16:07:01.196  6391  6434 I Unity   : UnityEngine.SetupCoroutine:InvokeMoveNext(IEnumerator, IntPtr)
09-21 16:07:01.196  6391  6434 I Unity   :
09-21 16:07:01.197  6391  6434 I Unity   : <color=green>init bundle recruit_effect_recruit_texture</color>
09-21 16:07:01.197  6391  6434 I Unity   : <Initiate>d__34:MoveNext()
09-21 16:07:01.197  6391  6434 I Unity   : <LoadLogin>d__12:MoveNext()
09-21 16:07:01.197  6391  6434 I Unity   : Initial:initGame()
09-21 16:07:01.197  6391  6434 I Unity   : Initial:Start()
09-21 16:07:01.197  6391  6434 I Unity   : Logger:LogGreen(Object)
09-21 16:07:01.197  6391  6434 I Unity   : UnityEngine.SetupCoroutine:InvokeMoveNext(IEnumerator, IntPtr)
09-21 16:07:01.197  6391  6434 I Unity   : UnityEngine.SetupCoroutine:InvokeMoveNext(IEnumerator, IntPtr)
09-21 16:07:01.197  6391  6434 I Unity   :
09-21 16:07:01.197  6391  6434 I Unity   : <color=green>init bundle recruit_effect_recruit_material</color>
09-21 16:07:01.197  6391  6434 I Unity   : <Initiate>d__34:MoveNext()
09-21 16:07:01.197  6391  6434 I Unity   : <LoadLogin>d__12:MoveNext()
09-21 16:07:01.197  6391  6434 I Unity   : Initial:initGame()
09-21 16:07:01.197  6391  6434 I Unity   : Initial:Start()
09-21 16:07:01.197  6391  6434 I Unity   : Logger:LogGreen(Object)
09-21 16:07:01.197  6391  6434 I Unity   : UnityEngine.SetupCoroutine:InvokeMoveNext(IEnumerator, IntPtr)
09-21 16:07:01.197  6391  6434 I Unity   : UnityEngine.SetupCoroutine:InvokeMoveNext(IEnumerator, IntPtr)
09-21 16:07:01.197  6391  6434 I Unity   :
09-21 16:07:01.198  6391  6434 I Unity   : <color=green>init bundle decorationsystem_ds_dock_effect</color>
09-21 16:07:01.198  6391  6434 I Unity   : <Initiate>d__34:MoveNext()
09-21 16:07:01.198  6391  6434 I Unity   : <LoadLogin>d__12:MoveNext()
09-21 16:07:01.198  6391  6434 I Unity   : Initial:initGame()
09-21 16:07:01.198  6391  6434 I Unity   : Initial:Start()
09-21 16:07:01.198  6391  6434 I Unity   : Logger:LogGreen(Object)
09-21 16:07:01.198  6391  6434 I Unity   : UnityEngine.SetupCoroutine:InvokeMoveNext(IEnumerator, IntPtr)
09-21 16:07:01.198  6391  6434 I Unity   : UnityEngine.SetupCoroutine:InvokeMoveNext(IEnumerator, IntPtr)
09-21 16:07:01.198  6391  6434 I Unity   :
09-21 16:07:01.198  6391  6434 I Unity   : <color=green>init bundle dungeonexplore_de_effect</color>
09-21 16:07:01.198  6391  6434 I Unity   : <Initiate>d__34:MoveNext()
09-21 16:07:01.198  6391  6434 I Unity   : <LoadLogin>d__12:MoveNext()
09-21 16:07:01.198  6391  6434 I Unity   : Initial:initGame()
09-21 16:07:01.198  6391  6434 I Unity   : Initial:Start()
09-21 16:07:01.198  6391  6434 I Unity   : Logger:LogGreen(Object)
09-21 16:07:01.198  6391  6434 I Unity   : UnityEngine.SetupCoroutine:InvokeMoveNext(IEnumerator, IntPtr)
09-21 16:07:01.198  6391  6434 I Unity   : UnityEngine.SetupCoroutine:InvokeMoveNext(IEnumerator, IntPtr)
09-21 16:07:01.198  6391  6434 I Unity   :
09-21 16:07:01.199  6391  6434 I Unity   : <color=green>init bundle _pkg_universal</color>
09-21 16:07:01.199  6391  6434 I Unity   : <Initiate>d__34:MoveNext()
09-21 16:07:01.199  6391  6434 I Unity   : <LoadLogin>d__12:MoveNext()
09-21 16:07:01.199  6391  6434 I Unity   : Initial:initGame()
09-21 16:07:01.199  6391  6434 I Unity   : Initial:Start()
09-21 16:07:01.199  6391  6434 I Unity   : Logger:LogGreen(Object)
09-21 16:07:01.199  6391  6434 I Unity   : UnityEngine.SetupCoroutine:InvokeMoveNext(IEnumerator, IntPtr)
09-21 16:07:01.199  6391  6434 I Unity   : UnityEngine.SetupCoroutine:InvokeMoveNext(IEnumerator, IntPtr)
09-21 16:07:01.199  6391  6434 I Unity   :
09-21 16:07:01.199  6391  6434 I Unity   : <color=green>init bundle warriormesh_warriormesh_effect</color>
09-21 16:07:01.199  6391  6434 I Unity   : <Initiate>d__34:MoveNext()
09-21 16:07:01.199  6391  6434 I Unity   : <LoadLogin>d__12:MoveNext()
09-21 16:07:01.199  6391  6434 I Unity   : Initial:initGame()
09-21 16:07:01.199  6391  6434 I Unity   : Initial:Start()
09-21 16:07:01.199  6391  6434 I Unity   : Logger:LogGreen(Object)
09-21 16:07:01.199  6391  6434 I Unity   : UnityEngine.SetupCoroutine:InvokeMoveNext(IEnumerator, IntPtr)
09-21 16:07:01.199  6391  6434 I Unity   : UnityEngine.SetupCoroutine:InvokeMoveNext(IEnumerator, IntPtr)
09-21 16:07:01.199  6391  6434 I Unity   :
09-21 16:07:01.200  6391  6434 I Unity   : <color=green>init bundle herodisplay_hd_effect</color>
09-21 16:07:01.200  6391  6434 I Unity   : <Initiate>d__34:MoveNext()
09-21 16:07:01.200  6391  6434 I Unity   : <LoadLogin>d__12:MoveNext()
09-21 16:07:01.200  6391  6434 I Unity   : Initial:initGame()
09-21 16:07:01.200  6391  6434 I Unity   : Initial:Start()
09-21 16:07:01.200  6391  6434 I Unity   : Logger:LogGreen(Object)
09-21 16:07:01.200  6391  6434 I Unity   : UnityEngine.SetupCoroutine:InvokeMoveNext(IEnumerator, IntPtr)
09-21 16:07:01.200  6391  6434 I Unity   : UnityEngine.SetupCoroutine:InvokeMoveNext(IEnumerator, IntPtr)
09-21 16:07:01.200  6391  6434 I Unity   :
09-21 16:07:01.200  6391  6434 I Unity   : <color=green>init bundle shaders_misc_p</color>
09-21 16:07:01.200  6391  6434 I Unity   : <Initiate>d__34:MoveNext()
09-21 16:07:01.200  6391  6434 I Unity   : <LoadLogin>d__12:MoveNext()
09-21 16:07:01.200  6391  6434 I Unity   : Initial:initGame()
09-21 16:07:01.200  6391  6434 I Unity   : Initial:Start()
09-21 16:07:01.200  6391  6434 I Unity   : Logger:LogGreen(Object)
09-21 16:07:01.200  6391  6434 I Unity   : UnityEngine.SetupCoroutine:InvokeMoveNext(IEnumerator, IntPtr)
09-21 16:07:01.200  6391  6434 I Unity   : UnityEngine.SetupCoroutine:InvokeMoveNext(IEnumerator, IntPtr)
09-21 16:07:01.200  6391  6434 I Unity   :
09-21 16:07:01.201  6391  6434 I Unity   : <color=green>init bundle emergencytraining_et_effect</color>
09-21 16:07:01.201  6391  6434 I Unity   : <Initiate>d__34:MoveNext()
09-21 16:07:01.201  6391  6434 I Unity   : <LoadLogin>d__12:MoveNext()
09-21 16:07:01.201  6391  6434 I Unity   : Initial:initGame()
09-21 16:07:01.201  6391  6434 I Unity   : Initial:Start()
09-21 16:07:01.201  6391  6434 I Unity   : Logger:LogGreen(Object)
09-21 16:07:01.201  6391  6434 I Unity   : UnityEngine.SetupCoroutine:InvokeMoveNext(IEnumerator, IntPtr)
09-21 16:07:01.201  6391  6434 I Unity   : UnityEngine.SetupCoroutine:InvokeMoveNext(IEnumerator, IntPtr)
09-21 16:07:01.201  6391  6434 I Unity   :
09-21 16:07:01.202  6391  6434 I Unity   : <color=green>init bundle equipmatrix_em_effect</color>
09-21 16:07:01.202  6391  6434 I Unity   : <Initiate>d__34:MoveNext()
09-21 16:07:01.202  6391  6434 I Unity   : <LoadLogin>d__12:MoveNext()
09-21 16:07:01.202  6391  6434 I Unity   : Initial:initGame()
09-21 16:07:01.202  6391  6434 I Unity   : Initial:Start()
09-21 16:07:01.202  6391  6434 I Unity   : Logger:LogGreen(Object)
09-21 16:07:01.202  6391  6434 I Unity   : UnityEngine.SetupCoroutine:InvokeMoveNext(IEnumerator, IntPtr)
09-21 16:07:01.202  6391  6434 I Unity   : UnityEngine.SetupCoroutine:InvokeMoveNext(IEnumerator, IntPtr)
09-21 16:07:01.202  6391  6434 I Unity   :
09-21 16:07:01.202  6391  6434 I Unity   : <color=green>init bundle threekingdoms_tk_effect</color>
09-21 16:07:01.202  6391  6434 I Unity   : <Initiate>d__34:MoveNext()
09-21 16:07:01.202  6391  6434 I Unity   : <LoadLogin>d__12:MoveNext()
09-21 16:07:01.202  6391  6434 I Unity   : Initial:initGame()
09-21 16:07:01.202  6391  6434 I Unity   : Initial:Start()
09-21 16:07:01.202  6391  6434 I Unity   : Logger:LogGreen(Object)
09-21 16:07:01.202  6391  6434 I Unity   : UnityEngine.SetupCoroutine:InvokeMoveNext(IEnumerator, IntPtr)
09-21 16:07:01.202  6391  6434 I Unity   : UnityEngine.SetupCoroutine:InvokeMoveNext(IEnumerator, IntPtr)
09-21 16:07:01.202  6391  6434 I Unity   :
09-21 16:07:01.203  6391  6434 I Unity   : <color=green>init bundle slg_msyh_10</color>
09-21 16:07:01.203  6391  6434 I Unity   : <Initiate>d__34:MoveNext()
09-21 16:07:01.203  6391  6434 I Unity   : <LoadLogin>d__12:MoveNext()
09-21 16:07:01.203  6391  6434 I Unity   : Initial:initGame()
09-21 16:07:01.203  6391  6434 I Unity   : Initial:Start()
09-21 16:07:01.203  6391  6434 I Unity   : Logger:LogGreen(Object)
09-21 16:07:01.203  6391  6434 I Unity   : UnityEngine.SetupCoroutine:InvokeMoveNext(IEnumerator, IntPtr)
09-21 16:07:01.203  6391  6434 I Unity   : UnityEngine.SetupCoroutine:InvokeMoveNext(IEnumerator, IntPtr)
09-21 16:07:01.203  6391  6434 I Unity   :
09-21 16:07:01.203  6391  6434 I Unity   : <color=green>init bundle towerdefence_td_effect</color>
09-21 16:07:01.203  6391  6434 I Unity   : <Initiate>d__34:MoveNext()
09-21 16:07:01.203  6391  6434 I Unity   : <LoadLogin>d__12:MoveNext()
09-21 16:07:01.203  6391  6434 I Unity   : Initial:initGame()
09-21 16:07:01.203  6391  6434 I Unity   : Initial:Start()
09-21 16:07:01.203  6391  6434 I Unity   : Logger:LogGreen(Object)
09-21 16:07:01.203  6391  6434 I Unity   : UnityEngine.SetupCoroutine:InvokeMoveNext(IEnumerator, IntPtr)
09-21 16:07:01.203  6391  6434 I Unity   : UnityEngine.SetupCoroutine:InvokeMoveNext(IEnumerator, IntPtr)
09-21 16:07:01.203  6391  6434 I Unity   :
09-21 16:07:01.204  6391  6434 I Unity   : <color=green>init bundle global_p</color>
09-21 16:07:01.204  6391  6434 I Unity   : <Initiate>d__34:MoveNext()
09-21 16:07:01.204  6391  6434 I Unity   : <LoadLogin>d__12:MoveNext()
09-21 16:07:01.204  6391  6434 I Unity   : Initial:initGame()
09-21 16:07:01.204  6391  6434 I Unity   : Initial:Start()
09-21 16:07:01.204  6391  6434 I Unity   : Logger:LogGreen(Object)
09-21 16:07:01.204  6391  6434 I Unity   : UnityEngine.SetupCoroutine:InvokeMoveNext(IEnumerator, IntPtr)
09-21 16:07:01.204  6391  6434 I Unity   : UnityEngine.SetupCoroutine:InvokeMoveNext(IEnumerator, IntPtr)
09-21 16:07:01.204  6391  6434 I Unity   :
09-21 16:07:01.204  6391  6434 I Unity   : <color=green>init bundle d_main</color>
09-21 16:07:01.204  6391  6434 I Unity   : <Initiate>d__34:MoveNext()
09-21 16:07:01.204  6391  6434 I Unity   : <LoadLogin>d__12:MoveNext()
09-21 16:07:01.204  6391  6434 I Unity   : Initial:initGame()
09-21 16:07:01.204  6391  6434 I Unity   : Initial:Start()
09-21 16:07:01.204  6391  6434 I Unity   : Logger:LogGreen(Object)
09-21 16:07:01.204  6391  6434 I Unity   : UnityEngine.SetupCoroutine:InvokeMoveNext(IEnumerator, IntPtr)
09-21 16:07:01.204  6391  6434 I Unity   : UnityEngine.SetupCoroutine:InvokeMoveNext(IEnumerator, IntPtr)
09-21 16:07:01.204  6391  6434 I Unity   :
09-21 16:07:01.205  6391  6434 I Unity   : <color=green>init bundle d_newcommon1</color>
09-21 16:07:01.205  6391  6434 I Unity   : <Initiate>d__34:MoveNext()
09-21 16:07:01.205  6391  6434 I Unity   : <LoadLogin>d__12:MoveNext()
09-21 16:07:01.205  6391  6434 I Unity   : Initial:initGame()
09-21 16:07:01.205  6391  6434 I Unity   : Initial:Start()
09-21 16:07:01.205  6391  6434 I Unity   : Logger:LogGreen(Object)
09-21 16:07:01.205  6391  6434 I Unity   : UnityEngine.SetupCoroutine:InvokeMoveNext(IEnumerator, IntPtr)
09-21 16:07:01.205  6391  6434 I Unity   : UnityEngine.SetupCoroutine:InvokeMoveNext(IEnumerator, IntPtr)
09-21 16:07:01.205  6391  6434 I Unity   :
09-21 16:07:01.205  6391  6434 I Unity   : <color=green>init bundle d_replaceui</color>
09-21 16:07:01.205  6391  6434 I Unity   : <Initiate>d__34:MoveNext()
09-21 16:07:01.205  6391  6434 I Unity   : <LoadLogin>d__12:MoveNext()
09-21 16:07:01.205  6391  6434 I Unity   : Initial:initGame()
09-21 16:07:01.205  6391  6434 I Unity   : Initial:Start()
09-21 16:07:01.205  6391  6434 I Unity   : Logger:LogGreen(Object)
09-21 16:07:01.205  6391  6434 I Unity   : UnityEngine.SetupCoroutine:InvokeMoveNext(IEnumerator, IntPtr)
09-21 16:07:01.205  6391  6434 I Unity   : UnityEngine.SetupCoroutine:InvokeMoveNext(IEnumerator, IntPtr)
09-21 16:07:01.205  6391  6434 I Unity   :
09-21 16:07:01.206  6391  6434 I Unity   : <color=green>init bundle dd_misc</color>
09-21 16:07:01.206  6391  6434 I Unity   : <Initiate>d__34:MoveNext()
09-21 16:07:01.206  6391  6434 I Unity   : <LoadLogin>d__12:MoveNext()
09-21 16:07:01.206  6391  6434 I Unity   : Initial:initGame()
09-21 16:07:01.206  6391  6434 I Unity   : Initial:Start()
09-21 16:07:01.206  6391  6434 I Unity   : Logger:LogGreen(Object)
09-21 16:07:01.206  6391  6434 I Unity   : UnityEngine.SetupCoroutine:InvokeMoveNext(IEnumerator, IntPtr)
09-21 16:07:01.206  6391  6434 I Unity   : UnityEngine.SetupCoroutine:InvokeMoveNext(IEnumerator, IntPtr)
09-21 16:07:01.206  6391  6434 I Unity   :
09-21 16:07:01.206  6391  6434 I Unity   : <color=green>init bundle dd_vnlogin</color>
09-21 16:07:01.206  6391  6434 I Unity   : <Initiate>d__34:MoveNext()
09-21 16:07:01.206  6391  6434 I Unity   : <LoadLogin>d__12:MoveNext()
09-21 16:07:01.206  6391  6434 I Unity   : Initial:initGame()
09-21 16:07:01.206  6391  6434 I Unity   : Initial:Start()
09-21 16:07:01.206  6391  6434 I Unity   : Logger:LogGreen(Object)
09-21 16:07:01.206  6391  6434 I Unity   : UnityEngine.SetupCoroutine:InvokeMoveNext(IEnumerator, IntPtr)
09-21 16:07:01.206  6391  6434 I Unity   : UnityEngine.SetupCoroutine:InvokeMoveNext(IEnumerator, IntPtr)
09-21 16:07:01.206  6391  6434 I Unity   :
09-21 16:07:01.207  6391  6434 I Unity   : <color=green>init bundle text</color>
09-21 16:07:01.207  6391  6434 I Unity   : <Initiate>d__34:MoveNext()
09-21 16:07:01.207  6391  6434 I Unity   : <LoadLogin>d__12:MoveNext()
09-21 16:07:01.207  6391  6434 I Unity   : Initial:initGame()
09-21 16:07:01.207  6391  6434 I Unity   : Initial:Start()
09-21 16:07:01.207  6391  6434 I Unity   : Logger:LogGreen(Object)
09-21 16:07:01.207  6391  6434 I Unity   : UnityEngine.SetupCoroutine:InvokeMoveNext(IEnumerator, IntPtr)
09-21 16:07:01.207  6391  6434 I Unity   : UnityEngine.SetupCoroutine:InvokeMoveNext(IEnumerator, IntPtr)
09-21 16:07:01.207  6391  6434 I Unity   :
09-21 16:07:01.217  6391  6434 E Unity   : HTTP/1.1 404 Not Found
09-21 16:07:01.217  6391  6434 E Unity   : <readInfo>d__188:MoveNext()
09-21 16:07:01.217  6391  6434 E Unity   : UnityEngine.SetupCoroutine:InvokeMoveNext(IEnumerator, IntPtr)
09-21 16:07:01.217  6391  6434 E Unity   :
09-21 16:07:01.221  6391  6434 D Unity   : Unloading 141 unused Assets / (63.2 KB). Loaded Objects now: 3703.
09-21 16:07:01.221  6391  6434 D Unity   : Memory consumption went from 46.3 MB to 46.2 MB.
09-21 16:07:01.221  6391  6434 D Unity   : Total: 4.669375 ms (FindLiveObjects: 0.385833 ms CreateObjectMapping: 0.294843 ms MarkObjects: 3.614323 ms  DeleteObjects: 0.372604 ms)
09-21 16:07:01.221  6391  6434 D Unity   :
09-21 16:07:01.222  6391  6530 D Unity   : Unloading 35 Unused Serialized files (Serialized files now loaded: 2)
09-21 16:07:01.343  6391  6434 I Unity   : Enter LoginScene. Time = 7.194093s
09-21 16:07:01.343  6391  6434 I Unity   : Initial:EnterLogin()
09-21 16:07:01.343  6391  6434 I Unity   : <LoadLogin>d__12:MoveNext()
09-21 16:07:01.343  6391  6434 I Unity   : UnityEngine.SetupCoroutine:InvokeMoveNext(IEnumerator, IntPtr)
09-21 16:07:01.343  6391  6434 I Unity   :
09-21 16:07:01.359  6391  6434 I Unity   : LoadSceneInBundle called, fullSceneName = Login.unity, null == indexer ? no
09-21 16:07:01.359  6391  6434 I Unity   : <LoadSceneInBundle>d__55:MoveNext()
09-21 16:07:01.359  6391  6434 I Unity   : BundleManager:LoadScene(MonoBehaviour, String, Callback)
09-21 16:07:01.359  6391  6434 I Unity   : Initial:EnterLogin()
09-21 16:07:01.359  6391  6434 I Unity   : <LoadLogin>d__12:MoveNext()
09-21 16:07:01.359  6391  6434 I Unity   : UnityEngine.SetupCoroutine:InvokeMoveNext(IEnumerator, IntPtr)
09-21 16:07:01.359  6391  6434 I Unity   : UnityEngine.SetupCoroutine:InvokeMoveNext(IEnumerator, IntPtr)
09-21 16:07:01.359  6391  6434 I Unity   :
09-21 16:07:01.360  6391  6434 I Unity   : LoadLevelAsync start load scene : Login, time = 7.211071
09-21 16:07:01.360  6391  6434 I Unity   : <LoadLevelAsync>d__56:MoveNext()
09-21 16:07:01.360  6391  6434 I Unity   : <LoadSceneInBundle>d__55:MoveNext()
09-21 16:07:01.360  6391  6434 I Unity   : BundleManager:LoadScene(MonoBehaviour, String, Callback)
09-21 16:07:01.360  6391  6434 I Unity   : Initial:EnterLogin()
09-21 16:07:01.360  6391  6434 I Unity   : <LoadLogin>d__12:MoveNext()
09-21 16:07:01.360  6391  6434 I Unity   : UnityEngine.SetupCoroutine:InvokeMoveNext(IEnumerator, IntPtr)
09-21 16:07:01.360  6391  6434 I Unity   : UnityEngine.SetupCoroutine:InvokeMoveNext(IEnumerator, IntPtr)
09-21 16:07:01.360  6391  6434 I Unity   : UnityEngine.SetupCoroutine:InvokeMoveNext(IEnumerator, IntPtr)
09-21 16:07:01.360  6391  6434 I Unity   :
09-21 16:07:01.369  6391  6434 D Unity   : Unloading 0 unused Assets / (0 B). Loaded Objects now: 3732.
09-21 16:07:01.369  6391  6434 D Unity   : Memory consumption went from 49.9 MB to 49.9 MB.
09-21 16:07:01.369  6391  6434 D Unity   : Total: 7.541927 ms (FindLiveObjects: 0.417656 ms CreateObjectMapping: 0.339844 ms MarkObjects: 6.759219 ms  DeleteObjects: 0.023698 ms)
09-21 16:07:01.369  6391  6434 D Unity   :
09-21 16:07:01.370  6391  6434 I Unity   : [HybridSceneChanger] EnterInitial 14 UnloadUnusedAssets finish
09-21 16:07:01.370  6391  6434 I Unity   : CamelHybrid.<EnterInitial>d__6:MoveNext()
09-21 16:07:01.370  6391  6434 I Unity   : UnityEngine.SetupCoroutine:InvokeMoveNext(IEnumerator, IntPtr)
09-21 16:07:01.370  6391  6434 I Unity   :
09-21 16:07:01.370  6391  6434 I Unity   : [HybridSceneChanger] EnterInitial 15
09-21 16:07:01.370  6391  6434 I Unity   : CamelHybrid.<EnterInitial>d__6:MoveNext()
09-21 16:07:01.370  6391  6434 I Unity   : UnityEngine.SetupCoroutine:InvokeMoveNext(IEnumerator, IntPtr)
09-21 16:07:01.370  6391  6434 I Unity   :
09-21 16:07:01.452  6391  6530 D Unity   : Unloading 1 Unused Serialized files (Serialized files now loaded: 32)
09-21 16:07:01.528  6391  6434 D Unity   : UnloadTime: 1.487292 ms
09-21 16:07:01.611  6391  6434 I Unity   : CNInfo.SetCNOfficial on CNInfo, cnofficial=False
09-21 16:07:01.611  6391  6434 I Unity   : CNInfo:SetCNOfficial(Boolean)
09-21 16:07:01.611  6391  6434 I Unity   : CNInfo:Awake()
09-21 16:07:01.611  6391  6434 I Unity   :
09-21 16:07:01.612  6391  6434 I Unity   : ReplaceLogoInfo.SetReplaceLogo on Openning, replaceLogo=True, name=logo_aoz_official.png
09-21 16:07:01.612  6391  6434 I Unity   : ReplaceLogoInfo:SetReplaceLogo(Boolean, String)
09-21 16:07:01.612  6391  6434 I Unity   : ReplaceLogoInfo:Awake()
09-21 16:07:01.612  6391  6434 I Unity   :
09-21 16:07:01.615  6391  6434 I Unity   : <color=yellow>Load asset logo_aoz_official.png from bundle ts_texture_p, bundle is not loaded, spend time = 2.110481ms</color>
09-21 16:07:01.615  6391  6434 I Unity   : BundleManager:GetAsset(ABIndexer, Type, Boolean)
09-21 16:07:01.615  6391  6434 I Unity   : BundleManager:GetAsset(String, Type, Boolean)
09-21 16:07:01.615  6391  6434 I Unity   : BundleManager:GetAsset(String, Type)
09-21 16:07:01.615  6391  6434 I Unity   : ReplaceLogoInfo:SetReplaceLogo(Boolean, String)
09-21 16:07:01.615  6391  6434 I Unity   : ReplaceLogoInfo:Awake()
09-21 16:07:01.615  6391  6434 I Unity   :
09-21 16:07:01.621  6391  6434 I Unity   : Scene Login is loaded
09-21 16:07:01.621  6391  6434 I Unity   : Reporter:_OnLevelWasLoaded(Scene, LoadSceneMode)
09-21 16:07:01.621  6391  6434 I Unity   :
09-21 16:07:01.623  6391  6434 I Unity   : SetUserArabDisplay ArabDisplay set to False
09-21 16:07:01.623  6391  6434 I Unity   : Lua:set_ArabDisplay(Boolean)
09-21 16:07:01.623  6391  6434 I Unity   : LocalizationManager:GetLanguage()
09-21 16:07:01.623  6391  6434 I Unity   : LocalizationManager:GetTextResName()
09-21 16:07:01.623  6391  6434 I Unity   : LocalizationManager:GetString(String)
09-21 16:07:01.623  6391  6434 I Unity   : MyDownloadingUI:Start()
09-21 16:07:01.623  6391  6434 I Unity   :
09-21 16:07:01.624  6391  6434 I Unity   : <color=yellow>Load asset string_zh_CN.txt from bundle text, bundle is not loaded, spend time = 0.6594658ms</color>
09-21 16:07:01.624  6391  6434 I Unity   : BundleManager:GetAsset(ABIndexer, Type, Boolean)
09-21 16:07:01.624  6391  6434 I Unity   : BundleManager:GetAsset(String, Type, Boolean)
09-21 16:07:01.624  6391  6434 I Unity   : BundleManager:GetAsset(String, Type)
09-21 16:07:01.624  6391  6434 I Unity   : LocalizationManager:LoadTextAsset(String)
09-21 16:07:01.624  6391  6434 I Unity   : LocalizationManager:GetString(String)
09-21 16:07:01.624  6391  6434 I Unity   : MyDownloadingUI:Start()
09-21 16:07:01.624  6391  6434 I Unity   :
09-21 16:07:01.686   678  1713 I sensors-hal: batch:140, android.sensor.rotation_vector/10, period=20000000, max_latency=0
09-21 16:07:01.686   678  1713 I sensors-hal: batch:149, android.sensor.rotation_vector/10, period=20000000, max_latency=0 request completed
09-21 16:07:01.686   678  1713 I sensors-hal: activate:107, android.sensor.rotation_vector/10 en=1
09-21 16:07:01.686   678  1713 I sensors-hal: ssc_enable_rt_task:254, ssc_enable_rt_task : true
09-21 16:07:01.693   678  1713 I sensors-hal: activate:118, android.sensor.rotation_vector/10 en=1 completed
09-21 16:07:01.695   678  1713 I sensors-hal: batch:140, android.sensor.gyroscope/32, period=200000000, max_latency=0
09-21 16:07:01.695   678  1713 I sensors-hal: batch:149, android.sensor.gyroscope/32, period=200000000, max_latency=0 request completed
09-21 16:07:01.695   678  1713 I sensors-hal: activate:107, android.sensor.gyroscope/32 en=1
09-21 16:07:01.695   678  1713 I sensors-hal: ssc_enable_rt_task:254, ssc_enable_rt_task : true
09-21 16:07:01.699   678  6629 I sensors-hal: handle_indication_realtime:352,  SCHED_FIFO(10) for qmi_cbk
--------- beginning of events
09-21 16:07:01.690   678   678 I auditd  : type=1400 audit(0.0:32957): avc: denied { read write } for comm="HwBinder:678_1" name="diag" dev="tmpfs" ino=15440 scontext=u:r:hal_sensors_default:s0 tcontext=u:object_r:diag_device:s0 tclass=chr_file permissive=0
09-21 16:07:01.690   678   678 W HwBinder:678_1: type=1400 audit(0.0:32957): avc: denied { read write } for name="diag" dev="tmpfs" ino=15440 scontext=u:r:hal_sensors_default:s0 tcontext=u:object_r:diag_device:s0 tclass=chr_file permissive=0
09-21 16:07:01.702   678  1713 E Diag_Lib:  Diag_LSM_Init: Failed to open handle to diag driver, error = 13
09-21 16:07:01.703   678  1713 I sensors-hal: ssc_enable_rt_task:254, ssc_enable_rt_task : true
09-21 16:07:01.716   678  6632 I sensors-hal: handle_indication_realtime:352,  SCHED_FIFO(10) for qmi_cbk
09-21 16:07:01.716   678  1713 I sensors-hal: ssc_enable_rt_task:254, ssc_enable_rt_task : true
09-21 16:07:01.725   678  1713 I sensors-hal: activate:118, android.sensor.gyroscope/32 en=1 completed
09-21 16:07:01.725   678  6634 I sensors-hal: handle_indication_realtime:352,  SCHED_FIFO(10) for qmi_cbk
09-21 16:07:01.725  6391  6434 D Unity   : Sensor :            Gyroscope ( 4) ; 0.000611 / 0.00s ; lsm6ds3c Gyroscope Non-wakeup / STMicro
09-21 16:07:01.726   678   678 I sensors-hal: batch:140, android.sensor.gyroscope/32, period=20000000, max_latency=0
09-21 16:07:01.729   678   678 I sensors-hal: batch:149, android.sensor.gyroscope/32, period=20000000, max_latency=0 request completed
09-21 16:07:01.730  6391  6434 D Unity   : Sensor :            Gyroscope ( 4) ; 0.000611 / 0.00s ; lsm6ds3c Gyroscope Non-wakeup / STMicro
09-21 16:07:01.731   678   678 I sensors-hal: batch:140, android.sensor.gravity/26, period=200000000, max_latency=0
09-21 16:07:01.731   678   678 I sensors-hal: batch:149, android.sensor.gravity/26, period=200000000, max_latency=0 request completed
09-21 16:07:01.732   678   678 I sensors-hal: activate:107, android.sensor.gravity/26 en=1
09-21 16:07:01.732   678   678 I sensors-hal: ssc_enable_rt_task:254, ssc_enable_rt_task : true
09-21 16:07:01.749   678   678 I sensors-hal: activate:118, android.sensor.gravity/26 en=1 completed
09-21 16:07:01.750  6391  6434 D Unity   : Sensor :              Gravity ( 9) ; 0.100000 / 0.00s ; gravity  Non-wakeup / qualcomm
09-21 16:07:01.751   678   678 I sensors-hal: batch:140, android.sensor.gravity/26, period=20000000, max_latency=0
09-21 16:07:01.756   678   678 I sensors-hal: batch:149, android.sensor.gravity/26, period=20000000, max_latency=0 request completed
09-21 16:07:01.757  6391  6434 D Unity   : Sensor :              Gravity ( 9) ; 0.100000 / 0.00s ; gravity  Non-wakeup / qualcomm
09-21 16:07:01.758   678   678 I sensors-hal: batch:140, android.sensor.linear_acceleration/24, period=200000000, max_latency=0
09-21 16:07:01.758   678   678 I sensors-hal: batch:149, android.sensor.linear_acceleration/24, period=200000000, max_latency=0 request completed
09-21 16:07:01.758   678   678 I sensors-hal: activate:107, android.sensor.linear_acceleration/24 en=1
09-21 16:07:01.758   678   678 I sensors-hal: ssc_enable_rt_task:254, ssc_enable_rt_task : true
09-21 16:07:01.771   678  6627 I sensors-hal: handle_indication_realtime:352,  SCHED_FIFO(10) for qmi_cbk
09-21 16:07:01.771   678  6636 I sensors-hal: handle_indication_realtime:352,  SCHED_FIFO(10) for qmi_cbk
09-21 16:07:01.772   678   678 I sensors-hal: activate:118, android.sensor.linear_acceleration/24 en=1 completed
09-21 16:07:01.772  6391  6434 D Unity   : Sensor :  Linear Acceleration (10) ; 0.100000 / 0.00s ; linear_acceleration / qualcomm
09-21 16:07:01.773   678   678 I sensors-hal: batch:140, android.sensor.linear_acceleration/24, period=20000000, max_latency=0
09-21 16:07:01.777   678   678 I sensors-hal: batch:149, android.sensor.linear_acceleration/24, period=20000000, max_latency=0 request completed
09-21 16:07:01.777  6391  6434 D Unity   : Sensor :  Linear Acceleration (10) ; 0.100000 / 0.00s ; linear_acceleration / qualcomm
09-21 16:07:01.782   678   678 I sensors-hal: flush:169, android.sensor.rotation_vector/10
09-21 16:07:01.784   678   678 I sensors-hal: flush:175, android.sensor.rotation_vector/10 completed
09-21 16:07:01.785  6391  6434 D Unity   : Sensor :      Rotation Vector (11) ; 0.010000 / 0.00s ; Rotation Vector  Non-wakeup / qualcomm
09-21 16:07:01.785  6391  6434 D Unity   : Sensor :      Rotation Vector (11) ; 0.010000 / 0.00s ; Rotation Vector  Non-wakeup / qualcomm
09-21 16:07:01.785   678   678 I sensors-hal: batch:140, android.sensor.gyroscope/32, period=50000000, max_latency=0
09-21 16:07:01.791   678  6639 I sensors-hal: handle_indication_realtime:352,  SCHED_FIFO(10) for qmi_cbk
09-21 16:07:01.792   678   678 I sensors-hal: batch:149, android.sensor.gyroscope/32, period=50000000, max_latency=0 request completed
09-21 16:07:01.793  6391  6434 D Unity   : Sensor :            Gyroscope ( 4) ; 0.000611 / 0.00s ; lsm6ds3c Gyroscope Non-wakeup / STMicro
09-21 16:07:01.793   678  1713 I sensors-hal: batch:140, android.sensor.gravity/26, period=50000000, max_latency=0
09-21 16:07:01.799   678  1713 I sensors-hal: batch:149, android.sensor.gravity/26, period=50000000, max_latency=0 request completed
09-21 16:07:01.799  6391  6434 D Unity   : Sensor :              Gravity ( 9) ; 0.100000 / 0.00s ; gravity  Non-wakeup / qualcomm
09-21 16:07:01.799   678  1713 I sensors-hal: batch:140, android.sensor.linear_acceleration/24, period=50000000, max_latency=0
09-21 16:07:01.802   678  1713 I sensors-hal: batch:149, android.sensor.linear_acceleration/24, period=50000000, max_latency=0 request completed
09-21 16:07:01.802  6391  6434 D Unity   : Sensor :  Linear Acceleration (10) ; 0.100000 / 0.00s ; linear_acceleration / qualcomm
09-21 16:07:01.802  6391  6434 D Unity   : Sensor :      Rotation Vector (11) ; 0.010000 / 0.00s ; Rotation Vector  Non-wakeup / qualcomm
09-21 16:07:01.808  6391  6434 I Unity   : Load ab ui__ from /storage/emulated/0/Android/data/com.camelgames.aoz.debuglz4/files/hybrid_wdeY/ui__, result == null ? False
09-21 16:07:01.808  6391  6434 I Unity   : ResInfo2:get_Instance()
09-21 16:07:01.808  6391  6434 I Unity   : ResInfo2:get_UnityVersion()
09-21 16:07:01.808  6391  6434 I Unity   : MyDownloadingUI:SetResInfoText()
09-21 16:07:01.808  6391  6434 I Unity   : MyDownloadingUI:SetResInfo()
09-21 16:07:01.808  6391  6434 I Unity   : MyDownloadingUI:Start()
09-21 16:07:01.808  6391  6434 I Unity   :
09-21 16:07:01.822  6391  6434 I Unity   : <color=blue>supports2DArrayTextures: True</color>
09-21 16:07:01.822  6391  6434 I Unity   : GameStart:Update()
09-21 16:07:01.822  6391  6434 I Unity   : Logger:LogBlue(Object)
09-21 16:07:01.822  6391  6434 I Unity   :
09-21 16:07:01.823  6391  6434 I Unity   : <color=blue>supportsMultisampled2DArrayTextures: True</color>
09-21 16:07:01.823  6391  6434 I Unity   : GameStart:Update()
09-21 16:07:01.823  6391  6434 I Unity   : Logger:LogBlue(Object)
09-21 16:07:01.823  6391  6434 I Unity   :
09-21 16:07:01.825  6391  6434 I Unity   : Time since start up to enter login: 7.676021s
09-21 16:07:01.825  6391  6434 I Unity   : GameStart:DoOnAwake()
09-21 16:07:01.825  6391  6434 I Unity   : GameStart:Update()
09-21 16:07:01.825  6391  6434 I Unity   :
09-21 16:07:01.828  6391  6434 I Unity   : ConnectSSO
09-21 16:07:01.828  6391  6434 I Unity   : GameStart:ConnectSSO()
09-21 16:07:01.828  6391  6434 I Unity   : GameStart:DoOnAwake()
09-21 16:07:01.828  6391  6434 I Unity   : GameStart:Update()
09-21 16:07:01.828  6391  6434 I Unity   : Logger:Log(Object)
09-21 16:07:01.828  6391  6434 I Unity   :
09-21 16:07:01.829  6391  6434 I Unity   : New LuaManager Created.
09-21 16:07:01.829  6391  6434 I Unity   : GameStart:ConnectSSO()
09-21 16:07:01.829  6391  6434 I Unity   : GameStart:DoOnAwake()
09-21 16:07:01.829  6391  6434 I Unity   : GameStart:Update()
09-21 16:07:01.829  6391  6434 I Unity   : LuaManager:get_Instance()
09-21 16:07:01.829  6391  6434 I Unity   :
09-21 16:07:01.857  6391  6434 I Unity   : Start init LuaState
09-21 16:07:01.857  6391  6434 I Unity   : GameStart:ConnectSSO()
09-21 16:07:01.857  6391  6434 I Unity   : GameStart:DoOnAwake()
09-21 16:07:01.857  6391  6434 I Unity   : GameStart:Update()
09-21 16:07:01.857  6391  6434 I Unity   : Logger:Log(Object)
09-21 16:07:01.857  6391  6434 I Unity   : LuaManager:StartInit()
09-21 16:07:01.857  6391  6434 I Unity   :
09-21 16:07:01.960  6391  6434 I Unity   : Finish init LuaState
09-21 16:07:01.960  6391  6434 I Unity   : GameStart:ConnectSSO()
09-21 16:07:01.960  6391  6434 I Unity   : GameStart:DoOnAwake()
09-21 16:07:01.960  6391  6434 I Unity   : GameStart:Update()
09-21 16:07:01.960  6391  6434 I Unity   : Logger:Log(Object)
09-21 16:07:01.960  6391  6434 I Unity   : SLua.<>c__DisplayClass9_0:<init>b__0()
09-21 16:07:01.960  6391  6434 I Unity   : SLua.<doBind>d__6:MoveNext()
09-21 16:07:01.960  6391  6434 I Unity   : UnityEngine.SetupCoroutine:InvokeMoveNext(IEnumerator, IntPtr)
09-21 16:07:01.960  6391  6434 I Unity   :
09-21 16:07:02.086  6391  6434 I Unity   : <color=yellow>Load asset NetworkLogShow.prefab from bundle global_p, bundle is not loaded, spend time = 123.0359ms</color>
09-21 16:07:02.086  6391  6434 I Unity   : BundleManager:GetAsset(ABIndexer, Type, Boolean)
09-21 16:07:02.086  6391  6434 I Unity   : BundleManager:GetAsset(String, Type, Boolean)
09-21 16:07:02.086  6391  6434 I Unity   : BundleManager:GetAsset(String, Type)
09-21 16:07:02.086  6391  6434 I Unity   : GameStart:DoOnAwake()
09-21 16:07:02.086  6391  6434 I Unity   : GameStart:Update()
09-21 16:07:02.086  6391  6434 I Unity   : NetworkLogShow:get_Instance()
09-21 16:07:02.086  6391  6434 I Unity   : NetworkLogShow:Init()
09-21 16:07:02.086  6391  6434 I Unity   :
09-21 16:07:02.092  6391  6434 I Unity   : Read DID 83a7a68e-8599-4932-8e5b-11cc685b43b9
09-21 16:07:02.092  6391  6434 I Unity   : BaseDefine:GetDeviceId()
09-21 16:07:02.092  6391  6434 I Unity   : HttpServerApis:SSOGetServerList(String, String, String, Boolean)
09-21 16:07:02.092  6391  6434 I Unity   : <Connect>d__20:MoveNext()
09-21 16:07:02.092  6391  6434 I Unity   : GameStart:LateUpdate()
09-21 16:07:02.092  6391  6434 I Unity   : Logger:Log(Object)
09-21 16:07:02.092  6391  6434 I Unity   : UnityEngine.SetupCoroutine:InvokeMoveNext(IEnumerator, IntPtr)
09-21 16:07:02.092  6391  6434 I Unity   :
09-21 16:07:02.098  6391  6434 I Unity   : SSO http://aoo_dev_sso.ageofzorigins.cn:10801/api2/ssoGetServerList?au_k=dc41a377-a6cf-44c6-8b90-fb5adf864c1b&v=1.3.733&ch=camel_google_dev&dev_id=83a7a68e-8599-4932-8e5b-11cc685b43b9&bd_t=1&lz4=0&gspkg=0&bd_f=hybrid&nomfd=1&is_enc=False
09-21 16:07:02.098  6391  6434 I Unity   : <Connect>d__20:MoveNext()
09-21 16:07:02.098  6391  6434 I Unity   : GameStart:LateUpdate()
09-21 16:07:02.098  6391  6434 I Unity   : Logger:Log(Object)
09-21 16:07:02.098  6391  6434 I Unity   : UnityEngine.SetupCoroutine:InvokeMoveNext(IEnumerator, IntPtr)
09-21 16:07:02.098  6391  6434 I Unity   :
09-21 16:07:02.099  6391  6434 I Unity   : Connect http://aoo_dev_sso.ageofzorigins.cn:10801/api2/ssoGetServerList?au_k=dc41a377-a6cf-44c6-8b90-fb5adf864c1b&v=1.3.733&ch=camel_google_dev&dev_id=83a7a68e-8599-4932-8e5b-11cc685b43b9&bd_t=1&lz4=0&gspkg=0&bd_f=hybrid&nomfd=1&is_enc=False
09-21 16:07:02.099  6391  6434 I Unity   : <Connect>d__20:MoveNext()
09-21 16:07:02.099  6391  6434 I Unity   : GameStart:LateUpdate()
09-21 16:07:02.099  6391  6434 I Unity   : Logger:Log(Object)
09-21 16:07:02.099  6391  6434 I Unity   : CamelHot.Network.WebClientTimer:.ctor(String, String, Single, Boolean)
09-21 16:07:02.099  6391  6434 I Unity   : UnityEngine.SetupCoroutine:InvokeMoveNext(IEnumerator, IntPtr)
09-21 16:07:02.099  6391  6434 I Unity   :
09-21 16:07:02.103  1851  1851 D KeyguardUpdateMonitor: received broadcast android.intent.action.BATTERY_CHANGED
09-21 16:07:02.104  2990  2990 I BatteryInfoReceiver: ACTION_BATTERY_CHANGED
09-21 16:07:02.105  2975  3223 D PowerCheckerService: onBatteryChanged, mBatteryLevel = 92, status = 2, level = 92, plug = 2, scale = 100
09-21 16:07:02.105  2197  2197 D QtiCarrierConfigHelper: WARNING, no carrier configs on phone Id: 0
09-21 16:07:02.131  6391  6434 D Unity   : Unloading 8 unused Assets / (3.3 MB). Loaded Objects now: 4222.
09-21 16:07:02.131  6391  6434 D Unity   : Memory consumption went from 76.4 MB to 73.1 MB.
09-21 16:07:02.131  6391  6434 D Unity   : Total: 8.106510 ms (FindLiveObjects: 0.530104 ms CreateObjectMapping: 0.409791 ms MarkObjects: 7.090104 ms  DeleteObjects: 0.075000 ms)
09-21 16:07:02.131  6391  6434 D Unity   :
09-21 16:07:02.324  6391  6530 D Unity   : Unloading 2 Unused Serialized files (Serialized files now loaded: 39)
09-21 16:07:02.334  6391  6434 I Unity   : CDN http://106.75.53.116:9857/Doomsday/android/hybrid/
09-21 16:07:02.334  6391  6434 I Unity   : GameStart:OnHttpRequestResponed(String, String, String)
09-21 16:07:02.334  6391  6434 I Unity   : <Connect>d__20:MoveNext()
09-21 16:07:02.334  6391  6434 I Unity   : Logger:Log(Object)
09-21 16:07:02.334  6391  6434 I Unity   : UnityEngine.SetupCoroutine:InvokeMoveNext(IEnumerator, IntPtr)
09-21 16:07:02.334  6391  6434 I Unity   :
09-21 16:07:02.335  6391  6434 I Unity   : GameURL 39.98.196.51:10814
09-21 16:07:02.335  6391  6434 I Unity   : GameStart:OnHttpRequestResponed(String, String, String)
09-21 16:07:02.335  6391  6434 I Unity   : <Connect>d__20:MoveNext()
09-21 16:07:02.335  6391  6434 I Unity   : Logger:Log(Object)
09-21 16:07:02.335  6391  6434 I Unity   : UnityEngine.SetupCoroutine:InvokeMoveNext(IEnumerator, IntPtr)
09-21 16:07:02.335  6391  6434 I Unity   :
09-21 16:07:02.335  6391  6434 I Unity   : GameURL6
09-21 16:07:02.335  6391  6434 I Unity   : GameStart:OnHttpRequestResponed(String, String, String)
09-21 16:07:02.335  6391  6434 I Unity   : <Connect>d__20:MoveNext()
09-21 16:07:02.335  6391  6434 I Unity   : Logger:Log(Object)
09-21 16:07:02.335  6391  6434 I Unity   : UnityEngine.SetupCoroutine:InvokeMoveNext(IEnumerator, IntPtr)
09-21 16:07:02.335  6391  6434 I Unity   :
09-21 16:07:02.336  6391  6434 I Unity   : GameURLList 39.98.196.51:10814
09-21 16:07:02.336  6391  6434 I Unity   : GameStart:OnHttpRequestResponed(String, String, String)
09-21 16:07:02.336  6391  6434 I Unity   : <Connect>d__20:MoveNext()
09-21 16:07:02.336  6391  6434 I Unity   : Logger:Log(Object)
09-21 16:07:02.336  6391  6434 I Unity   : UnityEngine.SetupCoroutine:InvokeMoveNext(IEnumerator, IntPtr)
09-21 16:07:02.336  6391  6434 I Unity   :
09-21 16:07:02.339  6391  6434 I Unity   : Offline Notification Server Url http://39.98.196.51:10813/api2
09-21 16:07:02.339  6391  6434 I Unity   : GameStart:OnHttpRequestResponed(String, String, String)
09-21 16:07:02.339  6391  6434 I Unity   : <Connect>d__20:MoveNext()
09-21 16:07:02.339  6391  6434 I Unity   : Logger:Log(Object)
09-21 16:07:02.339  6391  6434 I Unity   : UnityEngine.SetupCoroutine:InvokeMoveNext(IEnumerator, IntPtr)
09-21 16:07:02.339  6391  6434 I Unity   :
09-21 16:07:02.341  6391  6434 I Unity   : Upload Image Server Url http://39.98.196.51:9803/api_upload/uploadIcon
09-21 16:07:02.341  6391  6434 I Unity   : GameStart:OnHttpRequestResponed(String, String, String)
09-21 16:07:02.341  6391  6434 I Unity   : <Connect>d__20:MoveNext()
09-21 16:07:02.341  6391  6434 I Unity   : Logger:Log(Object)
09-21 16:07:02.341  6391  6434 I Unity   : UnityEngine.SetupCoroutine:InvokeMoveNext(IEnumerator, IntPtr)
09-21 16:07:02.341  6391  6434 I Unity   :
09-21 16:07:02.341  6391  6434 I Unity   : Download Image Server Url http://icon-dev-iamges.ageofzorigins.cn/
09-21 16:07:02.341  6391  6434 I Unity   : GameStart:OnHttpRequestResponed(String, String, String)
09-21 16:07:02.341  6391  6434 I Unity   : <Connect>d__20:MoveNext()
09-21 16:07:02.341  6391  6434 I Unity   : Logger:Log(Object)
09-21 16:07:02.341  6391  6434 I Unity   : UnityEngine.SetupCoroutine:InvokeMoveNext(IEnumerator, IntPtr)
09-21 16:07:02.341  6391  6434 I Unity   :
09-21 16:07:02.342  6391  6434 I Unity   : SMOBE = true, json.nosmobe = False BaseDefine.SMOBE=True
09-21 16:07:02.342  6391  6434 I Unity   : GameStart:OnHttpRequestResponed(String, String, String)
09-21 16:07:02.342  6391  6434 I Unity   : <Connect>d__20:MoveNext()
09-21 16:07:02.342  6391  6434 I Unity   : Logger:Log(Object)
09-21 16:07:02.342  6391  6434 I Unity   : UnityEngine.SetupCoroutine:InvokeMoveNext(IEnumerator, IntPtr)
09-21 16:07:02.342  6391  6434 I Unity   :
09-21 16:07:02.343  6391  6434 I Unity   : BaseDefine.CLEAN_LUATABLE=False
09-21 16:07:02.343  6391  6434 I Unity   : GameStart:OnHttpRequestResponed(String, String, String)
09-21 16:07:02.343  6391  6434 I Unity   : <Connect>d__20:MoveNext()
09-21 16:07:02.343  6391  6434 I Unity   : Logger:Log(Object)
09-21 16:07:02.343  6391  6434 I Unity   : UnityEngine.SetupCoroutine:InvokeMoveNext(IEnumerator, IntPtr)
09-21 16:07:02.343  6391  6434 I Unity   :
09-21 16:07:02.351  6391  6434 I Unity   : [HttpWebRequest] Index = 0 url = http://aoo_dev_sso.ageofzorigins.cn:10801/api2/ssoGetIP test finish status = Timeout cost = 63862497869824.0ms error = Time out result =
09-21 16:07:02.351  6391  6434 I Unity   : GameStart:OnHttpRequestResponed(String, String, String)
09-21 16:07:02.351  6391  6434 I Unity   : <Connect>d__20:MoveNext()
09-21 16:07:02.351  6391  6434 I Unity   : CamelHot.SSOTester.SSOTesterBase`1:FinishTest(TestStatus, String, String)
09-21 16:07:02.351  6391  6434 I Unity   : CamelHot.SSOTester.SSOTesterHttpWebRequest:DoStopTest()
09-21 16:07:02.351  6391  6434 I Unity   : Traversals:Traversal(IList`1, Action`1, Boolean)
09-21 16:07:02.351  6391  6434 I Unity   : CamelHot.SSOTester.SSOTesterBase`1:StopTest()
09-21 16:07:02.351  6391  6434 I Unity   : CamelHot.SSOTester.SSOTesterBase`1:Clear()
09-21 16:07:02.351  6391  6434 I Unity   : UnityEngine.SetupCoroutine:InvokeMoveNext(IEnumerator, IntPtr)
09-21 16:07:02.351  6391  6434 I Unity   :
09-21 16:07:02.357  6391  6434 I Unity   : [HybridSceneChanger] EnterInitial 16
09-21 16:07:02.357  6391  6434 I Unity   : CamelHybrid.<EnterInitial>d__6:MoveNext()
09-21 16:07:02.357  6391  6434 I Unity   : UnityEngine.SetupCoroutine:InvokeMoveNext(IEnumerator, IntPtr)
09-21 16:07:02.357  6391  6434 I Unity   :
09-21 16:07:02.357  6391  6434 I Unity   : [HybridSceneChanger] EnterInitial 17
09-21 16:07:02.357  6391  6434 I Unity   : CamelHybrid.<EnterInitial>d__6:MoveNext()
09-21 16:07:02.357  6391  6434 I Unity   : UnityEngine.SetupCoroutine:InvokeMoveNext(IEnumerator, IntPtr)
