09-21 16:47:46.215   853  1020 D ThermalEngine: handle_timer_sig: SS Id SS-QUIET-THERM-GOLD, E0 -4025mC, E1 -3831mC
09-21 16:47:46.215   853  1020 D ThermalEngine: Already at device mitigation max limit
09-21 16:47:46.216   853  1020 I ThermalEngine: Sensor:sdm-therm:49025 mC
09-21 16:47:46.216   853  1020 D ThermalEngine: handle_timer_sig: SS Id SS-QUIET-THERM-SILVER3 Read sdm-therm 49025mC, Err -1025mC, SampleCnt 0
09-21 16:47:46.216   853  1020 D ThermalEngine: handle_timer_sig: SS Id SS-QUIET-THERM-SILVER3, E0 -1025mC, E1 -766mC
09-21 16:47:46.216   853  1020 D ThermalEngine: Already at device mitigation max limit
09-21 16:47:46.218   853  1020 I ThermalEngine: Sensor:sdm-therm:49025 mC
09-21 16:47:46.218   853  1020 D ThermalEngine: handle_timer_sig: SS Id SS-QUIET-THERM-SILVER2 Read sdm-therm 49025mC, Err -3025mC, SampleCnt 0
09-21 16:47:46.218   853  1020 D ThermalEngine: handle_timer_sig: SS Id SS-QUIET-THERM-SILVER2, E0 -3025mC, E1 -2766mC
09-21 16:47:46.218   853  1020 D ThermalEngine: Already at device mitigation max limit
09-21 16:47:46.219   853  1020 I ThermalEngine: Sensor:sdm-therm:49025 mC
09-21 16:47:46.219   853  1020 D ThermalEngine: handle_timer_sig: SS Id SS-QUIET-THERM-SILVER Read sdm-therm 49025mC, Err -5025mC, SampleCnt 0
09-21 16:47:46.219   853  1020 D ThermalEngine: handle_timer_sig: SS Id SS-QUIET-THERM-SILVER, E0 -5025mC, E1 -4831mC
09-21 16:47:46.219   853  1020 D ThermalEngine: Already at device mitigation max limit
09-21 16:47:46.219   853  1020 I ThermalEngine: settimer: Start timer 2.000(sec)
09-21 16:47:46.219   853  1020 D ThermalEngine: algo_monitor: Wait for EV
09-21 16:47:47.000 11568 11568 D BoundBrokerSvc: onUnbind: Intent { act=com.google.android.gms.mdns.service.START dat=chimera-action: cmp=com.google.android.gms/.chimera.PersistentApiService }
09-21 16:47:44.509     0     0 E pm6150_charger: wdog_snarl_irq_handler: IRQ: wdog-snarl
09-21 16:47:44.509     0     0 E AWAKE   : SW_THERM_REGULATION_VOTER,0 voting on of val=1
09-21 16:47:44.509     0     0 E AWAKE   : effective vote is now 1 voted by SW_THERM_REGULATION_VOTER,0
09-21 16:47:44.513     0     0 E pm6150_charger: smblib_process_thermal_readings: Current temperatures: 	DIE_TEMP: 515,	CONN_TEMP: 341,	SMB_TEMP: -61,	SKIN_TEMP: 488
09-21 16:47:44.513     0     0 E THERMAL_STATUS: 5
09-21 16:47:44.513     0     0 E AWAKE   : SW_THERM_REGULATION_VOTER,0 voting off of val=0
09-21 16:47:44.513     0     0 E AWAKE   : effective vote is now 0 voted by SW_THERM_REGULATION_VOTER,0
09-21 16:47:48.220   853  1020 E ThermalEngine: read_thermal_config
09-21 16:47:48.220   853  1020 D ThermalEngine: algo_monitor: Timer EVT
09-21 16:47:48.221   853  1020 I ThermalEngine: Sensor:sdm-therm:48896 mC
09-21 16:47:48.221   853  1020 D ThermalEngine: handle_timer_sig: SS Id SS-QUIET-THERM-GOLD3 Read sdm-therm 48896mC, Err 104mC, SampleCnt 1
09-21 16:47:48.221   853  1020 D ThermalEngine: handle_timer_sig: SS Id SS-QUIET-THERM-GOLD3, E0 104mC, E1 0mC
09-21 16:47:48.221   853  1020 D ThermalEngine: devices_manager_set_op_value: DEV cpu6, op_value 2016000
09-21 16:47:48.221   853  1020 I ThermalEngine: decrease_mitigation_lvl: SS Id SS-QUIET-THERM-GOLD3, Device cpu6, Req. 2016000kHz, Applied  1516800kHz, TC delay 0
09-21 16:47:48.224   853  1020 I ThermalEngine: Sensor:sdm-therm:48896 mC
09-21 16:47:48.224   853  1020 D ThermalEngine: handle_thresh_sig: SS Id SS-QUIET-THERM-GOLD3, Read sdm-therm 48896mC
09-21 16:47:48.224   853  1020 I ThermalEngine: handle_thresh_sig: SS Id SS-QUIET-THERM-GOLD3 Transition State 3
09-21 16:47:48.224   853  1020 D ThermalEngine: device_clnt_cancel_request: DEV cpu6
09-21 16:47:48.224   853  1020 D ThermalEngine: sensors_manager_set_thresh_lvl: sdm-therm Hi(1) 49000, Lo(0) 0, desc:0 Interval(0) 0
09-21 16:47:48.224   853  1020 D ThermalEngine: update_active_thresh: sdm-therm Active(1), Hi(1) 49000, Lo(1) 47000, desc(0) Interval(1) 1000
09-21 16:47:48.224   853  1020 D ThermalEngine: Setting up thresholds high: 49000
09-21 16:47:48.224   853  1020 D ThermalEngine: writing:49000 in fd:50 bytes:5
09-21 16:47:48.228   853  1020 I ThermalEngine: Sensor:sdm-therm:48896 mC
09-21 16:47:48.228   853  1020 D ThermalEngine: handle_timer_sig: SS Id SS-QUIET-THERM-GOLD2 Read sdm-therm 48896mC, Err -1896mC, SampleCnt 1
09-21 16:47:48.228   853  1020 D ThermalEngine: handle_timer_sig: SS Id SS-QUIET-THERM-GOLD2, E0 -1896mC, E1 -2025mC
09-21 16:47:48.228   853  1020 D ThermalEngine: Already at device mitigation max limit
09-21 16:47:48.229   853   963 D ThermalEngine: zone:62 sensor:sdm-therm temp:48896 trip:0 event:0
09-21 16:47:48.229   853  1020 I ThermalEngine: Sensor:sdm-therm:48896 mC
09-21 16:47:48.229   853  1020 D ThermalEngine: handle_timer_sig: SS Id SS-QUIET-THERM-GOLD Read sdm-therm 48896mC, Err -3896mC, SampleCnt 1
09-21 16:47:48.229   853  1020 D ThermalEngine: handle_timer_sig: SS Id SS-QUIET-THERM-GOLD, E0 -3896mC, E1 -4025mC
09-21 16:47:48.229   853  1020 D ThermalEngine: Already at device mitigation max limit
09-21 16:47:48.231   853  1020 I ThermalEngine: Sensor:sdm-therm:48896 mC
09-21 16:47:48.231   853  1020 D ThermalEngine: handle_timer_sig: SS Id SS-QUIET-THERM-SILVER3 Read sdm-therm 48896mC, Err -896mC, SampleCnt 1
09-21 16:47:48.231   853  1020 D ThermalEngine: handle_timer_sig: SS Id SS-QUIET-THERM-SILVER3, E0 -896mC, E1 -1025mC
09-21 16:47:48.231   853  1020 D ThermalEngine: Already at device mitigation max limit
09-21 16:47:48.231   853   967 D ThermalEngine: sensor_monitor: sdm-therm Reading 48896 .
09-21 16:47:48.231   853   967 I ThermalEngine: Sensor:sdm-therm:48896 mC
09-21 16:47:48.231   853   967 D ThermalEngine: update_active_thresh: sdm-therm Active(1), Hi(1) 49000, Lo(1) 47000, desc(0) Interval(1) 1000
09-21 16:47:48.231   853   967 D ThermalEngine: sensor_monitor: sdm-therm Sensor wait.
09-21 16:47:48.232   853  1020 I ThermalEngine: Sensor:sdm-therm:48896 mC
09-21 16:47:48.232   853  1020 D ThermalEngine: handle_timer_sig: SS Id SS-QUIET-THERM-SILVER2 Read sdm-therm 48896mC, Err -2896mC, SampleCnt 1
09-21 16:47:48.232   853  1020 D ThermalEngine: handle_timer_sig: SS Id SS-QUIET-THERM-SILVER2, E0 -2896mC, E1 -3025mC
09-21 16:47:48.232   853  1020 D ThermalEngine: Already at device mitigation max limit
09-21 16:47:48.234   853  1020 I ThermalEngine: Sensor:sdm-therm:48896 mC
09-21 16:47:48.234   853  1020 D ThermalEngine: handle_timer_sig: SS Id SS-QUIET-THERM-SILVER Read sdm-therm 48896mC, Err -4896mC, SampleCnt 1
09-21 16:47:48.234   853  1020 D ThermalEngine: handle_timer_sig: SS Id SS-QUIET-THERM-SILVER, E0 -4896mC, E1 -5025mC
09-21 16:47:48.234   853  1020 D ThermalEngine: Already at device mitigation max limit
09-21 16:47:48.234   853  1020 I ThermalEngine: settimer: Start timer 2.000(sec)
09-21 16:47:48.234   853  1020 D ThermalEngine: algo_monitor: Wait for EV
09-21 16:47:44.835     0     0 E pm6150_charger: default_irq_handler: IRQ: aicl-done
09-21 16:47:48.385  2197  2288 D RILJ    : Unsol response received; Sending ack to ril.cpp [SUB1]
09-21 16:47:48.385  2197  2288 D RILJ    : [UNSL]< UNSOL_RESPONSE_NETWORK_STATE_CHANGED [SUB1]
09-21 16:47:48.385  2317  2341 I QcrilOemhookMsgTunnel: [1]processOemHookIndication length=21
09-21 16:47:48.385  2317  2317 D QcrilMsgTunnelIfaceManager: handleMessage what = 0
09-21 16:47:48.386  2197  2372 D NetworkRegistrationManager: onNetworkStateChanged
09-21 16:47:48.388  2197  2197 D SST[1]  : [1] pollState: modemTriggered=true
09-21 16:47:48.389  2197  2197 D RILJ    : [0565]> OPERATOR [SUB1]
09-21 16:47:48.390  2197  2197 D NetworkRegistrationManager: getNetworkRegistrationState domain 2
09-21 16:47:48.390  2197  2197 D NetworkRegistrationManager: getNetworkRegistrationState domain 1
09-21 16:47:48.392  2178  2178 D use-Rlog/RLOG-QC_RIL_OEM_HOOK: Received Broadcast Intent ACTION_UNSOL_RESPONSE_OEM_HOOK_RAW
09-21 16:47:48.392  2178  2178 D use-Rlog/RLOG-QC_RIL_OEM_HOOK: Oem ID in QCRILHOOK UNSOL RESP is QOEMHOOK
09-21 16:47:48.393  2197  2197 D RILJ    : [0566]> QUERY_NETWORK_SELECTION_MODE [SUB1]
09-21 16:47:48.393  2197  2197 D use-Rlog/RLOG-QC_RIL_OEM_HOOK: Received Broadcast Intent ACTION_UNSOL_RESPONSE_OEM_HOOK_RAW
09-21 16:47:48.393  2197  2197 D use-Rlog/RLOG-QC_RIL_OEM_HOOK: Oem ID in QCRILHOOK UNSOL RESP is QOEMHOOK
09-21 16:47:48.393  2197  2197 D use-Rlog/RLOG-QC_RIL_OEM_HOOK: Received Broadcast Intent ACTION_UNSOL_RESPONSE_OEM_HOOK_RAW
09-21 16:47:48.393  2197  2197 D use-Rlog/RLOG-QC_RIL_OEM_HOOK: Oem ID in QCRILHOOK UNSOL RESP is QOEMHOOK
09-21 16:47:48.393  2197  2197 E use-Rlog/RLOG-QC_RIL_OEM_HOOK: QcRilOemHook notifyRegistrants Failed
09-21 16:47:48.393  2197  2197 D use-Rlog/RLOG-QC_RIL_OEM_HOOK: Received Broadcast Intent ACTION_UNSOL_RESPONSE_OEM_HOOK_RAW
09-21 16:47:48.394  2197  2197 D use-Rlog/RLOG-QC_RIL_OEM_HOOK: Oem ID in QCRILHOOK UNSOL RESP is QOEMHOOK
09-21 16:47:48.394  2197  2197 D use-Rlog/RLOG-QC_RIL_OEM_HOOK: Received Broadcast Intent ACTION_UNSOL_RESPONSE_OEM_HOOK_RAW
09-21 16:47:48.394  2197  2197 D use-Rlog/RLOG-QC_RIL_OEM_HOOK: Oem ID in QCRILHOOK UNSOL RESP is QOEMHOOK
09-21 16:47:48.394  2197  2197 D PhoneSwitcher: handle event - 108
09-21 16:47:48.394  2197  2372 D RILJ    : [0567]> DATA_REGISTRATION_STATE [SUB1]
09-21 16:47:48.395  2197  2372 D RILJ    : [0568]> VOICE_REGISTRATION_STATE [SUB1]
09-21 16:47:48.401  2317  2341 I QcrilOemhookMsgTunnel: [1]processOemHookIndication length=21
09-21 16:47:48.401  2317  2317 D QcrilMsgTunnelIfaceManager: handleMessage what = 0
09-21 16:47:48.401  2197  2288 D RILJ    : Unsol response received; Sending ack to ril.cpp [SUB1]
09-21 16:47:48.401  2197  2288 D RILJ    : [UNSL]< UNSOL_RESPONSE_NETWORK_STATE_CHANGED [SUB1]
09-21 16:47:48.402  2197  2372 D NetworkRegistrationManager: onNetworkStateChanged
09-21 16:47:48.403  2178  2178 D use-Rlog/RLOG-QC_RIL_OEM_HOOK: Received Broadcast Intent ACTION_UNSOL_RESPONSE_OEM_HOOK_RAW
09-21 16:47:48.403  2178  2178 D use-Rlog/RLOG-QC_RIL_OEM_HOOK: Oem ID in QCRILHOOK UNSOL RESP is QOEMHOOK
09-21 16:47:48.404  2197  2197 D SST[1]  : [1] pollState: modemTriggered=true
09-21 16:47:48.408  2197  2197 D RILJ    : [0570]> OPERATOR [SUB1]
09-21 16:47:48.408  2197  2197 D NetworkRegistrationManager: getNetworkRegistrationState domain 2
09-21 16:47:48.408  2197  2197 D NetworkRegistrationManager: getNetworkRegistrationState domain 1
09-21 16:47:48.410  2197  2288 D RILJ    : [0565]< OPERATOR {, , } [SUB1]
09-21 16:47:48.410  2197  2197 D RILJ    : [0571]> QUERY_NETWORK_SELECTION_MODE [SUB1]
09-21 16:47:48.410  2197  2197 D use-Rlog/RLOG-QC_RIL_OEM_HOOK: Received Broadcast Intent ACTION_UNSOL_RESPONSE_OEM_HOOK_RAW
09-21 16:47:48.410  2197  2197 D use-Rlog/RLOG-QC_RIL_OEM_HOOK: Oem ID in QCRILHOOK UNSOL RESP is QOEMHOOK
09-21 16:47:48.411  2197  2197 D use-Rlog/RLOG-QC_RIL_OEM_HOOK: Received Broadcast Intent ACTION_UNSOL_RESPONSE_OEM_HOOK_RAW
09-21 16:47:48.411  2197  2197 D use-Rlog/RLOG-QC_RIL_OEM_HOOK: Oem ID in QCRILHOOK UNSOL RESP is QOEMHOOK
09-21 16:47:48.411  2197  2197 E use-Rlog/RLOG-QC_RIL_OEM_HOOK: QcRilOemHook notifyRegistrants Failed
09-21 16:47:48.411  2197  2197 D use-Rlog/RLOG-QC_RIL_OEM_HOOK: Received Broadcast Intent ACTION_UNSOL_RESPONSE_OEM_HOOK_RAW
09-21 16:47:48.411  2197  2197 D use-Rlog/RLOG-QC_RIL_OEM_HOOK: Oem ID in QCRILHOOK UNSOL RESP is QOEMHOOK
09-21 16:47:48.411  2197  2197 D use-Rlog/RLOG-QC_RIL_OEM_HOOK: Received Broadcast Intent ACTION_UNSOL_RESPONSE_OEM_HOOK_RAW
09-21 16:47:48.411  2197  2197 D use-Rlog/RLOG-QC_RIL_OEM_HOOK: Oem ID in QCRILHOOK UNSOL RESP is QOEMHOOK
09-21 16:47:48.411  2197  2197 D PhoneSwitcher: handle event - 108
09-21 16:47:48.413  2197  2372 D RILJ    : [0572]> DATA_REGISTRATION_STATE [SUB1]
09-21 16:47:48.414  2197  2288 D RILJ    : [0570]< OPERATOR {, , } [SUB1]
09-21 16:47:48.416  2197  2372 D RILJ    : [0573]> VOICE_REGISTRATION_STATE [SUB1]
09-21 16:47:48.416  2197  2288 D RILJ    : [0566]< QUERY_NETWORK_SELECTION_MODE {0} [SUB1]
09-21 16:47:48.417  2197  2288 D RILJ    : [0571]< QUERY_NETWORK_SELECTION_MODE {0} [SUB1]
09-21 16:47:48.417  2197  2288 D RILJ    : [0567]< DATA_REGISTRATION_STATE {.regState = NOT_REG_MT_NOT_SEARCHING_OP, .rat = 0, .reasonDataDenied = 0, .maxDataCalls = 20, .cellIdentity = {...}} [SUB1]
09-21 16:47:48.417  2197  2197 D SST[1]  : [1] EVENT_POLL_STATE_NETWORK_SELECTION_MODE
09-21 16:47:48.417  2197  2197 D SST[1]  : [1] EVENT_POLL_STATE_NETWORK_SELECTION_MODE
09-21 16:47:48.418  2197  2435 D NetworkRegistrationManager: onGetNetworkRegistrationStateComplete result 0 state NetworkRegistrationState{transportType=1 domain=PS regState=NOT_REG_NOT_SEARCHING accessNetworkTechnology=UNKNOWN reasonForDenial=0 emergencyEnabled=false supportedServices=null cellIdentity=null voiceSpecificStates=null dataSpecificStates=DataSpecificRegistrationStates { mMaxDataCalls=20}}
09-21 16:47:48.419  2197  2288 D RILJ    : [0572]< DATA_REGISTRATION_STATE {.regState = NOT_REG_MT_NOT_SEARCHING_OP, .rat = 0, .reasonDataDenied = 0, .maxDataCalls = 20, .cellIdentity = {...}} [SUB1]
09-21 16:47:48.419  2197  2435 D NetworkRegistrationManager: onGetNetworkRegistrationStateComplete result 0 state NetworkRegistrationState{transportType=1 domain=PS regState=NOT_REG_NOT_SEARCHING accessNetworkTechnology=UNKNOWN reasonForDenial=0 emergencyEnabled=false supportedServices=null cellIdentity=null voiceSpecificStates=null dataSpecificStates=DataSpecificRegistrationStates { mMaxDataCalls=20}}
09-21 16:47:48.419  2197  2197 D SST[1]  : [1] Could not set ServiceState channel number. CellIdentity null
09-21 16:47:48.419  2197  2197 D SST[1]  : [1] handlPollStateResultMessage: GsmSST dataServiceState=1 regState=0 dataRadioTechnology=0
09-21 16:47:48.425  2197  2288 D RILJ    : [0568]< VOICE_REGISTRATION_STATE {.regState = NOT_REG_MT_SEARCHING_OP_EM, .rat = 3, .cssSupported = false, .roamingIndicator = -1, .systemIsInPrl = -1, .defaultRoamingIndicator = -1, .reasonForDenial = 0, .cellIdentity = {...}} [SUB1]
09-21 16:47:48.425  2197  2435 D NetworkRegistrationManager: onGetNetworkRegistrationStateComplete result 0 state NetworkRegistrationState{transportType=1 domain=CS regState=NOT_REG_SEARCHING accessNetworkTechnology=UMTS reasonForDenial=0 emergencyEnabled=true supportedServices=[I@c9e1c8e cellIdentity=CellIdentityWcdma:{ mMcc=460 mMnc=01 mAlphaLong=CHN-UNICOM mAlphaShort=UNICOM} voiceSpecificStates=VoiceSpecificRegistrationStates { mCssSupported=false mRoamingIndicator=-1 mSystemIsInPrl=-1 mDefaultRoamingIndicator=-1} dataSpecificStates=null}
09-21 16:47:48.426  2197  2288 D RILJ    : [0573]< VOICE_REGISTRATION_STATE {.regState = NOT_REG_MT_SEARCHING_OP_EM, .rat = 3, .cssSupported = false, .roamingIndicator = -1, .systemIsInPrl = -1, .defaultRoamingIndicator = -1, .reasonForDenial = 0, .cellIdentity = {...}} [SUB1]
09-21 16:47:48.426  2197  2435 D NetworkRegistrationManager: onGetNetworkRegistrationStateComplete result 0 state NetworkRegistrationState{transportType=1 domain=CS regState=NOT_REG_SEARCHING accessNetworkTechnology=UMTS reasonForDenial=0 emergencyEnabled=true supportedServices=[I@fd99caf cellIdentity=CellIdentityWcdma:{ mMcc=460 mMnc=01 mAlphaLong=CHN-UNICOM mAlphaShort=UNICOM} voiceSpecificStates=VoiceSpecificRegistrationStates { mCssSupported=false mRoamingIndicator=-1 mSystemIsInPrl=-1 mDefaultRoamingIndicator=-1} dataSpecificStates=null}
09-21 16:47:48.427  2197  2197 D SST[1]  : [1] handlPollVoiceRegResultMessage: regState=2 radioTechnology=3
09-21 16:47:48.433  2197  2197 D SST[1]  : [1] Poll ServiceState done:  oldSS=[{mVoiceRegState=1(OUT_OF_SERVICE), mDataRegState=1(OUT_OF_SERVICE), mChannelNumber=10763, duplexMode()=0, mCellBandwidths=[], mVoiceRoamingType=home, mDataRoamingType=home, mVoiceOperatorAlphaLong=, mVoiceOperatorAlphaShort=, mDataOperatorAlphaLong=, mDataOperatorAlphaShort=, isManualNetworkSelection=false(automatic), mRilVoiceRadioTechnology=3(UMTS), mRilDataRadioTechnology=0(Unknown), mCssIndicator=unsupported, mNetworkId=-1, mSystemId=-1, mCdmaRoamingIndicator=-1, mCdmaDefaultRoamingIndicator=-1, mIsEmergencyOnly=true, mIsDataRoamingFromRegistration=false, mIsUsingCarrierAggregation=false, mLteEarfcnRsrpBoost=0, mNetworkRegistrationStates=[NetworkRegistrationState{transportType=1 domain=PS regState=NOT_REG_NOT_SEARCHING accessNetworkTechnology=UNKNOWN reasonForDenial=0 emergencyEnabled=false supportedServices=null cellIdentity=null voiceSpecificStates=null dataSpecificStates=DataSpecificRegistrationStates { mMaxDataCalls=20}}, NetworkRegistrationState{transportType=1 domain=CS regState=NOT_REG_SEARCHING accessNetworkTechnology=UMTS reasonForDenial=0 emergencyEnabled=true supportedServices=[I@abf6d78 cellIdentity=CellIdentityWcdma:{ mMcc=460 mMnc=01 mAlphaLong=CHN-UNICOM mAlphaShort=UNICOM} voiceSpecificStates=VoiceSpecificRegistrationStates { mCssSupported=false mRoamingIndicator=-1 mSystemIsInPrl=-1 mDefaultRoamingIndicator=-1} dataSpecificStates=null}]}] newSS=[{mVoiceRegState=1(OUT_OF_SERVICE), mDataRegState=1(OUT_OF_SERVICE), mChannelNumber=10763, duplexMode()=0, mCellBandwidths=[], mVoiceRoamingType=home, mDataRoamingType=home, mVoiceOperatorAlphaLong=, mVoiceOperatorAlphaShort=, mDataOperatorAlphaLong=, mDataOperatorAlphaShort=, isManualNetworkSelection=false(automatic), mRilVoiceRadioTechnology=3(UMTS), mRilDataRadioTechnology=0(Unknown), mCssIndicator=unsupported, mNetworkId=-1, mSystemId=-1, mCdmaRoamingIndicator=-1, mCdmaDefaultRoamingIndicator=-1, mIsEmergencyOnly=true, mIsDataRoamingFromRegistration=false, mIsUsingCarrierAggregation=false, mLteEarfcnRsrpBoost=0, mNetworkRegistrationStates=[NetworkRegistrationState{transportType=1 domain=PS regState=NOT_REG_NOT_SEARCHING accessNetworkTechnology=UNKNOWN reasonForDenial=0 emergencyEnabled=false supportedServices=null cellIdentity=null voiceSpecificStates=null dataSpecificStates=DataSpecificRegistrationStates { mMaxDataCalls=20}}, NetworkRegistrationState{transportType=1 domain=CS regState=NOT_REG_SEARCHING accessNetworkTechnology=UMTS reasonForDenial=0 emergencyEnabled=true supportedServices=[I@fd99caf cellIdentity=CellIdentityWcdma:{ mMcc=460 mMnc=01 mAlphaLong=CHN-UNICOM mAlphaShort=UNICOM} voiceSpecificStates=VoiceSpecificRegistrationStates { mCssSupported=false mRoamingIndicator=-1 mSystemIsInPrl=-1 mDefaultRoamingIndicator=-1} dataSpecificStates=null}]}] oldMaxDataCalls=20 mNewMaxDataCalls=20 oldReasonDataDenied=0 mNewReasonDataDenied=0
09-21 16:47:48.434  2197  2197 D SST[1]  : [1] pollStateDone: hasRegistered=false hasDeregistered=false hasDataAttached=false hasDataDetached=false hasDataRegStateChanged=false hasRilVoiceRadioTechnologyChanged= false hasRilDataRadioTechnologyChanged=false hasChanged=false hasVoiceRoamingOn=false hasVoiceRoamingOff=false hasDataRoamingOn=false hasDataRoamingOff=false hasLocationChanged=false has4gHandoff = false hasMultiApnSupport=false hasLostMultiApnSupport=false hasCssIndicatorChanged=false
09-21 16:47:48.535  1589  1737 D NtpTrustedTime: currentTimeMillis() cache hit
09-21 16:47:48.597  1589  1737 I netstats_mobile_sample: [0,0,0,0,0,0,0,0,0,0,0,0,1726908468853]
09-21 16:47:48.597  1589  1737 I netstats_wifi_sample: [2061144598,2858430,57055204,699317,2061144598,2858430,57055204,699317,2128260139,2670575,56588282,696489,1726908468853]
09-21 16:47:48.597  1589  1737 D NtpTrustedTime: currentTimeMillis() cache hit
09-21 16:47:48.599  2990  3462 I TrafficManageService: mina mTrafficStatsReceiver onReceive
09-21 16:47:50.234   853  1020 E ThermalEngine: read_thermal_config
09-21 16:47:50.235   853  1020 D ThermalEngine: algo_monitor: Timer EVT
09-21 16:47:50.236   853  1020 I ThermalEngine: Sensor:sdm-therm:48896 mC
09-21 16:47:50.236   853  1020 D ThermalEngine: handle_timer_sig: SS Id SS-QUIET-THERM-GOLD2 Read sdm-therm 48896mC, Err -1896mC, SampleCnt 1
09-21 16:47:50.236   853  1020 D ThermalEngine: handle_timer_sig: SS Id SS-QUIET-THERM-GOLD2, E0 -1896mC, E1 -1896mC
09-21 16:47:50.236   853  1020 D ThermalEngine: Already at device mitigation max limit
09-21 16:47:50.238   853  1020 I ThermalEngine: Sensor:sdm-therm:48896 mC
09-21 16:47:50.238   853  1020 D ThermalEngine: handle_timer_sig: SS Id SS-QUIET-THERM-GOLD Read sdm-therm 48896mC, Err -3896mC, SampleCnt 1
09-21 16:47:50.238   853  1020 D ThermalEngine: handle_timer_sig: SS Id SS-QUIET-THERM-GOLD, E0 -3896mC, E1 -3896mC
09-21 16:47:50.238   853  1020 D ThermalEngine: Already at device mitigation max limit
09-21 16:47:50.240   853  1020 I ThermalEngine: Sensor:sdm-therm:48896 mC
09-21 16:47:50.240   853  1020 D ThermalEngine: handle_timer_sig: SS Id SS-QUIET-THERM-SILVER3 Read sdm-therm 48896mC, Err -896mC, SampleCnt 1
09-21 16:47:50.240   853  1020 D ThermalEngine: handle_timer_sig: SS Id SS-QUIET-THERM-SILVER3, E0 -896mC, E1 -896mC
09-21 16:47:50.240   853  1020 D ThermalEngine: Already at device mitigation max limit
09-21 16:47:50.241   853  1020 I ThermalEngine: Sensor:sdm-therm:48896 mC
09-21 16:47:50.241   853  1020 D ThermalEngine: handle_timer_sig: SS Id SS-QUIET-THERM-SILVER2 Read sdm-therm 48896mC, Err -2896mC, SampleCnt 1
09-21 16:47:50.241   853  1020 D ThermalEngine: handle_timer_sig: SS Id SS-QUIET-THERM-SILVER2, E0 -2896mC, E1 -2896mC
09-21 16:47:50.241   853  1020 D ThermalEngine: Already at device mitigation max limit
09-21 16:47:50.242   853  1020 I ThermalEngine: Sensor:sdm-therm:48896 mC
09-21 16:47:50.243   853  1020 D ThermalEngine: handle_timer_sig: SS Id SS-QUIET-THERM-SILVER Read sdm-therm 48896mC, Err -4896mC, SampleCnt 1
09-21 16:47:50.243   853  1020 D ThermalEngine: handle_timer_sig: SS Id SS-QUIET-THERM-SILVER, E0 -4896mC, E1 -4896mC
09-21 16:47:50.243   853  1020 D ThermalEngine: Already at device mitigation max limit
09-21 16:47:50.243   853  1020 I ThermalEngine: settimer: Start timer 2.000(sec)
09-21 16:47:50.243   853  1020 D ThermalEngine: algo_monitor: Wait for EV
09-21 16:47:50.979 11568  8195 E memtrack: Couldn't load memtrack module
09-21 16:47:50.979 11568  8195 W android.os.Debug: failed to get memory consumption info: -1
09-21 16:47:52.026  1589  3381 D CompatibilityInfo: mCompatibilityFlags - 0
09-21 16:47:52.026  1589  3381 D CompatibilityInfo: applicationDensity - 440
09-21 16:47:52.026  1589  3381 D CompatibilityInfo: applicationScale - 1.0
09-21 16:47:52.031 11568 11568 D BoundBrokerSvc: onBind: Intent { act=com.google.android.gms.mdns.service.START dat=chimera-action: cmp=com.google.android.gms/.chimera.PersistentApiService }
09-21 16:47:52.031 11568 11568 D BoundBrokerSvc: Loading bound service for intent: Intent { act=com.google.android.gms.mdns.service.START dat=chimera-action: cmp=com.google.android.gms/.chimera.PersistentApiService }
09-21 16:47:52.243   853  1020 E ThermalEngine: read_thermal_config
09-21 16:47:52.243   853  1020 D ThermalEngine: algo_monitor: Timer EVT
09-21 16:47:52.245   853  1020 I ThermalEngine: Sensor:sdm-therm:48831 mC
09-21 16:47:52.245   853  1020 D ThermalEngine: handle_timer_sig: SS Id SS-QUIET-THERM-GOLD2 Read sdm-therm 48831mC, Err -1831mC, SampleCnt 1
09-21 16:47:52.245   853  1020 D ThermalEngine: handle_timer_sig: SS Id SS-QUIET-THERM-GOLD2, E0 -1831mC, E1 -1896mC
09-21 16:47:52.245   853  1020 D ThermalEngine: Already at device mitigation max limit
09-21 16:47:52.246   853  1020 I ThermalEngine: Sensor:sdm-therm:48831 mC
09-21 16:47:52.246   853  1020 D ThermalEngine: handle_timer_sig: SS Id SS-QUIET-THERM-GOLD Read sdm-therm 48831mC, Err -3831mC, SampleCnt 1
09-21 16:47:52.246   853  1020 D ThermalEngine: handle_timer_sig: SS Id SS-QUIET-THERM-GOLD, E0 -3831mC, E1 -3896mC
09-21 16:47:52.246   853  1020 D ThermalEngine: Already at device mitigation max limit
09-21 16:47:52.247   853  1020 I ThermalEngine: Sensor:sdm-therm:48831 mC
09-21 16:47:52.248   853  1020 D ThermalEngine: handle_timer_sig: SS Id SS-QUIET-THERM-SILVER3 Read sdm-therm 48831mC, Err -831mC, SampleCnt 1
09-21 16:47:52.248   853  1020 D ThermalEngine: handle_timer_sig: SS Id SS-QUIET-THERM-SILVER3, E0 -831mC, E1 -896mC
09-21 16:47:52.248   853  1020 D ThermalEngine: Already at device mitigation max limit
09-21 16:47:52.250   853  1020 I ThermalEngine: Sensor:sdm-therm:48831 mC
09-21 16:47:52.250   853  1020 D ThermalEngine: handle_timer_sig: SS Id SS-QUIET-THERM-SILVER2 Read sdm-therm 48831mC, Err -2831mC, SampleCnt 1
09-21 16:47:52.250   853  1020 D ThermalEngine: handle_timer_sig: SS Id SS-QUIET-THERM-SILVER2, E0 -2831mC, E1 -2896mC
09-21 16:47:52.250   853  1020 D ThermalEngine: Already at device mitigation max limit
09-21 16:47:52.252   853  1020 I ThermalEngine: Sensor:sdm-therm:48831 mC
09-21 16:47:52.252   853  1020 D ThermalEngine: handle_timer_sig: SS Id SS-QUIET-THERM-SILVER Read sdm-therm 48831mC, Err -4831mC, SampleCnt 1
09-21 16:47:52.252   853  1020 D ThermalEngine: handle_timer_sig: SS Id SS-QUIET-THERM-SILVER, E0 -4831mC, E1 -4896mC
09-21 16:47:52.252   853  1020 D ThermalEngine: Already at device mitigation max limit
09-21 16:47:52.252   853  1020 I ThermalEngine: settimer: Start timer 2.000(sec)
09-21 16:47:52.252   853  1020 D ThermalEngine: algo_monitor: Wait for EV
09-21 16:47:53.282  1589  1642 I cpu     : [10,5,3,0,1,0]
09-21 16:47:53.284  2975  3199 W PowerCheckerService: Time interval is too short since last check
09-21 16:47:53.509  2317  2341 I QcrilOemhookMsgTunnel: [1]processOemHookIndication length=21
09-21 16:47:53.509  2317  2317 D QcrilMsgTunnelIfaceManager: handleMessage what = 0
09-21 16:47:53.513  2178  2178 D use-Rlog/RLOG-QC_RIL_OEM_HOOK: Received Broadcast Intent ACTION_UNSOL_RESPONSE_OEM_HOOK_RAW
09-21 16:47:53.513  2178  2178 D use-Rlog/RLOG-QC_RIL_OEM_HOOK: Oem ID in QCRILHOOK UNSOL RESP is QOEMHOOK
09-21 16:47:53.515  2197  2197 D use-Rlog/RLOG-QC_RIL_OEM_HOOK: Received Broadcast Intent ACTION_UNSOL_RESPONSE_OEM_HOOK_RAW
09-21 16:47:53.515  2197  2197 D use-Rlog/RLOG-QC_RIL_OEM_HOOK: Oem ID in QCRILHOOK UNSOL RESP is QOEMHOOK
09-21 16:47:53.515  2197  2197 D use-Rlog/RLOG-QC_RIL_OEM_HOOK: Received Broadcast Intent ACTION_UNSOL_RESPONSE_OEM_HOOK_RAW
09-21 16:47:53.515  2197  2197 D use-Rlog/RLOG-QC_RIL_OEM_HOOK: Oem ID in QCRILHOOK UNSOL RESP is QOEMHOOK
09-21 16:47:53.516  2197  2197 E use-Rlog/RLOG-QC_RIL_OEM_HOOK: QcRilOemHook notifyRegistrants Failed
09-21 16:47:53.516  2197  2197 D PhoneSwitcher: handle event - 108
09-21 16:47:53.516  2197  2197 D use-Rlog/RLOG-QC_RIL_OEM_HOOK: Received Broadcast Intent ACTION_UNSOL_RESPONSE_OEM_HOOK_RAW
09-21 16:47:53.516  2197  2197 D use-Rlog/RLOG-QC_RIL_OEM_HOOK: Oem ID in QCRILHOOK UNSOL RESP is QOEMHOOK
09-21 16:47:53.517  2197  2197 D use-Rlog/RLOG-QC_RIL_OEM_HOOK: Received Broadcast Intent ACTION_UNSOL_RESPONSE_OEM_HOOK_RAW
09-21 16:47:53.517  2197  2197 D use-Rlog/RLOG-QC_RIL_OEM_HOOK: Oem ID in QCRILHOOK UNSOL RESP is QOEMHOOK
09-21 16:47:53.520  2197  2288 D RILJ    : Unsol response received; Sending ack to ril.cpp [SUB1]
09-21 16:47:53.520  2197  2288 D RILJ    : [UNSL]< UNSOL_RESPONSE_NETWORK_STATE_CHANGED [SUB1]
09-21 16:47:53.521  2197  2372 D NetworkRegistrationManager: onNetworkStateChanged
09-21 16:47:53.521  2197  2197 D SST[1]  : [1] pollState: modemTriggered=true
09-21 16:47:53.523  2197  2197 D RILJ    : [0576]> OPERATOR [SUB1]
09-21 16:47:53.523  2197  2288 D RILJ    : Unsol response received; Sending ack to ril.cpp [SUB1]
09-21 16:47:53.523  2197  2288 D RILJ    : [UNSL]< UNSOL_RESPONSE_NETWORK_STATE_CHANGED [SUB1]
09-21 16:47:53.523  2197  2197 D NetworkRegistrationManager: getNetworkRegistrationState domain 2
09-21 16:47:53.523  2197  2197 D NetworkRegistrationManager: getNetworkRegistrationState domain 1
09-21 16:47:53.524  2197  2197 D RILJ    : [0577]> QUERY_NETWORK_SELECTION_MODE [SUB1]
09-21 16:47:53.524  2317  2341 I QcrilOemhookMsgTunnel: [1]processOemHookIndication length=21
09-21 16:47:53.525  2197  2372 D RILJ    : [0578]> DATA_REGISTRATION_STATE [SUB1]
09-21 16:47:53.525  2317  2317 D QcrilMsgTunnelIfaceManager: handleMessage what = 0
09-21 16:47:53.528  2197  2372 D RILJ    : [0579]> VOICE_REGISTRATION_STATE [SUB1]
09-21 16:47:53.528  2197  2372 D NetworkRegistrationManager: onNetworkStateChanged
09-21 16:47:53.528  2197  2197 D SST[1]  : [1] pollState: modemTriggered=true
09-21 16:47:53.529  2197  2288 D RILJ    : [0576]< OPERATOR {, , } [SUB1]
09-21 16:47:53.531  2178  2178 D use-Rlog/RLOG-QC_RIL_OEM_HOOK: Received Broadcast Intent ACTION_UNSOL_RESPONSE_OEM_HOOK_RAW
09-21 16:47:53.531  2178  2178 D use-Rlog/RLOG-QC_RIL_OEM_HOOK: Oem ID in QCRILHOOK UNSOL RESP is QOEMHOOK
09-21 16:47:53.532  2197  2197 D RILJ    : [0580]> OPERATOR [SUB1]
09-21 16:47:53.532  2197  2197 D NetworkRegistrationManager: getNetworkRegistrationState domain 2
09-21 16:47:53.532  2197  2197 D NetworkRegistrationManager: getNetworkRegistrationState domain 1
09-21 16:47:53.535  2197  2197 D RILJ    : [0581]> QUERY_NETWORK_SELECTION_MODE [SUB1]
09-21 16:47:53.536  2197  2288 D RILJ    : [0578]< DATA_REGISTRATION_STATE {.regState = NOT_REG_MT_NOT_SEARCHING_OP, .rat = 0, .reasonDataDenied = 0, .maxDataCalls = 20, .cellIdentity = {...}} [SUB1]
09-21 16:47:53.536  2197  2435 D NetworkRegistrationManager: onGetNetworkRegistrationStateComplete result 0 state NetworkRegistrationState{transportType=1 domain=PS regState=NOT_REG_NOT_SEARCHING accessNetworkTechnology=UNKNOWN reasonForDenial=0 emergencyEnabled=false supportedServices=null cellIdentity=null voiceSpecificStates=null dataSpecificStates=DataSpecificRegistrationStates { mMaxDataCalls=20}}
09-21 16:47:53.536  2197  2288 D RILJ    : [0577]< QUERY_NETWORK_SELECTION_MODE {0} [SUB1]
09-21 16:47:53.538  2197  2197 D use-Rlog/RLOG-QC_RIL_OEM_HOOK: Received Broadcast Intent ACTION_UNSOL_RESPONSE_OEM_HOOK_RAW
09-21 16:47:53.538  2197  2197 D use-Rlog/RLOG-QC_RIL_OEM_HOOK: Oem ID in QCRILHOOK UNSOL RESP is QOEMHOOK
09-21 16:47:53.539  2197  2197 D use-Rlog/RLOG-QC_RIL_OEM_HOOK: Received Broadcast Intent ACTION_UNSOL_RESPONSE_OEM_HOOK_RAW
09-21 16:47:53.539  2197  2197 D use-Rlog/RLOG-QC_RIL_OEM_HOOK: Oem ID in QCRILHOOK UNSOL RESP is QOEMHOOK
09-21 16:47:53.540  2197  2288 D RILJ    : [0579]< VOICE_REGISTRATION_STATE {.regState = NOT_REG_MT_SEARCHING_OP_EM, .rat = 3, .cssSupported = false, .roamingIndicator = -1, .systemIsInPrl = -1, .defaultRoamingIndicator = -1, .reasonForDenial = 0, .cellIdentity = {...}} [SUB1]
09-21 16:47:53.541  2197  2435 D NetworkRegistrationManager: onGetNetworkRegistrationStateComplete result 0 state NetworkRegistrationState{transportType=1 domain=CS regState=NOT_REG_SEARCHING accessNetworkTechnology=UMTS reasonForDenial=0 emergencyEnabled=true supportedServices=[I@bba72a7 cellIdentity=CellIdentityWcdma:{ mMcc=460 mMnc=01 mAlphaLong=CHN-UNICOM mAlphaShort=UNICOM} voiceSpecificStates=VoiceSpecificRegistrationStates { mCssSupported=false mRoamingIndicator=-1 mSystemIsInPrl=-1 mDefaultRoamingIndicator=-1} dataSpecificStates=null}
09-21 16:47:53.541  2197  2372 D RILJ    : [0582]> DATA_REGISTRATION_STATE [SUB1]
09-21 16:47:53.541  2197  2288 D RILJ    : [0580]< OPERATOR {, , } [SUB1]
09-21 16:47:53.542  2197  2197 E use-Rlog/RLOG-QC_RIL_OEM_HOOK: QcRilOemHook notifyRegistrants Failed
09-21 16:47:53.542  2197  2372 D RILJ    : [0583]> VOICE_REGISTRATION_STATE [SUB1]
09-21 16:47:53.543  2197  2288 D RILJ    : [0581]< QUERY_NETWORK_SELECTION_MODE {0} [SUB1]
09-21 16:47:53.544  2197  2197 D use-Rlog/RLOG-QC_RIL_OEM_HOOK: Received Broadcast Intent ACTION_UNSOL_RESPONSE_OEM_HOOK_RAW
09-21 16:47:53.544  2197  2197 D use-Rlog/RLOG-QC_RIL_OEM_HOOK: Oem ID in QCRILHOOK UNSOL RESP is QOEMHOOK
09-21 16:47:53.545  2197  2197 D use-Rlog/RLOG-QC_RIL_OEM_HOOK: Received Broadcast Intent ACTION_UNSOL_RESPONSE_OEM_HOOK_RAW
09-21 16:47:53.545  2197  2197 D use-Rlog/RLOG-QC_RIL_OEM_HOOK: Oem ID in QCRILHOOK UNSOL RESP is QOEMHOOK
09-21 16:47:53.545  2197  2197 D SST[1]  : [1] EVENT_POLL_STATE_NETWORK_SELECTION_MODE
09-21 16:47:53.545  2197  2197 D PhoneSwitcher: handle event - 108
09-21 16:47:53.546  2197  2197 D SST[1]  : [1] EVENT_POLL_STATE_NETWORK_SELECTION_MODE
09-21 16:47:53.550  2197  2288 D RILJ    : [0582]< DATA_REGISTRATION_STATE {.regState = NOT_REG_MT_NOT_SEARCHING_OP, .rat = 0, .reasonDataDenied = 0, .maxDataCalls = 20, .cellIdentity = {...}} [SUB1]
09-21 16:47:53.550  2197  2435 D NetworkRegistrationManager: onGetNetworkRegistrationStateComplete result 0 state NetworkRegistrationState{transportType=1 domain=PS regState=NOT_REG_NOT_SEARCHING accessNetworkTechnology=UNKNOWN reasonForDenial=0 emergencyEnabled=false supportedServices=null cellIdentity=null voiceSpecificStates=null dataSpecificStates=DataSpecificRegistrationStates { mMaxDataCalls=20}}
09-21 16:47:53.550  2197  2197 D SST[1]  : [1] Could not set ServiceState channel number. CellIdentity null
09-21 16:47:53.550  2197  2197 D SST[1]  : [1] handlPollStateResultMessage: GsmSST dataServiceState=1 regState=0 dataRadioTechnology=0
09-21 16:47:53.558  2197  2288 D RILJ    : [0583]< VOICE_REGISTRATION_STATE {.regState = NOT_REG_MT_SEARCHING_OP_EM, .rat = 3, .cssSupported = false, .roamingIndicator = -1, .systemIsInPrl = -1, .defaultRoamingIndicator = -1, .reasonForDenial = 0, .cellIdentity = {...}} [SUB1]
09-21 16:47:53.559  2197  2435 D NetworkRegistrationManager: onGetNetworkRegistrationStateComplete result 0 state NetworkRegistrationState{transportType=1 domain=CS regState=NOT_REG_SEARCHING accessNetworkTechnology=UMTS reasonForDenial=0 emergencyEnabled=true supportedServices=[I@7fb92fd cellIdentity=CellIdentityWcdma:{ mMcc=460 mMnc=01 mAlphaLong=CHN-UNICOM mAlphaShort=UNICOM} voiceSpecificStates=VoiceSpecificRegistrationStates { mCssSupported=false mRoamingIndicator=-1 mSystemIsInPrl=-1 mDefaultRoamingIndicator=-1} dataSpecificStates=null}
09-21 16:47:53.560  2197  2197 D SST[1]  : [1] handlPollVoiceRegResultMessage: regState=2 radioTechnology=3
09-21 16:47:53.564  2197  2197 D SST[1]  : [1] Poll ServiceState done:  oldSS=[{mVoiceRegState=1(OUT_OF_SERVICE), mDataRegState=1(OUT_OF_SERVICE), mChannelNumber=10763, duplexMode()=0, mCellBandwidths=[], mVoiceRoamingType=home, mDataRoamingType=home, mVoiceOperatorAlphaLong=, mVoiceOperatorAlphaShort=, mDataOperatorAlphaLong=, mDataOperatorAlphaShort=, isManualNetworkSelection=false(automatic), mRilVoiceRadioTechnology=3(UMTS), mRilDataRadioTechnology=0(Unknown), mCssIndicator=unsupported, mNetworkId=-1, mSystemId=-1, mCdmaRoamingIndicator=-1, mCdmaDefaultRoamingIndicator=-1, mIsEmergencyOnly=true, mIsDataRoamingFromRegistration=false, mIsUsingCarrierAggregation=false, mLteEarfcnRsrpBoost=0, mNetworkRegistrationStates=[NetworkRegistrationState{transportType=1 domain=PS regState=NOT_REG_NOT_SEARCHING accessNetworkTechnology=UNKNOWN reasonForDenial=0 emergencyEnabled=false supportedServices=null cellIdentity=null voiceSpecificStates=null dataSpecificStates=DataSpecificRegistrationStates { mMaxDataCalls=20}}, NetworkRegistrationState{transportType=1 domain=CS regState=NOT_REG_SEARCHING accessNetworkTechnology=UMTS reasonForDenial=0 emergencyEnabled=true supportedServices=[I@fd99caf cellIdentity=CellIdentityWcdma:{ mMcc=460 mMnc=01 mAlphaLong=CHN-UNICOM mAlphaShort=UNICOM} voiceSpecificStates=VoiceSpecificRegistrationStates { mCssSupported=false mRoamingIndicator=-1 mSystemIsInPrl=-1 mDefaultRoamingIndicator=-1} dataSpecificStates=null}]}] newSS=[{mVoiceRegState=1(OUT_OF_SERVICE), mDataRegState=1(OUT_OF_SERVICE), mChannelNumber=10763, duplexMode()=0, mCellBandwidths=[], mVoiceRoamingType=home, mDataRoamingType=home, mVoiceOperatorAlphaLong=, mVoiceOperatorAlphaShort=, mDataOperatorAlphaLong=, mDataOperatorAlphaShort=, isManualNetworkSelection=false(automatic), mRilVoiceRadioTechnology=3(UMTS), mRilDataRadioTechnology=0(Unknown), mCssIndicator=unsupported, mNetworkId=-1, mSystemId=-1, mCdmaRoamingIndicator=-1, mCdmaDefaultRoamingIndicator=-1, mIsEmergencyOnly=true, mIsDataRoamingFromRegistration=false, mIsUsingCarrierAggregation=false, mLteEarfcnRsrpBoost=0, mNetworkRegistrationStates=[NetworkRegistrationState{transportType=1 domain=PS regState=NOT_REG_NOT_SEARCHING accessNetworkTechnology=UNKNOWN reasonForDenial=0 emergencyEnabled=false supportedServices=null cellIdentity=null voiceSpecificStates=null dataSpecificStates=DataSpecificRegistrationStates { mMaxDataCalls=20}}, NetworkRegistrationState{transportType=1 domain=CS regState=NOT_REG_SEARCHING accessNetworkTechnology=UMTS reasonForDenial=0 emergencyEnabled=true supportedServices=[I@7fb92fd cellIdentity=CellIdentityWcdma:{ mMcc=460 mMnc=01 mAlphaLong=CHN-UNICOM mAlphaShort=UNICOM} voiceSpecificStates=VoiceSpecificRegistrationStates { mCssSupported=false mRoamingIndicator=-1 mSystemIsInPrl=-1 mDefaultRoamingIndicator=-1} dataSpecificStates=null}]}] oldMaxDataCalls=20 mNewMaxDataCalls=20 oldReasonDataDenied=0 mNewReasonDataDenied=0
09-21 16:47:53.564  2197  2197 D SST[1]  : [1] pollStateDone: hasRegistered=false hasDeregistered=false hasDataAttached=false hasDataDetached=false hasDataRegStateChanged=false hasRilVoiceRadioTechnologyChanged= false hasRilDataRadioTechnologyChanged=false hasChanged=false hasVoiceRoamingOn=false hasVoiceRoamingOff=false hasDataRoamingOn=false hasDataRoamingOff=false hasLocationChanged=false has4gHandoff = false hasMultiApnSupport=false hasLostMultiApnSupport=false hasCssIndicatorChanged=false
09-21 16:47:50.641     0     0 I addr=4842 mask: 01 val: 01
09-21 16:47:50.641     0     0 I         : length 2 addr=48c6
09-21 16:47:50.641     0     0 I val[0]  : 1b
09-21 16:47:50.641     0     0 I val[1]  : 02
09-21 16:47:50.641     0     0 I addr=4842 mask: 01 val: 00
09-21 16:47:50.641     0     0 I         : length 2 addr=48c0
09-21 16:47:50.641     0     0 I val[0]  : db
09-21 16:47:50.641     0     0 I val[1]  : 50
09-21 16:47:50.641     0     0 E ALG     : get_time_to_full_locked: TTF: msoc=79
09-21 16:47:50.641     0     0 I QG-K    : qg_get_learned_capacity: Retrieved learned capacity 2576000uah
09-21 16:47:50.641     0     0 E ALG     : get_time_to_full_locked: TTF: ibatt_avg=200 vbatt_avg=4024 rbatt=210 act_cap_mah=2425
09-21 16:47:50.641     0     0 E ALG     : get_time_to_full_locked: TTF: mode: 0
09-21 16:47:50.641     0     0 E ALG     : get_time_to_full_locked: TTF: i_cc2cv=182
09-21 16:47:50.641     0     0 E ALG     : get_time_to_full_locked: TTF: soc_cc2cv=96
09-21 16:47:50.641     0     0 E ALG     : get_time_to_full_locked: TTF: t_predicted_cc=7770
09-21 16:47:50.641     0     0 E ALG     : get_time_to_full_locked: TTF: iterm=201
09-21 16:47:50.641     0     0 E ALG     : get_time_to_full_locked: TTF: tau=0
09-21 16:47:50.641     0     0 E ALG     : get_time_to_full_locked: TTF: t_predicted_cv=0
09-21 16:47:50.641     0     0 E ALG     : get_time_to_full_locked: TTF: t_predicted_prefilter=7770
09-21 16:47:50.641     0     0 E ALG     : get_time_to_full_locked: TTF: ttf_slope=-100
09-21 16:47:50.641     0     0 E ALG     : get_time_to_full_locked: TTF: t_predicted_postfilter=6821
09-21 16:47:50.641     0     0 E QG_WS   : TTF_AWAKE_VOTER,5 same vote off of val=0
09-21 16:47:50.641     0     0 E QG_WS   : TTF_AWAKE_VOTER,5 Ignoring similar vote off of val=0
09-21 16:47:54.252   853  1020 E ThermalEngine: read_thermal_config
09-21 16:47:54.253   853  1020 D ThermalEngine: algo_monitor: Timer EVT
09-21 16:47:54.254   853  1020 I ThermalEngine: Sensor:sdm-therm:48831 mC
09-21 16:47:54.254   853  1020 D ThermalEngine: handle_timer_sig: SS Id SS-QUIET-THERM-GOLD2 Read sdm-therm 48831mC, Err -1831mC, SampleCnt 1
09-21 16:47:54.254   853  1020 D ThermalEngine: handle_timer_sig: SS Id SS-QUIET-THERM-GOLD2, E0 -1831mC, E1 -1831mC
09-21 16:47:54.254   853  1020 D ThermalEngine: Already at device mitigation max limit
09-21 16:47:54.255   853  1020 I ThermalEngine: Sensor:sdm-therm:48831 mC
09-21 16:47:54.255   853  1020 D ThermalEngine: handle_timer_sig: SS Id SS-QUIET-THERM-GOLD Read sdm-therm 48831mC, Err -3831mC, SampleCnt 1
09-21 16:47:54.255   853  1020 D ThermalEngine: handle_timer_sig: SS Id SS-QUIET-THERM-GOLD, E0 -3831mC, E1 -3831mC
09-21 16:47:54.255   853  1020 D ThermalEngine: Already at device mitigation max limit
09-21 16:47:54.256   853  1020 I ThermalEngine: Sensor:sdm-therm:48831 mC
09-21 16:47:54.256   853  1020 D ThermalEngine: handle_timer_sig: SS Id SS-QUIET-THERM-SILVER3 Read sdm-therm 48831mC, Err -831mC, SampleCnt 1
09-21 16:47:54.256   853  1020 D ThermalEngine: handle_timer_sig: SS Id SS-QUIET-THERM-SILVER3, E0 -831mC, E1 -831mC
09-21 16:47:54.256   853  1020 D ThermalEngine: Already at device mitigation max limit
09-21 16:47:54.258   853  1020 I ThermalEngine: Sensor:sdm-therm:48831 mC
09-21 16:47:54.258   853  1020 D ThermalEngine: handle_timer_sig: SS Id SS-QUIET-THERM-SILVER2 Read sdm-therm 48831mC, Err -2831mC, SampleCnt 1
09-21 16:47:54.258   853  1020 D ThermalEngine: handle_timer_sig: SS Id SS-QUIET-THERM-SILVER2, E0 -2831mC, E1 -2831mC
09-21 16:47:54.258   853  1020 D ThermalEngine: Already at device mitigation max limit
09-21 16:47:54.259   853  1020 I ThermalEngine: Sensor:sdm-therm:48831 mC
09-21 16:47:54.259   853  1020 D ThermalEngine: handle_timer_sig: SS Id SS-QUIET-THERM-SILVER Read sdm-therm 48831mC, Err -4831mC, SampleCnt 1
09-21 16:47:54.259   853  1020 D ThermalEngine: handle_timer_sig: SS Id SS-QUIET-THERM-SILVER, E0 -4831mC, E1 -4831mC
09-21 16:47:54.259   853  1020 D ThermalEngine: Already at device mitigation max limit
09-21 16:47:54.259   853  1020 I ThermalEngine: settimer: Start timer 2.000(sec)
09-21 16:47:54.259   853  1020 D ThermalEngine: algo_monitor: Wait for EV
09-21 16:47:52.658     0     0 E pm6150_charger: wdog_snarl_irq_handler: IRQ: wdog-snarl
09-21 16:47:52.658     0     0 E AWAKE   : SW_THERM_REGULATION_VOTER,0 voting on of val=1
09-21 16:47:52.658     0     0 E AWAKE   : effective vote is now 1 voted by SW_THERM_REGULATION_VOTER,0
09-21 16:47:52.666     0     0 E pm6150_charger: smblib_process_thermal_readings: Current temperatures: 	DIE_TEMP: 515,	CONN_TEMP: 341,	SMB_TEMP: -61,	SKIN_TEMP: 487
09-21 16:47:52.666     0     0 E THERMAL_STATUS: 5
09-21 16:47:52.666     0     0 E AWAKE   : SW_THERM_REGULATION_VOTER,0 voting off of val=0
09-21 16:47:52.666     0     0 E AWAKE   : effective vote is now 0 voted by SW_THERM_REGULATION_VOTER,0
09-21 16:47:56.259   853  1020 E ThermalEngine: read_thermal_config
09-21 16:47:56.260   853  1020 D ThermalEngine: algo_monitor: Timer EVT
09-21 16:47:56.261   853  1020 I ThermalEngine: Sensor:sdm-therm:48766 mC
09-21 16:47:56.262   853  1020 D ThermalEngine: handle_timer_sig: SS Id SS-QUIET-THERM-GOLD2 Read sdm-therm 48766mC, Err -1766mC, SampleCnt 1
09-21 16:47:56.262   853  1020 D ThermalEngine: handle_timer_sig: SS Id SS-QUIET-THERM-GOLD2, E0 -1766mC, E1 -1831mC
09-21 16:47:56.262   853  1020 D ThermalEngine: Already at device mitigation max limit
09-21 16:47:56.263   853  1020 I ThermalEngine: Sensor:sdm-therm:48766 mC
09-21 16:47:56.263   853  1020 D ThermalEngine: handle_timer_sig: SS Id SS-QUIET-THERM-GOLD Read sdm-therm 48766mC, Err -3766mC, SampleCnt 1
09-21 16:47:56.263   853  1020 D ThermalEngine: handle_timer_sig: SS Id SS-QUIET-THERM-GOLD, E0 -3766mC, E1 -3831mC
09-21 16:47:56.263   853  1020 D ThermalEngine: Already at device mitigation max limit
09-21 16:47:56.264   853  1020 I ThermalEngine: Sensor:sdm-therm:48766 mC
09-21 16:47:56.264   853  1020 D ThermalEngine: handle_timer_sig: SS Id SS-QUIET-THERM-SILVER3 Read sdm-therm 48766mC, Err -766mC, SampleCnt 1
09-21 16:47:56.264   853  1020 D ThermalEngine: handle_timer_sig: SS Id SS-QUIET-THERM-SILVER3, E0 -766mC, E1 -831mC
09-21 16:47:56.264   853  1020 D ThermalEngine: Already at device mitigation max limit
09-21 16:47:56.267   853  1020 I ThermalEngine: Sensor:sdm-therm:48766 mC
09-21 16:47:56.267   853  1020 D ThermalEngine: handle_timer_sig: SS Id SS-QUIET-THERM-SILVER2 Read sdm-therm 48766mC, Err -2766mC, SampleCnt 1
09-21 16:47:56.267   853  1020 D ThermalEngine: handle_timer_sig: SS Id SS-QUIET-THERM-SILVER2, E0 -2766mC, E1 -2831mC
09-21 16:47:56.267   853  1020 D ThermalEngine: Already at device mitigation max limit
09-21 16:47:56.268   853  1020 I ThermalEngine: Sensor:sdm-therm:48766 mC
09-21 16:47:56.268   853  1020 D ThermalEngine: handle_timer_sig: SS Id SS-QUIET-THERM-SILVER Read sdm-therm 48766mC, Err -4766mC, SampleCnt 1
09-21 16:47:56.268   853  1020 D ThermalEngine: handle_timer_sig: SS Id SS-QUIET-THERM-SILVER, E0 -4766mC, E1 -4831mC
09-21 16:47:56.268   853  1020 D ThermalEngine: Already at device mitigation max limit
09-21 16:47:56.268   853  1020 I ThermalEngine: settimer: Start timer 2.000(sec)
09-21 16:47:56.268   853  1020 D ThermalEngine: algo_monitor: Wait for EV
09-21 16:47:57.942  1589  3369 D NtpTrustedTime: currentTimeMillis() cache hit
09-21 16:47:57.993  1589  3369 I netstats_mobile_sample: [0,0,0,0,0,0,0,0,0,0,0,0,1726908478248]
09-21 16:47:57.993  1589  3369 I netstats_wifi_sample: [2061231862,2858816,57057332,699325,2061231862,2858816,57057332,699325,2128371901,2671004,56590410,696497,1726908478248]
09-21 16:47:57.992  1589  3369 D NtpTrustedTime: currentTimeMillis() cache hit
09-21 16:47:57.994  2990  3462 I TrafficManageService: mina mTrafficStatsReceiver onReceive
09-21 16:47:57.995  2197 19084 E PhoneInterfaceManager: [PhoneIntfMgr] checkCarrierPrivilegesForPackage: No UICC
09-21 16:47:57.999  2197 19084 E PhoneInterfaceManager: [PhoneIntfMgr] checkCarrierPrivilegesForPackage: No UICC
09-21 16:47:58.268   853  1020 E ThermalEngine: read_thermal_config
09-21 16:47:58.268   853  1020 D ThermalEngine: algo_monitor: Timer EVT
09-21 16:47:58.269   853  1020 I ThermalEngine: Sensor:sdm-therm:48766 mC
09-21 16:47:58.270   853  1020 D ThermalEngine: handle_timer_sig: SS Id SS-QUIET-THERM-GOLD2 Read sdm-therm 48766mC, Err -1766mC, SampleCnt 1
09-21 16:47:58.270   853  1020 D ThermalEngine: handle_timer_sig: SS Id SS-QUIET-THERM-GOLD2, E0 -1766mC, E1 -1766mC
09-21 16:47:58.270   853  1020 D ThermalEngine: Already at device mitigation max limit
09-21 16:47:58.283   853  1020 I ThermalEngine: Sensor:sdm-therm:48766 mC
09-21 16:47:58.283   853  1020 D ThermalEngine: handle_timer_sig: SS Id SS-QUIET-THERM-GOLD Read sdm-therm 48766mC, Err -3766mC, SampleCnt 1
09-21 16:47:58.283   853  1020 D ThermalEngine: handle_timer_sig: SS Id SS-QUIET-THERM-GOLD, E0 -3766mC, E1 -3766mC
09-21 16:47:58.283   853  1020 D ThermalEngine: Already at device mitigation max limit
09-21 16:47:58.285   853  1020 I ThermalEngine: Sensor:sdm-therm:48766 mC
09-21 16:47:58.285   853  1020 D ThermalEngine: handle_timer_sig: SS Id SS-QUIET-THERM-SILVER3 Read sdm-therm 48766mC, Err -766mC, SampleCnt 1
09-21 16:47:58.285   853  1020 D ThermalEngine: handle_timer_sig: SS Id SS-QUIET-THERM-SILVER3, E0 -766mC, E1 -766mC
09-21 16:47:58.285   853  1020 D ThermalEngine: Already at device mitigation max limit
09-21 16:47:58.287   853  1020 I ThermalEngine: Sensor:sdm-therm:48766 mC
09-21 16:47:58.287   853  1020 D ThermalEngine: handle_timer_sig: SS Id SS-QUIET-THERM-SILVER2 Read sdm-therm 48766mC, Err -2766mC, SampleCnt 1
09-21 16:47:58.287   853  1020 D ThermalEngine: handle_timer_sig: SS Id SS-QUIET-THERM-SILVER2, E0 -2766mC, E1 -2766mC
09-21 16:47:58.287   853  1020 D ThermalEngine: Already at device mitigation max limit
09-21 16:47:58.288   853  1020 I ThermalEngine: Sensor:sdm-therm:48766 mC
09-21 16:47:58.288   853  1020 D ThermalEngine: handle_timer_sig: SS Id SS-QUIET-THERM-SILVER Read sdm-therm 48766mC, Err -4766mC, SampleCnt 1
09-21 16:47:58.288   853  1020 D ThermalEngine: handle_timer_sig: SS Id SS-QUIET-THERM-SILVER, E0 -4766mC, E1 -4766mC
09-21 16:47:58.288   853  1020 D ThermalEngine: Already at device mitigation max limit
09-21 16:47:58.289   853  1020 I ThermalEngine: settimer: Start timer 2.000(sec)
09-21 16:47:58.289   853  1020 D ThermalEngine: algo_monitor: Wait for EV
09-21 16:47:58.629  2317  2341 I QcrilOemhookMsgTunnel: [1]processOemHookIndication length=21
09-21 16:47:58.629  2317  2317 D QcrilMsgTunnelIfaceManager: handleMessage what = 0
09-21 16:47:58.635  2197  2288 D RILJ    : Unsol response received; Sending ack to ril.cpp [SUB1]
09-21 16:47:58.635  2197  2288 D RILJ    : [UNSL]< UNSOL_RESPONSE_NETWORK_STATE_CHANGED [SUB1]
09-21 16:47:58.636  2197  2372 D NetworkRegistrationManager: onNetworkStateChanged
09-21 16:47:58.636  2197  2197 D SST[1]  : [1] pollState: modemTriggered=true
09-21 16:47:58.637  2178  2178 D use-Rlog/RLOG-QC_RIL_OEM_HOOK: Received Broadcast Intent ACTION_UNSOL_RESPONSE_OEM_HOOK_RAW
09-21 16:47:58.638  2178  2178 D use-Rlog/RLOG-QC_RIL_OEM_HOOK: Oem ID in QCRILHOOK UNSOL RESP is QOEMHOOK
09-21 16:47:58.639  2197  2197 D RILJ    : [0585]> OPERATOR [SUB1]
09-21 16:47:58.639  2197  2197 D NetworkRegistrationManager: getNetworkRegistrationState domain 2
09-21 16:47:58.639  2197  2197 D NetworkRegistrationManager: getNetworkRegistrationState domain 1
09-21 16:47:58.647  2317  2341 I QcrilOemhookMsgTunnel: [1]processOemHookIndication length=21
09-21 16:47:58.648  2197  2288 D RILJ    : Unsol response received; Sending ack to ril.cpp [SUB1]
09-21 16:47:58.648  2197  2288 D RILJ    : [UNSL]< UNSOL_RESPONSE_NETWORK_STATE_CHANGED [SUB1]
09-21 16:47:58.648  2317  2317 D QcrilMsgTunnelIfaceManager: handleMessage what = 0
09-21 16:47:58.650  2197  2197 D RILJ    : [0586]> QUERY_NETWORK_SELECTION_MODE [SUB1]
09-21 16:47:58.650  2197  2197 D use-Rlog/RLOG-QC_RIL_OEM_HOOK: Received Broadcast Intent ACTION_UNSOL_RESPONSE_OEM_HOOK_RAW
09-21 16:47:58.650  2197  2197 D use-Rlog/RLOG-QC_RIL_OEM_HOOK: Oem ID in QCRILHOOK UNSOL RESP is QOEMHOOK
09-21 16:47:58.650  2197  2197 D use-Rlog/RLOG-QC_RIL_OEM_HOOK: Received Broadcast Intent ACTION_UNSOL_RESPONSE_OEM_HOOK_RAW
09-21 16:47:58.651  2197  2197 D use-Rlog/RLOG-QC_RIL_OEM_HOOK: Oem ID in QCRILHOOK UNSOL RESP is QOEMHOOK
09-21 16:47:58.651  2197  2197 E use-Rlog/RLOG-QC_RIL_OEM_HOOK: QcRilOemHook notifyRegistrants Failed
09-21 16:47:58.651  2197  2197 D use-Rlog/RLOG-QC_RIL_OEM_HOOK: Received Broadcast Intent ACTION_UNSOL_RESPONSE_OEM_HOOK_RAW
09-21 16:47:58.651  2197  2197 D use-Rlog/RLOG-QC_RIL_OEM_HOOK: Oem ID in QCRILHOOK UNSOL RESP is QOEMHOOK
09-21 16:47:58.651  2197  2197 D use-Rlog/RLOG-QC_RIL_OEM_HOOK: Received Broadcast Intent ACTION_UNSOL_RESPONSE_OEM_HOOK_RAW
09-21 16:47:58.651  2197  2197 D use-Rlog/RLOG-QC_RIL_OEM_HOOK: Oem ID in QCRILHOOK UNSOL RESP is QOEMHOOK
