09-21 16:47:12.560  2197  2288 D RILJ    : [0496]< QUERY_NETWORK_SELECTION_MODE {0} [SUB1]
09-21 16:47:12.560  2197  2197 D RILJ    : [0500]> OPERATOR [SUB1]
09-21 16:47:12.561  2197  2197 D NetworkRegistrationManager: getNetworkRegistrationState domain 2
09-21 16:47:12.561  2197  2197 D NetworkRegistrationManager: getNetworkRegistrationState domain 1
09-21 16:47:12.563  2197  2197 D RILJ    : [0501]> QUERY_NETWORK_SELECTION_MODE [SUB1]
09-21 16:47:12.563  2197  2197 D SST[1]  : [1] EVENT_POLL_STATE_NETWORK_SELECTION_MODE
09-21 16:47:12.563  2197  2372 D RILJ    : [0502]> DATA_REGISTRATION_STATE [SUB1]
09-21 16:47:12.565  2197  2288 D RILJ    : [0499]< VOICE_REGISTRATION_STATE {.regState = NOT_REG_MT_SEARCHING_OP_EM, .rat = 3, .cssSupported = false, .roamingIndicator = -1, .systemIsInPrl = -1, .defaultRoamingIndicator = -1, .reasonForDenial = 0, .cellIdentity = {...}} [SUB1]
09-21 16:47:12.565  2197  2435 D NetworkRegistrationManager: onGetNetworkRegistrationStateComplete result 0 state NetworkRegistrationState{transportType=1 domain=CS regState=NOT_REG_SEARCHING accessNetworkTechnology=UMTS reasonForDenial=0 emergencyEnabled=true supportedServices=[I@1425f82 cellIdentity=CellIdentityWcdma:{ mMcc=460 mMnc=01 mAlphaLong=CHN-UNICOM mAlphaShort=UNICOM} voiceSpecificStates=VoiceSpecificRegistrationStates { mCssSupported=false mRoamingIndicator=-1 mSystemIsInPrl=-1 mDefaultRoamingIndicator=-1} dataSpecificStates=null}
09-21 16:47:12.565  2197  2372 D RILJ    : [0503]> VOICE_REGISTRATION_STATE [SUB1]
09-21 16:47:12.569  2197  2288 D RILJ    : [0500]< OPERATOR {, , } [SUB1]
09-21 16:47:12.571  2197  2288 D RILJ    : [0501]< QUERY_NETWORK_SELECTION_MODE {0} [SUB1]
09-21 16:47:12.572  2197  2197 D SST[1]  : [1] EVENT_POLL_STATE_NETWORK_SELECTION_MODE
09-21 16:47:12.574  2197  2288 D RILJ    : [0502]< DATA_REGISTRATION_STATE {.regState = NOT_REG_MT_NOT_SEARCHING_OP, .rat = 0, .reasonDataDenied = 0, .maxDataCalls = 20, .cellIdentity = {...}} [SUB1]
09-21 16:47:12.574  2197  2435 D NetworkRegistrationManager: onGetNetworkRegistrationStateComplete result 0 state NetworkRegistrationState{transportType=1 domain=PS regState=NOT_REG_NOT_SEARCHING accessNetworkTechnology=UNKNOWN reasonForDenial=0 emergencyEnabled=false supportedServices=null cellIdentity=null voiceSpecificStates=null dataSpecificStates=DataSpecificRegistrationStates { mMaxDataCalls=20}}
09-21 16:47:12.575  2197  2197 D SST[1]  : [1] Could not set ServiceState channel number. CellIdentity null
09-21 16:47:12.575  2197  2197 D SST[1]  : [1] handlPollStateResultMessage: GsmSST dataServiceState=1 regState=0 dataRadioTechnology=0
09-21 16:47:12.581  2197  2288 D RILJ    : [0503]< VOICE_REGISTRATION_STATE {.regState = NOT_REG_MT_SEARCHING_OP_EM, .rat = 3, .cssSupported = false, .roamingIndicator = -1, .systemIsInPrl = -1, .defaultRoamingIndicator = -1, .reasonForDenial = 0, .cellIdentity = {...}} [SUB1]
09-21 16:47:12.581  2197  2435 D NetworkRegistrationManager: onGetNetworkRegistrationStateComplete result 0 state NetworkRegistrationState{transportType=1 domain=CS regState=NOT_REG_SEARCHING accessNetworkTechnology=UMTS reasonForDenial=0 emergencyEnabled=true supportedServices=[I@2e87693 cellIdentity=CellIdentityWcdma:{ mMcc=460 mMnc=01 mAlphaLong=CHN-UNICOM mAlphaShort=UNICOM} voiceSpecificStates=VoiceSpecificRegistrationStates { mCssSupported=false mRoamingIndicator=-1 mSystemIsInPrl=-1 mDefaultRoamingIndicator=-1} dataSpecificStates=null}
09-21 16:47:12.582  2197  2197 D SST[1]  : [1] handlPollVoiceRegResultMessage: regState=2 radioTechnology=3
09-21 16:47:12.585  2197  2197 I service_manager_stats: [100,65,256004]
09-21 16:47:12.585  2197  2197 D SST[1]  : [1] Poll ServiceState done:  oldSS=[{mVoiceRegState=1(OUT_OF_SERVICE), mDataRegState=1(OUT_OF_SERVICE), mChannelNumber=10763, duplexMode()=0, mCellBandwidths=[], mVoiceRoamingType=home, mDataRoamingType=home, mVoiceOperatorAlphaLong=, mVoiceOperatorAlphaShort=, mDataOperatorAlphaLong=, mDataOperatorAlphaShort=, isManualNetworkSelection=false(automatic), mRilVoiceRadioTechnology=3(UMTS), mRilDataRadioTechnology=0(Unknown), mCssIndicator=unsupported, mNetworkId=-1, mSystemId=-1, mCdmaRoamingIndicator=-1, mCdmaDefaultRoamingIndicator=-1, mIsEmergencyOnly=true, mIsDataRoamingFromRegistration=false, mIsUsingCarrierAggregation=false, mLteEarfcnRsrpBoost=0, mNetworkRegistrationStates=[NetworkRegistrationState{transportType=1 domain=PS regState=NOT_REG_NOT_SEARCHING accessNetworkTechnology=UNKNOWN reasonForDenial=0 emergencyEnabled=false supportedServices=null cellIdentity=null voiceSpecificStates=null dataSpecificStates=DataSpecificRegistrationStates { mMaxDataCalls=20}}, NetworkRegistrationState{transportType=1 domain=CS regState=NOT_REG_SEARCHING accessNetworkTechnology=UMTS reasonForDenial=0 emergencyEnabled=true supportedServices=[I@1a8552a cellIdentity=CellIdentityWcdma:{ mMcc=460 mMnc=01 mAlphaLong=CHN-UNICOM mAlphaShort=UNICOM} voiceSpecificStates=VoiceSpecificRegistrationStates { mCssSupported=false mRoamingIndicator=-1 mSystemIsInPrl=-1 mDefaultRoamingIndicator=-1} dataSpecificStates=null}]}] newSS=[{mVoiceRegState=1(OUT_OF_SERVICE), mDataRegState=1(OUT_OF_SERVICE), mChannelNumber=10763, duplexMode()=0, mCellBandwidths=[], mVoiceRoamingType=home, mDataRoamingType=home, mVoiceOperatorAlphaLong=, mVoiceOperatorAlphaShort=, mDataOperatorAlphaLong=, mDataOperatorAlphaShort=, isManualNetworkSelection=false(automatic), mRilVoiceRadioTechnology=3(UMTS), mRilDataRadioTechnology=0(Unknown), mCssIndicator=unsupported, mNetworkId=-1, mSystemId=-1, mCdmaRoamingIndicator=-1, mCdmaDefaultRoamingIndicator=-1, mIsEmergencyOnly=true, mIsDataRoamingFromRegistration=false, mIsUsingCarrierAggregation=false, mLteEarfcnRsrpBoost=0, mNetworkRegistrationStates=[NetworkRegistrationState{transportType=1 domain=PS regState=NOT_REG_NOT_SEARCHING accessNetworkTechnology=UNKNOWN reasonForDenial=0 emergencyEnabled=false supportedServices=null cellIdentity=null voiceSpecificStates=null dataSpecificStates=DataSpecificRegistrationStates { mMaxDataCalls=20}}, NetworkRegistrationState{transportType=1 domain=CS regState=NOT_REG_SEARCHING accessNetworkTechnology=UMTS reasonForDenial=0 emergencyEnabled=true supportedServices=[I@2e87693 cellIdentity=CellIdentityWcdma:{ mMcc=460 mMnc=01 mAlphaLong=CHN-UNICOM mAlphaShort=UNICOM} voiceSpecificStates=VoiceSpecificRegistrationStates { mCssSupported=false mRoamingIndicator=-1 mSystemIsInPrl=-1 mDefaultRoamingIndicator=-1} dataSpecificStates=null}]}] oldMaxDataCalls=20 mNewMaxDataCalls=20 oldReasonDataDenied=0 mNewReasonDataDenied=0
09-21 16:47:12.585  2197  2197 D SST[1]  : [1] pollStateDone: hasRegistered=false hasDeregistered=false hasDataAttached=false hasDataDetached=false hasDataRegStateChanged=false hasRilVoiceRadioTechnologyChanged= false hasRilDataRadioTechnologyChanged=false hasChanged=false hasVoiceRoamingOn=false hasVoiceRoamingOff=false hasDataRoamingOn=false hasDataRoamingOff=false hasLocationChanged=false has4gHandoff = false hasMultiApnSupport=false hasLostMultiApnSupport=false hasCssIndicatorChanged=false
09-21 16:47:13.060   853  1020 E ThermalEngine: read_thermal_config
09-21 16:47:13.061   853  1020 D ThermalEngine: algo_monitor: Timer EVT
09-21 16:47:13.062   853  1020 I ThermalEngine: Sensor:sdm-therm:48766 mC
09-21 16:47:13.062   853  1020 D ThermalEngine: handle_timer_sig: SS Id SS-QUIET-THERM-GOLD2 Read sdm-therm 48766mC, Err -1766mC, SampleCnt 1
09-21 16:47:13.062   853  1020 D ThermalEngine: handle_timer_sig: SS Id SS-QUIET-THERM-GOLD2, E0 -1766mC, E1 -1701mC
09-21 16:47:13.062   853  1020 D ThermalEngine: Already at device mitigation max limit
09-21 16:47:13.063   853  1020 I ThermalEngine: Sensor:sdm-therm:48766 mC
09-21 16:47:13.063   853  1020 D ThermalEngine: handle_timer_sig: SS Id SS-QUIET-THERM-GOLD Read sdm-therm 48766mC, Err -3766mC, SampleCnt 1
09-21 16:47:13.063   853  1020 D ThermalEngine: handle_timer_sig: SS Id SS-QUIET-THERM-GOLD, E0 -3766mC, E1 -3701mC
09-21 16:47:13.063   853  1020 D ThermalEngine: Already at device mitigation max limit
09-21 16:47:13.064   853  1020 I ThermalEngine: Sensor:sdm-therm:48766 mC
09-21 16:47:13.064   853  1020 D ThermalEngine: handle_timer_sig: SS Id SS-QUIET-THERM-SILVER3 Read sdm-therm 48766mC, Err -766mC, SampleCnt 1
09-21 16:47:13.064   853  1020 D ThermalEngine: handle_timer_sig: SS Id SS-QUIET-THERM-SILVER3, E0 -766mC, E1 -701mC
09-21 16:47:13.064   853  1020 D ThermalEngine: Already at device mitigation max limit
09-21 16:47:13.065   853  1020 I ThermalEngine: Sensor:sdm-therm:48766 mC
09-21 16:47:13.066   853  1020 D ThermalEngine: handle_timer_sig: SS Id SS-QUIET-THERM-SILVER2 Read sdm-therm 48766mC, Err -2766mC, SampleCnt 1
09-21 16:47:13.066   853  1020 D ThermalEngine: handle_timer_sig: SS Id SS-QUIET-THERM-SILVER2, E0 -2766mC, E1 -2701mC
09-21 16:47:13.066   853  1020 D ThermalEngine: Already at device mitigation max limit
09-21 16:47:13.067   853  1020 I ThermalEngine: Sensor:sdm-therm:48766 mC
09-21 16:47:13.067   853  1020 D ThermalEngine: handle_timer_sig: SS Id SS-QUIET-THERM-SILVER Read sdm-therm 48766mC, Err -4766mC, SampleCnt 1
09-21 16:47:13.067   853  1020 D ThermalEngine: handle_timer_sig: SS Id SS-QUIET-THERM-SILVER, E0 -4766mC, E1 -4701mC
09-21 16:47:13.067   853  1020 D ThermalEngine: Already at device mitigation max limit
09-21 16:47:13.067   853  1020 I ThermalEngine: settimer: Start timer 2.000(sec)
09-21 16:47:13.067   853  1020 D ThermalEngine: algo_monitor: Wait for EV
09-21 16:47:09.681     0     0 I addr=4842 mask: 01 val: 01
09-21 16:47:09.681     0     0 I         : length 2 addr=48c6
09-21 16:47:09.681     0     0 I val[0]  : 6e
09-21 16:47:09.681     0     0 I val[1]  : 02
09-21 16:47:09.681     0     0 I addr=4842 mask: 01 val: 00
09-21 16:47:09.681     0     0 I         : length 2 addr=48c0
09-21 16:47:09.681     0     0 I val[0]  : a9
09-21 16:47:09.681     0     0 I val[1]  : 50
09-21 16:47:09.681     0     0 E ALG     : get_time_to_full_locked: TTF: msoc=79
09-21 16:47:09.681     0     0 I QG-K    : qg_get_learned_capacity: Retrieved learned capacity 2576000uah
09-21 16:47:09.681     0     0 E ALG     : get_time_to_full_locked: TTF: ibatt_avg=200 vbatt_avg=4023 rbatt=210 act_cap_mah=2424
09-21 16:47:09.681     0     0 E ALG     : get_time_to_full_locked: TTF: mode: 0
09-21 16:47:09.681     0     0 E ALG     : get_time_to_full_locked: TTF: i_cc2cv=182
09-21 16:47:09.681     0     0 E ALG     : get_time_to_full_locked: TTF: soc_cc2cv=96
09-21 16:47:09.681     0     0 E ALG     : get_time_to_full_locked: TTF: t_predicted_cc=7766
09-21 16:47:09.681     0     0 E ALG     : get_time_to_full_locked: TTF: iterm=201
09-21 16:47:09.681     0     0 E ALG     : get_time_to_full_locked: TTF: tau=0
09-21 16:47:09.681     0     0 E ALG     : get_time_to_full_locked: TTF: t_predicted_cv=0
09-21 16:47:09.681     0     0 E ALG     : get_time_to_full_locked: TTF: t_predicted_prefilter=7766
09-21 16:47:09.681     0     0 E ALG     : get_time_to_full_locked: TTF: ttf_slope=-100
09-21 16:47:09.681     0     0 E ALG     : get_time_to_full_locked: TTF: t_predicted_postfilter=6825
09-21 16:47:09.681     0     0 E QG_WS   : TTF_AWAKE_VOTER,5 same vote off of val=0
09-21 16:47:09.681     0     0 E QG_WS   : TTF_AWAKE_VOTER,5 Ignoring similar vote off of val=0
09-21 16:47:15.068   853  1020 E ThermalEngine: read_thermal_config
09-21 16:47:15.068   853  1020 D ThermalEngine: algo_monitor: Timer EVT
09-21 16:47:15.070   853  1020 I ThermalEngine: Sensor:sdm-therm:48701 mC
09-21 16:47:15.070   853  1020 D ThermalEngine: handle_timer_sig: SS Id SS-QUIET-THERM-GOLD2 Read sdm-therm 48701mC, Err -1701mC, SampleCnt 1
09-21 16:47:15.070   853  1020 D ThermalEngine: handle_timer_sig: SS Id SS-QUIET-THERM-GOLD2, E0 -1701mC, E1 -1766mC
09-21 16:47:15.070   853  1020 D ThermalEngine: Already at device mitigation max limit
09-21 16:47:15.071   853  1020 I ThermalEngine: Sensor:sdm-therm:48701 mC
09-21 16:47:15.071   853  1020 D ThermalEngine: handle_timer_sig: SS Id SS-QUIET-THERM-GOLD Read sdm-therm 48701mC, Err -3701mC, SampleCnt 1
09-21 16:47:15.071   853  1020 D ThermalEngine: handle_timer_sig: SS Id SS-QUIET-THERM-GOLD, E0 -3701mC, E1 -3766mC
09-21 16:47:15.071   853  1020 D ThermalEngine: Already at device mitigation max limit
09-21 16:47:15.072   853  1020 I ThermalEngine: Sensor:sdm-therm:48701 mC
09-21 16:47:15.072   853  1020 D ThermalEngine: handle_timer_sig: SS Id SS-QUIET-THERM-SILVER3 Read sdm-therm 48701mC, Err -701mC, SampleCnt 1
09-21 16:47:15.072   853  1020 D ThermalEngine: handle_timer_sig: SS Id SS-QUIET-THERM-SILVER3, E0 -701mC, E1 -766mC
09-21 16:47:15.072   853  1020 D ThermalEngine: Already at device mitigation max limit
09-21 16:47:15.074   853  1020 I ThermalEngine: Sensor:sdm-therm:48701 mC
09-21 16:47:15.074   853  1020 D ThermalEngine: handle_timer_sig: SS Id SS-QUIET-THERM-SILVER2 Read sdm-therm 48701mC, Err -2701mC, SampleCnt 1
09-21 16:47:15.074   853  1020 D ThermalEngine: handle_timer_sig: SS Id SS-QUIET-THERM-SILVER2, E0 -2701mC, E1 -2766mC
09-21 16:47:15.074   853  1020 D ThermalEngine: Already at device mitigation max limit
09-21 16:47:15.075   853  1020 I ThermalEngine: Sensor:sdm-therm:48701 mC
09-21 16:47:15.075   853  1020 D ThermalEngine: handle_timer_sig: SS Id SS-QUIET-THERM-SILVER Read sdm-therm 48701mC, Err -4701mC, SampleCnt 1
09-21 16:47:15.075   853  1020 D ThermalEngine: handle_timer_sig: SS Id SS-QUIET-THERM-SILVER, E0 -4701mC, E1 -4766mC
09-21 16:47:15.075   853  1020 D ThermalEngine: Already at device mitigation max limit
09-21 16:47:15.075   853  1020 I ThermalEngine: settimer: Start timer 2.000(sec)
09-21 16:47:15.075   853  1020 D ThermalEngine: algo_monitor: Wait for EV
09-21 16:47:11.915     0     0 E pm6150_charger: wdog_snarl_irq_handler: IRQ: wdog-snarl
09-21 16:47:11.915     0     0 E AWAKE   : SW_THERM_REGULATION_VOTER,0 voting on of val=1
09-21 16:47:11.915     0     0 E AWAKE   : effective vote is now 1 voted by SW_THERM_REGULATION_VOTER,0
09-21 16:47:11.918     0     0 E pm6150_charger: smblib_process_thermal_readings: Current temperatures: 	DIE_TEMP: 515,	CONN_TEMP: 341,	SMB_TEMP: -61,	SKIN_TEMP: 487
09-21 16:47:11.918     0     0 E THERMAL_STATUS: 5
09-21 16:47:11.918     0     0 E AWAKE   : SW_THERM_REGULATION_VOTER,0 voting off of val=0
09-21 16:47:11.918     0     0 E AWAKE   : effective vote is now 0 voted by SW_THERM_REGULATION_VOTER,0
09-21 16:47:17.075   853  1020 E ThermalEngine: read_thermal_config
09-21 16:47:17.076   853  1020 D ThermalEngine: algo_monitor: Timer EVT
09-21 16:47:17.077   853  1020 I ThermalEngine: Sensor:sdm-therm:48701 mC
09-21 16:47:17.077   853  1020 D ThermalEngine: handle_timer_sig: SS Id SS-QUIET-THERM-GOLD2 Read sdm-therm 48701mC, Err -1701mC, SampleCnt 1
09-21 16:47:17.077   853  1020 D ThermalEngine: handle_timer_sig: SS Id SS-QUIET-THERM-GOLD2, E0 -1701mC, E1 -1701mC
09-21 16:47:17.077   853  1020 D ThermalEngine: Already at device mitigation max limit
09-21 16:47:17.078   853  1020 I ThermalEngine: Sensor:sdm-therm:48701 mC
09-21 16:47:17.079   853  1020 D ThermalEngine: handle_timer_sig: SS Id SS-QUIET-THERM-GOLD Read sdm-therm 48701mC, Err -3701mC, SampleCnt 1
09-21 16:47:17.079   853  1020 D ThermalEngine: handle_timer_sig: SS Id SS-QUIET-THERM-GOLD, E0 -3701mC, E1 -3701mC
09-21 16:47:17.079   853  1020 D ThermalEngine: Already at device mitigation max limit
09-21 16:47:17.080   853  1020 I ThermalEngine: Sensor:sdm-therm:48701 mC
09-21 16:47:17.080   853  1020 D ThermalEngine: handle_timer_sig: SS Id SS-QUIET-THERM-SILVER3 Read sdm-therm 48701mC, Err -701mC, SampleCnt 1
09-21 16:47:17.080   853  1020 D ThermalEngine: handle_timer_sig: SS Id SS-QUIET-THERM-SILVER3, E0 -701mC, E1 -701mC
09-21 16:47:17.080   853  1020 D ThermalEngine: Already at device mitigation max limit
09-21 16:47:17.081   853  1020 I ThermalEngine: Sensor:sdm-therm:48701 mC
09-21 16:47:17.081   853  1020 D ThermalEngine: handle_timer_sig: SS Id SS-QUIET-THERM-SILVER2 Read sdm-therm 48701mC, Err -2701mC, SampleCnt 1
09-21 16:47:17.081   853  1020 D ThermalEngine: handle_timer_sig: SS Id SS-QUIET-THERM-SILVER2, E0 -2701mC, E1 -2701mC
09-21 16:47:17.081   853  1020 D ThermalEngine: Already at device mitigation max limit
09-21 16:47:17.083   853  1020 I ThermalEngine: Sensor:sdm-therm:48701 mC
09-21 16:47:17.083   853  1020 D ThermalEngine: handle_timer_sig: SS Id SS-QUIET-THERM-SILVER Read sdm-therm 48701mC, Err -4701mC, SampleCnt 1
09-21 16:47:17.083   853  1020 D ThermalEngine: handle_timer_sig: SS Id SS-QUIET-THERM-SILVER, E0 -4701mC, E1 -4701mC
09-21 16:47:17.083   853  1020 D ThermalEngine: Already at device mitigation max limit
09-21 16:47:17.083   853  1020 I ThermalEngine: settimer: Start timer 2.000(sec)
09-21 16:47:17.083   853  1020 D ThermalEngine: algo_monitor: Wait for EV
09-21 16:47:17.660  2317  2341 I QcrilOemhookMsgTunnel: [1]processOemHookIndication length=21
09-21 16:47:17.661  2197  2288 D RILJ    : Unsol response received; Sending ack to ril.cpp [SUB1]
09-21 16:47:17.661  2197  2288 D RILJ    : [UNSL]< UNSOL_RESPONSE_NETWORK_STATE_CHANGED [SUB1]
09-21 16:47:17.662  2197  2372 D NetworkRegistrationManager: onNetworkStateChanged
09-21 16:47:17.662  2197  2197 D SST[1]  : [1] pollState: modemTriggered=true
09-21 16:47:17.665  2197  2197 D RILJ    : [0505]> OPERATOR [SUB1]
09-21 16:47:17.665  2197  2197 D NetworkRegistrationManager: getNetworkRegistrationState domain 2
09-21 16:47:17.666  2197  2197 D NetworkRegistrationManager: getNetworkRegistrationState domain 1
09-21 16:47:17.667  2317  2317 D QcrilMsgTunnelIfaceManager: handleMessage what = 0
09-21 16:47:17.667  2197  2372 D RILJ    : [0506]> DATA_REGISTRATION_STATE [SUB1]
09-21 16:47:17.670  2197  2372 D RILJ    : [0508]> VOICE_REGISTRATION_STATE [SUB1]
09-21 16:47:17.672  2197  2197 D RILJ    : [0507]> QUERY_NETWORK_SELECTION_MODE [SUB1]
09-21 16:47:17.673  2178  2178 D use-Rlog/RLOG-QC_RIL_OEM_HOOK: Received Broadcast Intent ACTION_UNSOL_RESPONSE_OEM_HOOK_RAW
09-21 16:47:17.673  2178  2178 D use-Rlog/RLOG-QC_RIL_OEM_HOOK: Oem ID in QCRILHOOK UNSOL RESP is QOEMHOOK
09-21 16:47:17.674  2197  2197 D use-Rlog/RLOG-QC_RIL_OEM_HOOK: Received Broadcast Intent ACTION_UNSOL_RESPONSE_OEM_HOOK_RAW
09-21 16:47:17.674  2197  2197 D use-Rlog/RLOG-QC_RIL_OEM_HOOK: Oem ID in QCRILHOOK UNSOL RESP is QOEMHOOK
09-21 16:47:17.675  2197  2197 D use-Rlog/RLOG-QC_RIL_OEM_HOOK: Received Broadcast Intent ACTION_UNSOL_RESPONSE_OEM_HOOK_RAW
09-21 16:47:17.675  2197  2197 D use-Rlog/RLOG-QC_RIL_OEM_HOOK: Oem ID in QCRILHOOK UNSOL RESP is QOEMHOOK
09-21 16:47:17.675  2197  2197 E use-Rlog/RLOG-QC_RIL_OEM_HOOK: QcRilOemHook notifyRegistrants Failed
09-21 16:47:17.675  2197  2197 D use-Rlog/RLOG-QC_RIL_OEM_HOOK: Received Broadcast Intent ACTION_UNSOL_RESPONSE_OEM_HOOK_RAW
09-21 16:47:17.675  2197  2197 D use-Rlog/RLOG-QC_RIL_OEM_HOOK: Oem ID in QCRILHOOK UNSOL RESP is QOEMHOOK
09-21 16:47:17.675  2197  2197 D PhoneSwitcher: handle event - 108
09-21 16:47:17.676  2317  2341 I QcrilOemhookMsgTunnel: [1]processOemHookIndication length=21
09-21 16:47:17.676  2317  2317 D QcrilMsgTunnelIfaceManager: handleMessage what = 0
09-21 16:47:17.677  2197  2288 D RILJ    : Unsol response received; Sending ack to ril.cpp [SUB1]
09-21 16:47:17.677  2197  2288 D RILJ    : [UNSL]< UNSOL_RESPONSE_NETWORK_STATE_CHANGED [SUB1]
09-21 16:47:17.677  2197  2372 D NetworkRegistrationManager: onNetworkStateChanged
09-21 16:47:17.679  2178  2178 D use-Rlog/RLOG-QC_RIL_OEM_HOOK: Received Broadcast Intent ACTION_UNSOL_RESPONSE_OEM_HOOK_RAW
09-21 16:47:17.679  2178  2178 D use-Rlog/RLOG-QC_RIL_OEM_HOOK: Oem ID in QCRILHOOK UNSOL RESP is QOEMHOOK
09-21 16:47:17.681  2197  2288 D RILJ    : [0505]< OPERATOR {, , } [SUB1]
09-21 16:47:17.682  2197  2197 D use-Rlog/RLOG-QC_RIL_OEM_HOOK: Received Broadcast Intent ACTION_UNSOL_RESPONSE_OEM_HOOK_RAW
09-21 16:47:17.682  2197  2197 D use-Rlog/RLOG-QC_RIL_OEM_HOOK: Oem ID in QCRILHOOK UNSOL RESP is QOEMHOOK
09-21 16:47:17.683  2197  2197 D SST[1]  : [1] pollState: modemTriggered=true
09-21 16:47:17.684  2197  2197 D RILJ    : [0510]> OPERATOR [SUB1]
09-21 16:47:17.686  2197  2288 D RILJ    : [0506]< DATA_REGISTRATION_STATE {.regState = NOT_REG_MT_NOT_SEARCHING_OP, .rat = 0, .reasonDataDenied = 0, .maxDataCalls = 20, .cellIdentity = {...}} [SUB1]
09-21 16:47:17.686  2197  2435 D NetworkRegistrationManager: onGetNetworkRegistrationStateComplete result 0 state NetworkRegistrationState{transportType=1 domain=PS regState=NOT_REG_NOT_SEARCHING accessNetworkTechnology=UNKNOWN reasonForDenial=0 emergencyEnabled=false supportedServices=null cellIdentity=null voiceSpecificStates=null dataSpecificStates=DataSpecificRegistrationStates { mMaxDataCalls=20}}
09-21 16:47:17.686  2197  2197 D NetworkRegistrationManager: getNetworkRegistrationState domain 2
09-21 16:47:17.686  2197  2197 D NetworkRegistrationManager: getNetworkRegistrationState domain 1
09-21 16:47:17.688  2197  2372 D RILJ    : [0511]> DATA_REGISTRATION_STATE [SUB1]
09-21 16:47:17.691  2197  2372 D RILJ    : [0513]> VOICE_REGISTRATION_STATE [SUB1]
09-21 16:47:17.692  2197  2197 D RILJ    : [0512]> QUERY_NETWORK_SELECTION_MODE [SUB1]
09-21 16:47:17.692  2197  2288 D RILJ    : [0508]< VOICE_REGISTRATION_STATE {.regState = NOT_REG_MT_SEARCHING_OP_EM, .rat = 3, .cssSupported = false, .roamingIndicator = -1, .systemIsInPrl = -1, .defaultRoamingIndicator = -1, .reasonForDenial = 0, .cellIdentity = {...}} [SUB1]
09-21 16:47:17.692  2197  2197 D use-Rlog/RLOG-QC_RIL_OEM_HOOK: Received Broadcast Intent ACTION_UNSOL_RESPONSE_OEM_HOOK_RAW
09-21 16:47:17.692  2197  2197 D use-Rlog/RLOG-QC_RIL_OEM_HOOK: Oem ID in QCRILHOOK UNSOL RESP is QOEMHOOK
09-21 16:47:17.692  2197  2197 D use-Rlog/RLOG-QC_RIL_OEM_HOOK: Received Broadcast Intent ACTION_UNSOL_RESPONSE_OEM_HOOK_RAW
09-21 16:47:17.692  2197  2197 D use-Rlog/RLOG-QC_RIL_OEM_HOOK: Oem ID in QCRILHOOK UNSOL RESP is QOEMHOOK
09-21 16:47:17.692  2197  2197 E use-Rlog/RLOG-QC_RIL_OEM_HOOK: QcRilOemHook notifyRegistrants Failed
09-21 16:47:17.692  2197  2197 D use-Rlog/RLOG-QC_RIL_OEM_HOOK: Received Broadcast Intent ACTION_UNSOL_RESPONSE_OEM_HOOK_RAW
09-21 16:47:17.692  2197  2197 D use-Rlog/RLOG-QC_RIL_OEM_HOOK: Oem ID in QCRILHOOK UNSOL RESP is QOEMHOOK
09-21 16:47:17.692  2197  2197 D use-Rlog/RLOG-QC_RIL_OEM_HOOK: Received Broadcast Intent ACTION_UNSOL_RESPONSE_OEM_HOOK_RAW
09-21 16:47:17.692  2197  2197 D use-Rlog/RLOG-QC_RIL_OEM_HOOK: Oem ID in QCRILHOOK UNSOL RESP is QOEMHOOK
09-21 16:47:17.693  2197  2197 D PhoneSwitcher: handle event - 108
09-21 16:47:17.693  2197  2435 D NetworkRegistrationManager: onGetNetworkRegistrationStateComplete result 0 state NetworkRegistrationState{transportType=1 domain=CS regState=NOT_REG_SEARCHING accessNetworkTechnology=UMTS reasonForDenial=0 emergencyEnabled=true supportedServices=[I@646250b cellIdentity=CellIdentityWcdma:{ mMcc=460 mMnc=01 mAlphaLong=CHN-UNICOM mAlphaShort=UNICOM} voiceSpecificStates=VoiceSpecificRegistrationStates { mCssSupported=false mRoamingIndicator=-1 mSystemIsInPrl=-1 mDefaultRoamingIndicator=-1} dataSpecificStates=null}
09-21 16:47:17.695  2197  2288 D RILJ    : [0513]< VOICE_REGISTRATION_STATE {.regState = NOT_REG_MT_SEARCHING_OP_EM, .rat = 3, .cssSupported = false, .roamingIndicator = -1, .systemIsInPrl = -1, .defaultRoamingIndicator = -1, .reasonForDenial = 0, .cellIdentity = {...}} [SUB1]
09-21 16:47:17.696  2197  2435 D NetworkRegistrationManager: onGetNetworkRegistrationStateComplete result 0 state NetworkRegistrationState{transportType=1 domain=CS regState=NOT_REG_SEARCHING accessNetworkTechnology=UMTS reasonForDenial=0 emergencyEnabled=true supportedServices=[I@ca94fe8 cellIdentity=CellIdentityWcdma:{ mMcc=460 mMnc=01 mAlphaLong=CHN-UNICOM mAlphaShort=UNICOM} voiceSpecificStates=VoiceSpecificRegistrationStates { mCssSupported=false mRoamingIndicator=-1 mSystemIsInPrl=-1 mDefaultRoamingIndicator=-1} dataSpecificStates=null}
09-21 16:47:17.696  2197  2197 D SST[1]  : [1] handlPollVoiceRegResultMessage: regState=2 radioTechnology=3
09-21 16:47:17.697  2197  2288 D RILJ    : [0511]< DATA_REGISTRATION_STATE {.regState = NOT_REG_MT_NOT_SEARCHING_OP, .rat = 0, .reasonDataDenied = 0, .maxDataCalls = 20, .cellIdentity = {...}} [SUB1]
09-21 16:47:17.697  2197  2288 D RILJ    : [0510]< OPERATOR {, , } [SUB1]
09-21 16:47:17.698  2197  2435 D NetworkRegistrationManager: onGetNetworkRegistrationStateComplete result 0 state NetworkRegistrationState{transportType=1 domain=PS regState=NOT_REG_NOT_SEARCHING accessNetworkTechnology=UNKNOWN reasonForDenial=0 emergencyEnabled=false supportedServices=null cellIdentity=null voiceSpecificStates=null dataSpecificStates=DataSpecificRegistrationStates { mMaxDataCalls=20}}
09-21 16:47:17.699  2197  2197 D SST[1]  : [1] Could not set ServiceState channel number. CellIdentity null
09-21 16:47:17.699  2197  2197 D SST[1]  : [1] handlPollStateResultMessage: GsmSST dataServiceState=1 regState=0 dataRadioTechnology=0
09-21 16:47:17.700  2197  2197 D SST[1]  : [1] EVENT_POLL_STATE_NETWORK_SELECTION_MODE
09-21 16:47:17.700  2197  2288 D RILJ    : [0507]< QUERY_NETWORK_SELECTION_MODE {0} [SUB1]
09-21 16:47:17.700  2197  2288 D RILJ    : [0512]< QUERY_NETWORK_SELECTION_MODE {0} [SUB1]
09-21 16:47:17.701  2197  2197 D SST[1]  : [1] EVENT_POLL_STATE_NETWORK_SELECTION_MODE
09-21 16:47:17.703  2197  2197 D SST[1]  : [1] Poll ServiceState done:  oldSS=[{mVoiceRegState=1(OUT_OF_SERVICE), mDataRegState=1(OUT_OF_SERVICE), mChannelNumber=10763, duplexMode()=0, mCellBandwidths=[], mVoiceRoamingType=home, mDataRoamingType=home, mVoiceOperatorAlphaLong=, mVoiceOperatorAlphaShort=, mDataOperatorAlphaLong=, mDataOperatorAlphaShort=, isManualNetworkSelection=false(automatic), mRilVoiceRadioTechnology=3(UMTS), mRilDataRadioTechnology=0(Unknown), mCssIndicator=unsupported, mNetworkId=-1, mSystemId=-1, mCdmaRoamingIndicator=-1, mCdmaDefaultRoamingIndicator=-1, mIsEmergencyOnly=true, mIsDataRoamingFromRegistration=false, mIsUsingCarrierAggregation=false, mLteEarfcnRsrpBoost=0, mNetworkRegistrationStates=[NetworkRegistrationState{transportType=1 domain=PS regState=NOT_REG_NOT_SEARCHING accessNetworkTechnology=UNKNOWN reasonForDenial=0 emergencyEnabled=false supportedServices=null cellIdentity=null voiceSpecificStates=null dataSpecificStates=DataSpecificRegistrationStates { mMaxDataCalls=20}}, NetworkRegistrationState{transportType=1 domain=CS regState=NOT_REG_SEARCHING accessNetworkTechnology=UMTS reasonForDenial=0 emergencyEnabled=true supportedServices=[I@2e87693 cellIdentity=CellIdentityWcdma:{ mMcc=460 mMnc=01 mAlphaLong=CHN-UNICOM mAlphaShort=UNICOM} voiceSpecificStates=VoiceSpecificRegistrationStates { mCssSupported=false mRoamingIndicator=-1 mSystemIsInPrl=-1 mDefaultRoamingIndicator=-1} dataSpecificStates=null}]}] newSS=[{mVoiceRegState=1(OUT_OF_SERVICE), mDataRegState=1(OUT_OF_SERVICE), mChannelNumber=10763, duplexMode()=0, mCellBandwidths=[], mVoiceRoamingType=home, mDataRoamingType=home, mVoiceOperatorAlphaLong=, mVoiceOperatorAlphaShort=, mDataOperatorAlphaLong=, mDataOperatorAlphaShort=, isManualNetworkSelection=false(automatic), mRilVoiceRadioTechnology=3(UMTS), mRilDataRadioTechnology=0(Unknown), mCssIndicator=unsupported, mNetworkId=-1, mSystemId=-1, mCdmaRoamingIndicator=-1, mCdmaDefaultRoamingIndicator=-1, mIsEmergencyOnly=true, mIsDataRoamingFromRegistration=false, mIsUsingCarrierAggregation=false, mLteEarfcnRsrpBoost=0, mNetworkRegistrationStates=[NetworkRegistrationState{transportType=1 domain=CS regState=NOT_REG_SEARCHING accessNetworkTechnology=UMTS reasonForDenial=0 emergencyEnabled=true supportedServices=[I@ca94fe8 cellIdentity=CellIdentityWcdma:{ mMcc=460 mMnc=01 mAlphaLong=CHN-UNICOM mAlphaShort=UNICOM} voiceSpecificStates=VoiceSpecificRegistrationStates { mCssSupported=false mRoamingIndicator=-1 mSystemIsInPrl=-1 mDefaultRoamingIndicator=-1} dataSpecificStates=null}, NetworkRegistrationState{transportType=1 domain=PS regState=NOT_REG_NOT_SEARCHING accessNetworkTechnology=UNKNOWN reasonForDenial=0 emergencyEnabled=false supportedServices=null cellIdentity=null voiceSpecificStates=null dataSpecificStates=DataSpecificRegistrationStates { mMaxDataCalls=20}}]}] oldMaxDataCalls=20 mNewMaxDataCalls=20 oldReasonDataDenied=0 mNewReasonDataDenied=0
09-21 16:47:17.704  2197  2197 D SST[1]  : [1] pollStateDone: hasRegistered=false hasDeregistered=false hasDataAttached=false hasDataDetached=false hasDataRegStateChanged=false hasRilVoiceRadioTechnologyChanged= false hasRilDataRadioTechnologyChanged=false hasChanged=false hasVoiceRoamingOn=false hasVoiceRoamingOff=false hasDataRoamingOn=false hasDataRoamingOff=false hasLocationChanged=false has4gHandoff = false hasMultiApnSupport=false hasLostMultiApnSupport=false hasCssIndicatorChanged=false
09-21 16:47:19.083   853  1020 E ThermalEngine: read_thermal_config
09-21 16:47:19.084   853  1020 D ThermalEngine: algo_monitor: Timer EVT
09-21 16:47:19.085   853  1020 I ThermalEngine: Sensor:sdm-therm:48701 mC
09-21 16:47:19.085   853  1020 D ThermalEngine: handle_timer_sig: SS Id SS-QUIET-THERM-GOLD2 Read sdm-therm 48701mC, Err -1701mC, SampleCnt 1
09-21 16:47:19.085   853  1020 D ThermalEngine: handle_timer_sig: SS Id SS-QUIET-THERM-GOLD2, E0 -1701mC, E1 -1701mC
09-21 16:47:19.085   853  1020 D ThermalEngine: Already at device mitigation max limit
09-21 16:47:19.086   853  1020 I ThermalEngine: Sensor:sdm-therm:48701 mC
09-21 16:47:19.086   853  1020 D ThermalEngine: handle_timer_sig: SS Id SS-QUIET-THERM-GOLD Read sdm-therm 48701mC, Err -3701mC, SampleCnt 1
09-21 16:47:19.087   853  1020 D ThermalEngine: handle_timer_sig: SS Id SS-QUIET-THERM-GOLD, E0 -3701mC, E1 -3701mC
09-21 16:47:19.087   853  1020 D ThermalEngine: Already at device mitigation max limit
09-21 16:47:19.088   853  1020 I ThermalEngine: Sensor:sdm-therm:48701 mC
09-21 16:47:19.088   853  1020 D ThermalEngine: handle_timer_sig: SS Id SS-QUIET-THERM-SILVER3 Read sdm-therm 48701mC, Err -701mC, SampleCnt 1
09-21 16:47:19.088   853  1020 D ThermalEngine: handle_timer_sig: SS Id SS-QUIET-THERM-SILVER3, E0 -701mC, E1 -701mC
09-21 16:47:19.088   853  1020 D ThermalEngine: Already at device mitigation max limit
09-21 16:47:19.089   853  1020 I ThermalEngine: Sensor:sdm-therm:48701 mC
09-21 16:47:19.089   853  1020 D ThermalEngine: handle_timer_sig: SS Id SS-QUIET-THERM-SILVER2 Read sdm-therm 48701mC, Err -2701mC, SampleCnt 1
09-21 16:47:19.089   853  1020 D ThermalEngine: handle_timer_sig: SS Id SS-QUIET-THERM-SILVER2, E0 -2701mC, E1 -2701mC
09-21 16:47:19.089   853  1020 D ThermalEngine: Already at device mitigation max limit
09-21 16:47:19.091   853  1020 I ThermalEngine: Sensor:sdm-therm:48701 mC
09-21 16:47:19.091   853  1020 D ThermalEngine: handle_timer_sig: SS Id SS-QUIET-THERM-SILVER Read sdm-therm 48701mC, Err -4701mC, SampleCnt 1
09-21 16:47:19.091   853  1020 D ThermalEngine: handle_timer_sig: SS Id SS-QUIET-THERM-SILVER, E0 -4701mC, E1 -4701mC
09-21 16:47:19.091   853  1020 D ThermalEngine: Already at device mitigation max limit
09-21 16:47:19.091   853  1020 I ThermalEngine: settimer: Start timer 2.000(sec)
09-21 16:47:19.091   853  1020 D ThermalEngine: algo_monitor: Wait for EV
09-21 16:47:21.091   853  1020 E ThermalEngine: read_thermal_config
09-21 16:47:21.091   853  1020 D ThermalEngine: algo_monitor: Timer EVT
09-21 16:47:21.093   853  1020 I ThermalEngine: Sensor:sdm-therm:48766 mC
09-21 16:47:21.093   853  1020 D ThermalEngine: handle_timer_sig: SS Id SS-QUIET-THERM-GOLD2 Read sdm-therm 48766mC, Err -1766mC, SampleCnt 1
09-21 16:47:21.093   853  1020 D ThermalEngine: handle_timer_sig: SS Id SS-QUIET-THERM-GOLD2, E0 -1766mC, E1 -1701mC
09-21 16:47:21.093   853  1020 D ThermalEngine: Already at device mitigation max limit
09-21 16:47:21.094   853  1020 I ThermalEngine: Sensor:sdm-therm:48766 mC
09-21 16:47:21.094   853  1020 D ThermalEngine: handle_timer_sig: SS Id SS-QUIET-THERM-GOLD Read sdm-therm 48766mC, Err -3766mC, SampleCnt 1
09-21 16:47:21.094   853  1020 D ThermalEngine: handle_timer_sig: SS Id SS-QUIET-THERM-GOLD, E0 -3766mC, E1 -3701mC
09-21 16:47:21.094   853  1020 D ThermalEngine: Already at device mitigation max limit
09-21 16:47:21.095   853  1020 I ThermalEngine: Sensor:sdm-therm:48766 mC
09-21 16:47:21.096   853  1020 D ThermalEngine: handle_timer_sig: SS Id SS-QUIET-THERM-SILVER3 Read sdm-therm 48766mC, Err -766mC, SampleCnt 1
09-21 16:47:21.096   853  1020 D ThermalEngine: handle_timer_sig: SS Id SS-QUIET-THERM-SILVER3, E0 -766mC, E1 -701mC
09-21 16:47:21.096   853  1020 D ThermalEngine: Already at device mitigation max limit
09-21 16:47:21.097   853  1020 I ThermalEngine: Sensor:sdm-therm:48701 mC
09-21 16:47:21.097   853  1020 D ThermalEngine: handle_timer_sig: SS Id SS-QUIET-THERM-SILVER2 Read sdm-therm 48701mC, Err -2701mC, SampleCnt 1
09-21 16:47:21.097   853  1020 D ThermalEngine: handle_timer_sig: SS Id SS-QUIET-THERM-SILVER2, E0 -2701mC, E1 -2701mC
09-21 16:47:21.097   853  1020 D ThermalEngine: Already at device mitigation max limit
09-21 16:47:21.098   853  1020 I ThermalEngine: Sensor:sdm-therm:48701 mC
09-21 16:47:21.098   853  1020 D ThermalEngine: handle_timer_sig: SS Id SS-QUIET-THERM-SILVER Read sdm-therm 48701mC, Err -4701mC, SampleCnt 1
09-21 16:47:21.098   853  1020 D ThermalEngine: handle_timer_sig: SS Id SS-QUIET-THERM-SILVER, E0 -4701mC, E1 -4701mC
09-21 16:47:21.098   853  1020 D ThermalEngine: Already at device mitigation max limit
09-21 16:47:21.099   853  1020 I ThermalEngine: settimer: Start timer 2.000(sec)
09-21 16:47:21.099   853  1020 D ThermalEngine: algo_monitor: Wait for EV
09-21 16:47:21.153   913  1000 E storaged: getDiskStats failed with result NOT_SUPPORTED and size 0
09-21 16:47:21.736 11568 11568 D BoundBrokerSvc: onUnbind: Intent { act=com.google.android.gms.mdns.service.START dat=chimera-action: cmp=com.google.android.gms/.chimera.PersistentApiService }
09-21 16:47:21.740  1589  3369 D CompatibilityInfo: mCompatibilityFlags - 0
09-21 16:47:21.740  1589  3369 D CompatibilityInfo: applicationDensity - 440
09-21 16:47:21.740  1589  3369 D CompatibilityInfo: applicationScale - 1.0
09-21 16:47:21.748 11568 11568 D BoundBrokerSvc: onBind: Intent { act=com.google.android.gms.mdns.service.START dat=chimera-action: cmp=com.google.android.gms/.chimera.PersistentApiService }
09-21 16:47:21.748 11568 11568 D BoundBrokerSvc: Loading bound service for intent: Intent { act=com.google.android.gms.mdns.service.START dat=chimera-action: cmp=com.google.android.gms/.chimera.PersistentApiService }
09-21 16:47:22.055  1589  1642 D CompatibilityInfo: mCompatibilityFlags - 0
09-21 16:47:22.055  1589  1642 D CompatibilityInfo: applicationDensity - 440
09-21 16:47:22.055  1589  1642 D CompatibilityInfo: applicationScale - 1.0
09-21 16:47:18.760     0     0 E pm6150_charger: default_irq_handler: IRQ: aicl-done
09-21 16:47:22.768  2317  2341 I QcrilOemhookMsgTunnel: [1]processOemHookIndication length=21
09-21 16:47:22.769  2317  2317 D QcrilMsgTunnelIfaceManager: handleMessage what = 0
09-21 16:47:22.776  2178  2178 D use-Rlog/RLOG-QC_RIL_OEM_HOOK: Received Broadcast Intent ACTION_UNSOL_RESPONSE_OEM_HOOK_RAW
09-21 16:47:22.776  2178  2178 D use-Rlog/RLOG-QC_RIL_OEM_HOOK: Oem ID in QCRILHOOK UNSOL RESP is QOEMHOOK
09-21 16:47:22.780  2197  2197 D use-Rlog/RLOG-QC_RIL_OEM_HOOK: Received Broadcast Intent ACTION_UNSOL_RESPONSE_OEM_HOOK_RAW
09-21 16:47:22.780  2197  2197 D use-Rlog/RLOG-QC_RIL_OEM_HOOK: Oem ID in QCRILHOOK UNSOL RESP is QOEMHOOK
09-21 16:47:22.780  2197  2197 D use-Rlog/RLOG-QC_RIL_OEM_HOOK: Received Broadcast Intent ACTION_UNSOL_RESPONSE_OEM_HOOK_RAW
09-21 16:47:22.780  2197  2197 D use-Rlog/RLOG-QC_RIL_OEM_HOOK: Oem ID in QCRILHOOK UNSOL RESP is QOEMHOOK
09-21 16:47:22.780  2197  2197 E use-Rlog/RLOG-QC_RIL_OEM_HOOK: QcRilOemHook notifyRegistrants Failed
09-21 16:47:22.781  2197  2197 D use-Rlog/RLOG-QC_RIL_OEM_HOOK: Received Broadcast Intent ACTION_UNSOL_RESPONSE_OEM_HOOK_RAW
09-21 16:47:22.781  2197  2197 D use-Rlog/RLOG-QC_RIL_OEM_HOOK: Oem ID in QCRILHOOK UNSOL RESP is QOEMHOOK
09-21 16:47:22.781  2197  2197 D PhoneSwitcher: handle event - 108
09-21 16:47:22.782  2197  2197 D use-Rlog/RLOG-QC_RIL_OEM_HOOK: Received Broadcast Intent ACTION_UNSOL_RESPONSE_OEM_HOOK_RAW
09-21 16:47:22.782  2197  2197 D use-Rlog/RLOG-QC_RIL_OEM_HOOK: Oem ID in QCRILHOOK UNSOL RESP is QOEMHOOK
09-21 16:47:22.783  2197  2288 D RILJ    : Unsol response received; Sending ack to ril.cpp [SUB1]
09-21 16:47:22.783  2197  2288 D RILJ    : [UNSL]< UNSOL_RESPONSE_NETWORK_STATE_CHANGED [SUB1]
09-21 16:47:22.784  2197  2372 D NetworkRegistrationManager: onNetworkStateChanged
09-21 16:47:22.785  2317  2341 I QcrilOemhookMsgTunnel: [1]processOemHookIndication length=21
09-21 16:47:22.788  2197  2197 D SST[1]  : [1] pollState: modemTriggered=true
09-21 16:47:22.791  2317  2317 D QcrilMsgTunnelIfaceManager: handleMessage what = 0
09-21 16:47:22.793  2197  2288 D RILJ    : Unsol response received; Sending ack to ril.cpp [SUB1]
09-21 16:47:22.793  2197  2288 D RILJ    : [UNSL]< UNSOL_RESPONSE_NETWORK_STATE_CHANGED [SUB1]
09-21 16:47:22.793  2197  2372 D NetworkRegistrationManager: onNetworkStateChanged
09-21 16:47:22.794  2197  2197 D RILJ    : [0516]> OPERATOR [SUB1]
09-21 16:47:22.795  2197  2197 D NetworkRegistrationManager: getNetworkRegistrationState domain 2
09-21 16:47:22.795  2197  2197 D NetworkRegistrationManager: getNetworkRegistrationState domain 1
09-21 16:47:22.795  2178  2178 D use-Rlog/RLOG-QC_RIL_OEM_HOOK: Received Broadcast Intent ACTION_UNSOL_RESPONSE_OEM_HOOK_RAW
09-21 16:47:22.796  2178  2178 D use-Rlog/RLOG-QC_RIL_OEM_HOOK: Oem ID in QCRILHOOK UNSOL RESP is QOEMHOOK
09-21 16:47:22.796  2197  2197 D RILJ    : [0517]> QUERY_NETWORK_SELECTION_MODE [SUB1]
09-21 16:47:22.796  2197  2197 D SST[1]  : [1] pollState: modemTriggered=true
09-21 16:47:22.797  2197  2372 D RILJ    : [0518]> DATA_REGISTRATION_STATE [SUB1]
09-21 16:47:22.799  2197  2288 D RILJ    : [0516]< OPERATOR {, , } [SUB1]
09-21 16:47:22.802  2197  2197 D RILJ    : [0519]> OPERATOR [SUB1]
09-21 16:47:22.802  2197  2288 D RILJ    : [0518]< DATA_REGISTRATION_STATE {.regState = NOT_REG_MT_NOT_SEARCHING_OP, .rat = 0, .reasonDataDenied = 0, .maxDataCalls = 20, .cellIdentity = {...}} [SUB1]
09-21 16:47:22.803  2197  2435 D NetworkRegistrationManager: onGetNetworkRegistrationStateComplete result 0 state NetworkRegistrationState{transportType=1 domain=PS regState=NOT_REG_NOT_SEARCHING accessNetworkTechnology=UNKNOWN reasonForDenial=0 emergencyEnabled=false supportedServices=null cellIdentity=null voiceSpecificStates=null dataSpecificStates=DataSpecificRegistrationStates { mMaxDataCalls=20}}
09-21 16:47:22.803  2197  2372 D RILJ    : [0520]> VOICE_REGISTRATION_STATE [SUB1]
09-21 16:47:22.805  2197  2288 D RILJ    : [0517]< QUERY_NETWORK_SELECTION_MODE {0} [SUB1]
09-21 16:47:22.805  2197  2288 D RILJ    : [0519]< OPERATOR {, , } [SUB1]
09-21 16:47:22.805  2197  2197 D NetworkRegistrationManager: getNetworkRegistrationState domain 2
09-21 16:47:22.806  2197  2197 D NetworkRegistrationManager: getNetworkRegistrationState domain 1
09-21 16:47:22.807  2197  2372 D RILJ    : [0521]> DATA_REGISTRATION_STATE [SUB1]
09-21 16:47:22.809  2197  2372 D RILJ    : [0523]> VOICE_REGISTRATION_STATE [SUB1]
09-21 16:47:22.811  2197  2197 D RILJ    : [0522]> QUERY_NETWORK_SELECTION_MODE [SUB1]
09-21 16:47:22.811  2197  2197 D use-Rlog/RLOG-QC_RIL_OEM_HOOK: Received Broadcast Intent ACTION_UNSOL_RESPONSE_OEM_HOOK_RAW
09-21 16:47:22.811  2197  2197 D use-Rlog/RLOG-QC_RIL_OEM_HOOK: Oem ID in QCRILHOOK UNSOL RESP is QOEMHOOK
09-21 16:47:22.811  2197  2197 D use-Rlog/RLOG-QC_RIL_OEM_HOOK: Received Broadcast Intent ACTION_UNSOL_RESPONSE_OEM_HOOK_RAW
09-21 16:47:22.811  2197  2197 D use-Rlog/RLOG-QC_RIL_OEM_HOOK: Oem ID in QCRILHOOK UNSOL RESP is QOEMHOOK
09-21 16:47:22.811  2197  2197 E use-Rlog/RLOG-QC_RIL_OEM_HOOK: QcRilOemHook notifyRegistrants Failed
09-21 16:47:22.811  2197  2197 D use-Rlog/RLOG-QC_RIL_OEM_HOOK: Received Broadcast Intent ACTION_UNSOL_RESPONSE_OEM_HOOK_RAW
09-21 16:47:22.811  2197  2197 D use-Rlog/RLOG-QC_RIL_OEM_HOOK: Oem ID in QCRILHOOK UNSOL RESP is QOEMHOOK
09-21 16:47:22.811  2197  2197 D use-Rlog/RLOG-QC_RIL_OEM_HOOK: Received Broadcast Intent ACTION_UNSOL_RESPONSE_OEM_HOOK_RAW
09-21 16:47:22.812  2197  2197 D use-Rlog/RLOG-QC_RIL_OEM_HOOK: Oem ID in QCRILHOOK UNSOL RESP is QOEMHOOK
09-21 16:47:22.812  2197  2197 D SST[1]  : [1] EVENT_POLL_STATE_NETWORK_SELECTION_MODE
09-21 16:47:22.812  2197  2197 D PhoneSwitcher: handle event - 108
09-21 16:47:22.814  2197  2288 D RILJ    : [0520]< VOICE_REGISTRATION_STATE {.regState = NOT_REG_MT_SEARCHING_OP_EM, .rat = 3, .cssSupported = false, .roamingIndicator = -1, .systemIsInPrl = -1, .defaultRoamingIndicator = -1, .reasonForDenial = 0, .cellIdentity = {...}} [SUB1]
09-21 16:47:22.814  2197  2435 D NetworkRegistrationManager: onGetNetworkRegistrationStateComplete result 0 state NetworkRegistrationState{transportType=1 domain=CS regState=NOT_REG_SEARCHING accessNetworkTechnology=UMTS reasonForDenial=0 emergencyEnabled=true supportedServices=[I@325439 cellIdentity=CellIdentityWcdma:{ mMcc=460 mMnc=01 mAlphaLong=CHN-UNICOM mAlphaShort=UNICOM} voiceSpecificStates=VoiceSpecificRegistrationStates { mCssSupported=false mRoamingIndicator=-1 mSystemIsInPrl=-1 mDefaultRoamingIndicator=-1} dataSpecificStates=null}
09-21 16:47:22.815  2197  2288 D RILJ    : [0523]< VOICE_REGISTRATION_STATE {.regState = NOT_REG_MT_SEARCHING_OP_EM, .rat = 3, .cssSupported = false, .roamingIndicator = -1, .systemIsInPrl = -1, .defaultRoamingIndicator = -1, .reasonForDenial = 0, .cellIdentity = {...}} [SUB1]
09-21 16:47:22.815  2197  2435 D NetworkRegistrationManager: onGetNetworkRegistrationStateComplete result 0 state NetworkRegistrationState{transportType=1 domain=CS regState=NOT_REG_SEARCHING accessNetworkTechnology=UMTS reasonForDenial=0 emergencyEnabled=true supportedServices=[I@82d6a7e cellIdentity=CellIdentityWcdma:{ mMcc=460 mMnc=01 mAlphaLong=CHN-UNICOM mAlphaShort=UNICOM} voiceSpecificStates=VoiceSpecificRegistrationStates { mCssSupported=false mRoamingIndicator=-1 mSystemIsInPrl=-1 mDefaultRoamingIndicator=-1} dataSpecificStates=null}
09-21 16:47:22.815  2197  2288 D RILJ    : [0521]< DATA_REGISTRATION_STATE {.regState = NOT_REG_MT_NOT_SEARCHING_OP, .rat = 0, .reasonDataDenied = 0, .maxDataCalls = 20, .cellIdentity = {...}} [SUB1]
09-21 16:47:22.815  2197  2435 D NetworkRegistrationManager: onGetNetworkRegistrationStateComplete result 0 state NetworkRegistrationState{transportType=1 domain=PS regState=NOT_REG_NOT_SEARCHING accessNetworkTechnology=UNKNOWN reasonForDenial=0 emergencyEnabled=false supportedServices=null cellIdentity=null voiceSpecificStates=null dataSpecificStates=DataSpecificRegistrationStates { mMaxDataCalls=20}}
09-21 16:47:22.816  2197  2197 D SST[1]  : [1] handlPollVoiceRegResultMessage: regState=2 radioTechnology=3
09-21 16:47:22.816  2197  2197 D SST[1]  : [1] Could not set ServiceState channel number. CellIdentity null
09-21 16:47:22.816  2197  2197 D SST[1]  : [1] handlPollStateResultMessage: GsmSST dataServiceState=1 regState=0 dataRadioTechnology=0
09-21 16:47:22.821  2197  2288 D RILJ    : [0522]< QUERY_NETWORK_SELECTION_MODE {0} [SUB1]
09-21 16:47:22.821  2197  2197 D SST[1]  : [1] EVENT_POLL_STATE_NETWORK_SELECTION_MODE
09-21 16:47:22.823  2197  2197 D SST[1]  : [1] Poll ServiceState done:  oldSS=[{mVoiceRegState=1(OUT_OF_SERVICE), mDataRegState=1(OUT_OF_SERVICE), mChannelNumber=10763, duplexMode()=0, mCellBandwidths=[], mVoiceRoamingType=home, mDataRoamingType=home, mVoiceOperatorAlphaLong=, mVoiceOperatorAlphaShort=, mDataOperatorAlphaLong=, mDataOperatorAlphaShort=, isManualNetworkSelection=false(automatic), mRilVoiceRadioTechnology=3(UMTS), mRilDataRadioTechnology=0(Unknown), mCssIndicator=unsupported, mNetworkId=-1, mSystemId=-1, mCdmaRoamingIndicator=-1, mCdmaDefaultRoamingIndicator=-1, mIsEmergencyOnly=true, mIsDataRoamingFromRegistration=false, mIsUsingCarrierAggregation=false, mLteEarfcnRsrpBoost=0, mNetworkRegistrationStates=[NetworkRegistrationState{transportType=1 domain=CS regState=NOT_REG_SEARCHING accessNetworkTechnology=UMTS reasonForDenial=0 emergencyEnabled=true supportedServices=[I@ca94fe8 cellIdentity=CellIdentityWcdma:{ mMcc=460 mMnc=01 mAlphaLong=CHN-UNICOM mAlphaShort=UNICOM} voiceSpecificStates=VoiceSpecificRegistrationStates { mCssSupported=false mRoamingIndicator=-1 mSystemIsInPrl=-1 mDefaultRoamingIndicator=-1} dataSpecificStates=null}, NetworkRegistrationState{transportType=1 domain=PS regState=NOT_REG_NOT_SEARCHING accessNetworkTechnology=UNKNOWN reasonForDenial=0 emergencyEnabled=false supportedServices=null cellIdentity=null voiceSpecificStates=null dataSpecificStates=DataSpecificRegistrationStates { mMaxDataCalls=20}}]}] newSS=[{mVoiceRegState=1(OUT_OF_SERVICE), mDataRegState=1(OUT_OF_SERVICE), mChannelNumber=10763, duplexMode()=0, mCellBandwidths=[], mVoiceRoamingType=home, mDataRoamingType=home, mVoiceOperatorAlphaLong=, mVoiceOperatorAlphaShort=, mDataOperatorAlphaLong=, mDataOperatorAlphaShort=, isManualNetworkSelection=false(automatic), mRilVoiceRadioTechnology=3(UMTS), mRilDataRadioTechnology=0(Unknown), mCssIndicator=unsupported, mNetworkId=-1, mSystemId=-1, mCdmaRoamingIndicator=-1, mCdmaDefaultRoamingIndicator=-1, mIsEmergencyOnly=true, mIsDataRoamingFromRegistration=false, mIsUsingCarrierAggregation=false, mLteEarfcnRsrpBoost=0, mNetworkRegistrationStates=[NetworkRegistrationState{transportType=1 domain=CS regState=NOT_REG_SEARCHING accessNetworkTechnology=UMTS reasonForDenial=0 emergencyEnabled=true supportedServices=[I@82d6a7e cellIdentity=CellIdentityWcdma:{ mMcc=460 mMnc=01 mAlphaLong=CHN-UNICOM mAlphaShort=UNICOM} voiceSpecificStates=VoiceSpecificRegistrationStates { mCssSupported=false mRoamingIndicator=-1 mSystemIsInPrl=-1 mDefaultRoamingIndicator=-1} dataSpecificStates=null}, NetworkRegistrationState{transportType=1 domain=PS regState=NOT_REG_NOT_SEARCHING accessNetworkTechnology=UNKNOWN reasonForDenial=0 emergencyEnabled=false supportedServices=null cellIdentity=null voiceSpecificStates=null dataSpecificStates=DataSpecificRegistrationStates { mMaxDataCalls=20}}]}] oldMaxDataCalls=20 mNewMaxDataCalls=20 oldReasonDataDenied=0 mNewReasonDataDenied=0
09-21 16:47:22.824  2197  2197 D SST[1]  : [1] pollStateDone: hasRegistered=false hasDeregistered=false hasDataAttached=false hasDataDetached=false hasDataRegStateChanged=false hasRilVoiceRadioTechnologyChanged= false hasRilDataRadioTechnologyChanged=false hasChanged=false hasVoiceRoamingOn=false hasVoiceRoamingOff=false hasDataRoamingOn=false hasDataRoamingOff=false hasLocationChanged=false has4gHandoff = false hasMultiApnSupport=false hasLostMultiApnSupport=false hasCssIndicatorChanged=false
09-21 16:47:23.099   853  1020 E ThermalEngine: read_thermal_config
09-21 16:47:23.100   853  1020 D ThermalEngine: algo_monitor: Timer EVT
09-21 16:47:23.101   853  1020 I ThermalEngine: Sensor:sdm-therm:48766 mC
09-21 16:47:23.101   853  1020 D ThermalEngine: handle_timer_sig: SS Id SS-QUIET-THERM-GOLD2 Read sdm-therm 48766mC, Err -1766mC, SampleCnt 1
09-21 16:47:23.101   853  1020 D ThermalEngine: handle_timer_sig: SS Id SS-QUIET-THERM-GOLD2, E0 -1766mC, E1 -1766mC
09-21 16:47:23.101   853  1020 D ThermalEngine: Already at device mitigation max limit
09-21 16:47:23.102   853  1020 I ThermalEngine: Sensor:sdm-therm:48766 mC
09-21 16:47:23.102   853  1020 D ThermalEngine: handle_timer_sig: SS Id SS-QUIET-THERM-GOLD Read sdm-therm 48766mC, Err -3766mC, SampleCnt 1
09-21 16:47:23.102   853  1020 D ThermalEngine: handle_timer_sig: SS Id SS-QUIET-THERM-GOLD, E0 -3766mC, E1 -3766mC
09-21 16:47:23.102   853  1020 D ThermalEngine: Already at device mitigation max limit
09-21 16:47:23.103   853  1020 I ThermalEngine: Sensor:sdm-therm:48766 mC
09-21 16:47:23.103   853  1020 D ThermalEngine: handle_timer_sig: SS Id SS-QUIET-THERM-SILVER3 Read sdm-therm 48766mC, Err -766mC, SampleCnt 1
09-21 16:47:23.103   853  1020 D ThermalEngine: handle_timer_sig: SS Id SS-QUIET-THERM-SILVER3, E0 -766mC, E1 -766mC
09-21 16:47:23.103   853  1020 D ThermalEngine: Already at device mitigation max limit
09-21 16:47:23.105   853  1020 I ThermalEngine: Sensor:sdm-therm:48766 mC
09-21 16:47:23.105   853  1020 D ThermalEngine: handle_timer_sig: SS Id SS-QUIET-THERM-SILVER2 Read sdm-therm 48766mC, Err -2766mC, SampleCnt 1
09-21 16:47:23.105   853  1020 D ThermalEngine: handle_timer_sig: SS Id SS-QUIET-THERM-SILVER2, E0 -2766mC, E1 -2701mC
09-21 16:47:23.105   853  1020 D ThermalEngine: Already at device mitigation max limit
09-21 16:47:23.106   853  1020 I ThermalEngine: Sensor:sdm-therm:48701 mC
09-21 16:47:23.106   853  1020 D ThermalEngine: handle_timer_sig: SS Id SS-QUIET-THERM-SILVER Read sdm-therm 48701mC, Err -4701mC, SampleCnt 1
09-21 16:47:23.106   853  1020 D ThermalEngine: handle_timer_sig: SS Id SS-QUIET-THERM-SILVER, E0 -4701mC, E1 -4701mC
09-21 16:47:23.106   853  1020 D ThermalEngine: Already at device mitigation max limit
09-21 16:47:23.106   853  1020 I ThermalEngine: settimer: Start timer 2.000(sec)
09-21 16:47:23.107   853  1020 D ThermalEngine: algo_monitor: Wait for EV
09-21 16:47:19.921     0     0 I addr=4842 mask: 01 val: 01
09-21 16:47:19.921     0     0 I         : length 2 addr=48c6
09-21 16:47:19.921     0     0 I val[0]  : f7
09-21 16:47:19.921     0     0 I val[1]  : 01
09-21 16:47:19.921     0     0 I addr=4842 mask: 01 val: 00
09-21 16:47:19.921     0     0 I         : length 2 addr=48c0
09-21 16:47:19.921     0     0 I val[0]  : da
09-21 16:47:19.921     0     0 I val[1]  : 50
09-21 16:47:19.921     0     0 E ALG     : get_time_to_full_locked: TTF: msoc=79
09-21 16:47:19.921     0     0 I QG-K    : qg_get_learned_capacity: Retrieved learned capacity 2576000uah
09-21 16:47:19.921     0     0 E ALG     : get_time_to_full_locked: TTF: ibatt_avg=200 vbatt_avg=4023 rbatt=210 act_cap_mah=2424
09-21 16:47:19.921     0     0 E ALG     : get_time_to_full_locked: TTF: mode: 0
09-21 16:47:19.921     0     0 E ALG     : get_time_to_full_locked: TTF: i_cc2cv=182
