--------- beginning of main
09-21 16:47:03.021   853  1020 E ThermalEngine: read_thermal_config
09-21 16:47:03.021   853  1020 D ThermalEngine: algo_monitor: Timer EVT
09-21 16:47:03.022   853  1020 I ThermalEngine: Sensor:sdm-therm:48701 mC
09-21 16:47:03.023   853  1020 D ThermalEngine: handle_timer_sig: SS Id SS-QUIET-THERM-GOLD2 Read sdm-therm 48701mC, Err -1701mC, SampleCnt 1
09-21 16:47:03.023   853  1020 D ThermalEngine: handle_timer_sig: SS Id SS-QUIET-THERM-GOLD2, E0 -1701mC, E1 -1766mC
09-21 16:47:03.023   853  1020 D ThermalEngine: Already at device mitigation max limit
09-21 16:47:03.024   853  1020 I ThermalEngine: Sensor:sdm-therm:48701 mC
09-21 16:47:03.024   853  1020 D ThermalEngine: handle_timer_sig: SS Id SS-QUIET-THERM-GOLD Read sdm-therm 48701mC, Err -3701mC, SampleCnt 1
09-21 16:47:03.024   853  1020 D ThermalEngine: handle_timer_sig: SS Id SS-QUIET-THERM-GOLD, E0 -3701mC, E1 -3766mC
09-21 16:47:03.024   853  1020 D ThermalEngine: Already at device mitigation max limit
09-21 16:47:03.025   853  1020 I ThermalEngine: Sensor:sdm-therm:48701 mC
09-21 16:47:03.025   853  1020 D ThermalEngine: handle_timer_sig: SS Id SS-QUIET-THERM-SILVER3 Read sdm-therm 48701mC, Err -701mC, SampleCnt 1
09-21 16:47:03.025   853  1020 D ThermalEngine: handle_timer_sig: SS Id SS-QUIET-THERM-SILVER3, E0 -701mC, E1 -766mC
09-21 16:47:03.025   853  1020 D ThermalEngine: Already at device mitigation max limit
09-21 16:47:03.026   853  1020 I ThermalEngine: Sensor:sdm-therm:48701 mC
09-21 16:47:03.027   853  1020 D ThermalEngine: handle_timer_sig: SS Id SS-QUIET-THERM-SILVER2 Read sdm-therm 48701mC, Err -2701mC, SampleCnt 1
09-21 16:47:03.027   853  1020 D ThermalEngine: handle_timer_sig: SS Id SS-QUIET-THERM-SILVER2, E0 -2701mC, E1 -2766mC
09-21 16:47:03.027   853  1020 D ThermalEngine: Already at device mitigation max limit
09-21 16:47:03.028   853  1020 I ThermalEngine: Sensor:sdm-therm:48701 mC
09-21 16:47:03.028   853  1020 D ThermalEngine: handle_timer_sig: SS Id SS-QUIET-THERM-SILVER Read sdm-therm 48701mC, Err -4701mC, SampleCnt 1
09-21 16:47:03.028   853  1020 D ThermalEngine: handle_timer_sig: SS Id SS-QUIET-THERM-SILVER, E0 -4701mC, E1 -4766mC
09-21 16:47:03.028   853  1020 D ThermalEngine: Already at device mitigation max limit
09-21 16:47:03.028   853  1020 I ThermalEngine: settimer: Start timer 2.000(sec)
09-21 16:47:03.029   853  1020 D ThermalEngine: algo_monitor: Wait for EV
09-21 16:47:03.597  1589  1642 D CompatibilityInfo: mCompatibilityFlags - 0
09-21 16:47:03.597  1589  1642 D CompatibilityInfo: applicationDensity - 440
09-21 16:47:03.597  1589  1642 D CompatibilityInfo: applicationScale - 1.0
09-21 16:47:05.029   853  1020 E ThermalEngine: read_thermal_config
09-21 16:47:05.030   853  1020 D ThermalEngine: algo_monitor: Timer EVT
09-21 16:47:05.031   853  1020 I ThermalEngine: Sensor:sdm-therm:48701 mC
09-21 16:47:05.031   853  1020 D ThermalEngine: handle_timer_sig: SS Id SS-QUIET-THERM-GOLD2 Read sdm-therm 48701mC, Err -1701mC, SampleCnt 1
09-21 16:47:05.031   853  1020 D ThermalEngine: handle_timer_sig: SS Id SS-QUIET-THERM-GOLD2, E0 -1701mC, E1 -1701mC
09-21 16:47:05.031   853  1020 D ThermalEngine: Already at device mitigation max limit
09-21 16:47:05.032   853  1020 I ThermalEngine: Sensor:sdm-therm:48701 mC
09-21 16:47:05.032   853  1020 D ThermalEngine: handle_timer_sig: SS Id SS-QUIET-THERM-GOLD Read sdm-therm 48701mC, Err -3701mC, SampleCnt 1
09-21 16:47:05.032   853  1020 D ThermalEngine: handle_timer_sig: SS Id SS-QUIET-THERM-GOLD, E0 -3701mC, E1 -3701mC
09-21 16:47:05.032   853  1020 D ThermalEngine: Already at device mitigation max limit
09-21 16:47:05.033   853  1020 I ThermalEngine: Sensor:sdm-therm:48701 mC
09-21 16:47:05.033   853  1020 D ThermalEngine: handle_timer_sig: SS Id SS-QUIET-THERM-SILVER3 Read sdm-therm 48701mC, Err -701mC, SampleCnt 1
09-21 16:47:05.033   853  1020 D ThermalEngine: handle_timer_sig: SS Id SS-QUIET-THERM-SILVER3, E0 -701mC, E1 -701mC
09-21 16:47:05.033   853  1020 D ThermalEngine: Already at device mitigation max limit
09-21 16:47:05.035   853  1020 I ThermalEngine: Sensor:sdm-therm:48701 mC
09-21 16:47:05.035   853  1020 D ThermalEngine: handle_timer_sig: SS Id SS-QUIET-THERM-SILVER2 Read sdm-therm 48701mC, Err -2701mC, SampleCnt 1
09-21 16:47:05.035   853  1020 D ThermalEngine: handle_timer_sig: SS Id SS-QUIET-THERM-SILVER2, E0 -2701mC, E1 -2701mC
09-21 16:47:05.035   853  1020 D ThermalEngine: Already at device mitigation max limit
09-21 16:47:05.036   853  1020 I ThermalEngine: Sensor:sdm-therm:48701 mC
09-21 16:47:05.036   853  1020 D ThermalEngine: handle_timer_sig: SS Id SS-QUIET-THERM-SILVER Read sdm-therm 48701mC, Err -4701mC, SampleCnt 1
09-21 16:47:05.036   853  1020 D ThermalEngine: handle_timer_sig: SS Id SS-QUIET-THERM-SILVER, E0 -4701mC, E1 -4701mC
09-21 16:47:05.036   853  1020 D ThermalEngine: Already at device mitigation max limit
09-21 16:47:05.036   853  1020 I ThermalEngine: settimer: Start timer 2.000(sec)
09-21 16:47:05.036   853  1020 D ThermalEngine: algo_monitor: Wait for EV
--------- beginning of system
09-21 16:47:05.231  1589  3381 D PerfShielderService: com.android.systemui|StatusBar|187|109197811118655|187|6|1
09-21 16:47:05.232  2713 25360 W MiuiPerfServiceClient: interceptAndQueuing:1851|com.android.systemui|187|187|unknown|null|StatusBar|109197811118655|Slow swap buffers|1
09-21 16:47:06.543  1589  3397 D CompatibilityInfo: mCompatibilityFlags - 0
09-21 16:47:06.543  1589  3397 D CompatibilityInfo: applicationDensity - 440
09-21 16:47:06.543  1589  3397 D CompatibilityInfo: applicationScale - 1.0
09-21 16:47:06.548 11568 11568 D BoundBrokerSvc: onBind: Intent { act=com.google.android.gms.mdns.service.START dat=chimera-action: cmp=com.google.android.gms/.chimera.PersistentApiService }
09-21 16:47:06.548 11568 11568 D BoundBrokerSvc: Loading bound service for intent: Intent { act=com.google.android.gms.mdns.service.START dat=chimera-action: cmp=com.google.android.gms/.chimera.PersistentApiService }
--------- beginning of kernel
09-21 16:47:03.115     0     0 E pm6150_charger: wdog_bark_irq_handler: IRQ: wdog-bark
09-21 16:47:03.115     0     0 E power_supply battery: power_supply_changed
09-21 16:47:03.116     0     0 E power_supply battery: power_supply_changed_work
09-21 16:47:03.116     0     0 E pm6150_charger: smblib_get_prop_usb_online: POWER_PATH_STATUS = 0x95
09-21 16:47:03.116     0     0 E pm6150_charger: smblib_get_prop_dc_online: POWER_PATH_STATUS = 0x95
09-21 16:47:03.116     0     0 E pm6150_charger: smblib_get_prop_batt_health: BATTERY_CHARGER_STATUS_2 = 0x08
09-21 16:47:03.116     0     0 I smblib_get_prop_batt_status stat: 3 max_voltage:4400000 chg_done:0
09-21 16:47:03.116     0     0 E pm6150_charger: smblib_get_prop_usb_online: POWER_PATH_STATUS = 0x95
09-21 16:47:03.116     0     0 E pm6150_charger: smblib_get_prop_dc_online: POWER_PATH_STATUS = 0x95
09-21 16:47:03.116     0     0 E pm6150_charger: smblib_get_prop_batt_health: BATTERY_CHARGER_STATUS_2 = 0x08
09-21 16:47:03.116     0     0 I smblib_get_prop_batt_status stat: 3 max_voltage:4400000 chg_done:0
09-21 16:47:03.116     0     0 E pm6150_charger: smblib_get_prop_batt_health: BATTERY_CHARGER_STATUS_2 = 0x08
09-21 16:47:03.116     0     0 I         : smblib_get_prop_usb_present stat 16
09-21 16:47:03.117     0     0 I         : length 2 addr=48c0
09-21 16:47:03.117     0     0 I val[0]  : 84
09-21 16:47:03.117     0     0 I val[1]  : 50
09-21 16:47:06.583  1851  1851 D KeyguardUpdateMonitor: received broadcast android.intent.action.BATTERY_CHANGED
09-21 16:47:06.585  2197  2197 D QtiCarrierConfigHelper: WARNING, no carrier configs on phone Id: 0
09-21 16:47:06.586  2990  2990 I BatteryInfoReceiver: ACTION_BATTERY_CHANGED
09-21 16:47:06.586  2975  3223 D PowerCheckerService: onBatteryChanged, mBatteryLevel = 79, status = 2, level = 79, plug = 2, scale = 100
09-21 16:47:03.117     0     0 I addr=4842 mask: 01 val: 01
09-21 16:47:03.117     0     0 I         : length 2 addr=48c6
09-21 16:47:03.117     0     0 I val[0]  : 14
09-21 16:47:03.117     0     0 I val[1]  : 03
09-21 16:47:03.117     0     0 I addr=4842 mask: 01 val: 00
09-21 16:47:03.118     0     0 E pm6150_charger: smblib_get_prop_usb_online: POWER_PATH_STATUS = 0x95
09-21 16:47:03.118     0     0 E pm6150_charger: smblib_get_prop_dc_online: POWER_PATH_STATUS = 0x95
09-21 16:47:03.118     0     0 E pm6150_charger: smblib_get_prop_batt_health: BATTERY_CHARGER_STATUS_2 = 0x08
09-21 16:47:03.118     0     0 I smblib_get_prop_batt_status stat: 3 max_voltage:4400000 chg_done:0
09-21 16:47:03.118     0     0 I QG-K    : qg_status_change_work: charge_status=1 charge_done=0
09-21 16:47:03.118     0     0 I         : smblib_get_prop_usb_present stat 16
09-21 16:47:03.118     0     0 E ALG     : cycle_count_update: batt_soc: 201 id: 6 chg_status: 1
09-21 16:47:03.119     0     0 I         : smblib_get_prop_usb_present stat 16
09-21 16:47:03.119     0     0 I QG-K    : qg_get_learned_capacity: Retrieved learned capacity 2576000uah
09-21 16:47:03.121     0     0 I         : smblib_get_prop_usb_present stat 16
09-21 16:47:03.121     0     0 E PL_DISABLE: CHG_STATE_VOTER,0 same vote off of val=0
09-21 16:47:03.121     0     0 E PL_DISABLE: CHG_STATE_VOTER,0 Ignoring similar vote off of val=0
09-21 16:47:03.121     0     0 E pm6150_charger: smblib_get_charge_param: aicl icl status = 500000 (0x0a)
09-21 16:47:03.121     0     0 E PL_ENABLE_INDIRECT: USBIN_I_VOTER,0 same vote off of val=0
09-21 16:47:03.121     0     0 E PL_ENABLE_INDIRECT: USBIN_I_VOTER,0 Ignoring similar vote off of val=0
09-21 16:47:03.121     0     0 E PL_AWAKE: FCC_STEPPER_VOTER,0 same vote off of val=0
09-21 16:47:03.121     0     0 E PL_AWAKE: FCC_STEPPER_VOTER,0 Ignoring similar vote off of val=0
09-21 16:47:03.121     0     0 E pm6150_charger: smblib_get_charge_param: fast charge current = 100000 (0x02)
09-21 16:47:03.121     0     0 E pm6150_charger: smblib_set_charge_param: float voltage = 4400000 (0x50)
09-21 16:47:03.121     0     0 I         : length 2 addr=48c0
09-21 16:47:03.121     0     0 I val[0]  : 84
09-21 16:47:03.121     0     0 I val[1]  : 50
09-21 16:47:03.121     0     0 I addr=4842 mask: 01 val: 01
09-21 16:47:03.121     0     0 I         : length 2 addr=48c6
09-21 16:47:03.121     0     0 I val[0]  : 14
09-21 16:47:03.121     0     0 I val[1]  : 03
09-21 16:47:03.121     0     0 I         : smblib_get_prop_usb_present stat 16
09-21 16:47:03.121     0     0 I addr=4842 mask: 01 val: 00
09-21 16:47:03.121     0     0 I QG-K    : qg_get_learned_capacity: Retrieved learned capacity 2576000uah
09-21 16:47:03.121     0     0 E pm6150_charger: smblib_get_charge_param: aicl icl status = 500000 (0x0a)
09-21 16:47:03.122     0     0 I         : smblib_get_prop_usb_present stat 16
09-21 16:47:03.122     0     0 E ALG     : cap_learning_update: Charge_status: 1 active: 0 batt_soc: 192
09-21 16:47:03.122     0     0 I         : smblib_get_prop_usb_present stat 16
09-21 16:47:03.122     0     0 E ALG     : cap_learning_begin: Battery SOC 75 is high/low, not starting
09-21 16:47:03.122     0     0 E pm6150_charger: smblib_get_prop_batt_health: BATTERY_CHARGER_STATUS_2 = 0x08
09-21 16:47:03.122     0     0 I QG-K    : qg_charge_full_update: msoc=79 health=1 charge_full=0 charge_done=0
09-21 16:47:03.122     0     0 I QG-K    : qg_get_learned_capacity: Retrieved learned capacity 2576000uah
09-21 16:47:03.123     0     0 E pm6150_charger: smblib_get_prop_usb_online: POWER_PATH_STATUS = 0x95
09-21 16:47:03.123     0     0 E pm6150_charger: smblib_get_prop_dc_online: POWER_PATH_STATUS = 0x95
09-21 16:47:03.123     0     0 E pm6150_charger: smblib_get_prop_batt_health: BATTERY_CHARGER_STATUS_2 = 0x08
09-21 16:47:03.123     0     0 I smblib_get_prop_batt_status stat: 3 max_voltage:4400000 chg_done:0
09-21 16:47:03.123     0     0 I QG-K    : qg_get_learned_capacity: Retrieved learned capacity 2576000uah
09-21 16:47:03.123     0     0 I         : smblib_get_prop_usb_present stat 16
09-21 16:47:03.123     0     0 E pm6150_charger: smblib_get_prop_batt_health: BATTERY_CHARGER_STATUS_2 = 0x08
09-21 16:47:03.123     0     0 I         : smblib_get_prop_usb_present stat 16
09-21 16:47:03.123     0     0 I         : length 2 addr=48c0
09-21 16:47:03.123     0     0 I val[0]  : 84
09-21 16:47:03.123     0     0 I val[1]  : 50
09-21 16:47:03.124     0     0 I addr=4842 mask: 01 val: 01
09-21 16:47:03.124     0     0 E pm6150_charger: smblib_get_prop_dc_online: POWER_PATH_STATUS = 0x95
09-21 16:47:03.124     0     0 I         : length 2 addr=48c6
09-21 16:47:03.124     0     0 I val[0]  : 14
09-21 16:47:03.124     0     0 I val[1]  : 03
09-21 16:47:03.124     0     0 I addr=4842 mask: 01 val: 00
09-21 16:47:03.124     0     0 I QG-K    : qg_get_learned_capacity: Retrieved learned capacity 2576000uah
09-21 16:47:03.124     0     0 I         : smblib_get_prop_usb_present stat 16
09-21 16:47:03.125     0     0 I         : smblib_get_prop_usb_present stat 16
09-21 16:47:03.125     0     0 E pm6150_charger: smblib_get_charge_param: aicl icl status = 500000 (0x0a)
09-21 16:47:03.125     0     0 E pm6150_charger: smblib_get_prop_usb_online: POWER_PATH_STATUS = 0x95
09-21 16:47:03.125     0     0 E FCC     : JEITA_VOTER,5 same vote on of val=3000000
09-21 16:47:03.125     0     0 W healthd : Unknown power supply type 'BMS'
09-21 16:47:03.125     0     0 E FCC     : JEITA_VOTER,5 Ignoring similar vote on of val=3000000
09-21 16:47:03.126     0     0 W healthd : Unknown power supply type 'Main'
09-21 16:47:03.126     0     0 E USB_ICL : JEITA_VOTER,8 same vote off of val=0
09-21 16:47:03.126     0     0 E USB_ICL : JEITA_VOTER,8 Ignoring similar vote off of val=0
09-21 16:47:03.126     0     0 I QCOM-STEPCHG: handle_jeita:  jeita vote fv_uv:4400000 last_vol:4400000
09-21 16:47:03.126     0     0 E FV      : JEITA_VOTER,2 same vote on of val=4400000
09-21 16:47:03.126     0     0 E FV      : JEITA_VOTER,2 Ignoring similar vote on of val=4400000
09-21 16:47:03.126     0     0 E power_supply main: power_supply_changed
09-21 16:47:03.126     0     0 E pm6150_charger: smblib_get_prop_usb_online: POWER_PATH_STATUS = 0x95
09-21 16:47:03.126     0     0 E FCC     : STEP_CHG_VOTER,6 same vote off of val=0
09-21 16:47:03.126     0     0 E FCC     : STEP_CHG_VOTER,6 Ignoring similar vote off of val=0
09-21 16:47:03.126     0     0 I         : smblib_get_prop_usb_present stat 16
09-21 16:47:03.126     0     0 E power_supply main: power_supply_changed_work
09-21 16:47:03.126     0     0 E         : get prop 4 is not supported in usb-main
09-21 16:47:03.126     0     0 E         : Couldn't get prop 4 rc = -22
09-21 16:47:03.126     0     0 E pm6150_charger: smblib_get_charge_param: float voltage = 4400000 (0x50)
09-21 16:47:03.126     0     0 E pm6150_charger: smblib_get_charge_param: fast charge current = 100000 (0x02)
09-21 16:47:03.126     0     0 E pm6150_charger: smblib_get_charge_param: aicl icl status = 500000 (0x0a)
09-21 16:47:03.126     0     0 E pm6150_charger: smblib_get_charge_param: dcdc icl max status = 500000 (0x0a)
09-21 16:47:03.126     0     0 E         : Couldn't get prop 103 rc = -1
09-21 16:47:03.126     0     0 E pm6150_charger: smblib_get_charge_param: aicl icl status = 500000 (0x0a)
09-21 16:47:03.126     0     0 E pm6150_charger: smblib_get_charge_param: aicl icl status = 500000 (0x0a)
09-21 16:47:03.126     0     0 I         : smblib_get_prop_usb_present stat 16
09-21 16:47:03.127     0     0 W healthd : battery l=79 v=4011 t=39.4 h=2 st=2 c=240 fc=2576000 cc=1023 tl=7 ct=USB pluged=1 chg=u
09-21 16:47:03.127     0     0 I         : length 2 addr=48c0
09-21 16:47:03.127     0     0 I val[0]  : 84
09-21 16:47:03.127     0     0 I val[1]  : 50
09-21 16:47:03.127     0     0 E pm6150_charger: smblib_get_prop_usb_online: POWER_PATH_STATUS = 0x95
09-21 16:47:03.127     0     0 E pm6150_charger: smblib_get_prop_dc_online: POWER_PATH_STATUS = 0x95
09-21 16:47:03.128     0     0 E pm6150_charger: smblib_get_prop_batt_health: BATTERY_CHARGER_STATUS_2 = 0x08
09-21 16:47:03.128     0     0 I smblib_get_prop_batt_status stat: 3 max_voltage:4400000 chg_done:0
09-21 16:47:03.128     0     0 E pm6150_charger: smblib_get_prop_batt_health: BATTERY_CHARGER_STATUS_2 = 0x08
09-21 16:47:03.128     0     0 E pm6150_charger: smblib_get_prop_dc_online: POWER_PATH_STATUS = 0x95
09-21 16:47:03.128     0     0 E pm6150_charger: smblib_get_prop_usb_online: POWER_PATH_STATUS = 0x95
09-21 16:47:03.128     0     0 I         : smblib_get_prop_usb_present stat 16
09-21 16:47:03.128     0     0 W healthd : Unknown power supply type 'BMS'
09-21 16:47:03.128     0     0 W healthd : Unknown power supply type 'Main'
09-21 16:47:03.129     0     0 E pm6150_charger: smblib_get_prop_usb_online: POWER_PATH_STATUS = 0x95
09-21 16:47:03.129     0     0 E pm6150_charger: smblib_get_charge_param: aicl icl status = 500000 (0x0a)
09-21 16:47:03.129     0     0 W healthd : battery l=79 v=4011 t=39.5 h=2 st=2 c=240 fc=2576000 cc=1023 tl=7 ct=USB pluged=1 chg=u
09-21 16:47:03.129     0     0 E PL_DISABLE: CHG_STATE_VOTER,0 same vote off of val=0
09-21 16:47:03.129     0     0 E PL_DISABLE: CHG_STATE_VOTER,0 Ignoring similar vote off of val=0
09-21 16:47:03.130     0     0 E pm6150_charger: smblib_get_charge_param: aicl icl status = 500000 (0x0a)
09-21 16:47:03.130     0     0 E PL_ENABLE_INDIRECT: USBIN_I_VOTER,0 same vote off of val=0
09-21 16:47:03.130     0     0 E PL_ENABLE_INDIRECT: USBIN_I_VOTER,0 Ignoring similar vote off of val=0
09-21 16:47:03.130     0     0 E PL_AWAKE: FCC_STEPPER_VOTER,0 same vote off of val=0
09-21 16:47:03.130     0     0 E PL_AWAKE: FCC_STEPPER_VOTER,0 Ignoring similar vote off of val=0
09-21 16:47:03.130     0     0 I QG-K    : qg_get_learned_capacity: Retrieved learned capacity 2576000uah
09-21 16:47:03.130     0     0 I         : smblib_get_prop_usb_present stat 16
09-21 16:47:03.130     0     0 E pm6150_charger: smblib_get_charge_param: aicl icl status = 500000 (0x0a)
09-21 16:47:03.130     0     0 I         : length 2 addr=48c0
09-21 16:47:03.130     0     0 I val[0]  : 84
09-21 16:47:03.130     0     0 I val[1]  : 50
09-21 16:47:03.130     0     0 I addr=4842 mask: 01 val: 01
09-21 16:47:03.130     0     0 I         : length 2 addr=48c6
09-21 16:47:03.130     0     0 I val[0]  : 14
09-21 16:47:03.130     0     0 I val[1]  : 03
09-21 16:47:03.130     0     0 I addr=4842 mask: 01 val: 00
09-21 16:47:03.131     0     0 I         : smblib_get_prop_usb_present stat 16
09-21 16:47:03.131     0     0 I         : smblib_get_prop_usb_present stat 16
09-21 16:47:03.131     0     0 I QG-K    : qg_get_learned_capacity: Retrieved learned capacity 2576000uah
09-21 16:47:03.131     0     0 I         : smblib_get_prop_usb_present stat 16
09-21 16:47:03.131     0     0 I addr=4842 mask: 01 val: 01
09-21 16:47:03.131     0     0 E pm6150_charger: smblib_get_charge_param: aicl icl status = 500000 (0x0a)
09-21 16:47:03.131     0     0 I         : length 2 addr=48c6
09-21 16:47:03.131     0     0 I val[0]  : 14
09-21 16:47:03.131     0     0 I val[1]  : 03
09-21 16:47:03.131     0     0 I addr=4842 mask: 01 val: 00
09-21 16:47:06.599  2975  3223 D PowerCheckerService: onBatteryChanged, mBatteryLevel = 79, status = 2, level = 79, plug = 2, scale = 100
09-21 16:47:06.600  2197  2197 D QtiCarrierConfigHelper: WARNING, no carrier configs on phone Id: 0
09-21 16:47:03.131     0     0 I         : smblib_get_prop_usb_present stat 16
09-21 16:47:03.131     0     0 I         : smblib_get_prop_usb_present stat 16
09-21 16:47:03.131     0     0 I QG-K    : qg_get_learned_capacity: Retrieved learned capacity 2576000uah
09-21 16:47:03.131     0     0 E pm6150_charger: smblib_get_charge_param: fast charge current = 100000 (0x02)
09-21 16:47:03.131     0     0 E pm6150_charger: smblib_set_charge_param: float voltage = 4400000 (0x50)
09-21 16:47:03.131     0     0 I         : smblib_get_prop_usb_present stat 16
09-21 16:47:03.132     0     0 E pm6150_charger: smblib_get_charge_param: aicl icl status = 500000 (0x0a)
09-21 16:47:03.132     0     0 I         : smblib_get_prop_usb_present stat 16
09-21 16:47:03.136     0     0 E pm6150_charger: smblib_get_prop_usb_online: POWER_PATH_STATUS = 0x95
09-21 16:47:03.136     0     0 E pm6150_charger: smblib_get_prop_dc_online: POWER_PATH_STATUS = 0x95
09-21 16:47:03.136     0     0 E pm6150_charger: smblib_get_prop_batt_health: BATTERY_CHARGER_STATUS_2 = 0x08
09-21 16:47:03.136     0     0 I smblib_get_prop_batt_status stat: 3 max_voltage:4400000 chg_done:0
09-21 16:47:03.136     0     0 E pm6150_charger: smblib_get_prop_batt_health: BATTERY_CHARGER_STATUS_2 = 0x08
09-21 16:47:03.136     0     0 E pm6150_charger: smblib_get_prop_dc_online: POWER_PATH_STATUS = 0x95
09-21 16:47:03.137     0     0 E pm6150_charger: smblib_get_prop_usb_online: POWER_PATH_STATUS = 0x95
09-21 16:47:03.137     0     0 W healthd : Unknown power supply type 'BMS'
09-21 16:47:03.137     0     0 W healthd : Unknown power supply type 'Main'
09-21 16:47:03.138     0     0 E pm6150_charger: smblib_get_prop_usb_online: POWER_PATH_STATUS = 0x95
09-21 16:47:03.138     0     0 E pm6150_charger: smblib_get_charge_param: aicl icl status = 500000 (0x0a)
09-21 16:47:03.138     0     0 W healthd : battery l=79 v=4011 t=39.5 h=2 st=2 c=240 fc=2576000 cc=1023 tl=7 ct=USB pluged=1 chg=u
09-21 16:47:03.139     0     0 E pm6150_charger: smblib_get_prop_usb_online: POWER_PATH_STATUS = 0x95
09-21 16:47:03.139     0     0 E pm6150_charger: smblib_get_prop_dc_online: POWER_PATH_STATUS = 0x95
09-21 16:47:03.140     0     0 E pm6150_charger: smblib_get_prop_batt_health: BATTERY_CHARGER_STATUS_2 = 0x08
09-21 16:47:03.140     0     0 I smblib_get_prop_batt_status stat: 3 max_voltage:4400000 chg_done:0
09-21 16:47:03.140     0     0 E pm6150_charger: smblib_get_prop_batt_health: BATTERY_CHARGER_STATUS_2 = 0x08
09-21 16:47:03.140     0     0 E pm6150_charger: smblib_get_prop_dc_online: POWER_PATH_STATUS = 0x95
09-21 16:47:03.141     0     0 E pm6150_charger: smblib_get_prop_usb_online: POWER_PATH_STATUS = 0x95
09-21 16:47:03.141     0     0 W healthd : Unknown power supply type 'BMS'
09-21 16:47:03.141     0     0 W healthd : Unknown power supply type 'Main'
09-21 16:47:03.141     0     0 E pm6150_charger: smblib_get_prop_usb_online: POWER_PATH_STATUS = 0x95
09-21 16:47:03.141     0     0 E pm6150_charger: smblib_get_charge_param: aicl icl status = 500000 (0x0a)
09-21 16:47:03.142     0     0 W healthd : battery l=79 v=4011 t=39.4 h=2 st=2 c=240 fc=2576000 cc=1023 tl=7 ct=USB pluged=1 chg=u
09-21 16:47:06.601  2990  2990 I BatteryInfoReceiver: ACTION_BATTERY_CHANGED
09-21 16:47:06.601  1851  1851 D KeyguardUpdateMonitor: received broadcast android.intent.action.BATTERY_CHANGED
09-21 16:47:07.037   853  1020 E ThermalEngine: read_thermal_config
09-21 16:47:07.037   853  1020 D ThermalEngine: algo_monitor: Timer EVT
09-21 16:47:07.039   853  1020 I ThermalEngine: Sensor:sdm-therm:48701 mC
09-21 16:47:07.039   853  1020 D ThermalEngine: handle_timer_sig: SS Id SS-QUIET-THERM-GOLD2 Read sdm-therm 48701mC, Err -1701mC, SampleCnt 1
09-21 16:47:07.039   853  1020 D ThermalEngine: handle_timer_sig: SS Id SS-QUIET-THERM-GOLD2, E0 -1701mC, E1 -1701mC
09-21 16:47:07.039   853  1020 D ThermalEngine: Already at device mitigation max limit
09-21 16:47:07.040   853  1020 I ThermalEngine: Sensor:sdm-therm:48701 mC
09-21 16:47:07.040   853  1020 D ThermalEngine: handle_timer_sig: SS Id SS-QUIET-THERM-GOLD Read sdm-therm 48701mC, Err -3701mC, SampleCnt 1
09-21 16:47:07.040   853  1020 D ThermalEngine: handle_timer_sig: SS Id SS-QUIET-THERM-GOLD, E0 -3701mC, E1 -3701mC
09-21 16:47:07.040   853  1020 D ThermalEngine: Already at device mitigation max limit
09-21 16:47:07.042   853  1020 I ThermalEngine: Sensor:sdm-therm:48701 mC
09-21 16:47:07.042   853  1020 D ThermalEngine: handle_timer_sig: SS Id SS-QUIET-THERM-SILVER3 Read sdm-therm 48701mC, Err -701mC, SampleCnt 1
09-21 16:47:07.042   853  1020 D ThermalEngine: handle_timer_sig: SS Id SS-QUIET-THERM-SILVER3, E0 -701mC, E1 -701mC
09-21 16:47:07.042   853  1020 D ThermalEngine: Already at device mitigation max limit
09-21 16:47:07.044   853  1020 I ThermalEngine: Sensor:sdm-therm:48701 mC
09-21 16:47:07.044   853  1020 D ThermalEngine: handle_timer_sig: SS Id SS-QUIET-THERM-SILVER2 Read sdm-therm 48701mC, Err -2701mC, SampleCnt 1
09-21 16:47:07.044   853  1020 D ThermalEngine: handle_timer_sig: SS Id SS-QUIET-THERM-SILVER2, E0 -2701mC, E1 -2701mC
09-21 16:47:07.044   853  1020 D ThermalEngine: Already at device mitigation max limit
09-21 16:47:07.045   853  1020 I ThermalEngine: Sensor:sdm-therm:48701 mC
09-21 16:47:07.045   853  1020 D ThermalEngine: handle_timer_sig: SS Id SS-QUIET-THERM-SILVER Read sdm-therm 48701mC, Err -4701mC, SampleCnt 1
09-21 16:47:07.045   853  1020 D ThermalEngine: handle_timer_sig: SS Id SS-QUIET-THERM-SILVER, E0 -4701mC, E1 -4701mC
09-21 16:47:07.045   853  1020 D ThermalEngine: Already at device mitigation max limit
09-21 16:47:07.045   853  1020 I ThermalEngine: settimer: Start timer 2.000(sec)
09-21 16:47:07.045   853  1020 D ThermalEngine: algo_monitor: Wait for EV
09-21 16:47:03.767     0     0 E pm6150_charger: wdog_snarl_irq_handler: IRQ: wdog-snarl
09-21 16:47:03.767     0     0 E AWAKE   : SW_THERM_REGULATION_VOTER,0 voting on of val=1
09-21 16:47:03.767     0     0 E AWAKE   : effective vote is now 1 voted by SW_THERM_REGULATION_VOTER,0
09-21 16:47:03.775     0     0 E pm6150_charger: smblib_process_thermal_readings: Current temperatures: 	DIE_TEMP: 515,	CONN_TEMP: 341,	SMB_TEMP: -61,	SKIN_TEMP: 487
09-21 16:47:03.775     0     0 E THERMAL_STATUS: 5
09-21 16:47:03.775     0     0 E AWAKE   : SW_THERM_REGULATION_VOTER,0 voting off of val=0
09-21 16:47:03.775     0     0 E AWAKE   : effective vote is now 0 voted by SW_THERM_REGULATION_VOTER,0
09-21 16:47:07.414  2317  2341 I QcrilOemhookMsgTunnel: [1]processOemHookIndication length=21
09-21 16:47:07.415  2317  2317 D QcrilMsgTunnelIfaceManager: handleMessage what = 0
--------- beginning of radio
09-21 16:47:07.416  2197  2288 D RILJ    : Unsol response received; Sending ack to ril.cpp [SUB1]
09-21 16:47:07.416  2197  2288 D RILJ    : [UNSL]< UNSOL_RESPONSE_NETWORK_STATE_CHANGED [SUB1]
09-21 16:47:07.416  2197  2372 D NetworkRegistrationManager: onNetworkStateChanged
09-21 16:47:07.417  2197  2197 D SST[1]  : [1] pollState: modemTriggered=true
09-21 16:47:07.419  2178  2178 D use-Rlog/RLOG-QC_RIL_OEM_HOOK: Received Broadcast Intent ACTION_UNSOL_RESPONSE_OEM_HOOK_RAW
09-21 16:47:07.419  2178  2178 D use-Rlog/RLOG-QC_RIL_OEM_HOOK: Oem ID in QCRILHOOK UNSOL RESP is QOEMHOOK
09-21 16:47:07.421  2197  2197 D RILJ    : [0485]> OPERATOR [SUB1]
09-21 16:47:07.421  2197  2197 D NetworkRegistrationManager: getNetworkRegistrationState domain 2
09-21 16:47:07.422  2197  2197 D NetworkRegistrationManager: getNetworkRegistrationState domain 1
09-21 16:47:07.424  2197  2372 D RILJ    : [0486]> DATA_REGISTRATION_STATE [SUB1]
09-21 16:47:07.425  2197  2197 D RILJ    : [0487]> QUERY_NETWORK_SELECTION_MODE [SUB1]
09-21 16:47:07.425  2197  2197 D use-Rlog/RLOG-QC_RIL_OEM_HOOK: Received Broadcast Intent ACTION_UNSOL_RESPONSE_OEM_HOOK_RAW
09-21 16:47:07.425  2197  2197 D use-Rlog/RLOG-QC_RIL_OEM_HOOK: Oem ID in QCRILHOOK UNSOL RESP is QOEMHOOK
09-21 16:47:07.426  2197  2197 D use-Rlog/RLOG-QC_RIL_OEM_HOOK: Received Broadcast Intent ACTION_UNSOL_RESPONSE_OEM_HOOK_RAW
09-21 16:47:07.426  2197  2197 D use-Rlog/RLOG-QC_RIL_OEM_HOOK: Oem ID in QCRILHOOK UNSOL RESP is QOEMHOOK
09-21 16:47:07.426  2197  2197 E use-Rlog/RLOG-QC_RIL_OEM_HOOK: QcRilOemHook notifyRegistrants Failed
09-21 16:47:07.426  2197  2197 D use-Rlog/RLOG-QC_RIL_OEM_HOOK: Received Broadcast Intent ACTION_UNSOL_RESPONSE_OEM_HOOK_RAW
09-21 16:47:07.426  2197  2197 D use-Rlog/RLOG-QC_RIL_OEM_HOOK: Oem ID in QCRILHOOK UNSOL RESP is QOEMHOOK
09-21 16:47:07.426  2197  2197 D use-Rlog/RLOG-QC_RIL_OEM_HOOK: Received Broadcast Intent ACTION_UNSOL_RESPONSE_OEM_HOOK_RAW
09-21 16:47:07.426  2197  2197 D use-Rlog/RLOG-QC_RIL_OEM_HOOK: Oem ID in QCRILHOOK UNSOL RESP is QOEMHOOK
09-21 16:47:07.426  2197  2197 D PhoneSwitcher: handle event - 108
09-21 16:47:07.427  2197  2372 D RILJ    : [0488]> VOICE_REGISTRATION_STATE [SUB1]
09-21 16:47:07.428  2317  2341 I QcrilOemhookMsgTunnel: [1]processOemHookIndication length=21
09-21 16:47:07.429  2197  2288 D RILJ    : Unsol response received; Sending ack to ril.cpp [SUB1]
09-21 16:47:07.429  2197  2288 D RILJ    : [UNSL]< UNSOL_RESPONSE_NETWORK_STATE_CHANGED [SUB1]
09-21 16:47:07.429  2197  2372 D NetworkRegistrationManager: onNetworkStateChanged
09-21 16:47:07.430  2317  2317 D QcrilMsgTunnelIfaceManager: handleMessage what = 0
09-21 16:47:07.431  2197  2197 D SST[1]  : [1] pollState: modemTriggered=true
09-21 16:47:07.432  2178  2178 D use-Rlog/RLOG-QC_RIL_OEM_HOOK: Received Broadcast Intent ACTION_UNSOL_RESPONSE_OEM_HOOK_RAW
09-21 16:47:07.432  2178  2178 D use-Rlog/RLOG-QC_RIL_OEM_HOOK: Oem ID in QCRILHOOK UNSOL RESP is QOEMHOOK
09-21 16:47:07.433  2197  2288 D RILJ    : [0485]< OPERATOR {, , } [SUB1]
09-21 16:47:07.434  2197  2197 D RILJ    : [0490]> OPERATOR [SUB1]
09-21 16:47:07.435  2197  2197 D NetworkRegistrationManager: getNetworkRegistrationState domain 2
09-21 16:47:07.435  2197  2197 D NetworkRegistrationManager: getNetworkRegistrationState domain 1
09-21 16:47:07.437  2197  2197 D RILJ    : [0491]> QUERY_NETWORK_SELECTION_MODE [SUB1]
09-21 16:47:07.437  2197  2288 D RILJ    : [0486]< DATA_REGISTRATION_STATE {.regState = NOT_REG_MT_NOT_SEARCHING_OP, .rat = 0, .reasonDataDenied = 0, .maxDataCalls = 20, .cellIdentity = {...}} [SUB1]
09-21 16:47:07.437  2197  2435 D NetworkRegistrationManager: onGetNetworkRegistrationStateComplete result 0 state NetworkRegistrationState{transportType=1 domain=PS regState=NOT_REG_NOT_SEARCHING accessNetworkTechnology=UNKNOWN reasonForDenial=0 emergencyEnabled=false supportedServices=null cellIdentity=null voiceSpecificStates=null dataSpecificStates=DataSpecificRegistrationStates { mMaxDataCalls=20}}
09-21 16:47:07.437  2197  2197 D use-Rlog/RLOG-QC_RIL_OEM_HOOK: Received Broadcast Intent ACTION_UNSOL_RESPONSE_OEM_HOOK_RAW
09-21 16:47:07.437  2197  2197 D use-Rlog/RLOG-QC_RIL_OEM_HOOK: Oem ID in QCRILHOOK UNSOL RESP is QOEMHOOK
09-21 16:47:07.438  2197  2197 D use-Rlog/RLOG-QC_RIL_OEM_HOOK: Received Broadcast Intent ACTION_UNSOL_RESPONSE_OEM_HOOK_RAW
09-21 16:47:07.438  2197  2197 D use-Rlog/RLOG-QC_RIL_OEM_HOOK: Oem ID in QCRILHOOK UNSOL RESP is QOEMHOOK
09-21 16:47:07.438  2197  2197 E use-Rlog/RLOG-QC_RIL_OEM_HOOK: QcRilOemHook notifyRegistrants Failed
09-21 16:47:07.438  2197  2197 D use-Rlog/RLOG-QC_RIL_OEM_HOOK: Received Broadcast Intent ACTION_UNSOL_RESPONSE_OEM_HOOK_RAW
09-21 16:47:07.438  2197  2197 D use-Rlog/RLOG-QC_RIL_OEM_HOOK: Oem ID in QCRILHOOK UNSOL RESP is QOEMHOOK
09-21 16:47:07.438  2197  2197 D use-Rlog/RLOG-QC_RIL_OEM_HOOK: Received Broadcast Intent ACTION_UNSOL_RESPONSE_OEM_HOOK_RAW
09-21 16:47:07.438  2197  2197 D use-Rlog/RLOG-QC_RIL_OEM_HOOK: Oem ID in QCRILHOOK UNSOL RESP is QOEMHOOK
09-21 16:47:07.439  2197  2197 D PhoneSwitcher: handle event - 108
09-21 16:47:07.439  2197  2372 D RILJ    : [0492]> DATA_REGISTRATION_STATE [SUB1]
09-21 16:47:07.440  2197  2372 D RILJ    : [0493]> VOICE_REGISTRATION_STATE [SUB1]
09-21 16:47:07.442  2197  2288 D RILJ    : [0488]< VOICE_REGISTRATION_STATE {.regState = NOT_REG_MT_SEARCHING_OP_EM, .rat = 3, .cssSupported = false, .roamingIndicator = -1, .systemIsInPrl = -1, .defaultRoamingIndicator = -1, .reasonForDenial = 0, .cellIdentity = {...}} [SUB1]
09-21 16:47:07.443  2197  2435 D NetworkRegistrationManager: onGetNetworkRegistrationStateComplete result 0 state NetworkRegistrationState{transportType=1 domain=CS regState=NOT_REG_SEARCHING accessNetworkTechnology=UMTS reasonForDenial=0 emergencyEnabled=true supportedServices=[I@168ce15 cellIdentity=CellIdentityWcdma:{ mMcc=460 mMnc=01 mAlphaLong=CHN-UNICOM mAlphaShort=UNICOM} voiceSpecificStates=VoiceSpecificRegistrationStates { mCssSupported=false mRoamingIndicator=-1 mSystemIsInPrl=-1 mDefaultRoamingIndicator=-1} dataSpecificStates=null}
09-21 16:47:07.443  2197  2288 D RILJ    : [0490]< OPERATOR {, , } [SUB1]
09-21 16:47:07.444  2197  2288 D RILJ    : [0487]< QUERY_NETWORK_SELECTION_MODE {0} [SUB1]
09-21 16:47:07.445  2197  2288 D RILJ    : [0491]< QUERY_NETWORK_SELECTION_MODE {0} [SUB1]
09-21 16:47:07.445  2197  2197 D SST[1]  : [1] EVENT_POLL_STATE_NETWORK_SELECTION_MODE
09-21 16:47:07.445  2197  2197 D SST[1]  : [1] EVENT_POLL_STATE_NETWORK_SELECTION_MODE
09-21 16:47:07.449  2197  2288 D RILJ    : [0492]< DATA_REGISTRATION_STATE {.regState = NOT_REG_MT_NOT_SEARCHING_OP, .rat = 0, .reasonDataDenied = 0, .maxDataCalls = 20, .cellIdentity = {...}} [SUB1]
09-21 16:47:07.450  2197  2435 D NetworkRegistrationManager: onGetNetworkRegistrationStateComplete result 0 state NetworkRegistrationState{transportType=1 domain=PS regState=NOT_REG_NOT_SEARCHING accessNetworkTechnology=UNKNOWN reasonForDenial=0 emergencyEnabled=false supportedServices=null cellIdentity=null voiceSpecificStates=null dataSpecificStates=DataSpecificRegistrationStates { mMaxDataCalls=20}}
09-21 16:47:07.450  2197  2197 D SST[1]  : [1] Could not set ServiceState channel number. CellIdentity null
09-21 16:47:07.450  2197  2197 D SST[1]  : [1] handlPollStateResultMessage: GsmSST dataServiceState=1 regState=0 dataRadioTechnology=0
09-21 16:47:07.454  2197  2288 D RILJ    : [0493]< VOICE_REGISTRATION_STATE {.regState = NOT_REG_MT_SEARCHING_OP_EM, .rat = 3, .cssSupported = false, .roamingIndicator = -1, .systemIsInPrl = -1, .defaultRoamingIndicator = -1, .reasonForDenial = 0, .cellIdentity = {...}} [SUB1]
09-21 16:47:07.455  2197  2435 D NetworkRegistrationManager: onGetNetworkRegistrationStateComplete result 0 state NetworkRegistrationState{transportType=1 domain=CS regState=NOT_REG_SEARCHING accessNetworkTechnology=UMTS reasonForDenial=0 emergencyEnabled=true supportedServices=[I@1a8552a cellIdentity=CellIdentityWcdma:{ mMcc=460 mMnc=01 mAlphaLong=CHN-UNICOM mAlphaShort=UNICOM} voiceSpecificStates=VoiceSpecificRegistrationStates { mCssSupported=false mRoamingIndicator=-1 mSystemIsInPrl=-1 mDefaultRoamingIndicator=-1} dataSpecificStates=null}
09-21 16:47:07.456  2197  2197 D SST[1]  : [1] handlPollVoiceRegResultMessage: regState=2 radioTechnology=3
09-21 16:47:07.459  2197  2197 D SST[1]  : [1] Poll ServiceState done:  oldSS=[{mVoiceRegState=1(OUT_OF_SERVICE), mDataRegState=1(OUT_OF_SERVICE), mChannelNumber=10763, duplexMode()=0, mCellBandwidths=[], mVoiceRoamingType=home, mDataRoamingType=home, mVoiceOperatorAlphaLong=, mVoiceOperatorAlphaShort=, mDataOperatorAlphaLong=, mDataOperatorAlphaShort=, isManualNetworkSelection=false(automatic), mRilVoiceRadioTechnology=3(UMTS), mRilDataRadioTechnology=0(Unknown), mCssIndicator=unsupported, mNetworkId=-1, mSystemId=-1, mCdmaRoamingIndicator=-1, mCdmaDefaultRoamingIndicator=-1, mIsEmergencyOnly=true, mIsDataRoamingFromRegistration=false, mIsUsingCarrierAggregation=false, mLteEarfcnRsrpBoost=0, mNetworkRegistrationStates=[NetworkRegistrationState{transportType=1 domain=CS regState=NOT_REG_SEARCHING accessNetworkTechnology=UMTS reasonForDenial=0 emergencyEnabled=true supportedServices=[I@fbada34 cellIdentity=CellIdentityWcdma:{ mMcc=460 mMnc=01 mAlphaLong=CHN-UNICOM mAlphaShort=UNICOM} voiceSpecificStates=VoiceSpecificRegistrationStates { mCssSupported=false mRoamingIndicator=-1 mSystemIsInPrl=-1 mDefaultRoamingIndicator=-1} dataSpecificStates=null}, NetworkRegistrationState{transportType=1 domain=PS regState=NOT_REG_NOT_SEARCHING accessNetworkTechnology=UNKNOWN reasonForDenial=0 emergencyEnabled=false supportedServices=null cellIdentity=null voiceSpecificStates=null dataSpecificStates=DataSpecificRegistrationStates { mMaxDataCalls=20}}]}] newSS=[{mVoiceRegState=1(OUT_OF_SERVICE), mDataRegState=1(OUT_OF_SERVICE), mChannelNumber=10763, duplexMode()=0, mCellBandwidths=[], mVoiceRoamingType=home, mDataRoamingType=home, mVoiceOperatorAlphaLong=, mVoiceOperatorAlphaShort=, mDataOperatorAlphaLong=, mDataOperatorAlphaShort=, isManualNetworkSelection=false(automatic), mRilVoiceRadioTechnology=3(UMTS), mRilDataRadioTechnology=0(Unknown), mCssIndicator=unsupported, mNetworkId=-1, mSystemId=-1, mCdmaRoamingIndicator=-1, mCdmaDefaultRoamingIndicator=-1, mIsEmergencyOnly=true, mIsDataRoamingFromRegistration=false, mIsUsingCarrierAggregation=false, mLteEarfcnRsrpBoost=0, mNetworkRegistrationStates=[NetworkRegistrationState{transportType=1 domain=PS regState=NOT_REG_NOT_SEARCHING accessNetworkTechnology=UNKNOWN reasonForDenial=0 emergencyEnabled=false supportedServices=null cellIdentity=null voiceSpecificStates=null dataSpecificStates=DataSpecificRegistrationStates { mMaxDataCalls=20}}, NetworkRegistrationState{transportType=1 domain=CS regState=NOT_REG_SEARCHING accessNetworkTechnology=UMTS reasonForDenial=0 emergencyEnabled=true supportedServices=[I@1a8552a cellIdentity=CellIdentityWcdma:{ mMcc=460 mMnc=01 mAlphaLong=CHN-UNICOM mAlphaShort=UNICOM} voiceSpecificStates=VoiceSpecificRegistrationStates { mCssSupported=false mRoamingIndicator=-1 mSystemIsInPrl=-1 mDefaultRoamingIndicator=-1} dataSpecificStates=null}]}] oldMaxDataCalls=20 mNewMaxDataCalls=20 oldReasonDataDenied=0 mNewReasonDataDenied=0
09-21 16:47:07.459  2197  2197 D SST[1]  : [1] pollStateDone: hasRegistered=false hasDeregistered=false hasDataAttached=false hasDataDetached=false hasDataRegStateChanged=false hasRilVoiceRadioTechnologyChanged= false hasRilDataRadioTechnologyChanged=false hasChanged=false hasVoiceRoamingOn=false hasVoiceRoamingOff=false hasDataRoamingOn=false hasDataRoamingOff=false hasLocationChanged=false has4gHandoff = false hasMultiApnSupport=false hasLostMultiApnSupport=false hasCssIndicatorChanged=false
09-21 16:47:08.806  1589  1737 D NtpTrustedTime: currentTimeMillis() cache hit
--------- beginning of events
09-21 16:47:08.835  1589  1737 I netstats_mobile_sample: [0,0,0,0,0,0,0,0,0,0,0,0,1726908429090]
09-21 16:47:08.836  1589  1737 I netstats_wifi_sample: [2060869191,2857184,57045205,699277,2060869191,2857184,57045205,699277,2127930711,2669354,56578283,696449,1726908429090]
09-21 16:47:08.835  1589  1737 D NtpTrustedTime: currentTimeMillis() cache hit
09-21 16:47:08.838  2990  3462 I TrafficManageService: mina mTrafficStatsReceiver onReceive
09-21 16:47:09.045   853  1020 E ThermalEngine: read_thermal_config
09-21 16:47:09.046   853  1020 D ThermalEngine: algo_monitor: Timer EVT
09-21 16:47:09.047   853  1020 I ThermalEngine: Sensor:sdm-therm:48701 mC
09-21 16:47:09.047   853  1020 D ThermalEngine: handle_timer_sig: SS Id SS-QUIET-THERM-GOLD2 Read sdm-therm 48701mC, Err -1701mC, SampleCnt 1
09-21 16:47:09.047   853  1020 D ThermalEngine: handle_timer_sig: SS Id SS-QUIET-THERM-GOLD2, E0 -1701mC, E1 -1701mC
09-21 16:47:09.047   853  1020 D ThermalEngine: Already at device mitigation max limit
09-21 16:47:09.048   853  1020 I ThermalEngine: Sensor:sdm-therm:48701 mC
09-21 16:47:09.049   853  1020 D ThermalEngine: handle_timer_sig: SS Id SS-QUIET-THERM-GOLD Read sdm-therm 48701mC, Err -3701mC, SampleCnt 1
09-21 16:47:09.049   853  1020 D ThermalEngine: handle_timer_sig: SS Id SS-QUIET-THERM-GOLD, E0 -3701mC, E1 -3701mC
09-21 16:47:09.049   853  1020 D ThermalEngine: Already at device mitigation max limit
09-21 16:47:09.050   853  1020 I ThermalEngine: Sensor:sdm-therm:48766 mC
09-21 16:47:09.050   853  1020 D ThermalEngine: handle_timer_sig: SS Id SS-QUIET-THERM-SILVER3 Read sdm-therm 48766mC, Err -766mC, SampleCnt 1
09-21 16:47:09.050   853  1020 D ThermalEngine: handle_timer_sig: SS Id SS-QUIET-THERM-SILVER3, E0 -766mC, E1 -701mC
09-21 16:47:09.050   853  1020 D ThermalEngine: Already at device mitigation max limit
09-21 16:47:09.051   853  1020 I ThermalEngine: Sensor:sdm-therm:48701 mC
09-21 16:47:09.051   853  1020 D ThermalEngine: handle_timer_sig: SS Id SS-QUIET-THERM-SILVER2 Read sdm-therm 48701mC, Err -2701mC, SampleCnt 1
09-21 16:47:09.051   853  1020 D ThermalEngine: handle_timer_sig: SS Id SS-QUIET-THERM-SILVER2, E0 -2701mC, E1 -2701mC
09-21 16:47:09.051   853  1020 D ThermalEngine: Already at device mitigation max limit
09-21 16:47:09.053   853  1020 I ThermalEngine: Sensor:sdm-therm:48766 mC
09-21 16:47:09.053   853  1020 D ThermalEngine: handle_timer_sig: SS Id SS-QUIET-THERM-SILVER Read sdm-therm 48766mC, Err -4766mC, SampleCnt 1
09-21 16:47:09.053   853  1020 D ThermalEngine: handle_timer_sig: SS Id SS-QUIET-THERM-SILVER, E0 -4766mC, E1 -4701mC
09-21 16:47:09.053   853  1020 D ThermalEngine: Already at device mitigation max limit
09-21 16:47:09.053   853  1020 I ThermalEngine: settimer: Start timer 2.000(sec)
09-21 16:47:09.053   853  1020 D ThermalEngine: algo_monitor: Wait for EV
09-21 16:47:05.723     0     0 E pm6150_charger: default_irq_handler: IRQ: aicl-done
09-21 16:47:06.628     0     0 D logd    : logdr: UID=2000 GID=2000 PID=10243 b tail=0 logMask=ff pid=0 start=0ns timeout=0ns
09-21 16:47:11.053   853  1020 E ThermalEngine: read_thermal_config
09-21 16:47:11.054   853  1020 D ThermalEngine: algo_monitor: Timer EVT
09-21 16:47:11.055   853  1020 I ThermalEngine: Sensor:sdm-therm:48701 mC
09-21 16:47:11.055   853  1020 D ThermalEngine: handle_timer_sig: SS Id SS-QUIET-THERM-GOLD2 Read sdm-therm 48701mC, Err -1701mC, SampleCnt 1
09-21 16:47:11.055   853  1020 D ThermalEngine: handle_timer_sig: SS Id SS-QUIET-THERM-GOLD2, E0 -1701mC, E1 -1701mC
09-21 16:47:11.055   853  1020 D ThermalEngine: Already at device mitigation max limit
09-21 16:47:11.056   853  1020 I ThermalEngine: Sensor:sdm-therm:48701 mC
09-21 16:47:11.056   853  1020 D ThermalEngine: handle_timer_sig: SS Id SS-QUIET-THERM-GOLD Read sdm-therm 48701mC, Err -3701mC, SampleCnt 1
09-21 16:47:11.056   853  1020 D ThermalEngine: handle_timer_sig: SS Id SS-QUIET-THERM-GOLD, E0 -3701mC, E1 -3701mC
09-21 16:47:11.056   853  1020 D ThermalEngine: Already at device mitigation max limit
09-21 16:47:11.057   853  1020 I ThermalEngine: Sensor:sdm-therm:48701 mC
09-21 16:47:11.057   853  1020 D ThermalEngine: handle_timer_sig: SS Id SS-QUIET-THERM-SILVER3 Read sdm-therm 48701mC, Err -701mC, SampleCnt 1
09-21 16:47:11.057   853  1020 D ThermalEngine: handle_timer_sig: SS Id SS-QUIET-THERM-SILVER3, E0 -701mC, E1 -766mC
09-21 16:47:11.057   853  1020 D ThermalEngine: Already at device mitigation max limit
09-21 16:47:11.058   853  1020 I ThermalEngine: Sensor:sdm-therm:48701 mC
09-21 16:47:11.058   853  1020 D ThermalEngine: handle_timer_sig: SS Id SS-QUIET-THERM-SILVER2 Read sdm-therm 48701mC, Err -2701mC, SampleCnt 1
09-21 16:47:11.059   853  1020 D ThermalEngine: handle_timer_sig: SS Id SS-QUIET-THERM-SILVER2, E0 -2701mC, E1 -2701mC
09-21 16:47:11.059   853  1020 D ThermalEngine: Already at device mitigation max limit
09-21 16:47:11.060   853  1020 I ThermalEngine: Sensor:sdm-therm:48701 mC
09-21 16:47:11.060   853  1020 D ThermalEngine: handle_timer_sig: SS Id SS-QUIET-THERM-SILVER Read sdm-therm 48701mC, Err -4701mC, SampleCnt 1
09-21 16:47:11.060   853  1020 D ThermalEngine: handle_timer_sig: SS Id SS-QUIET-THERM-SILVER, E0 -4701mC, E1 -4766mC
09-21 16:47:11.060   853  1020 D ThermalEngine: Already at device mitigation max limit
09-21 16:47:11.060   853  1020 I ThermalEngine: settimer: Start timer 2.000(sec)
09-21 16:47:11.060   853  1020 D ThermalEngine: algo_monitor: Wait for EV
09-21 16:47:08.160     0     0 E PL_AWAKE: PL_VOTER,1 same vote off of val=0
09-21 16:47:08.160     0     0 E PL_AWAKE: PL_VOTER,1 Ignoring similar vote off of val=0
09-21 16:47:11.619 11568 11568 D BoundBrokerSvc: onUnbind: Intent { act=com.google.android.gms.mdns.service.START dat=chimera-action: cmp=com.google.android.gms/.chimera.PersistentApiService }
09-21 16:47:11.632  1589  3742 D CompatibilityInfo: mCompatibilityFlags - 0
09-21 16:47:11.633  1589  3742 D CompatibilityInfo: applicationDensity - 440
09-21 16:47:11.633  1589  3742 D CompatibilityInfo: applicationScale - 1.0
09-21 16:47:11.636 11568 11568 D BoundBrokerSvc: onBind: Intent { act=com.google.android.gms.mdns.service.START dat=chimera-action: cmp=com.google.android.gms/.chimera.PersistentApiService }
09-21 16:47:11.636 11568 11568 D BoundBrokerSvc: Loading bound service for intent: Intent { act=com.google.android.gms.mdns.service.START dat=chimera-action: cmp=com.google.android.gms/.chimera.PersistentApiService }
09-21 16:47:08.388     0     0 I         : smblib_get_prop_usb_present stat 16
09-21 16:47:08.388     0     0 E pm6150_charger: smblib_get_charge_param: aicl icl status = 500000 (0x0a)
09-21 16:47:12.009  6326  6430 I mars::stn: [longlink_connect_monitor.cc:518, OnHeartbeatAlarmReceived]:longlink_progress on_heartbeat_alarm, time: 247658439, is_noop_timeout:false
09-21 16:47:12.052  6326  9189 I mars::stn: [longlink_connect_monitor.cc:512, OnHeartbeatAlarmSet]:longlink_progress on_heartbeat_set, time: 247658483, time interval:580000
09-21 16:47:12.061  6326  9189 I mars::stn: [longlink_connect_monitor.cc:512, OnHeartbeatAlarmSet]:longlink_progress on_heartbeat_set, time: 247658492, time interval:580000
09-21 16:47:12.527  2317  2341 I QcrilOemhookMsgTunnel: [1]processOemHookIndication length=21
09-21 16:47:12.527  2317  2317 D QcrilMsgTunnelIfaceManager: handleMessage what = 0
09-21 16:47:12.534  2178  2178 D use-Rlog/RLOG-QC_RIL_OEM_HOOK: Received Broadcast Intent ACTION_UNSOL_RESPONSE_OEM_HOOK_RAW
09-21 16:47:12.535  2178  2178 D use-Rlog/RLOG-QC_RIL_OEM_HOOK: Oem ID in QCRILHOOK UNSOL RESP is QOEMHOOK
09-21 16:47:12.535  2197  2288 D RILJ    : Unsol response received; Sending ack to ril.cpp [SUB1]
09-21 16:47:12.535  2197  2288 D RILJ    : [UNSL]< UNSOL_RESPONSE_NETWORK_STATE_CHANGED [SUB1]
09-21 16:47:12.536  2197  2372 D NetworkRegistrationManager: onNetworkStateChanged
09-21 16:47:12.536  2197  2197 D use-Rlog/RLOG-QC_RIL_OEM_HOOK: Received Broadcast Intent ACTION_UNSOL_RESPONSE_OEM_HOOK_RAW
09-21 16:47:12.536  2197  2197 D use-Rlog/RLOG-QC_RIL_OEM_HOOK: Oem ID in QCRILHOOK UNSOL RESP is QOEMHOOK
09-21 16:47:12.536  2197  2197 D SST[1]  : [1] pollState: modemTriggered=true
09-21 16:47:12.541  2197  2197 D RILJ    : [0495]> OPERATOR [SUB1]
09-21 16:47:12.541  2197  2197 D NetworkRegistrationManager: getNetworkRegistrationState domain 2
09-21 16:47:12.542  2197  2197 D NetworkRegistrationManager: getNetworkRegistrationState domain 1
09-21 16:47:12.545  2197  2197 D RILJ    : [0496]> QUERY_NETWORK_SELECTION_MODE [SUB1]
09-21 16:47:12.545  2197  2197 D PhoneSwitcher: handle event - 108
09-21 16:47:12.546  2197  2197 D use-Rlog/RLOG-QC_RIL_OEM_HOOK: Received Broadcast Intent ACTION_UNSOL_RESPONSE_OEM_HOOK_RAW
09-21 16:47:12.546  2197  2197 D use-Rlog/RLOG-QC_RIL_OEM_HOOK: Oem ID in QCRILHOOK UNSOL RESP is QOEMHOOK
09-21 16:47:12.546  2197  2197 E use-Rlog/RLOG-QC_RIL_OEM_HOOK: QcRilOemHook notifyRegistrants Failed
09-21 16:47:12.546  2197  2197 D use-Rlog/RLOG-QC_RIL_OEM_HOOK: Received Broadcast Intent ACTION_UNSOL_RESPONSE_OEM_HOOK_RAW
09-21 16:47:12.546  2197  2197 D use-Rlog/RLOG-QC_RIL_OEM_HOOK: Oem ID in QCRILHOOK UNSOL RESP is QOEMHOOK
09-21 16:47:12.546  2197  2197 D use-Rlog/RLOG-QC_RIL_OEM_HOOK: Received Broadcast Intent ACTION_UNSOL_RESPONSE_OEM_HOOK_RAW
09-21 16:47:12.547  2197  2197 D use-Rlog/RLOG-QC_RIL_OEM_HOOK: Oem ID in QCRILHOOK UNSOL RESP is QOEMHOOK
09-21 16:47:12.547  2197  2372 D RILJ    : [0497]> DATA_REGISTRATION_STATE [SUB1]
09-21 16:47:12.547  2317  2341 I QcrilOemhookMsgTunnel: [1]processOemHookIndication length=21
09-21 16:47:12.548  2317  2317 D QcrilMsgTunnelIfaceManager: handleMessage what = 0
09-21 16:47:12.551  2197  2288 D RILJ    : Unsol response received; Sending ack to ril.cpp [SUB1]
09-21 16:47:12.551  2197  2288 D RILJ    : [UNSL]< UNSOL_RESPONSE_NETWORK_STATE_CHANGED [SUB1]
09-21 16:47:12.552  2178  2178 D use-Rlog/RLOG-QC_RIL_OEM_HOOK: Received Broadcast Intent ACTION_UNSOL_RESPONSE_OEM_HOOK_RAW
09-21 16:47:12.552  2178  2178 D use-Rlog/RLOG-QC_RIL_OEM_HOOK: Oem ID in QCRILHOOK UNSOL RESP is QOEMHOOK
09-21 16:47:12.552  2197  2197 D use-Rlog/RLOG-QC_RIL_OEM_HOOK: Received Broadcast Intent ACTION_UNSOL_RESPONSE_OEM_HOOK_RAW
09-21 16:47:12.552  2197  2197 D use-Rlog/RLOG-QC_RIL_OEM_HOOK: Oem ID in QCRILHOOK UNSOL RESP is QOEMHOOK
09-21 16:47:12.552  2197  2197 D use-Rlog/RLOG-QC_RIL_OEM_HOOK: Received Broadcast Intent ACTION_UNSOL_RESPONSE_OEM_HOOK_RAW
09-21 16:47:12.553  2197  2197 D use-Rlog/RLOG-QC_RIL_OEM_HOOK: Oem ID in QCRILHOOK UNSOL RESP is QOEMHOOK
09-21 16:47:12.553  2197  2288 D RILJ    : [0495]< OPERATOR {, , } [SUB1]
09-21 16:47:12.553  2197  2197 E use-Rlog/RLOG-QC_RIL_OEM_HOOK: QcRilOemHook notifyRegistrants Failed
09-21 16:47:12.556  2197  2197 D use-Rlog/RLOG-QC_RIL_OEM_HOOK: Received Broadcast Intent ACTION_UNSOL_RESPONSE_OEM_HOOK_RAW
09-21 16:47:12.556  2197  2372 D RILJ    : [0499]> VOICE_REGISTRATION_STATE [SUB1]
09-21 16:47:12.557  2197  2372 D NetworkRegistrationManager: onNetworkStateChanged
09-21 16:47:12.557  2197  2288 D RILJ    : [0497]< DATA_REGISTRATION_STATE {.regState = NOT_REG_MT_NOT_SEARCHING_OP, .rat = 0, .reasonDataDenied = 0, .maxDataCalls = 20, .cellIdentity = {...}} [SUB1]
09-21 16:47:12.557  2197  2435 D NetworkRegistrationManager: onGetNetworkRegistrationStateComplete result 0 state NetworkRegistrationState{transportType=1 domain=PS regState=NOT_REG_NOT_SEARCHING accessNetworkTechnology=UNKNOWN reasonForDenial=0 emergencyEnabled=false supportedServices=null cellIdentity=null voiceSpecificStates=null dataSpecificStates=DataSpecificRegistrationStates { mMaxDataCalls=20}}
09-21 16:47:12.557  2197  2197 D use-Rlog/RLOG-QC_RIL_OEM_HOOK: Oem ID in QCRILHOOK UNSOL RESP is QOEMHOOK
09-21 16:47:12.558  2197  2197 D PhoneSwitcher: handle event - 108
09-21 16:47:12.559  2197  2197 D use-Rlog/RLOG-QC_RIL_OEM_HOOK: Received Broadcast Intent ACTION_UNSOL_RESPONSE_OEM_HOOK_RAW
09-21 16:47:12.559  2197  2197 D use-Rlog/RLOG-QC_RIL_OEM_HOOK: Oem ID in QCRILHOOK UNSOL RESP is QOEMHOOK
09-21 16:47:12.559  2197  2197 D SST[1]  : [1] pollState: modemTriggered=true
