09-21 16:47:19.921     0     0 E ALG     : get_time_to_full_locked: TTF: soc_cc2cv=96
09-21 16:47:19.921     0     0 E ALG     : get_time_to_full_locked: TTF: t_predicted_cc=7766
09-21 16:47:19.921     0     0 E ALG     : get_time_to_full_locked: TTF: iterm=201
09-21 16:47:19.921     0     0 E ALG     : get_time_to_full_locked: TTF: tau=0
09-21 16:47:19.921     0     0 E ALG     : get_time_to_full_locked: TTF: t_predicted_cv=0
09-21 16:47:19.921     0     0 E ALG     : get_time_to_full_locked: TTF: t_predicted_prefilter=7766
09-21 16:47:19.921     0     0 E ALG     : get_time_to_full_locked: TTF: ttf_slope=-100
09-21 16:47:19.921     0     0 E ALG     : get_time_to_full_locked: TTF: t_predicted_postfilter=6824
09-21 16:47:19.921     0     0 E QG_WS   : TTF_AWAKE_VOTER,5 same vote off of val=0
09-21 16:47:19.921     0     0 E QG_WS   : TTF_AWAKE_VOTER,5 Ignoring similar vote off of val=0
09-21 16:47:20.064     0     0 E pm6150_charger: wdog_snarl_irq_handler: IRQ: wdog-snarl
09-21 16:47:20.064     0     0 E AWAKE   : SW_THERM_REGULATION_VOTER,0 voting on of val=1
09-21 16:47:20.064     0     0 E AWAKE   : effective vote is now 1 voted by SW_THERM_REGULATION_VOTER,0
09-21 16:47:20.067     0     0 E pm6150_charger: smblib_process_thermal_readings: Current temperatures: 	DIE_TEMP: 514,	CONN_TEMP: 341,	SMB_TEMP: -61,	SKIN_TEMP: 487
09-21 16:47:20.067     0     0 E AWAKE   : SW_THERM_REGULATION_VOTER,0 voting off of val=0
09-21 16:47:20.067     0     0 E AWAKE   : effective vote is now 0 voted by SW_THERM_REGULATION_VOTER,0
09-21 16:47:25.107   853  1020 E ThermalEngine: read_thermal_config
09-21 16:47:25.107   853  1020 D ThermalEngine: algo_monitor: Timer EVT
09-21 16:47:25.108   853  1020 I ThermalEngine: Sensor:sdm-therm:48701 mC
09-21 16:47:25.108   853  1020 D ThermalEngine: handle_timer_sig: SS Id SS-QUIET-THERM-GOLD2 Read sdm-therm 48701mC, Err -1701mC, SampleCnt 1
09-21 16:47:25.108   853  1020 D ThermalEngine: handle_timer_sig: SS Id SS-QUIET-THERM-GOLD2, E0 -1701mC, E1 -1766mC
09-21 16:47:25.108   853  1020 D ThermalEngine: Already at device mitigation max limit
09-21 16:47:25.110   853  1020 I ThermalEngine: Sensor:sdm-therm:48701 mC
09-21 16:47:25.110   853  1020 D ThermalEngine: handle_timer_sig: SS Id SS-QUIET-THERM-GOLD Read sdm-therm 48701mC, Err -3701mC, SampleCnt 1
09-21 16:47:25.110   853  1020 D ThermalEngine: handle_timer_sig: SS Id SS-QUIET-THERM-GOLD, E0 -3701mC, E1 -3766mC
09-21 16:47:25.110   853  1020 D ThermalEngine: Already at device mitigation max limit
09-21 16:47:25.122   853  1020 I ThermalEngine: Sensor:sdm-therm:48701 mC
09-21 16:47:25.123   853  1020 D ThermalEngine: handle_timer_sig: SS Id SS-QUIET-THERM-SILVER3 Read sdm-therm 48701mC, Err -701mC, SampleCnt 1
09-21 16:47:25.123   853  1020 D ThermalEngine: handle_timer_sig: SS Id SS-QUIET-THERM-SILVER3, E0 -701mC, E1 -766mC
09-21 16:47:25.123   853  1020 D ThermalEngine: Already at device mitigation max limit
09-21 16:47:25.124   853  1020 I ThermalEngine: Sensor:sdm-therm:48701 mC
09-21 16:47:25.124   853  1020 D ThermalEngine: handle_timer_sig: SS Id SS-QUIET-THERM-SILVER2 Read sdm-therm 48701mC, Err -2701mC, SampleCnt 1
09-21 16:47:25.125   853  1020 D ThermalEngine: handle_timer_sig: SS Id SS-QUIET-THERM-SILVER2, E0 -2701mC, E1 -2766mC
09-21 16:47:25.125   853  1020 D ThermalEngine: Already at device mitigation max limit
09-21 16:47:25.126   853  1020 I ThermalEngine: Sensor:sdm-therm:48701 mC
09-21 16:47:25.126   853  1020 D ThermalEngine: handle_timer_sig: SS Id SS-QUIET-THERM-SILVER Read sdm-therm 48701mC, Err -4701mC, SampleCnt 1
09-21 16:47:25.126   853  1020 D ThermalEngine: handle_timer_sig: SS Id SS-QUIET-THERM-SILVER, E0 -4701mC, E1 -4701mC
09-21 16:47:25.126   853  1020 D ThermalEngine: Already at device mitigation max limit
09-21 16:47:25.126   853  1020 I ThermalEngine: settimer: Start timer 2.000(sec)
09-21 16:47:25.126   853  1020 D ThermalEngine: algo_monitor: Wait for EV
09-21 16:47:26.767 11568 11568 D BoundBrokerSvc: onUnbind: Intent { act=com.google.android.gms.mdns.service.START dat=chimera-action: cmp=com.google.android.gms/.chimera.PersistentApiService }
09-21 16:47:26.796  1589  3381 D CompatibilityInfo: mCompatibilityFlags - 0
09-21 16:47:26.796  1589  3381 D CompatibilityInfo: applicationDensity - 440
09-21 16:47:26.796  1589  3381 D CompatibilityInfo: applicationScale - 1.0
09-21 16:47:26.800 11568 11568 D BoundBrokerSvc: onBind: Intent { act=com.google.android.gms.mdns.service.START dat=chimera-action: cmp=com.google.android.gms/.chimera.PersistentApiService }
09-21 16:47:26.800 11568 11568 D BoundBrokerSvc: Loading bound service for intent: Intent { act=com.google.android.gms.mdns.service.START dat=chimera-action: cmp=com.google.android.gms/.chimera.PersistentApiService }
09-21 16:47:27.127   853  1020 E ThermalEngine: read_thermal_config
09-21 16:47:27.127   853  1020 D ThermalEngine: algo_monitor: Timer EVT
09-21 16:47:27.129   853  1020 I ThermalEngine: Sensor:sdm-therm:48701 mC
09-21 16:47:27.129   853  1020 D ThermalEngine: handle_timer_sig: SS Id SS-QUIET-THERM-GOLD2 Read sdm-therm 48701mC, Err -1701mC, SampleCnt 1
09-21 16:47:27.129   853  1020 D ThermalEngine: handle_timer_sig: SS Id SS-QUIET-THERM-GOLD2, E0 -1701mC, E1 -1701mC
09-21 16:47:27.129   853  1020 D ThermalEngine: Already at device mitigation max limit
09-21 16:47:27.130   853  1020 I ThermalEngine: Sensor:sdm-therm:48701 mC
09-21 16:47:27.130   853  1020 D ThermalEngine: handle_timer_sig: SS Id SS-QUIET-THERM-GOLD Read sdm-therm 48701mC, Err -3701mC, SampleCnt 1
09-21 16:47:27.130   853  1020 D ThermalEngine: handle_timer_sig: SS Id SS-QUIET-THERM-GOLD, E0 -3701mC, E1 -3701mC
09-21 16:47:27.130   853  1020 D ThermalEngine: Already at device mitigation max limit
09-21 16:47:27.131   853  1020 I ThermalEngine: Sensor:sdm-therm:48701 mC
09-21 16:47:27.131   853  1020 D ThermalEngine: handle_timer_sig: SS Id SS-QUIET-THERM-SILVER3 Read sdm-therm 48701mC, Err -701mC, SampleCnt 1
09-21 16:47:27.131   853  1020 D ThermalEngine: handle_timer_sig: SS Id SS-QUIET-THERM-SILVER3, E0 -701mC, E1 -701mC
09-21 16:47:27.131   853  1020 D ThermalEngine: Already at device mitigation max limit
09-21 16:47:27.133   853  1020 I ThermalEngine: Sensor:sdm-therm:48701 mC
09-21 16:47:27.133   853  1020 D ThermalEngine: handle_timer_sig: SS Id SS-QUIET-THERM-SILVER2 Read sdm-therm 48701mC, Err -2701mC, SampleCnt 1
09-21 16:47:27.133   853  1020 D ThermalEngine: handle_timer_sig: SS Id SS-QUIET-THERM-SILVER2, E0 -2701mC, E1 -2701mC
09-21 16:47:27.133   853  1020 D ThermalEngine: Already at device mitigation max limit
09-21 16:47:27.134   853  1020 I ThermalEngine: Sensor:sdm-therm:48701 mC
09-21 16:47:27.134   853  1020 D ThermalEngine: handle_timer_sig: SS Id SS-QUIET-THERM-SILVER Read sdm-therm 48701mC, Err -4701mC, SampleCnt 1
09-21 16:47:27.134   853  1020 D ThermalEngine: handle_timer_sig: SS Id SS-QUIET-THERM-SILVER, E0 -4701mC, E1 -4701mC
09-21 16:47:27.134   853  1020 D ThermalEngine: Already at device mitigation max limit
09-21 16:47:27.135   853  1020 I ThermalEngine: settimer: Start timer 2.000(sec)
09-21 16:47:27.135   853  1020 D ThermalEngine: algo_monitor: Wait for EV
09-21 16:47:27.424  2883  4578 D WorkerThreadMonitor: Kill MSF check result[ senderSize:0,sendInterval:229544,receiveInterval=19404,addCmdCount=690
09-21 16:47:27.888  2317  2341 I QcrilOemhookMsgTunnel: [1]processOemHookIndication length=21
09-21 16:47:27.888  2317  2317 D QcrilMsgTunnelIfaceManager: handleMessage what = 0
09-21 16:47:27.893  2197  2197 D use-Rlog/RLOG-QC_RIL_OEM_HOOK: Received Broadcast Intent ACTION_UNSOL_RESPONSE_OEM_HOOK_RAW
09-21 16:47:27.893  2197  2197 D use-Rlog/RLOG-QC_RIL_OEM_HOOK: Oem ID in QCRILHOOK UNSOL RESP is QOEMHOOK
09-21 16:47:27.893  2197  2288 D RILJ    : Unsol response received; Sending ack to ril.cpp [SUB1]
09-21 16:47:27.893  2197  2197 D use-Rlog/RLOG-QC_RIL_OEM_HOOK: Received Broadcast Intent ACTION_UNSOL_RESPONSE_OEM_HOOK_RAW
09-21 16:47:27.893  2197  2288 D RILJ    : [UNSL]< UNSOL_RESPONSE_NETWORK_STATE_CHANGED [SUB1]
09-21 16:47:27.893  2197  2197 D use-Rlog/RLOG-QC_RIL_OEM_HOOK: Oem ID in QCRILHOOK UNSOL RESP is QOEMHOOK
09-21 16:47:27.893  2197  2197 E use-Rlog/RLOG-QC_RIL_OEM_HOOK: QcRilOemHook notifyRegistrants Failed
09-21 16:47:27.893  2197  2197 D use-Rlog/RLOG-QC_RIL_OEM_HOOK: Received Broadcast Intent ACTION_UNSOL_RESPONSE_OEM_HOOK_RAW
09-21 16:47:27.894  2197  2197 D use-Rlog/RLOG-QC_RIL_OEM_HOOK: Oem ID in QCRILHOOK UNSOL RESP is QOEMHOOK
09-21 16:47:27.894  2178  2178 D use-Rlog/RLOG-QC_RIL_OEM_HOOK: Received Broadcast Intent ACTION_UNSOL_RESPONSE_OEM_HOOK_RAW
09-21 16:47:27.894  2178  2178 D use-Rlog/RLOG-QC_RIL_OEM_HOOK: Oem ID in QCRILHOOK UNSOL RESP is QOEMHOOK
09-21 16:47:27.894  2197  2372 D NetworkRegistrationManager: onNetworkStateChanged
09-21 16:47:27.894  2197  2197 D PhoneSwitcher: handle event - 108
09-21 16:47:27.895  2197  2197 D use-Rlog/RLOG-QC_RIL_OEM_HOOK: Received Broadcast Intent ACTION_UNSOL_RESPONSE_OEM_HOOK_RAW
09-21 16:47:27.895  2197  2197 D use-Rlog/RLOG-QC_RIL_OEM_HOOK: Oem ID in QCRILHOOK UNSOL RESP is QOEMHOOK
09-21 16:47:27.895  2197  2197 D SST[1]  : [1] pollState: modemTriggered=true
09-21 16:47:27.899  2197  2197 D RILJ    : [0525]> OPERATOR [SUB1]
09-21 16:47:27.899  2197  2197 D NetworkRegistrationManager: getNetworkRegistrationState domain 2
09-21 16:47:27.899  2197  2197 D NetworkRegistrationManager: getNetworkRegistrationState domain 1
09-21 16:47:27.901  2197  2372 D RILJ    : [0526]> DATA_REGISTRATION_STATE [SUB1]
09-21 16:47:27.902  2197  2372 D RILJ    : [0528]> VOICE_REGISTRATION_STATE [SUB1]
09-21 16:47:27.902  2317  2341 I QcrilOemhookMsgTunnel: [1]processOemHookIndication length=21
09-21 16:47:27.902  2317  2317 D QcrilMsgTunnelIfaceManager: handleMessage what = 0
09-21 16:47:27.905  2197  2288 D RILJ    : Unsol response received; Sending ack to ril.cpp [SUB1]
09-21 16:47:27.905  2197  2288 D RILJ    : [UNSL]< UNSOL_RESPONSE_NETWORK_STATE_CHANGED [SUB1]
09-21 16:47:27.906  2197  2372 D NetworkRegistrationManager: onNetworkStateChanged
09-21 16:47:27.907  2178  2178 D use-Rlog/RLOG-QC_RIL_OEM_HOOK: Received Broadcast Intent ACTION_UNSOL_RESPONSE_OEM_HOOK_RAW
09-21 16:47:27.907  2178  2178 D use-Rlog/RLOG-QC_RIL_OEM_HOOK: Oem ID in QCRILHOOK UNSOL RESP is QOEMHOOK
09-21 16:47:27.907  2197  2197 D RILJ    : [0527]> QUERY_NETWORK_SELECTION_MODE [SUB1]
09-21 16:47:27.907  2197  2197 D use-Rlog/RLOG-QC_RIL_OEM_HOOK: Received Broadcast Intent ACTION_UNSOL_RESPONSE_OEM_HOOK_RAW
09-21 16:47:27.907  2197  2197 D use-Rlog/RLOG-QC_RIL_OEM_HOOK: Oem ID in QCRILHOOK UNSOL RESP is QOEMHOOK
09-21 16:47:27.908  2197  2197 D use-Rlog/RLOG-QC_RIL_OEM_HOOK: Received Broadcast Intent ACTION_UNSOL_RESPONSE_OEM_HOOK_RAW
09-21 16:47:27.908  2197  2197 D use-Rlog/RLOG-QC_RIL_OEM_HOOK: Oem ID in QCRILHOOK UNSOL RESP is QOEMHOOK
09-21 16:47:27.908  2197  2197 E use-Rlog/RLOG-QC_RIL_OEM_HOOK: QcRilOemHook notifyRegistrants Failed
09-21 16:47:27.908  2197  2197 D use-Rlog/RLOG-QC_RIL_OEM_HOOK: Received Broadcast Intent ACTION_UNSOL_RESPONSE_OEM_HOOK_RAW
09-21 16:47:27.908  2197  2197 D use-Rlog/RLOG-QC_RIL_OEM_HOOK: Oem ID in QCRILHOOK UNSOL RESP is QOEMHOOK
09-21 16:47:27.908  2197  2197 D use-Rlog/RLOG-QC_RIL_OEM_HOOK: Received Broadcast Intent ACTION_UNSOL_RESPONSE_OEM_HOOK_RAW
09-21 16:47:27.908  2197  2197 D use-Rlog/RLOG-QC_RIL_OEM_HOOK: Oem ID in QCRILHOOK UNSOL RESP is QOEMHOOK
09-21 16:47:27.908  2197  2197 D SST[1]  : [1] pollState: modemTriggered=true
09-21 16:47:27.908  2197  2288 D RILJ    : [0525]< OPERATOR {, , } [SUB1]
09-21 16:47:27.913  2197  2197 D RILJ    : [0530]> OPERATOR [SUB1]
09-21 16:47:27.913  2197  2197 D NetworkRegistrationManager: getNetworkRegistrationState domain 2
09-21 16:47:27.913  2197  2197 D NetworkRegistrationManager: getNetworkRegistrationState domain 1
09-21 16:47:27.916  2197  2288 D RILJ    : [0528]< VOICE_REGISTRATION_STATE {.regState = NOT_REG_MT_SEARCHING_OP_EM, .rat = 3, .cssSupported = false, .roamingIndicator = -1, .systemIsInPrl = -1, .defaultRoamingIndicator = -1, .reasonForDenial = 0, .cellIdentity = {...}} [SUB1]
09-21 16:47:27.918  2197  2435 D NetworkRegistrationManager: onGetNetworkRegistrationStateComplete result 0 state NetworkRegistrationState{transportType=1 domain=CS regState=NOT_REG_SEARCHING accessNetworkTechnology=UMTS reasonForDenial=0 emergencyEnabled=true supportedServices=[I@b824b56 cellIdentity=CellIdentityWcdma:{ mMcc=460 mMnc=01 mAlphaLong=CHN-UNICOM mAlphaShort=UNICOM} voiceSpecificStates=VoiceSpecificRegistrationStates { mCssSupported=false mRoamingIndicator=-1 mSystemIsInPrl=-1 mDefaultRoamingIndicator=-1} dataSpecificStates=null}
09-21 16:47:27.922  2197  2372 D RILJ    : [0531]> DATA_REGISTRATION_STATE [SUB1]
09-21 16:47:27.925  2197  2372 D RILJ    : [0533]> VOICE_REGISTRATION_STATE [SUB1]
09-21 16:47:27.925  2197  2288 D RILJ    : [0527]< QUERY_NETWORK_SELECTION_MODE {0} [SUB1]
09-21 16:47:27.926  2197  2197 D RILJ    : [0532]> QUERY_NETWORK_SELECTION_MODE [SUB1]
09-21 16:47:27.926  2197  2197 D PhoneSwitcher: handle event - 108
09-21 16:47:27.926  2197  2197 D SST[1]  : [1] EVENT_POLL_STATE_NETWORK_SELECTION_MODE
09-21 16:47:27.927  2197  2288 D RILJ    : [0526]< DATA_REGISTRATION_STATE {.regState = NOT_REG_MT_NOT_SEARCHING_OP, .rat = 0, .reasonDataDenied = 0, .maxDataCalls = 20, .cellIdentity = {...}} [SUB1]
09-21 16:47:27.927  2197  2435 D NetworkRegistrationManager: onGetNetworkRegistrationStateComplete result 0 state NetworkRegistrationState{transportType=1 domain=PS regState=NOT_REG_NOT_SEARCHING accessNetworkTechnology=UNKNOWN reasonForDenial=0 emergencyEnabled=false supportedServices=null cellIdentity=null voiceSpecificStates=null dataSpecificStates=DataSpecificRegistrationStates { mMaxDataCalls=20}}
09-21 16:47:27.928  2197  2288 D RILJ    : [0530]< OPERATOR {, , } [SUB1]
09-21 16:47:27.930  2197  2435 D NetworkRegistrationManager: onGetNetworkRegistrationStateComplete result 0 state NetworkRegistrationState{transportType=1 domain=PS regState=NOT_REG_NOT_SEARCHING accessNetworkTechnology=UNKNOWN reasonForDenial=0 emergencyEnabled=false supportedServices=null cellIdentity=null voiceSpecificStates=null dataSpecificStates=DataSpecificRegistrationStates { mMaxDataCalls=20}}
09-21 16:47:27.931  2197  2197 D SST[1]  : [1] Could not set ServiceState channel number. CellIdentity null
09-21 16:47:27.931  2197  2197 D SST[1]  : [1] handlPollStateResultMessage: GsmSST dataServiceState=1 regState=0 dataRadioTechnology=0
09-21 16:47:27.931  2197  2288 D RILJ    : [0531]< DATA_REGISTRATION_STATE {.regState = NOT_REG_MT_NOT_SEARCHING_OP, .rat = 0, .reasonDataDenied = 0, .maxDataCalls = 20, .cellIdentity = {...}} [SUB1]
09-21 16:47:27.933  2197  2288 D RILJ    : [0533]< VOICE_REGISTRATION_STATE {.regState = NOT_REG_MT_SEARCHING_OP_EM, .rat = 3, .cssSupported = false, .roamingIndicator = -1, .systemIsInPrl = -1, .defaultRoamingIndicator = -1, .reasonForDenial = 0, .cellIdentity = {...}} [SUB1]
09-21 16:47:27.933  2197  2435 D NetworkRegistrationManager: onGetNetworkRegistrationStateComplete result 0 state NetworkRegistrationState{transportType=1 domain=CS regState=NOT_REG_SEARCHING accessNetworkTechnology=UMTS reasonForDenial=0 emergencyEnabled=true supportedServices=[I@60ab8c4 cellIdentity=CellIdentityWcdma:{ mMcc=460 mMnc=01 mAlphaLong=CHN-UNICOM mAlphaShort=UNICOM} voiceSpecificStates=VoiceSpecificRegistrationStates { mCssSupported=false mRoamingIndicator=-1 mSystemIsInPrl=-1 mDefaultRoamingIndicator=-1} dataSpecificStates=null}
09-21 16:47:27.934  2197  2197 D SST[1]  : [1] handlPollVoiceRegResultMessage: regState=2 radioTechnology=3
09-21 16:47:27.935  2197  2288 D RILJ    : [0532]< QUERY_NETWORK_SELECTION_MODE {0} [SUB1]
09-21 16:47:27.935  2197  2197 D SST[1]  : [1] EVENT_POLL_STATE_NETWORK_SELECTION_MODE
09-21 16:47:27.937  2197  2197 D SST[1]  : [1] Poll ServiceState done:  oldSS=[{mVoiceRegState=1(OUT_OF_SERVICE), mDataRegState=1(OUT_OF_SERVICE), mChannelNumber=10763, duplexMode()=0, mCellBandwidths=[], mVoiceRoamingType=home, mDataRoamingType=home, mVoiceOperatorAlphaLong=, mVoiceOperatorAlphaShort=, mDataOperatorAlphaLong=, mDataOperatorAlphaShort=, isManualNetworkSelection=false(automatic), mRilVoiceRadioTechnology=3(UMTS), mRilDataRadioTechnology=0(Unknown), mCssIndicator=unsupported, mNetworkId=-1, mSystemId=-1, mCdmaRoamingIndicator=-1, mCdmaDefaultRoamingIndicator=-1, mIsEmergencyOnly=true, mIsDataRoamingFromRegistration=false, mIsUsingCarrierAggregation=false, mLteEarfcnRsrpBoost=0, mNetworkRegistrationStates=[NetworkRegistrationState{transportType=1 domain=CS regState=NOT_REG_SEARCHING accessNetworkTechnology=UMTS reasonForDenial=0 emergencyEnabled=true supportedServices=[I@82d6a7e cellIdentity=CellIdentityWcdma:{ mMcc=460 mMnc=01 mAlphaLong=CHN-UNICOM mAlphaShort=UNICOM} voiceSpecificStates=VoiceSpecificRegistrationStates { mCssSupported=false mRoamingIndicator=-1 mSystemIsInPrl=-1 mDefaultRoamingIndicator=-1} dataSpecificStates=null}, NetworkRegistrationState{transportType=1 domain=PS regState=NOT_REG_NOT_SEARCHING accessNetworkTechnology=UNKNOWN reasonForDenial=0 emergencyEnabled=false supportedServices=null cellIdentity=null voiceSpecificStates=null dataSpecificStates=DataSpecificRegistrationStates { mMaxDataCalls=20}}]}] newSS=[{mVoiceRegState=1(OUT_OF_SERVICE), mDataRegState=1(OUT_OF_SERVICE), mChannelNumber=10763, duplexMode()=0, mCellBandwidths=[], mVoiceRoamingType=home, mDataRoamingType=home, mVoiceOperatorAlphaLong=, mVoiceOperatorAlphaShort=, mDataOperatorAlphaLong=, mDataOperatorAlphaShort=, isManualNetworkSelection=false(automatic), mRilVoiceRadioTechnology=3(UMTS), mRilDataRadioTechnology=0(Unknown), mCssIndicator=unsupported, mNetworkId=-1, mSystemId=-1, mCdmaRoamingIndicator=-1, mCdmaDefaultRoamingIndicator=-1, mIsEmergencyOnly=true, mIsDataRoamingFromRegistration=false, mIsUsingCarrierAggregation=false, mLteEarfcnRsrpBoost=0, mNetworkRegistrationStates=[NetworkRegistrationState{transportType=1 domain=PS regState=NOT_REG_NOT_SEARCHING accessNetworkTechnology=UNKNOWN reasonForDenial=0 emergencyEnabled=false supportedServices=null cellIdentity=null voiceSpecificStates=null dataSpecificStates=DataSpecificRegistrationStates { mMaxDataCalls=20}}, NetworkRegistrationState{transportType=1 domain=CS regState=NOT_REG_SEARCHING accessNetworkTechnology=UMTS reasonForDenial=0 emergencyEnabled=true supportedServices=[I@60ab8c4 cellIdentity=CellIdentityWcdma:{ mMcc=460 mMnc=01 mAlphaLong=CHN-UNICOM mAlphaShort=UNICOM} voiceSpecificStates=VoiceSpecificRegistrationStates { mCssSupported=false mRoamingIndicator=-1 mSystemIsInPrl=-1 mDefaultRoamingIndicator=-1} dataSpecificStates=null}]}] oldMaxDataCalls=20 mNewMaxDataCalls=20 oldReasonDataDenied=0 mNewReasonDataDenied=0
09-21 16:47:27.937  2197  2197 D SST[1]  : [1] pollStateDone: hasRegistered=false hasDeregistered=false hasDataAttached=false hasDataDetached=false hasDataRegStateChanged=false hasRilVoiceRadioTechnologyChanged= false hasRilDataRadioTechnologyChanged=false hasChanged=false hasVoiceRoamingOn=false hasVoiceRoamingOff=false hasDataRoamingOn=false hasDataRoamingOff=false hasLocationChanged=false has4gHandoff = false hasMultiApnSupport=false hasLostMultiApnSupport=false hasCssIndicatorChanged=false
09-21 16:47:29.135   853  1020 E ThermalEngine: read_thermal_config
09-21 16:47:29.135   853  1020 D ThermalEngine: algo_monitor: Timer EVT
09-21 16:47:29.136   853  1020 I ThermalEngine: Sensor:sdm-therm:48701 mC
09-21 16:47:29.137   853  1020 D ThermalEngine: handle_timer_sig: SS Id SS-QUIET-THERM-GOLD2 Read sdm-therm 48701mC, Err -1701mC, SampleCnt 1
09-21 16:47:29.137   853  1020 D ThermalEngine: handle_timer_sig: SS Id SS-QUIET-THERM-GOLD2, E0 -1701mC, E1 -1701mC
09-21 16:47:29.137   853  1020 D ThermalEngine: Already at device mitigation max limit
09-21 16:47:29.138   853  1020 I ThermalEngine: Sensor:sdm-therm:48701 mC
09-21 16:47:29.138   853  1020 D ThermalEngine: handle_timer_sig: SS Id SS-QUIET-THERM-GOLD Read sdm-therm 48701mC, Err -3701mC, SampleCnt 1
09-21 16:47:29.138   853  1020 D ThermalEngine: handle_timer_sig: SS Id SS-QUIET-THERM-GOLD, E0 -3701mC, E1 -3701mC
09-21 16:47:29.138   853  1020 D ThermalEngine: Already at device mitigation max limit
09-21 16:47:29.139   853  1020 I ThermalEngine: Sensor:sdm-therm:48701 mC
09-21 16:47:29.139   853  1020 D ThermalEngine: handle_timer_sig: SS Id SS-QUIET-THERM-SILVER3 Read sdm-therm 48701mC, Err -701mC, SampleCnt 1
09-21 16:47:29.139   853  1020 D ThermalEngine: handle_timer_sig: SS Id SS-QUIET-THERM-SILVER3, E0 -701mC, E1 -701mC
09-21 16:47:29.139   853  1020 D ThermalEngine: Already at device mitigation max limit
09-21 16:47:29.140   853  1020 I ThermalEngine: Sensor:sdm-therm:48701 mC
09-21 16:47:29.140   853  1020 D ThermalEngine: handle_timer_sig: SS Id SS-QUIET-THERM-SILVER2 Read sdm-therm 48701mC, Err -2701mC, SampleCnt 1
09-21 16:47:29.140   853  1020 D ThermalEngine: handle_timer_sig: SS Id SS-QUIET-THERM-SILVER2, E0 -2701mC, E1 -2701mC
09-21 16:47:29.140   853  1020 D ThermalEngine: Already at device mitigation max limit
09-21 16:47:29.142   853  1020 I ThermalEngine: Sensor:sdm-therm:48701 mC
09-21 16:47:29.142   853  1020 D ThermalEngine: handle_timer_sig: SS Id SS-QUIET-THERM-SILVER Read sdm-therm 48701mC, Err -4701mC, SampleCnt 1
09-21 16:47:29.142   853  1020 D ThermalEngine: handle_timer_sig: SS Id SS-QUIET-THERM-SILVER, E0 -4701mC, E1 -4701mC
09-21 16:47:29.142   853  1020 D ThermalEngine: Already at device mitigation max limit
09-21 16:47:29.142   853  1020 I ThermalEngine: settimer: Start timer 2.000(sec)
09-21 16:47:29.142   853  1020 D ThermalEngine: algo_monitor: Wait for EV
09-21 16:47:30.207  1589  1737 D NtpTrustedTime: currentTimeMillis() cache hit
09-21 16:47:30.243  1589  1737 I netstats_mobile_sample: [0,0,0,0,0,0,0,0,0,0,0,0,1726908450498]
09-21 16:47:30.244  1589  1737 I netstats_wifi_sample: [2061006669,2857857,57050642,699299,2061006669,2857857,57050642,699299,2128094385,2670022,56583720,696471,1726908450498]
09-21 16:47:30.242  1589  1737 D NtpTrustedTime: currentTimeMillis() cache hit
09-21 16:47:30.247  2990  3462 I TrafficManageService: mina mTrafficStatsReceiver onReceive
09-21 16:47:31.143   853  1020 E ThermalEngine: read_thermal_config
09-21 16:47:31.143   853  1020 D ThermalEngine: algo_monitor: Timer EVT
09-21 16:47:31.145   853  1020 I ThermalEngine: Sensor:sdm-therm:48701 mC
09-21 16:47:31.145   853  1020 D ThermalEngine: handle_timer_sig: SS Id SS-QUIET-THERM-GOLD2 Read sdm-therm 48701mC, Err -1701mC, SampleCnt 1
09-21 16:47:31.145   853  1020 D ThermalEngine: handle_timer_sig: SS Id SS-QUIET-THERM-GOLD2, E0 -1701mC, E1 -1701mC
09-21 16:47:31.145   853  1020 D ThermalEngine: Already at device mitigation max limit
09-21 16:47:31.146   853  1020 I ThermalEngine: Sensor:sdm-therm:48701 mC
09-21 16:47:31.146   853  1020 D ThermalEngine: handle_timer_sig: SS Id SS-QUIET-THERM-GOLD Read sdm-therm 48701mC, Err -3701mC, SampleCnt 1
09-21 16:47:31.146   853  1020 D ThermalEngine: handle_timer_sig: SS Id SS-QUIET-THERM-GOLD, E0 -3701mC, E1 -3701mC
09-21 16:47:31.146   853  1020 D ThermalEngine: Already at device mitigation max limit
09-21 16:47:31.148   853  1020 I ThermalEngine: Sensor:sdm-therm:48701 mC
09-21 16:47:31.148   853  1020 D ThermalEngine: handle_timer_sig: SS Id SS-QUIET-THERM-SILVER3 Read sdm-therm 48701mC, Err -701mC, SampleCnt 1
09-21 16:47:31.148   853  1020 D ThermalEngine: handle_timer_sig: SS Id SS-QUIET-THERM-SILVER3, E0 -701mC, E1 -701mC
09-21 16:47:31.148   853  1020 D ThermalEngine: Already at device mitigation max limit
09-21 16:47:31.149   853  1020 I ThermalEngine: Sensor:sdm-therm:48701 mC
09-21 16:47:31.149   853  1020 D ThermalEngine: handle_timer_sig: SS Id SS-QUIET-THERM-SILVER2 Read sdm-therm 48701mC, Err -2701mC, SampleCnt 1
09-21 16:47:31.150   853  1020 D ThermalEngine: handle_timer_sig: SS Id SS-QUIET-THERM-SILVER2, E0 -2701mC, E1 -2701mC
09-21 16:47:31.150   853  1020 D ThermalEngine: Already at device mitigation max limit
09-21 16:47:31.151   853  1020 I ThermalEngine: Sensor:sdm-therm:48701 mC
09-21 16:47:31.151   853  1020 D ThermalEngine: handle_timer_sig: SS Id SS-QUIET-THERM-SILVER Read sdm-therm 48701mC, Err -4701mC, SampleCnt 1
09-21 16:47:31.151   853  1020 D ThermalEngine: handle_timer_sig: SS Id SS-QUIET-THERM-SILVER, E0 -4701mC, E1 -4701mC
09-21 16:47:31.151   853  1020 D ThermalEngine: Already at device mitigation max limit
09-21 16:47:31.151   853  1020 I ThermalEngine: settimer: Start timer 2.000(sec)
09-21 16:47:31.151   853  1020 D ThermalEngine: algo_monitor: Wait for EV
09-21 16:47:28.212     0     0 E pm6150_charger: wdog_snarl_irq_handler: IRQ: wdog-snarl
09-21 16:47:28.212     0     0 E AWAKE   : SW_THERM_REGULATION_VOTER,0 voting on of val=1
09-21 16:47:28.212     0     0 E AWAKE   : effective vote is now 1 voted by SW_THERM_REGULATION_VOTER,0
09-21 16:47:28.215     0     0 E pm6150_charger: smblib_process_thermal_readings: Current temperatures: 	DIE_TEMP: 515,	CONN_TEMP: 341,	SMB_TEMP: -61,	SKIN_TEMP: 487
09-21 16:47:28.215     0     0 E THERMAL_STATUS: 5
09-21 16:47:28.215     0     0 E AWAKE   : SW_THERM_REGULATION_VOTER,0 voting off of val=0
09-21 16:47:28.215     0     0 E AWAKE   : effective vote is now 0 voted by SW_THERM_REGULATION_VOTER,0
09-21 16:47:31.854 11568 11568 D BoundBrokerSvc: onUnbind: Intent { act=com.google.android.gms.mdns.service.START dat=chimera-action: cmp=com.google.android.gms/.chimera.PersistentApiService }
09-21 16:47:31.864  1589  3381 D CompatibilityInfo: mCompatibilityFlags - 0
09-21 16:47:31.864  1589  3381 D CompatibilityInfo: applicationDensity - 440
09-21 16:47:31.864  1589  3381 D CompatibilityInfo: applicationScale - 1.0
09-21 16:47:31.868 11568 11568 D BoundBrokerSvc: onBind: Intent { act=com.google.android.gms.mdns.service.START dat=chimera-action: cmp=com.google.android.gms/.chimera.PersistentApiService }
09-21 16:47:31.868 11568 11568 D BoundBrokerSvc: Loading bound service for intent: Intent { act=com.google.android.gms.mdns.service.START dat=chimera-action: cmp=com.google.android.gms/.chimera.PersistentApiService }
09-21 16:47:33.029  2317  2341 I QcrilOemhookMsgTunnel: [1]processOemHookIndication length=21
09-21 16:47:33.029  2317  2317 D QcrilMsgTunnelIfaceManager: handleMessage what = 0
09-21 16:47:33.035  2197  2288 D RILJ    : Unsol response received; Sending ack to ril.cpp [SUB1]
09-21 16:47:33.035  2197  2288 D RILJ    : [UNSL]< UNSOL_RESPONSE_NETWORK_STATE_CHANGED [SUB1]
09-21 16:47:33.036  2178  2178 D use-Rlog/RLOG-QC_RIL_OEM_HOOK: Received Broadcast Intent ACTION_UNSOL_RESPONSE_OEM_HOOK_RAW
09-21 16:47:33.036  2178  2178 D use-Rlog/RLOG-QC_RIL_OEM_HOOK: Oem ID in QCRILHOOK UNSOL RESP is QOEMHOOK
09-21 16:47:33.036  2197  2372 D NetworkRegistrationManager: onNetworkStateChanged
09-21 16:47:33.037  2197  2197 D use-Rlog/RLOG-QC_RIL_OEM_HOOK: Received Broadcast Intent ACTION_UNSOL_RESPONSE_OEM_HOOK_RAW
09-21 16:47:33.037  2197  2197 D use-Rlog/RLOG-QC_RIL_OEM_HOOK: Oem ID in QCRILHOOK UNSOL RESP is QOEMHOOK
09-21 16:47:33.037  2197  2197 D SST[1]  : [1] pollState: modemTriggered=true
09-21 16:47:33.040  2197  2197 D RILJ    : [0535]> OPERATOR [SUB1]
09-21 16:47:33.040  2197  2197 D NetworkRegistrationManager: getNetworkRegistrationState domain 2
09-21 16:47:33.041  2197  2197 D NetworkRegistrationManager: getNetworkRegistrationState domain 1
09-21 16:47:33.043  2197  2372 D RILJ    : [0536]> DATA_REGISTRATION_STATE [SUB1]
09-21 16:47:33.047  2197  2197 D RILJ    : [0537]> QUERY_NETWORK_SELECTION_MODE [SUB1]
09-21 16:47:33.048  2197  2197 D use-Rlog/RLOG-QC_RIL_OEM_HOOK: Received Broadcast Intent ACTION_UNSOL_RESPONSE_OEM_HOOK_RAW
09-21 16:47:33.050  2317  2341 I QcrilOemhookMsgTunnel: [1]processOemHookIndication length=21
09-21 16:47:33.050  2197  2288 D RILJ    : Unsol response received; Sending ack to ril.cpp [SUB1]
09-21 16:47:33.050  2197  2288 D RILJ    : [UNSL]< UNSOL_RESPONSE_NETWORK_STATE_CHANGED [SUB1]
09-21 16:47:33.051  2317  2317 D QcrilMsgTunnelIfaceManager: handleMessage what = 0
09-21 16:47:33.052  2197  2372 D RILJ    : [0538]> VOICE_REGISTRATION_STATE [SUB1]
09-21 16:47:33.052  2197  2372 D NetworkRegistrationManager: onNetworkStateChanged
09-21 16:47:33.054  2178  2178 D use-Rlog/RLOG-QC_RIL_OEM_HOOK: Received Broadcast Intent ACTION_UNSOL_RESPONSE_OEM_HOOK_RAW
09-21 16:47:33.054  2178  2178 D use-Rlog/RLOG-QC_RIL_OEM_HOOK: Oem ID in QCRILHOOK UNSOL RESP is QOEMHOOK
09-21 16:47:33.058  2197  2197 D use-Rlog/RLOG-QC_RIL_OEM_HOOK: Oem ID in QCRILHOOK UNSOL RESP is QOEMHOOK
09-21 16:47:33.058  2197  2197 E use-Rlog/RLOG-QC_RIL_OEM_HOOK: QcRilOemHook notifyRegistrants Failed
09-21 16:47:33.058  2197  2197 D use-Rlog/RLOG-QC_RIL_OEM_HOOK: Received Broadcast Intent ACTION_UNSOL_RESPONSE_OEM_HOOK_RAW
09-21 16:47:33.058  2197  2197 D use-Rlog/RLOG-QC_RIL_OEM_HOOK: Oem ID in QCRILHOOK UNSOL RESP is QOEMHOOK
09-21 16:47:33.058  2197  2197 D PhoneSwitcher: handle event - 108
09-21 16:47:33.060  2197  2288 D RILJ    : [0535]< OPERATOR {, , } [SUB1]
09-21 16:47:33.062  2197  2197 D use-Rlog/RLOG-QC_RIL_OEM_HOOK: Received Broadcast Intent ACTION_UNSOL_RESPONSE_OEM_HOOK_RAW
09-21 16:47:33.063  2197  2197 D use-Rlog/RLOG-QC_RIL_OEM_HOOK: Oem ID in QCRILHOOK UNSOL RESP is QOEMHOOK
09-21 16:47:33.063  2197  2197 D SST[1]  : [1] pollState: modemTriggered=true
09-21 16:47:33.064  2197  2288 D RILJ    : [0536]< DATA_REGISTRATION_STATE {.regState = NOT_REG_MT_NOT_SEARCHING_OP, .rat = 0, .reasonDataDenied = 0, .maxDataCalls = 20, .cellIdentity = {...}} [SUB1]
09-21 16:47:33.064  2197  2435 D NetworkRegistrationManager: onGetNetworkRegistrationStateComplete result 0 state NetworkRegistrationState{transportType=1 domain=PS regState=NOT_REG_NOT_SEARCHING accessNetworkTechnology=UNKNOWN reasonForDenial=0 emergencyEnabled=false supportedServices=null cellIdentity=null voiceSpecificStates=null dataSpecificStates=DataSpecificRegistrationStates { mMaxDataCalls=20}}
09-21 16:47:33.066  2197  2288 D RILJ    : [0537]< QUERY_NETWORK_SELECTION_MODE {0} [SUB1]
09-21 16:47:33.066  2197  2197 D RILJ    : [0540]> OPERATOR [SUB1]
09-21 16:47:33.067  2197  2197 D NetworkRegistrationManager: getNetworkRegistrationState domain 2
09-21 16:47:33.067  2197  2197 D NetworkRegistrationManager: getNetworkRegistrationState domain 1
09-21 16:47:33.070  2197  2197 D RILJ    : [0541]> QUERY_NETWORK_SELECTION_MODE [SUB1]
09-21 16:47:33.071  2197  2197 D use-Rlog/RLOG-QC_RIL_OEM_HOOK: Received Broadcast Intent ACTION_UNSOL_RESPONSE_OEM_HOOK_RAW
09-21 16:47:33.071  2197  2197 D use-Rlog/RLOG-QC_RIL_OEM_HOOK: Oem ID in QCRILHOOK UNSOL RESP is QOEMHOOK
09-21 16:47:33.071  2197  2197 D use-Rlog/RLOG-QC_RIL_OEM_HOOK: Received Broadcast Intent ACTION_UNSOL_RESPONSE_OEM_HOOK_RAW
09-21 16:47:33.071  2197  2197 D use-Rlog/RLOG-QC_RIL_OEM_HOOK: Oem ID in QCRILHOOK UNSOL RESP is QOEMHOOK
09-21 16:47:33.071  2197  2197 E use-Rlog/RLOG-QC_RIL_OEM_HOOK: QcRilOemHook notifyRegistrants Failed
09-21 16:47:33.071  2197  2197 D use-Rlog/RLOG-QC_RIL_OEM_HOOK: Received Broadcast Intent ACTION_UNSOL_RESPONSE_OEM_HOOK_RAW
09-21 16:47:33.071  2197  2197 D use-Rlog/RLOG-QC_RIL_OEM_HOOK: Oem ID in QCRILHOOK UNSOL RESP is QOEMHOOK
09-21 16:47:33.071  2197  2288 D RILJ    : [0538]< VOICE_REGISTRATION_STATE {.regState = NOT_REG_MT_SEARCHING_OP_EM, .rat = 3, .cssSupported = false, .roamingIndicator = -1, .systemIsInPrl = -1, .defaultRoamingIndicator = -1, .reasonForDenial = 0, .cellIdentity = {...}} [SUB1]
09-21 16:47:33.071  2197  2197 D use-Rlog/RLOG-QC_RIL_OEM_HOOK: Received Broadcast Intent ACTION_UNSOL_RESPONSE_OEM_HOOK_RAW
09-21 16:47:33.071  2197  2197 D use-Rlog/RLOG-QC_RIL_OEM_HOOK: Oem ID in QCRILHOOK UNSOL RESP is QOEMHOOK
09-21 16:47:33.072  2197  2197 D SST[1]  : [1] EVENT_POLL_STATE_NETWORK_SELECTION_MODE
09-21 16:47:33.072  2197  2197 D PhoneSwitcher: handle event - 108
09-21 16:47:33.072  2197  2372 D RILJ    : [0542]> DATA_REGISTRATION_STATE [SUB1]
09-21 16:47:33.072  2197  2435 D NetworkRegistrationManager: onGetNetworkRegistrationStateComplete result 0 state NetworkRegistrationState{transportType=1 domain=CS regState=NOT_REG_SEARCHING accessNetworkTechnology=UMTS reasonForDenial=0 emergencyEnabled=true supportedServices=[I@8a65c5c cellIdentity=CellIdentityWcdma:{ mMcc=460 mMnc=01 mAlphaLong=CHN-UNICOM mAlphaShort=UNICOM} voiceSpecificStates=VoiceSpecificRegistrationStates { mCssSupported=false mRoamingIndicator=-1 mSystemIsInPrl=-1 mDefaultRoamingIndicator=-1} dataSpecificStates=null}
09-21 16:47:33.076  2197  2372 D RILJ    : [0543]> VOICE_REGISTRATION_STATE [SUB1]
09-21 16:47:33.077  2197  2288 D RILJ    : [0540]< OPERATOR {, , } [SUB1]
09-21 16:47:33.081  2197  2288 D RILJ    : [0542]< DATA_REGISTRATION_STATE {.regState = NOT_REG_MT_NOT_SEARCHING_OP, .rat = 0, .reasonDataDenied = 0, .maxDataCalls = 20, .cellIdentity = {...}} [SUB1]
09-21 16:47:33.081  2197  2435 D NetworkRegistrationManager: onGetNetworkRegistrationStateComplete result 0 state NetworkRegistrationState{transportType=1 domain=PS regState=NOT_REG_NOT_SEARCHING accessNetworkTechnology=UNKNOWN reasonForDenial=0 emergencyEnabled=false supportedServices=null cellIdentity=null voiceSpecificStates=null dataSpecificStates=DataSpecificRegistrationStates { mMaxDataCalls=20}}
09-21 16:47:33.081  2197  2197 D SST[1]  : [1] Could not set ServiceState channel number. CellIdentity null
09-21 16:47:33.081  2197  2197 D SST[1]  : [1] handlPollStateResultMessage: GsmSST dataServiceState=1 regState=0 dataRadioTechnology=0
09-21 16:47:33.086  2197  2288 D RILJ    : [0543]< VOICE_REGISTRATION_STATE {.regState = NOT_REG_MT_SEARCHING_OP_EM, .rat = 3, .cssSupported = false, .roamingIndicator = -1, .systemIsInPrl = -1, .defaultRoamingIndicator = -1, .reasonForDenial = 0, .cellIdentity = {...}} [SUB1]
09-21 16:47:33.086  2197  2288 D RILJ    : [0541]< QUERY_NETWORK_SELECTION_MODE {0} [SUB1]
09-21 16:47:33.087  2197  2197 D SST[1]  : [1] EVENT_POLL_STATE_NETWORK_SELECTION_MODE
09-21 16:47:33.087  2197  2435 D NetworkRegistrationManager: onGetNetworkRegistrationStateComplete result 0 state NetworkRegistrationState{transportType=1 domain=CS regState=NOT_REG_SEARCHING accessNetworkTechnology=UMTS reasonForDenial=0 emergencyEnabled=true supportedServices=[I@a218b65 cellIdentity=CellIdentityWcdma:{ mMcc=460 mMnc=01 mAlphaLong=CHN-UNICOM mAlphaShort=UNICOM} voiceSpecificStates=VoiceSpecificRegistrationStates { mCssSupported=false mRoamingIndicator=-1 mSystemIsInPrl=-1 mDefaultRoamingIndicator=-1} dataSpecificStates=null}
09-21 16:47:33.087  2197  2197 D SST[1]  : [1] handlPollVoiceRegResultMessage: regState=2 radioTechnology=3
09-21 16:47:33.091  2197  2197 D SST[1]  : [1] Poll ServiceState done:  oldSS=[{mVoiceRegState=1(OUT_OF_SERVICE), mDataRegState=1(OUT_OF_SERVICE), mChannelNumber=10763, duplexMode()=0, mCellBandwidths=[], mVoiceRoamingType=home, mDataRoamingType=home, mVoiceOperatorAlphaLong=, mVoiceOperatorAlphaShort=, mDataOperatorAlphaLong=, mDataOperatorAlphaShort=, isManualNetworkSelection=false(automatic), mRilVoiceRadioTechnology=3(UMTS), mRilDataRadioTechnology=0(Unknown), mCssIndicator=unsupported, mNetworkId=-1, mSystemId=-1, mCdmaRoamingIndicator=-1, mCdmaDefaultRoamingIndicator=-1, mIsEmergencyOnly=true, mIsDataRoamingFromRegistration=false, mIsUsingCarrierAggregation=false, mLteEarfcnRsrpBoost=0, mNetworkRegistrationStates=[NetworkRegistrationState{transportType=1 domain=PS regState=NOT_REG_NOT_SEARCHING accessNetworkTechnology=UNKNOWN reasonForDenial=0 emergencyEnabled=false supportedServices=null cellIdentity=null voiceSpecificStates=null dataSpecificStates=DataSpecificRegistrationStates { mMaxDataCalls=20}}, NetworkRegistrationState{transportType=1 domain=CS regState=NOT_REG_SEARCHING accessNetworkTechnology=UMTS reasonForDenial=0 emergencyEnabled=true supportedServices=[I@60ab8c4 cellIdentity=CellIdentityWcdma:{ mMcc=460 mMnc=01 mAlphaLong=CHN-UNICOM mAlphaShort=UNICOM} voiceSpecificStates=VoiceSpecificRegistrationStates { mCssSupported=false mRoamingIndicator=-1 mSystemIsInPrl=-1 mDefaultRoamingIndicator=-1} dataSpecificStates=null}]}] newSS=[{mVoiceRegState=1(OUT_OF_SERVICE), mDataRegState=1(OUT_OF_SERVICE), mChannelNumber=10763, duplexMode()=0, mCellBandwidths=[], mVoiceRoamingType=home, mDataRoamingType=home, mVoiceOperatorAlphaLong=, mVoiceOperatorAlphaShort=, mDataOperatorAlphaLong=, mDataOperatorAlphaShort=, isManualNetworkSelection=false(automatic), mRilVoiceRadioTechnology=3(UMTS), mRilDataRadioTechnology=0(Unknown), mCssIndicator=unsupported, mNetworkId=-1, mSystemId=-1, mCdmaRoamingIndicator=-1, mCdmaDefaultRoamingIndicator=-1, mIsEmergencyOnly=true, mIsDataRoamingFromRegistration=false, mIsUsingCarrierAggregation=false, mLteEarfcnRsrpBoost=0, mNetworkRegistrationStates=[NetworkRegistrationState{transportType=1 domain=PS regState=NOT_REG_NOT_SEARCHING accessNetworkTechnology=UNKNOWN reasonForDenial=0 emergencyEnabled=false supportedServices=null cellIdentity=null voiceSpecificStates=null dataSpecificStates=DataSpecificRegistrationStates { mMaxDataCalls=20}}, NetworkRegistrationState{transportType=1 domain=CS regState=NOT_REG_SEARCHING accessNetworkTechnology=UMTS reasonForDenial=0 emergencyEnabled=true supportedServices=[I@a218b65 cellIdentity=CellIdentityWcdma:{ mMcc=460 mMnc=01 mAlphaLong=CHN-UNICOM mAlphaShort=UNICOM} voiceSpecificStates=VoiceSpecificRegistrationStates { mCssSupported=false mRoamingIndicator=-1 mSystemIsInPrl=-1 mDefaultRoamingIndicator=-1} dataSpecificStates=null}]}] oldMaxDataCalls=20 mNewMaxDataCalls=20 oldReasonDataDenied=0 mNewReasonDataDenied=0
09-21 16:47:33.092  2197  2197 D SST[1]  : [1] pollStateDone: hasRegistered=false hasDeregistered=false hasDataAttached=false hasDataDetached=false hasDataRegStateChanged=false hasRilVoiceRadioTechnologyChanged= false hasRilDataRadioTechnologyChanged=false hasChanged=false hasVoiceRoamingOn=false hasVoiceRoamingOff=false hasDataRoamingOn=false hasDataRoamingOff=false hasLocationChanged=false has4gHandoff = false hasMultiApnSupport=false hasLostMultiApnSupport=false hasCssIndicatorChanged=false
09-21 16:47:33.151   853  1020 E ThermalEngine: read_thermal_config
09-21 16:47:33.151   853  1020 D ThermalEngine: algo_monitor: Timer EVT
09-21 16:47:33.154   853  1020 I ThermalEngine: Sensor:sdm-therm:48766 mC
09-21 16:47:33.154   853  1020 D ThermalEngine: handle_timer_sig: SS Id SS-QUIET-THERM-GOLD2 Read sdm-therm 48766mC, Err -1766mC, SampleCnt 1
09-21 16:47:33.154   853  1020 D ThermalEngine: handle_timer_sig: SS Id SS-QUIET-THERM-GOLD2, E0 -1766mC, E1 -1701mC
09-21 16:47:33.154   853  1020 D ThermalEngine: Already at device mitigation max limit
09-21 16:47:33.155   853  1020 I ThermalEngine: Sensor:sdm-therm:48766 mC
09-21 16:47:33.155   853  1020 D ThermalEngine: handle_timer_sig: SS Id SS-QUIET-THERM-GOLD Read sdm-therm 48766mC, Err -3766mC, SampleCnt 1
09-21 16:47:33.155   853  1020 D ThermalEngine: handle_timer_sig: SS Id SS-QUIET-THERM-GOLD, E0 -3766mC, E1 -3701mC
09-21 16:47:33.155   853  1020 D ThermalEngine: Already at device mitigation max limit
09-21 16:47:33.156   853  1020 I ThermalEngine: Sensor:sdm-therm:48766 mC
09-21 16:47:33.157   853  1020 D ThermalEngine: handle_timer_sig: SS Id SS-QUIET-THERM-SILVER3 Read sdm-therm 48766mC, Err -766mC, SampleCnt 1
09-21 16:47:33.157   853  1020 D ThermalEngine: handle_timer_sig: SS Id SS-QUIET-THERM-SILVER3, E0 -766mC, E1 -701mC
09-21 16:47:33.157   853  1020 D ThermalEngine: Already at device mitigation max limit
09-21 16:47:33.158   853  1020 I ThermalEngine: Sensor:sdm-therm:48766 mC
09-21 16:47:33.158   853  1020 D ThermalEngine: handle_timer_sig: SS Id SS-QUIET-THERM-SILVER2 Read sdm-therm 48766mC, Err -2766mC, SampleCnt 1
09-21 16:47:33.158   853  1020 D ThermalEngine: handle_timer_sig: SS Id SS-QUIET-THERM-SILVER2, E0 -2766mC, E1 -2701mC
09-21 16:47:33.158   853  1020 D ThermalEngine: Already at device mitigation max limit
09-21 16:47:33.159   853  1020 I ThermalEngine: Sensor:sdm-therm:48766 mC
09-21 16:47:33.159   853  1020 D ThermalEngine: handle_timer_sig: SS Id SS-QUIET-THERM-SILVER Read sdm-therm 48766mC, Err -4766mC, SampleCnt 1
09-21 16:47:33.159   853  1020 D ThermalEngine: handle_timer_sig: SS Id SS-QUIET-THERM-SILVER, E0 -4766mC, E1 -4701mC
09-21 16:47:33.159   853  1020 D ThermalEngine: Already at device mitigation max limit
09-21 16:47:33.159   853  1020 I ThermalEngine: settimer: Start timer 2.000(sec)
09-21 16:47:33.159   853  1020 D ThermalEngine: algo_monitor: Wait for EV
09-21 16:47:30.161     0     0 I addr=4842 mask: 01 val: 01
09-21 16:47:30.161     0     0 I         : length 2 addr=48c6
09-21 16:47:30.161     0     0 I val[0]  : 10
09-21 16:47:30.161     0     0 I val[1]  : 03
09-21 16:47:30.161     0     0 I addr=4842 mask: 01 val: 00
09-21 16:47:30.161     0     0 I         : length 2 addr=48c0
09-21 16:47:30.161     0     0 I val[0]  : 94
09-21 16:47:30.161     0     0 I val[1]  : 50
09-21 16:47:30.161     0     0 E ALG     : get_time_to_full_locked: TTF: msoc=79
09-21 16:47:30.161     0     0 I QG-K    : qg_get_learned_capacity: Retrieved learned capacity 2576000uah
09-21 16:47:30.161     0     0 E ALG     : get_time_to_full_locked: TTF: ibatt_avg=200 vbatt_avg=4023 rbatt=210 act_cap_mah=2424
09-21 16:47:30.161     0     0 E ALG     : get_time_to_full_locked: TTF: mode: 0
09-21 16:47:30.161     0     0 E ALG     : get_time_to_full_locked: TTF: i_cc2cv=182
09-21 16:47:30.161     0     0 E ALG     : get_time_to_full_locked: TTF: soc_cc2cv=96
09-21 16:47:30.161     0     0 E ALG     : get_time_to_full_locked: TTF: t_predicted_cc=7766
09-21 16:47:30.161     0     0 E ALG     : get_time_to_full_locked: TTF: iterm=201
09-21 16:47:30.161     0     0 E ALG     : get_time_to_full_locked: TTF: tau=0
09-21 16:47:30.161     0     0 E ALG     : get_time_to_full_locked: TTF: t_predicted_cv=0
09-21 16:47:30.161     0     0 E ALG     : get_time_to_full_locked: TTF: t_predicted_prefilter=7766
09-21 16:47:30.161     0     0 E ALG     : get_time_to_full_locked: TTF: ttf_slope=-100
09-21 16:47:30.161     0     0 E ALG     : get_time_to_full_locked: TTF: t_predicted_postfilter=6823
09-21 16:47:30.161     0     0 E QG_WS   : TTF_AWAKE_VOTER,5 same vote off of val=0
09-21 16:47:30.161     0     0 E QG_WS   : TTF_AWAKE_VOTER,5 Ignoring similar vote off of val=0
09-21 16:47:35.160   853  1020 E ThermalEngine: read_thermal_config
09-21 16:47:35.160   853  1020 D ThermalEngine: algo_monitor: Timer EVT
09-21 16:47:35.161   853  1020 I ThermalEngine: Sensor:sdm-therm:48766 mC
09-21 16:47:35.161   853  1020 D ThermalEngine: handle_timer_sig: SS Id SS-QUIET-THERM-GOLD2 Read sdm-therm 48766mC, Err -1766mC, SampleCnt 1
09-21 16:47:35.161   853  1020 D ThermalEngine: handle_timer_sig: SS Id SS-QUIET-THERM-GOLD2, E0 -1766mC, E1 -1766mC
09-21 16:47:35.161   853  1020 D ThermalEngine: Already at device mitigation max limit
09-21 16:47:35.163   853  1020 I ThermalEngine: Sensor:sdm-therm:48766 mC
09-21 16:47:35.163   853  1020 D ThermalEngine: handle_timer_sig: SS Id SS-QUIET-THERM-GOLD Read sdm-therm 48766mC, Err -3766mC, SampleCnt 1
09-21 16:47:35.163   853  1020 D ThermalEngine: handle_timer_sig: SS Id SS-QUIET-THERM-GOLD, E0 -3766mC, E1 -3766mC
09-21 16:47:35.163   853  1020 D ThermalEngine: Already at device mitigation max limit
09-21 16:47:35.164   853  1020 I ThermalEngine: Sensor:sdm-therm:48766 mC
09-21 16:47:35.164   853  1020 D ThermalEngine: handle_timer_sig: SS Id SS-QUIET-THERM-SILVER3 Read sdm-therm 48766mC, Err -766mC, SampleCnt 1
09-21 16:47:35.164   853  1020 D ThermalEngine: handle_timer_sig: SS Id SS-QUIET-THERM-SILVER3, E0 -766mC, E1 -766mC
09-21 16:47:35.164   853  1020 D ThermalEngine: Already at device mitigation max limit
09-21 16:47:35.165   853  1020 I ThermalEngine: Sensor:sdm-therm:48766 mC
09-21 16:47:35.166   853  1020 D ThermalEngine: handle_timer_sig: SS Id SS-QUIET-THERM-SILVER2 Read sdm-therm 48766mC, Err -2766mC, SampleCnt 1
09-21 16:47:35.166   853  1020 D ThermalEngine: handle_timer_sig: SS Id SS-QUIET-THERM-SILVER2, E0 -2766mC, E1 -2766mC
09-21 16:47:35.166   853  1020 D ThermalEngine: Already at device mitigation max limit
09-21 16:47:35.167   853  1020 I ThermalEngine: Sensor:sdm-therm:48766 mC
09-21 16:47:35.167   853  1020 D ThermalEngine: handle_timer_sig: SS Id SS-QUIET-THERM-SILVER Read sdm-therm 48766mC, Err -4766mC, SampleCnt 1
09-21 16:47:35.167   853  1020 D ThermalEngine: handle_timer_sig: SS Id SS-QUIET-THERM-SILVER, E0 -4766mC, E1 -4766mC
09-21 16:47:35.167   853  1020 D ThermalEngine: Already at device mitigation max limit
09-21 16:47:35.167   853  1020 I ThermalEngine: settimer: Start timer 2.000(sec)
09-21 16:47:35.167   853  1020 D ThermalEngine: algo_monitor: Wait for EV
09-21 16:47:31.797     0     0 E pm6150_charger: default_irq_handler: IRQ: aicl-done
09-21 16:47:36.918 11568 11568 D BoundBrokerSvc: onUnbind: Intent { act=com.google.android.gms.mdns.service.START dat=chimera-action: cmp=com.google.android.gms/.chimera.PersistentApiService }
09-21 16:47:37.168   853  1020 E ThermalEngine: read_thermal_config
09-21 16:47:37.168   853  1020 D ThermalEngine: algo_monitor: Timer EVT
09-21 16:47:37.169   853  1020 I ThermalEngine: Sensor:sdm-therm:48766 mC
09-21 16:47:37.169   853  1020 D ThermalEngine: handle_timer_sig: SS Id SS-QUIET-THERM-GOLD2 Read sdm-therm 48766mC, Err -1766mC, SampleCnt 1
09-21 16:47:37.169   853  1020 D ThermalEngine: handle_timer_sig: SS Id SS-QUIET-THERM-GOLD2, E0 -1766mC, E1 -1766mC
09-21 16:47:37.169   853  1020 D ThermalEngine: Already at device mitigation max limit
09-21 16:47:37.171   853  1020 I ThermalEngine: Sensor:sdm-therm:48766 mC
09-21 16:47:37.171   853  1020 D ThermalEngine: handle_timer_sig: SS Id SS-QUIET-THERM-GOLD Read sdm-therm 48766mC, Err -3766mC, SampleCnt 1
09-21 16:47:37.171   853  1020 D ThermalEngine: handle_timer_sig: SS Id SS-QUIET-THERM-GOLD, E0 -3766mC, E1 -3766mC
09-21 16:47:37.171   853  1020 D ThermalEngine: Already at device mitigation max limit
09-21 16:47:37.172   853  1020 I ThermalEngine: Sensor:sdm-therm:48766 mC
09-21 16:47:37.172   853  1020 D ThermalEngine: handle_timer_sig: SS Id SS-QUIET-THERM-SILVER3 Read sdm-therm 48766mC, Err -766mC, SampleCnt 1
09-21 16:47:37.172   853  1020 D ThermalEngine: handle_timer_sig: SS Id SS-QUIET-THERM-SILVER3, E0 -766mC, E1 -766mC
09-21 16:47:37.172   853  1020 D ThermalEngine: Already at device mitigation max limit
09-21 16:47:37.174   853  1020 I ThermalEngine: Sensor:sdm-therm:48766 mC
09-21 16:47:37.174   853  1020 D ThermalEngine: handle_timer_sig: SS Id SS-QUIET-THERM-SILVER2 Read sdm-therm 48766mC, Err -2766mC, SampleCnt 1
09-21 16:47:37.174   853  1020 D ThermalEngine: handle_timer_sig: SS Id SS-QUIET-THERM-SILVER2, E0 -2766mC, E1 -2766mC
09-21 16:47:37.174   853  1020 D ThermalEngine: Already at device mitigation max limit
09-21 16:47:37.175   853  1020 I ThermalEngine: Sensor:sdm-therm:48766 mC
09-21 16:47:37.175   853  1020 D ThermalEngine: handle_timer_sig: SS Id SS-QUIET-THERM-SILVER Read sdm-therm 48766mC, Err -4766mC, SampleCnt 1
09-21 16:47:37.175   853  1020 D ThermalEngine: handle_timer_sig: SS Id SS-QUIET-THERM-SILVER, E0 -4766mC, E1 -4766mC
09-21 16:47:37.175   853  1020 D ThermalEngine: Already at device mitigation max limit
09-21 16:47:37.175   853  1020 I ThermalEngine: settimer: Start timer 2.000(sec)
09-21 16:47:37.175   853  1020 D ThermalEngine: algo_monitor: Wait for EV
09-21 16:47:38.155  2317  2341 I QcrilOemhookMsgTunnel: [1]processOemHookIndication length=21
09-21 16:47:38.155  2317  2317 D QcrilMsgTunnelIfaceManager: handleMessage what = 0
09-21 16:47:38.155  2197  2288 D RILJ    : Unsol response received; Sending ack to ril.cpp [SUB1]
09-21 16:47:38.156  2197  2288 D RILJ    : [UNSL]< UNSOL_RESPONSE_NETWORK_STATE_CHANGED [SUB1]
09-21 16:47:38.156  2197  2372 D NetworkRegistrationManager: onNetworkStateChanged
09-21 16:47:38.159  2197  2197 D SST[1]  : [1] pollState: modemTriggered=true
09-21 16:47:38.160  2178  2178 D use-Rlog/RLOG-QC_RIL_OEM_HOOK: Received Broadcast Intent ACTION_UNSOL_RESPONSE_OEM_HOOK_RAW
09-21 16:47:38.164  2178  2178 D use-Rlog/RLOG-QC_RIL_OEM_HOOK: Oem ID in QCRILHOOK UNSOL RESP is QOEMHOOK
09-21 16:47:38.165  2197  2197 D RILJ    : [0545]> OPERATOR [SUB1]
09-21 16:47:38.165  2197  2197 D NetworkRegistrationManager: getNetworkRegistrationState domain 2
09-21 16:47:38.166  2197  2197 D NetworkRegistrationManager: getNetworkRegistrationState domain 1
09-21 16:47:38.168  2197  2197 D RILJ    : [0546]> QUERY_NETWORK_SELECTION_MODE [SUB1]
09-21 16:47:38.168  2197  2197 D use-Rlog/RLOG-QC_RIL_OEM_HOOK: Received Broadcast Intent ACTION_UNSOL_RESPONSE_OEM_HOOK_RAW
09-21 16:47:38.168  2197  2197 D use-Rlog/RLOG-QC_RIL_OEM_HOOK: Oem ID in QCRILHOOK UNSOL RESP is QOEMHOOK
09-21 16:47:38.168  2197  2197 D use-Rlog/RLOG-QC_RIL_OEM_HOOK: Received Broadcast Intent ACTION_UNSOL_RESPONSE_OEM_HOOK_RAW
09-21 16:47:38.169  2197  2197 D use-Rlog/RLOG-QC_RIL_OEM_HOOK: Oem ID in QCRILHOOK UNSOL RESP is QOEMHOOK
09-21 16:47:38.169  2197  2197 E use-Rlog/RLOG-QC_RIL_OEM_HOOK: QcRilOemHook notifyRegistrants Failed
09-21 16:47:38.169  2197  2197 D use-Rlog/RLOG-QC_RIL_OEM_HOOK: Received Broadcast Intent ACTION_UNSOL_RESPONSE_OEM_HOOK_RAW
09-21 16:47:38.169  2197  2197 D use-Rlog/RLOG-QC_RIL_OEM_HOOK: Oem ID in QCRILHOOK UNSOL RESP is QOEMHOOK
09-21 16:47:38.169  2197  2372 D RILJ    : [0547]> DATA_REGISTRATION_STATE [SUB1]
09-21 16:47:38.169  2197  2197 D use-Rlog/RLOG-QC_RIL_OEM_HOOK: Received Broadcast Intent ACTION_UNSOL_RESPONSE_OEM_HOOK_RAW
09-21 16:47:38.169  2197  2197 D use-Rlog/RLOG-QC_RIL_OEM_HOOK: Oem ID in QCRILHOOK UNSOL RESP is QOEMHOOK
09-21 16:47:38.169  2197  2197 D PhoneSwitcher: handle event - 108
09-21 16:47:38.171  2197  2372 D RILJ    : [0548]> VOICE_REGISTRATION_STATE [SUB1]
09-21 16:47:38.172  2317  2341 I QcrilOemhookMsgTunnel: [1]processOemHookIndication length=21
09-21 16:47:38.172  2317  2317 D QcrilMsgTunnelIfaceManager: handleMessage what = 0
09-21 16:47:38.174  2197  2288 D RILJ    : Unsol response received; Sending ack to ril.cpp [SUB1]
