09-21 16:52:00.522   586   638 W FrameworkListener: Handler 'getaddrinfo' error (Success)
09-21 16:52:18.246   586   638 W FrameworkListener: Handler 'getaddrinfo' error (Success)
09-21 16:52:18.266   586   638 W FrameworkListener: Handler 'getaddrinfo' error (Success)
09-21 16:52:21.269   586   638 W FrameworkListener: Handler 'getaddrinfo' error (Success)
09-21 16:52:21.281   586   638 W FrameworkListener: Handler 'getaddrinfo' error (Success)
09-21 16:52:30.363   586   638 W FrameworkListener: Handler 'getaddrinfo' error (Success)
09-21 16:52:30.379   586   638 W FrameworkListener: Handler 'getaddrinfo' error (Success)
09-21 16:52:33.397   586   638 W FrameworkListener: Handler 'getaddrinfo' error (Success)
09-21 16:52:33.409   586   638 W FrameworkListener: Handler 'getaddrinfo' error (Success)
09-21 16:53:42.761   586   638 W FrameworkListener: Handler 'getaddrinfo' error (Success)
09-21 16:55:24.017  2317  2341 I QcrilOemhookMsgTunnel: [0]processOemHookResponse serial no: 1355 error: 0length=0
09-21 16:55:24.048  2533  2578 E octvm   : open /sys/class/power_supply/battery/status error, Permission denied
09-21 16:55:24.050  2533  2578 E octvm   : open /sys/class/power_supply/battery/status error, Permission denied
09-21 16:55:24.075  2317  2341 I QcrilOemhookMsgTunnel: [1]processOemHookResponse serial no: 1356 error: 0length=0
09-21 16:55:27.475 10797 10817 D Unity   : T_multisampled_render_to_texture2 GL_OES_shader_multisample_interpolation GL_EXT_texture_cube_map_array GL_EXT_draw_buffers_indexed GL_EXT_gpu_shader5 GL_EXT_robustness GL_EXT_texture_buffer GL_EXT_shader_framebuffer_fetch GL_ARM_shader_framebuffer_fetch_depth_stencil GL_OES_texture_storage_multisample_2d_array GL_OES_sample_shading GL_OES_get_program_binary GL_EXT_debug_label GL_KHR_blend_equation_advanced GL_KHR_blend_equation_advanced_coherent GL_QCOM_tiled_rendering GL_ANDROID_extension_pack_es31a GL_EXT_primitive_bounding_box GL_OES_standard_derivatives GL_OES_vertex_array_object GL_EXT_disjoint_timer_query GL_KHR_debug GL_EXT_YUV_target GL_EXT_sRGB_write_control GL_EXT_texture_norm16 GL_EXT_discard_framebuffer GL_OES_surfaceless_context GL_OVR_multiview GL_OVR_multiview2 GL_EXT_texture_sRGB_R8 GL_KHR_no_error GL_EXT_debug_marker GL_OES_EGL_image_external_essl3 GL_OVR_multiview_multisampled_render_to_texture GL_EXT_buffer_storage GL_EXT_external_buffer GL_EXT_blit_framebuffer_params GL_EXT_clip_cull_dis
09-21 16:55:28.034  2317  2341 I QcrilOemhookMsgTunnel: [0]processOemHookResponse serial no: 1357 error: 0length=0
09-21 16:55:28.042  2317  2341 I QcrilOemhookMsgTunnel: [1]processOemHookResponse serial no: 1358 error: 0length=0
09-21 16:55:29.276 10797 10797 E  >> (ReqCallback.java:11): ReqCallback onFailure: https://cdn.aihelp.net/Elva/OPerMode/CamelGamesInc_platform_f08701cf-0462-4c46-97cc-24000b59c31f/zh-CN-from-api.json, errorMsg: The cdn file is not working, requesting data via API.
09-21 16:55:30.396 10797 10874 I Unity   : [HttpWebRequest] Index = 0 url = http://aoo_dev_sso.ageofzorigins.cn:10801/api2/ssoGetIP test finish status = Success cost = 98.1ms error =  result = {"headers":["Accept:*/*","Connection:keep-alive","Content-Type:text/html;charset=UTF-8","Content-Length:0","Host:aoo_dev_sso.ageofzorigins.cn:10801"],"succ":true,"err":0,"ip":"106.37.199.194","action":136,"err_t":0}
09-21 16:55:33.943   678  1713 E Diag_Lib:  Diag_LSM_Init: Failed to open handle to diag driver, error = 13
09-21 16:55:34.408 10797 10817 I Unity   : [HttpWebRequest] Index = 0 url = http://aoo_dev_sso.ageofzorigins.cn:10801/api2/ssoGetIP test finish status = Timeout cost = 63862506258432.0ms error = Time out result =
09-21 16:55:49.316 10797 10817 I Unity   : {"action":7,"antiIndulged":0,"commonResponse":{"serverTimestamp":1726908949},"error":0,"errorText":"","errorTime":0,"sid":0,"success":true,"gameServerId":2,"statusOK":true}
09-21 16:56:03.883   586   638 W FrameworkListener: Handler 'getaddrinfo' error (Success)
09-21 16:56:28.082   586   638 W FrameworkListener: Handler 'getaddrinfo' error (Success)
09-21 16:56:28.093 11568 26258 W GLSActivity: [GmsAccountAuthenticatorImpl] error status while fetching token:NetworkError
09-21 16:56:28.084   586   638 W FrameworkListener: Handler 'getaddrinfo' error (Success)
09-21 16:58:00.381   586   638 W FrameworkListener: Handler 'getaddrinfo' error (Success)
09-21 16:58:00.401   586   638 W FrameworkListener: Handler 'getaddrinfo' error (Success)
09-21 16:58:03.404   586   638 W FrameworkListener: Handler 'getaddrinfo' error (Success)
09-21 16:58:03.432   586   638 W FrameworkListener: Handler 'getaddrinfo' error (Success)
09-21 16:58:17.945   586   638 W FrameworkListener: Handler 'getaddrinfo' error (Success)
09-21 16:58:21.570   586   638 W FrameworkListener: Handler 'getaddrinfo' error (Success)
09-21 16:58:21.593   586   638 W FrameworkListener: Handler 'getaddrinfo' error (Success)
09-21 16:58:27.627   586   638 W FrameworkListener: Handler 'getaddrinfo' error (Success)
09-21 16:58:27.644   586   638 W FrameworkListener: Handler 'getaddrinfo' error (Success)
09-21 16:58:51.810   586   638 W FrameworkListener: Handler 'getaddrinfo' error (Success)
09-21 16:58:51.817   586   638 W FrameworkListener: Handler 'getaddrinfo' error (Success)
09-21 16:59:06.923   586   638 W FrameworkListener: Handler 'getaddrinfo' error (Success)
09-21 16:59:06.939   586   638 W FrameworkListener: Handler 'getaddrinfo' error (Success)
09-21 16:59:09.951   586   638 W FrameworkListener: Handler 'getaddrinfo' error (Success)
09-21 16:59:09.970   586   638 W FrameworkListener: Handler 'getaddrinfo' error (Success)
09-21 16:59:28.138   586   638 W FrameworkListener: Handler 'getaddrinfo' error (Success)
09-21 16:59:28.151   586   638 W FrameworkListener: Handler 'getaddrinfo' error (Success)
09-21 16:59:31.171   586   638 W FrameworkListener: Handler 'getaddrinfo' error (Success)
09-21 16:59:31.192   586   638 W FrameworkListener: Handler 'getaddrinfo' error (Success)
09-21 16:59:43.290   586   638 W FrameworkListener: Handler 'getaddrinfo' error (Success)
09-21 16:59:43.314   586   638 W FrameworkListener: Handler 'getaddrinfo' error (Success)
09-21 16:59:49.382   586   638 W FrameworkListener: Handler 'getaddrinfo' error (Success)
09-21 16:59:49.397   586   638 W FrameworkListener: Handler 'getaddrinfo' error (Success)
09-21 17:00:04.480   586   638 W FrameworkListener: Handler 'getaddrinfo' error (Success)
09-21 17:00:04.499   586   638 W FrameworkListener: Handler 'getaddrinfo' error (Success)
09-21 17:00:19.606   586   638 W FrameworkListener: Handler 'getaddrinfo' error (Success)
09-21 17:00:19.630   586   638 W FrameworkListener: Handler 'getaddrinfo' error (Success)
09-21 17:00:22.636   586   638 W FrameworkListener: Handler 'getaddrinfo' error (Success)
09-21 17:00:22.656   586   638 W FrameworkListener: Handler 'getaddrinfo' error (Success)
09-21 17:00:28.771   586   638 W FrameworkListener: Handler 'getaddrinfo' error (Success)
09-21 17:02:17.229   586   638 W FrameworkListener: Handler 'getaddrinfo' error (Success)
09-21 17:02:17.271  2883  6825 E SocketReaderNewtrue: socketEngine: 0socket hashCode: 0SocketReader(244) errorjava.net.SocketException: Software caused connection abort
09-21 17:02:17.539   586   638 W FrameworkListener: Handler 'getaddrinfo' error (Success)
09-21 17:02:17.571 11568 12687 W GLSActivity: [GmsAccountAuthenticatorImpl] error status while fetching token:NetworkError
09-21 17:02:17.550   586   638 W FrameworkListener: Handler 'getaddrinfo' error (Success)
09-21 17:02:18.550   586   643 E IptablesRestoreController: iptables error:
09-21 17:02:18.672   586   643 E IptablesRestoreController: iptables error:
09-21 17:02:18.676   586   643 E IptablesRestoreController: iptables error:
09-21 17:02:19.096   586   638 W FrameworkListener: Handler 'getaddrinfo' error (Success)
09-21 17:02:19.209   586   638 W FrameworkListener: Handler 'getaddrinfo' error (Success)
09-21 17:02:19.429   586   638 W FrameworkListener: Handler 'getaddrinfo' error (Success)
09-21 17:02:19.478 11568 11503 W Auth    : [GoogleAuthUtil] [GoogleAuthUtil] error status:NETWORK_ERROR with method:getTokenWithDetails
09-21 17:02:19.441   586   638 W FrameworkListener: Handler 'getaddrinfo' error (Success)
09-21 17:02:19.648  2220  2220 E WhiteListUtils: response  failedSSL handshake aborted: ssl=0x7cfa2f8408: I/O error during system call, Software caused connection abort
09-21 16:52:00.522   586   638 W FrameworkListener: Handler 'getaddrinfo' error (Success)
09-21 16:52:18.246   586   638 W FrameworkListener: Handler 'getaddrinfo' error (Success)
09-21 16:52:18.266   586   638 W FrameworkListener: Handler 'getaddrinfo' error (Success)
09-21 16:52:21.269   586   638 W FrameworkListener: Handler 'getaddrinfo' error (Success)
09-21 16:52:21.281   586   638 W FrameworkListener: Handler 'getaddrinfo' error (Success)
09-21 16:52:30.363   586   638 W FrameworkListener: Handler 'getaddrinfo' error (Success)
09-21 16:52:30.379   586   638 W FrameworkListener: Handler 'getaddrinfo' error (Success)
09-21 16:52:33.397   586   638 W FrameworkListener: Handler 'getaddrinfo' error (Success)
09-21 16:52:33.409   586   638 W FrameworkListener: Handler 'getaddrinfo' error (Success)
09-21 16:53:42.761   586   638 W FrameworkListener: Handler 'getaddrinfo' error (Success)
09-21 16:56:03.883   586   638 W FrameworkListener: Handler 'getaddrinfo' error (Success)
09-21 16:56:28.082   586   638 W FrameworkListener: Handler 'getaddrinfo' error (Success)
09-21 16:56:28.084   586   638 W FrameworkListener: Handler 'getaddrinfo' error (Success)
09-21 16:58:00.381   586   638 W FrameworkListener: Handler 'getaddrinfo' error (Success)
09-21 16:58:00.401   586   638 W FrameworkListener: Handler 'getaddrinfo' error (Success)
09-21 16:58:03.404   586   638 W FrameworkListener: Handler 'getaddrinfo' error (Success)
09-21 16:58:03.432   586   638 W FrameworkListener: Handler 'getaddrinfo' error (Success)
09-21 16:58:17.945   586   638 W FrameworkListener: Handler 'getaddrinfo' error (Success)
09-21 16:58:21.570   586   638 W FrameworkListener: Handler 'getaddrinfo' error (Success)
09-21 16:58:21.593   586   638 W FrameworkListener: Handler 'getaddrinfo' error (Success)
09-21 16:58:27.627   586   638 W FrameworkListener: Handler 'getaddrinfo' error (Success)
09-21 16:58:27.644   586   638 W FrameworkListener: Handler 'getaddrinfo' error (Success)
09-21 16:58:51.810   586   638 W FrameworkListener: Handler 'getaddrinfo' error (Success)
09-21 16:58:51.817   586   638 W FrameworkListener: Handler 'getaddrinfo' error (Success)
09-21 16:59:06.923   586   638 W FrameworkListener: Handler 'getaddrinfo' error (Success)
09-21 16:59:06.939   586   638 W FrameworkListener: Handler 'getaddrinfo' error (Success)
09-21 16:59:09.951   586   638 W FrameworkListener: Handler 'getaddrinfo' error (Success)
09-21 16:59:09.970   586   638 W FrameworkListener: Handler 'getaddrinfo' error (Success)
09-21 16:59:28.138   586   638 W FrameworkListener: Handler 'getaddrinfo' error (Success)
09-21 16:59:28.151   586   638 W FrameworkListener: Handler 'getaddrinfo' error (Success)
09-21 16:59:31.171   586   638 W FrameworkListener: Handler 'getaddrinfo' error (Success)
09-21 16:59:31.192   586   638 W FrameworkListener: Handler 'getaddrinfo' error (Success)
09-21 16:59:43.290   586   638 W FrameworkListener: Handler 'getaddrinfo' error (Success)
09-21 16:59:43.314   586   638 W FrameworkListener: Handler 'getaddrinfo' error (Success)
09-21 16:59:49.382   586   638 W FrameworkListener: Handler 'getaddrinfo' error (Success)
09-21 16:59:49.397   586   638 W FrameworkListener: Handler 'getaddrinfo' error (Success)
09-21 17:00:04.480   586   638 W FrameworkListener: Handler 'getaddrinfo' error (Success)
09-21 17:00:04.499   586   638 W FrameworkListener: Handler 'getaddrinfo' error (Success)
09-21 17:00:19.606   586   638 W FrameworkListener: Handler 'getaddrinfo' error (Success)
09-21 17:00:19.630   586   638 W FrameworkListener: Handler 'getaddrinfo' error (Success)
09-21 17:00:22.636   586   638 W FrameworkListener: Handler 'getaddrinfo' error (Success)
09-21 17:00:22.656   586   638 W FrameworkListener: Handler 'getaddrinfo' error (Success)
09-21 17:00:28.771   586   638 W FrameworkListener: Handler 'getaddrinfo' error (Success)
09-21 17:02:17.229   586   638 W FrameworkListener: Handler 'getaddrinfo' error (Success)
09-21 17:02:17.539   586   638 W FrameworkListener: Handler 'getaddrinfo' error (Success)
09-21 17:02:17.550   586   638 W FrameworkListener: Handler 'getaddrinfo' error (Success)
09-21 17:02:19.096   586   638 W FrameworkListener: Handler 'getaddrinfo' error (Success)
09-21 17:02:19.209   586   638 W FrameworkListener: Handler 'getaddrinfo' error (Success)
09-21 17:02:19.429   586   638 W FrameworkListener: Handler 'getaddrinfo' error (Success)
09-21 17:02:19.441   586   638 W FrameworkListener: Handler 'getaddrinfo' error (Success)
09-21 17:02:21.314   586   638 W FrameworkListener: Handler 'getaddrinfo' error (Success)
09-21 17:02:21.421   586   638 W FrameworkListener: Handler 'getaddrinfo' error (Success)
09-21 17:02:21.588   586   638 W FrameworkListener: Handler 'getaddrinfo' error (Success)
09-21 17:02:21.796   586   638 W FrameworkListener: Handler 'getaddrinfo' error (Success)
09-21 17:02:21.837 11568 11557 W Auth    : [GoogleAuthUtil] [GoogleAuthUtil] error status:NETWORK_ERROR with method:getTokenWithDetails
09-21 17:02:21.819   586   638 W FrameworkListener: Handler 'getaddrinfo' error (Success)
09-21 17:02:25.161   586   638 W FrameworkListener: Handler 'getaddrinfo' error (Success)
09-21 17:02:26.617   586   643 E IptablesRestoreController: iptables error:
09-21 17:02:26.917   586   638 W FrameworkListener: Handler 'getaddrinfo' error (Success)
09-21 17:02:26.981   586   638 W FrameworkListener: Handler 'getaddrinfo' error (Success)
09-21 17:02:27.206   586   638 W FrameworkListener: Handler 'getaddrinfo' error (Success)
09-21 17:02:27.293 11568 11716 W Auth    : [GoogleAuthUtil] [GoogleAuthUtil] error status:NETWORK_ERROR with method:getTokenWithDetails
09-21 16:52:00.522   586   638 W FrameworkListener: Handler 'getaddrinfo' error (Success)
09-21 16:52:18.246   586   638 W FrameworkListener: Handler 'getaddrinfo' error (Success)
09-21 16:52:18.266   586   638 W FrameworkListener: Handler 'getaddrinfo' error (Success)
09-21 16:52:21.269   586   638 W FrameworkListener: Handler 'getaddrinfo' error (Success)
09-21 16:52:21.281   586   638 W FrameworkListener: Handler 'getaddrinfo' error (Success)
09-21 16:52:30.363   586   638 W FrameworkListener: Handler 'getaddrinfo' error (Success)
09-21 16:52:30.379   586   638 W FrameworkListener: Handler 'getaddrinfo' error (Success)
09-21 16:52:33.397   586   638 W FrameworkListener: Handler 'getaddrinfo' error (Success)
09-21 16:52:33.409   586   638 W FrameworkListener: Handler 'getaddrinfo' error (Success)
09-21 16:53:42.761   586   638 W FrameworkListener: Handler 'getaddrinfo' error (Success)
09-21 16:56:03.883   586   638 W FrameworkListener: Handler 'getaddrinfo' error (Success)
09-21 16:56:28.082   586   638 W FrameworkListener: Handler 'getaddrinfo' error (Success)
09-21 16:56:28.084   586   638 W FrameworkListener: Handler 'getaddrinfo' error (Success)
09-21 16:58:00.381   586   638 W FrameworkListener: Handler 'getaddrinfo' error (Success)
09-21 16:58:00.401   586   638 W FrameworkListener: Handler 'getaddrinfo' error (Success)
09-21 16:58:03.404   586   638 W FrameworkListener: Handler 'getaddrinfo' error (Success)
09-21 16:58:03.432   586   638 W FrameworkListener: Handler 'getaddrinfo' error (Success)
09-21 16:58:17.945   586   638 W FrameworkListener: Handler 'getaddrinfo' error (Success)
09-21 16:58:21.570   586   638 W FrameworkListener: Handler 'getaddrinfo' error (Success)
09-21 16:58:21.593   586   638 W FrameworkListener: Handler 'getaddrinfo' error (Success)
09-21 16:58:27.627   586   638 W FrameworkListener: Handler 'getaddrinfo' error (Success)
09-21 16:58:27.644   586   638 W FrameworkListener: Handler 'getaddrinfo' error (Success)
09-21 16:58:51.810   586   638 W FrameworkListener: Handler 'getaddrinfo' error (Success)
09-21 16:58:51.817   586   638 W FrameworkListener: Handler 'getaddrinfo' error (Success)
09-21 16:59:06.923   586   638 W FrameworkListener: Handler 'getaddrinfo' error (Success)
09-21 16:59:06.939   586   638 W FrameworkListener: Handler 'getaddrinfo' error (Success)
09-21 16:59:09.951   586   638 W FrameworkListener: Handler 'getaddrinfo' error (Success)
09-21 16:59:09.970   586   638 W FrameworkListener: Handler 'getaddrinfo' error (Success)
09-21 16:59:28.138   586   638 W FrameworkListener: Handler 'getaddrinfo' error (Success)
09-21 16:59:28.151   586   638 W FrameworkListener: Handler 'getaddrinfo' error (Success)
09-21 16:59:31.171   586   638 W FrameworkListener: Handler 'getaddrinfo' error (Success)
09-21 16:59:31.192   586   638 W FrameworkListener: Handler 'getaddrinfo' error (Success)
09-21 16:59:43.290   586   638 W FrameworkListener: Handler 'getaddrinfo' error (Success)
09-21 16:59:43.314   586   638 W FrameworkListener: Handler 'getaddrinfo' error (Success)
09-21 16:59:49.382   586   638 W FrameworkListener: Handler 'getaddrinfo' error (Success)
09-21 16:59:49.397   586   638 W FrameworkListener: Handler 'getaddrinfo' error (Success)
09-21 17:00:04.480   586   638 W FrameworkListener: Handler 'getaddrinfo' error (Success)
09-21 17:00:04.499   586   638 W FrameworkListener: Handler 'getaddrinfo' error (Success)
09-21 17:00:19.606   586   638 W FrameworkListener: Handler 'getaddrinfo' error (Success)
09-21 17:00:19.630   586   638 W FrameworkListener: Handler 'getaddrinfo' error (Success)
09-21 17:00:22.636   586   638 W FrameworkListener: Handler 'getaddrinfo' error (Success)
09-21 17:00:22.656   586   638 W FrameworkListener: Handler 'getaddrinfo' error (Success)
09-21 17:00:28.771   586   638 W FrameworkListener: Handler 'getaddrinfo' error (Success)
09-21 17:02:17.229   586   638 W FrameworkListener: Handler 'getaddrinfo' error (Success)
09-21 17:02:17.539   586   638 W FrameworkListener: Handler 'getaddrinfo' error (Success)
09-21 17:02:17.550   586   638 W FrameworkListener: Handler 'getaddrinfo' error (Success)
09-21 17:02:19.096   586   638 W FrameworkListener: Handler 'getaddrinfo' error (Success)
09-21 17:02:19.209   586   638 W FrameworkListener: Handler 'getaddrinfo' error (Success)
09-21 17:02:19.429   586   638 W FrameworkListener: Handler 'getaddrinfo' error (Success)
09-21 17:02:19.441   586   638 W FrameworkListener: Handler 'getaddrinfo' error (Success)
09-21 17:02:21.314   586   638 W FrameworkListener: Handler 'getaddrinfo' error (Success)
09-21 17:02:21.421   586   638 W FrameworkListener: Handler 'getaddrinfo' error (Success)
09-21 17:02:21.588   586   638 W FrameworkListener: Handler 'getaddrinfo' error (Success)
09-21 17:02:21.796   586   638 W FrameworkListener: Handler 'getaddrinfo' error (Success)
09-21 17:02:21.819   586   638 W FrameworkListener: Handler 'getaddrinfo' error (Success)
09-21 17:02:25.161   586   638 W FrameworkListener: Handler 'getaddrinfo' error (Success)
09-21 17:02:26.617   586   643 E IptablesRestoreController: iptables error:
09-21 17:02:26.917   586   638 W FrameworkListener: Handler 'getaddrinfo' error (Success)
09-21 17:02:26.981   586   638 W FrameworkListener: Handler 'getaddrinfo' error (Success)
09-21 17:02:27.206   586   638 W FrameworkListener: Handler 'getaddrinfo' error (Success)
09-21 17:02:27.293 11568 11716 W Auth    : [GoogleAuthUtil] [GoogleAuthUtil] error status:NETWORK_ERROR with method:getTokenWithDetails
09-21 17:02:27.280   586   638 W FrameworkListener: Handler 'getaddrinfo' error (Success)
09-21 17:02:29.458   586   638 W FrameworkListener: Handler 'getaddrinfo' error (Success)
09-21 17:02:29.528   586   638 W FrameworkListener: Handler 'getaddrinfo' error (Success)
09-21 17:02:34.966   586   638 W FrameworkListener: Handler 'getaddrinfo' error (Success)
09-21 17:02:35.015   586   638 W FrameworkListener: Handler 'getaddrinfo' error (Success)
09-21 17:02:35.999   586   638 W FrameworkListener: Handler 'getaddrinfo' error (Success)
09-21 17:02:36.249   586   643 E IptablesRestoreController: iptables error:
09-21 17:02:36.255   586   643 E IptablesRestoreController: iptables error:
09-21 17:02:36.387   586   643 E IptablesRestoreController: iptables error:
09-21 17:02:36.743   586   638 W FrameworkListener: Handler 'getaddrinfo' error (Success)
09-21 17:02:36.820   586   638 W FrameworkListener: Handler 'getaddrinfo' error (Success)
09-21 17:02:37.049   586   638 W FrameworkListener: Handler 'getaddrinfo' error (Success)
09-21 17:02:37.185 11568 11774 W Auth    : [GoogleAuthUtil] [GoogleAuthUtil] error status:NETWORK_ERROR with method:getTokenWithDetails
09-21 17:02:37.170   586   638 W FrameworkListener: Handler 'getaddrinfo' error (Success)
09-21 17:02:39.202   586   638 W FrameworkListener: Handler 'getaddrinfo' error (Success)
09-21 17:02:39.214   586   638 W FrameworkListener: Handler 'getaddrinfo' error (Success)
09-21 17:02:42.029   586   643 E IptablesRestoreController: iptables error:
09-21 17:02:42.036   586   643 E IptablesRestoreController: iptables error:
09-21 17:02:42.181   586   643 E IptablesRestoreController: iptables error:
09-21 17:02:42.187   586   643 E IptablesRestoreController: iptables error:
09-21 17:02:42.606   586   638 W FrameworkListener: Handler 'getaddrinfo' error (Success)
09-21 17:02:42.672   586   638 W FrameworkListener: Handler 'getaddrinfo' error (Success)
09-21 17:02:42.880   586   638 W FrameworkListener: Handler 'getaddrinfo' error (Success)
09-21 17:02:42.972 11568 11825 W Auth    : [GoogleAuthUtil] [GoogleAuthUtil] error status:NETWORK_ERROR with method:getTokenWithDetails
09-21 16:52:00.522   586   638 W FrameworkListener: Handler 'getaddrinfo' error (Success)
09-21 16:52:18.246   586   638 W FrameworkListener: Handler 'getaddrinfo' error (Success)
09-21 16:52:18.266   586   638 W FrameworkListener: Handler 'getaddrinfo' error (Success)
09-21 16:52:21.269   586   638 W FrameworkListener: Handler 'getaddrinfo' error (Success)
09-21 16:52:21.281   586   638 W FrameworkListener: Handler 'getaddrinfo' error (Success)
09-21 16:52:30.363   586   638 W FrameworkListener: Handler 'getaddrinfo' error (Success)
09-21 16:52:30.379   586   638 W FrameworkListener: Handler 'getaddrinfo' error (Success)
09-21 16:52:33.397   586   638 W FrameworkListener: Handler 'getaddrinfo' error (Success)
09-21 16:52:33.409   586   638 W FrameworkListener: Handler 'getaddrinfo' error (Success)
09-21 16:53:42.761   586   638 W FrameworkListener: Handler 'getaddrinfo' error (Success)
09-21 16:56:03.883   586   638 W FrameworkListener: Handler 'getaddrinfo' error (Success)
09-21 16:56:28.082   586   638 W FrameworkListener: Handler 'getaddrinfo' error (Success)
09-21 16:56:28.084   586   638 W FrameworkListener: Handler 'getaddrinfo' error (Success)
09-21 16:58:00.381   586   638 W FrameworkListener: Handler 'getaddrinfo' error (Success)
09-21 16:58:00.401   586   638 W FrameworkListener: Handler 'getaddrinfo' error (Success)
09-21 16:58:03.404   586   638 W FrameworkListener: Handler 'getaddrinfo' error (Success)
09-21 16:58:03.432   586   638 W FrameworkListener: Handler 'getaddrinfo' error (Success)
09-21 16:58:17.945   586   638 W FrameworkListener: Handler 'getaddrinfo' error (Success)
09-21 16:58:21.570   586   638 W FrameworkListener: Handler 'getaddrinfo' error (Success)
09-21 16:58:21.593   586   638 W FrameworkListener: Handler 'getaddrinfo' error (Success)
09-21 16:58:27.627   586   638 W FrameworkListener: Handler 'getaddrinfo' error (Success)
09-21 16:58:27.644   586   638 W FrameworkListener: Handler 'getaddrinfo' error (Success)
09-21 16:58:51.810   586   638 W FrameworkListener: Handler 'getaddrinfo' error (Success)
09-21 16:58:51.817   586   638 W FrameworkListener: Handler 'getaddrinfo' error (Success)
09-21 16:59:06.923   586   638 W FrameworkListener: Handler 'getaddrinfo' error (Success)
09-21 16:59:06.939   586   638 W FrameworkListener: Handler 'getaddrinfo' error (Success)
09-21 16:59:09.951   586   638 W FrameworkListener: Handler 'getaddrinfo' error (Success)
09-21 16:59:09.970   586   638 W FrameworkListener: Handler 'getaddrinfo' error (Success)
09-21 16:59:28.138   586   638 W FrameworkListener: Handler 'getaddrinfo' error (Success)
09-21 16:59:28.151   586   638 W FrameworkListener: Handler 'getaddrinfo' error (Success)
09-21 16:59:31.171   586   638 W FrameworkListener: Handler 'getaddrinfo' error (Success)
09-21 16:59:31.192   586   638 W FrameworkListener: Handler 'getaddrinfo' error (Success)
09-21 16:59:43.290   586   638 W FrameworkListener: Handler 'getaddrinfo' error (Success)
09-21 16:59:43.314   586   638 W FrameworkListener: Handler 'getaddrinfo' error (Success)
09-21 16:59:49.382   586   638 W FrameworkListener: Handler 'getaddrinfo' error (Success)
09-21 16:59:49.397   586   638 W FrameworkListener: Handler 'getaddrinfo' error (Success)
09-21 17:00:04.480   586   638 W FrameworkListener: Handler 'getaddrinfo' error (Success)
09-21 17:00:04.499   586   638 W FrameworkListener: Handler 'getaddrinfo' error (Success)
09-21 17:00:19.606   586   638 W FrameworkListener: Handler 'getaddrinfo' error (Success)
09-21 17:00:19.630   586   638 W FrameworkListener: Handler 'getaddrinfo' error (Success)
09-21 17:00:22.636   586   638 W FrameworkListener: Handler 'getaddrinfo' error (Success)
09-21 17:00:22.656   586   638 W FrameworkListener: Handler 'getaddrinfo' error (Success)
09-21 17:00:28.771   586   638 W FrameworkListener: Handler 'getaddrinfo' error (Success)
09-21 17:02:17.229   586   638 W FrameworkListener: Handler 'getaddrinfo' error (Success)
09-21 17:02:17.539   586   638 W FrameworkListener: Handler 'getaddrinfo' error (Success)
09-21 17:02:17.550   586   638 W FrameworkListener: Handler 'getaddrinfo' error (Success)
09-21 17:02:19.096   586   638 W FrameworkListener: Handler 'getaddrinfo' error (Success)
09-21 17:02:19.209   586   638 W FrameworkListener: Handler 'getaddrinfo' error (Success)
09-21 17:02:19.429   586   638 W FrameworkListener: Handler 'getaddrinfo' error (Success)
09-21 17:02:19.441   586   638 W FrameworkListener: Handler 'getaddrinfo' error (Success)
09-21 17:02:21.314   586   638 W FrameworkListener: Handler 'getaddrinfo' error (Success)
09-21 17:02:21.421   586   638 W FrameworkListener: Handler 'getaddrinfo' error (Success)
09-21 17:02:21.588   586   638 W FrameworkListener: Handler 'getaddrinfo' error (Success)
09-21 17:02:21.796   586   638 W FrameworkListener: Handler 'getaddrinfo' error (Success)
09-21 17:02:21.819   586   638 W FrameworkListener: Handler 'getaddrinfo' error (Success)
09-21 17:02:25.161   586   638 W FrameworkListener: Handler 'getaddrinfo' error (Success)
09-21 17:02:26.917   586   638 W FrameworkListener: Handler 'getaddrinfo' error (Success)
09-21 17:02:26.981   586   638 W FrameworkListener: Handler 'getaddrinfo' error (Success)
09-21 17:02:27.206   586   638 W FrameworkListener: Handler 'getaddrinfo' error (Success)
09-21 17:02:27.280   586   638 W FrameworkListener: Handler 'getaddrinfo' error (Success)
09-21 17:02:29.458   586   638 W FrameworkListener: Handler 'getaddrinfo' error (Success)
09-21 17:02:29.528   586   638 W FrameworkListener: Handler 'getaddrinfo' error (Success)
09-21 17:02:34.966   586   638 W FrameworkListener: Handler 'getaddrinfo' error (Success)
09-21 17:02:35.015   586   638 W FrameworkListener: Handler 'getaddrinfo' error (Success)
09-21 17:02:35.999   586   638 W FrameworkListener: Handler 'getaddrinfo' error (Success)
09-21 17:02:36.743   586   638 W FrameworkListener: Handler 'getaddrinfo' error (Success)
09-21 17:02:36.820   586   638 W FrameworkListener: Handler 'getaddrinfo' error (Success)
09-21 17:02:37.049   586   638 W FrameworkListener: Handler 'getaddrinfo' error (Success)
09-21 17:02:37.170   586   638 W FrameworkListener: Handler 'getaddrinfo' error (Success)
09-21 17:02:39.202   586   638 W FrameworkListener: Handler 'getaddrinfo' error (Success)
09-21 17:02:39.214   586   638 W FrameworkListener: Handler 'getaddrinfo' error (Success)
09-21 17:02:42.029   586   643 E IptablesRestoreController: iptables error:
09-21 17:02:42.036   586   643 E IptablesRestoreController: iptables error:
09-21 17:02:42.181   586   643 E IptablesRestoreController: iptables error:
09-21 17:02:42.187   586   643 E IptablesRestoreController: iptables error:
09-21 17:02:42.606   586   638 W FrameworkListener: Handler 'getaddrinfo' error (Success)
09-21 17:02:42.672   586   638 W FrameworkListener: Handler 'getaddrinfo' error (Success)
09-21 17:02:42.880   586   638 W FrameworkListener: Handler 'getaddrinfo' error (Success)
09-21 17:02:42.972 11568 11825 W Auth    : [GoogleAuthUtil] [GoogleAuthUtil] error status:NETWORK_ERROR with method:getTokenWithDetails
09-21 17:02:42.962   586   638 W FrameworkListener: Handler 'getaddrinfo' error (Success)
09-21 17:02:44.984   586   638 W FrameworkListener: Handler 'getaddrinfo' error (Success)
09-21 17:02:45.012   586   638 W FrameworkListener: Handler 'getaddrinfo' error (Success)
09-21 17:02:45.565   586   638 W FrameworkListener: Handler 'getaddrinfo' error (Success)
09-21 17:02:46.758   586   643 E IptablesRestoreController: iptables error:
09-21 17:02:46.882   586   643 E IptablesRestoreController: iptables error:
09-21 17:02:47.239   586   638 W FrameworkListener: Handler 'getaddrinfo' error (Success)
09-21 17:02:47.311  2883  6825 E SocketReaderNewtrue: socketEngine: 0socket hashCode: 0SocketReader(244) errorjava.net.SocketException: Socket is closed
09-21 17:02:47.331   586   638 W FrameworkListener: Handler 'getaddrinfo' error (Success)
09-21 17:02:47.383 10797 10817 I Unity   : {"action":7,"antiIndulged":0,"commonResponse":{"serverTimestamp":1726908949},"error":0,"errorText":"","errorTime":0,"sid":0,"success":true,"gameServerId":2,"statusOK":true}
09-21 17:02:47.499   586   638 W FrameworkListener: Handler 'getaddrinfo' error (Success)
09-21 17:02:47.603 11568 11882 W Auth    : [GoogleAuthUtil] [GoogleAuthUtil] error status:NETWORK_ERROR with method:getTokenWithDetails
09-21 16:52:00.522   586   638 W FrameworkListener: Handler 'getaddrinfo' error (Success)
09-21 16:52:18.246   586   638 W FrameworkListener: Handler 'getaddrinfo' error (Success)
09-21 16:52:18.266   586   638 W FrameworkListener: Handler 'getaddrinfo' error (Success)
09-21 16:52:21.269   586   638 W FrameworkListener: Handler 'getaddrinfo' error (Success)
09-21 16:52:21.281   586   638 W FrameworkListener: Handler 'getaddrinfo' error (Success)
09-21 16:52:30.363   586   638 W FrameworkListener: Handler 'getaddrinfo' error (Success)
09-21 16:52:30.379   586   638 W FrameworkListener: Handler 'getaddrinfo' error (Success)
09-21 16:52:33.397   586   638 W FrameworkListener: Handler 'getaddrinfo' error (Success)
09-21 16:52:33.409   586   638 W FrameworkListener: Handler 'getaddrinfo' error (Success)
09-21 16:53:42.761   586   638 W FrameworkListener: Handler 'getaddrinfo' error (Success)
09-21 16:56:03.883   586   638 W FrameworkListener: Handler 'getaddrinfo' error (Success)
09-21 16:56:28.082   586   638 W FrameworkListener: Handler 'getaddrinfo' error (Success)
09-21 16:56:28.084   586   638 W FrameworkListener: Handler 'getaddrinfo' error (Success)
09-21 16:58:00.381   586   638 W FrameworkListener: Handler 'getaddrinfo' error (Success)
09-21 16:58:00.401   586   638 W FrameworkListener: Handler 'getaddrinfo' error (Success)
09-21 16:58:03.404   586   638 W FrameworkListener: Handler 'getaddrinfo' error (Success)
09-21 16:58:03.432   586   638 W FrameworkListener: Handler 'getaddrinfo' error (Success)
09-21 16:58:17.945   586   638 W FrameworkListener: Handler 'getaddrinfo' error (Success)
09-21 16:58:21.570   586   638 W FrameworkListener: Handler 'getaddrinfo' error (Success)
09-21 16:58:21.593   586   638 W FrameworkListener: Handler 'getaddrinfo' error (Success)
09-21 16:58:27.627   586   638 W FrameworkListener: Handler 'getaddrinfo' error (Success)
09-21 16:58:27.644   586   638 W FrameworkListener: Handler 'getaddrinfo' error (Success)
09-21 16:58:51.810   586   638 W FrameworkListener: Handler 'getaddrinfo' error (Success)
09-21 16:58:51.817   586   638 W FrameworkListener: Handler 'getaddrinfo' error (Success)
09-21 16:59:06.923   586   638 W FrameworkListener: Handler 'getaddrinfo' error (Success)
09-21 16:59:06.939   586   638 W FrameworkListener: Handler 'getaddrinfo' error (Success)
09-21 16:59:09.951   586   638 W FrameworkListener: Handler 'getaddrinfo' error (Success)
09-21 16:59:09.970   586   638 W FrameworkListener: Handler 'getaddrinfo' error (Success)
09-21 16:59:28.138   586   638 W FrameworkListener: Handler 'getaddrinfo' error (Success)
09-21 16:59:28.151   586   638 W FrameworkListener: Handler 'getaddrinfo' error (Success)
09-21 16:59:31.171   586   638 W FrameworkListener: Handler 'getaddrinfo' error (Success)
09-21 16:59:31.192   586   638 W FrameworkListener: Handler 'getaddrinfo' error (Success)
09-21 16:59:43.290   586   638 W FrameworkListener: Handler 'getaddrinfo' error (Success)
09-21 16:59:43.314   586   638 W FrameworkListener: Handler 'getaddrinfo' error (Success)
09-21 16:59:49.382   586   638 W FrameworkListener: Handler 'getaddrinfo' error (Success)
09-21 16:59:49.397   586   638 W FrameworkListener: Handler 'getaddrinfo' error (Success)
09-21 17:00:04.480   586   638 W FrameworkListener: Handler 'getaddrinfo' error (Success)
09-21 17:00:04.499   586   638 W FrameworkListener: Handler 'getaddrinfo' error (Success)
09-21 17:00:19.606   586   638 W FrameworkListener: Handler 'getaddrinfo' error (Success)
09-21 17:00:19.630   586   638 W FrameworkListener: Handler 'getaddrinfo' error (Success)
09-21 17:00:22.636   586   638 W FrameworkListener: Handler 'getaddrinfo' error (Success)
09-21 17:00:22.656   586   638 W FrameworkListener: Handler 'getaddrinfo' error (Success)
09-21 17:00:28.771   586   638 W FrameworkListener: Handler 'getaddrinfo' error (Success)
09-21 17:02:17.229   586   638 W FrameworkListener: Handler 'getaddrinfo' error (Success)
09-21 17:02:17.539   586   638 W FrameworkListener: Handler 'getaddrinfo' error (Success)
09-21 17:02:17.550   586   638 W FrameworkListener: Handler 'getaddrinfo' error (Success)
09-21 17:02:19.096   586   638 W FrameworkListener: Handler 'getaddrinfo' error (Success)
09-21 17:02:19.209   586   638 W FrameworkListener: Handler 'getaddrinfo' error (Success)
09-21 17:02:19.429   586   638 W FrameworkListener: Handler 'getaddrinfo' error (Success)
09-21 17:02:19.441   586   638 W FrameworkListener: Handler 'getaddrinfo' error (Success)
09-21 17:02:21.314   586   638 W FrameworkListener: Handler 'getaddrinfo' error (Success)
09-21 17:02:21.421   586   638 W FrameworkListener: Handler 'getaddrinfo' error (Success)
09-21 17:02:21.588   586   638 W FrameworkListener: Handler 'getaddrinfo' error (Success)
09-21 17:02:21.796   586   638 W FrameworkListener: Handler 'getaddrinfo' error (Success)
09-21 17:02:21.819   586   638 W FrameworkListener: Handler 'getaddrinfo' error (Success)
09-21 17:02:25.161   586   638 W FrameworkListener: Handler 'getaddrinfo' error (Success)
09-21 17:02:26.917   586   638 W FrameworkListener: Handler 'getaddrinfo' error (Success)
09-21 17:02:26.981   586   638 W FrameworkListener: Handler 'getaddrinfo' error (Success)
09-21 17:02:27.206   586   638 W FrameworkListener: Handler 'getaddrinfo' error (Success)
09-21 17:02:27.280   586   638 W FrameworkListener: Handler 'getaddrinfo' error (Success)
09-21 17:02:29.458   586   638 W FrameworkListener: Handler 'getaddrinfo' error (Success)
09-21 17:02:29.528   586   638 W FrameworkListener: Handler 'getaddrinfo' error (Success)
09-21 17:02:34.966   586   638 W FrameworkListener: Handler 'getaddrinfo' error (Success)
09-21 17:02:35.015   586   638 W FrameworkListener: Handler 'getaddrinfo' error (Success)
09-21 17:02:35.999   586   638 W FrameworkListener: Handler 'getaddrinfo' error (Success)
09-21 17:02:36.743   586   638 W FrameworkListener: Handler 'getaddrinfo' error (Success)
09-21 17:02:36.820   586   638 W FrameworkListener: Handler 'getaddrinfo' error (Success)
09-21 17:02:37.049   586   638 W FrameworkListener: Handler 'getaddrinfo' error (Success)
09-21 17:02:37.170   586   638 W FrameworkListener: Handler 'getaddrinfo' error (Success)
09-21 17:02:39.202   586   638 W FrameworkListener: Handler 'getaddrinfo' error (Success)
09-21 17:02:39.214   586   638 W FrameworkListener: Handler 'getaddrinfo' error (Success)
09-21 17:02:42.606   586   638 W FrameworkListener: Handler 'getaddrinfo' error (Success)
09-21 17:02:42.672   586   638 W FrameworkListener: Handler 'getaddrinfo' error (Success)
09-21 17:02:42.880   586   638 W FrameworkListener: Handler 'getaddrinfo' error (Success)
09-21 17:02:42.962   586   638 W FrameworkListener: Handler 'getaddrinfo' error (Success)
09-21 17:02:44.984   586   638 W FrameworkListener: Handler 'getaddrinfo' error (Success)
09-21 17:02:45.012   586   638 W FrameworkListener: Handler 'getaddrinfo' error (Success)
09-21 17:02:45.565   586   638 W FrameworkListener: Handler 'getaddrinfo' error (Success)
09-21 17:02:46.758   586   643 E IptablesRestoreController: iptables error:
09-21 17:02:46.882   586   643 E IptablesRestoreController: iptables error:
09-21 17:02:47.239   586   638 W FrameworkListener: Handler 'getaddrinfo' error (Success)
09-21 17:02:47.331   586   638 W FrameworkListener: Handler 'getaddrinfo' error (Success)
09-21 17:02:47.499   586   638 W FrameworkListener: Handler 'getaddrinfo' error (Success)
09-21 17:02:47.603 11568 11882 W Auth    : [GoogleAuthUtil] [GoogleAuthUtil] error status:NETWORK_ERROR with method:getTokenWithDetails
09-21 17:02:47.581   586   638 W FrameworkListener: Handler 'getaddrinfo' error (Success)
09-21 17:02:48.587   586   638 W FrameworkListener: Handler 'getaddrinfo' error (Success)
09-21 17:02:49.701   586   643 E IptablesRestoreController: iptables error:
09-21 17:02:49.826   586   643 E IptablesRestoreController: iptables error:
09-21 17:02:49.830   586   643 E IptablesRestoreController: iptables error:
09-21 17:02:50.262   586   638 W FrameworkListener: Handler 'getaddrinfo' error (Success)
09-21 17:02:50.402   586   638 W FrameworkListener: Handler 'getaddrinfo' error (Success)
09-21 17:02:50.440   586   638 W FrameworkListener: Handler 'getaddrinfo' error (Success)
09-21 17:02:50.618   586   638 W FrameworkListener: Handler 'getaddrinfo' error (Success)
09-21 17:02:50.709 11568 11922 W Auth    : [GoogleAuthUtil] [GoogleAuthUtil] error status:NETWORK_ERROR with method:getTokenWithDetails
09-21 16:52:00.522   586   638 W FrameworkListener: Handler 'getaddrinfo' error (Success)
09-21 16:52:18.246   586   638 W FrameworkListener: Handler 'getaddrinfo' error (Success)
09-21 16:52:18.266   586   638 W FrameworkListener: Handler 'getaddrinfo' error (Success)
09-21 16:52:21.269   586   638 W FrameworkListener: Handler 'getaddrinfo' error (Success)
09-21 16:52:21.281   586   638 W FrameworkListener: Handler 'getaddrinfo' error (Success)
09-21 16:52:30.363   586   638 W FrameworkListener: Handler 'getaddrinfo' error (Success)
09-21 16:52:30.379   586   638 W FrameworkListener: Handler 'getaddrinfo' error (Success)
09-21 16:52:33.397   586   638 W FrameworkListener: Handler 'getaddrinfo' error (Success)
09-21 16:52:33.409   586   638 W FrameworkListener: Handler 'getaddrinfo' error (Success)
09-21 16:53:42.761   586   638 W FrameworkListener: Handler 'getaddrinfo' error (Success)
09-21 16:56:03.883   586   638 W FrameworkListener: Handler 'getaddrinfo' error (Success)
09-21 16:56:28.082   586   638 W FrameworkListener: Handler 'getaddrinfo' error (Success)
09-21 16:56:28.084   586   638 W FrameworkListener: Handler 'getaddrinfo' error (Success)
09-21 16:58:00.381   586   638 W FrameworkListener: Handler 'getaddrinfo' error (Success)
09-21 16:58:00.401   586   638 W FrameworkListener: Handler 'getaddrinfo' error (Success)
09-21 16:58:03.404   586   638 W FrameworkListener: Handler 'getaddrinfo' error (Success)
09-21 16:58:03.432   586   638 W FrameworkListener: Handler 'getaddrinfo' error (Success)
09-21 16:58:17.945   586   638 W FrameworkListener: Handler 'getaddrinfo' error (Success)
09-21 16:58:21.570   586   638 W FrameworkListener: Handler 'getaddrinfo' error (Success)
09-21 16:58:21.593   586   638 W FrameworkListener: Handler 'getaddrinfo' error (Success)
09-21 16:58:27.627   586   638 W FrameworkListener: Handler 'getaddrinfo' error (Success)
09-21 16:58:27.644   586   638 W FrameworkListener: Handler 'getaddrinfo' error (Success)
09-21 16:58:51.810   586   638 W FrameworkListener: Handler 'getaddrinfo' error (Success)
09-21 16:58:51.817   586   638 W FrameworkListener: Handler 'getaddrinfo' error (Success)
09-21 16:59:06.923   586   638 W FrameworkListener: Handler 'getaddrinfo' error (Success)
09-21 16:59:06.939   586   638 W FrameworkListener: Handler 'getaddrinfo' error (Success)
09-21 16:59:09.951   586   638 W FrameworkListener: Handler 'getaddrinfo' error (Success)
09-21 16:59:09.970   586   638 W FrameworkListener: Handler 'getaddrinfo' error (Success)
09-21 16:59:28.138   586   638 W FrameworkListener: Handler 'getaddrinfo' error (Success)
09-21 16:59:28.151   586   638 W FrameworkListener: Handler 'getaddrinfo' error (Success)
09-21 16:59:31.171   586   638 W FrameworkListener: Handler 'getaddrinfo' error (Success)
09-21 16:59:31.192   586   638 W FrameworkListener: Handler 'getaddrinfo' error (Success)
09-21 16:59:43.290   586   638 W FrameworkListener: Handler 'getaddrinfo' error (Success)
09-21 16:59:43.314   586   638 W FrameworkListener: Handler 'getaddrinfo' error (Success)
09-21 16:59:49.382   586   638 W FrameworkListener: Handler 'getaddrinfo' error (Success)
09-21 16:59:49.397   586   638 W FrameworkListener: Handler 'getaddrinfo' error (Success)
09-21 17:00:04.480   586   638 W FrameworkListener: Handler 'getaddrinfo' error (Success)
09-21 17:00:04.499   586   638 W FrameworkListener: Handler 'getaddrinfo' error (Success)
09-21 17:00:19.606   586   638 W FrameworkListener: Handler 'getaddrinfo' error (Success)
09-21 17:00:19.630   586   638 W FrameworkListener: Handler 'getaddrinfo' error (Success)
09-21 17:00:22.636   586   638 W FrameworkListener: Handler 'getaddrinfo' error (Success)
09-21 17:00:22.656   586   638 W FrameworkListener: Handler 'getaddrinfo' error (Success)
09-21 17:00:28.771   586   638 W FrameworkListener: Handler 'getaddrinfo' error (Success)
09-21 17:02:17.229   586   638 W FrameworkListener: Handler 'getaddrinfo' error (Success)
09-21 17:02:17.539   586   638 W FrameworkListener: Handler 'getaddrinfo' error (Success)
09-21 17:02:17.550   586   638 W FrameworkListener: Handler 'getaddrinfo' error (Success)
09-21 17:02:19.096   586   638 W FrameworkListener: Handler 'getaddrinfo' error (Success)
09-21 17:02:19.209   586   638 W FrameworkListener: Handler 'getaddrinfo' error (Success)
09-21 17:02:19.429   586   638 W FrameworkListener: Handler 'getaddrinfo' error (Success)
09-21 17:02:19.441   586   638 W FrameworkListener: Handler 'getaddrinfo' error (Success)
09-21 17:02:21.314   586   638 W FrameworkListener: Handler 'getaddrinfo' error (Success)
09-21 17:02:21.421   586   638 W FrameworkListener: Handler 'getaddrinfo' error (Success)
09-21 17:02:21.588   586   638 W FrameworkListener: Handler 'getaddrinfo' error (Success)
09-21 17:02:21.796   586   638 W FrameworkListener: Handler 'getaddrinfo' error (Success)
09-21 17:02:21.819   586   638 W FrameworkListener: Handler 'getaddrinfo' error (Success)
09-21 17:02:25.161   586   638 W FrameworkListener: Handler 'getaddrinfo' error (Success)
09-21 17:02:26.917   586   638 W FrameworkListener: Handler 'getaddrinfo' error (Success)
09-21 17:02:26.981   586   638 W FrameworkListener: Handler 'getaddrinfo' error (Success)
09-21 17:02:27.206   586   638 W FrameworkListener: Handler 'getaddrinfo' error (Success)
09-21 17:02:27.280   586   638 W FrameworkListener: Handler 'getaddrinfo' error (Success)
09-21 17:02:29.458   586   638 W FrameworkListener: Handler 'getaddrinfo' error (Success)
09-21 17:02:29.528   586   638 W FrameworkListener: Handler 'getaddrinfo' error (Success)
09-21 17:02:34.966   586   638 W FrameworkListener: Handler 'getaddrinfo' error (Success)
09-21 17:02:35.015   586   638 W FrameworkListener: Handler 'getaddrinfo' error (Success)
09-21 17:02:35.999   586   638 W FrameworkListener: Handler 'getaddrinfo' error (Success)
09-21 17:02:36.743   586   638 W FrameworkListener: Handler 'getaddrinfo' error (Success)
09-21 17:02:36.820   586   638 W FrameworkListener: Handler 'getaddrinfo' error (Success)
09-21 17:02:37.049   586   638 W FrameworkListener: Handler 'getaddrinfo' error (Success)
09-21 17:02:37.170   586   638 W FrameworkListener: Handler 'getaddrinfo' error (Success)
09-21 17:02:39.202   586   638 W FrameworkListener: Handler 'getaddrinfo' error (Success)
09-21 17:02:39.214   586   638 W FrameworkListener: Handler 'getaddrinfo' error (Success)
09-21 17:02:42.606   586   638 W FrameworkListener: Handler 'getaddrinfo' error (Success)
09-21 17:02:42.672   586   638 W FrameworkListener: Handler 'getaddrinfo' error (Success)
09-21 17:02:42.880   586   638 W FrameworkListener: Handler 'getaddrinfo' error (Success)
09-21 17:02:42.962   586   638 W FrameworkListener: Handler 'getaddrinfo' error (Success)
09-21 17:02:44.984   586   638 W FrameworkListener: Handler 'getaddrinfo' error (Success)
09-21 17:02:45.012   586   638 W FrameworkListener: Handler 'getaddrinfo' error (Success)
09-21 17:02:45.565   586   638 W FrameworkListener: Handler 'getaddrinfo' error (Success)
09-21 17:02:47.239   586   638 W FrameworkListener: Handler 'getaddrinfo' error (Success)
09-21 17:02:47.331   586   638 W FrameworkListener: Handler 'getaddrinfo' error (Success)
09-21 17:02:47.499   586   638 W FrameworkListener: Handler 'getaddrinfo' error (Success)
09-21 17:02:47.581   586   638 W FrameworkListener: Handler 'getaddrinfo' error (Success)
09-21 17:02:48.587   586   638 W FrameworkListener: Handler 'getaddrinfo' error (Success)
09-21 17:02:49.701   586   643 E IptablesRestoreController: iptables error:
09-21 17:02:49.826   586   643 E IptablesRestoreController: iptables error:
09-21 17:02:49.830   586   643 E IptablesRestoreController: iptables error:
09-21 17:02:50.262   586   638 W FrameworkListener: Handler 'getaddrinfo' error (Success)
09-21 17:02:50.402   586   638 W FrameworkListener: Handler 'getaddrinfo' error (Success)
09-21 17:02:50.440   586   638 W FrameworkListener: Handler 'getaddrinfo' error (Success)
09-21 17:02:50.618   586   638 W FrameworkListener: Handler 'getaddrinfo' error (Success)
09-21 17:02:50.709 11568 11922 W Auth    : [GoogleAuthUtil] [GoogleAuthUtil] error status:NETWORK_ERROR with method:getTokenWithDetails
09-21 17:02:50.702   586   638 W FrameworkListener: Handler 'getaddrinfo' error (Success)
09-21 17:02:52.676   586   638 W FrameworkListener: Handler 'getaddrinfo' error (Success)
09-21 17:02:52.704   586   638 W FrameworkListener: Handler 'getaddrinfo' error (Success)
09-21 17:02:58.110   586   638 W FrameworkListener: Handler 'getaddrinfo' error (Success)
09-21 17:02:58.146   586   638 W FrameworkListener: Handler 'getaddrinfo' error (Success)
09-21 17:02:59.342   586   643 E IptablesRestoreController: iptables error:
09-21 17:02:59.349   586   643 E IptablesRestoreController: iptables error:
09-21 17:02:59.440   586   643 E IptablesRestoreController: iptables error:
09-21 17:02:59.741   586   638 W FrameworkListener: Handler 'getaddrinfo' error (Success)
09-21 17:02:59.847   586   638 W FrameworkListener: Handler 'getaddrinfo' error (Success)
09-21 17:02:59.881   586   638 W FrameworkListener: Handler 'getaddrinfo' error (Success)
09-21 17:03:00.234   586   638 W FrameworkListener: Handler 'getaddrinfo' error (Success)
09-21 17:03:00.371   586   638 W FrameworkListener: Handler 'getaddrinfo' error (Success)
09-21 17:03:00.391 11568 11989 W Auth    : [GoogleAuthUtil] [GoogleAuthUtil] error status:NETWORK_ERROR with method:getTokenWithDetails
09-21 16:52:00.522   586   638 W FrameworkListener: Handler 'getaddrinfo' error (Success)
09-21 16:52:18.246   586   638 W FrameworkListener: Handler 'getaddrinfo' error (Success)
09-21 16:52:18.266   586   638 W FrameworkListener: Handler 'getaddrinfo' error (Success)
09-21 16:52:21.269   586   638 W FrameworkListener: Handler 'getaddrinfo' error (Success)
09-21 16:52:21.281   586   638 W FrameworkListener: Handler 'getaddrinfo' error (Success)
09-21 16:52:30.363   586   638 W FrameworkListener: Handler 'getaddrinfo' error (Success)
09-21 16:52:30.379   586   638 W FrameworkListener: Handler 'getaddrinfo' error (Success)
09-21 16:52:33.397   586   638 W FrameworkListener: Handler 'getaddrinfo' error (Success)
09-21 16:52:33.409   586   638 W FrameworkListener: Handler 'getaddrinfo' error (Success)
09-21 16:53:42.761   586   638 W FrameworkListener: Handler 'getaddrinfo' error (Success)
09-21 16:56:03.883   586   638 W FrameworkListener: Handler 'getaddrinfo' error (Success)
09-21 16:56:28.082   586   638 W FrameworkListener: Handler 'getaddrinfo' error (Success)
09-21 16:56:28.084   586   638 W FrameworkListener: Handler 'getaddrinfo' error (Success)
09-21 16:58:00.381   586   638 W FrameworkListener: Handler 'getaddrinfo' error (Success)
09-21 16:58:00.401   586   638 W FrameworkListener: Handler 'getaddrinfo' error (Success)
09-21 16:58:03.404   586   638 W FrameworkListener: Handler 'getaddrinfo' error (Success)
09-21 16:58:03.432   586   638 W FrameworkListener: Handler 'getaddrinfo' error (Success)
09-21 16:58:17.945   586   638 W FrameworkListener: Handler 'getaddrinfo' error (Success)
09-21 16:58:21.570   586   638 W FrameworkListener: Handler 'getaddrinfo' error (Success)
09-21 16:58:21.593   586   638 W FrameworkListener: Handler 'getaddrinfo' error (Success)
09-21 16:58:27.627   586   638 W FrameworkListener: Handler 'getaddrinfo' error (Success)
