09-22 11:52:42.510  2197  2351 E PhoneInterfaceManager: [PhoneIntfMgr] checkCarrierPrivilegesForPackage: No UICC
09-22 11:52:43.500   853  1020 E ThermalEngine: read_thermal_config
09-22 11:52:43.500   853  1020 D ThermalEngine: algo_monitor: Timer EVT
09-22 11:52:43.502   853  1020 I ThermalEngine: Sensor:sdm-therm:50955 mC
09-22 11:52:43.502   853  1020 D ThermalEngine: handle_timer_sig: SS Id SS-QUIET-THERM-GOLD3 Read sdm-therm 50955mC, Err -1955mC, SampleCnt 1
09-22 11:52:43.502   853  1020 D ThermalEngine: handle_timer_sig: SS Id SS-QUIET-THERM-GOLD3, E0 -1955mC, E1 -1808mC
09-22 11:52:43.502   853  1020 D ThermalEngine: Already at device mitigation max limit
09-22 11:52:43.504   853  1020 I ThermalEngine: Sensor:sdm-therm:50955 mC
09-22 11:52:43.504   853  1020 D ThermalEngine: handle_timer_sig: SS Id SS-QUIET-THERM-GOLD2 Read sdm-therm 50955mC, Err -3955mC, SampleCnt 1
09-22 11:52:43.504   853  1020 D ThermalEngine: handle_timer_sig: SS Id SS-QUIET-THERM-GOLD2, E0 -3955mC, E1 -3808mC
09-22 11:52:43.504   853  1020 D ThermalEngine: Already at device mitigation max limit
09-22 11:52:43.505   853  1020 I ThermalEngine: Sensor:sdm-therm:50955 mC
09-22 11:52:43.505   853  1020 D ThermalEngine: handle_timer_sig: SS Id SS-QUIET-THERM-GOLD Read sdm-therm 50955mC, Err -5955mC, SampleCnt 1
09-22 11:52:43.505   853  1020 D ThermalEngine: handle_timer_sig: SS Id SS-QUIET-THERM-GOLD, E0 -5955mC, E1 -5808mC
09-22 11:52:43.505   853  1020 D ThermalEngine: Already at device mitigation max limit
09-22 11:52:43.506   853  1020 I ThermalEngine: Sensor:sdm-therm:50955 mC
09-22 11:52:43.507   853  1020 D ThermalEngine: handle_timer_sig: SS Id SS-QUIET-THERM-SILVER3 Read sdm-therm 50955mC, Err -2955mC, SampleCnt 1
09-22 11:52:43.507   853  1020 D ThermalEngine: handle_timer_sig: SS Id SS-QUIET-THERM-SILVER3, E0 -2955mC, E1 -2808mC
09-22 11:52:43.507   853  1020 D ThermalEngine: Already at device mitigation max limit
09-22 11:52:43.509   853  1020 I ThermalEngine: Sensor:sdm-therm:50955 mC
09-22 11:52:43.509   853  1020 D ThermalEngine: handle_timer_sig: SS Id SS-QUIET-THERM-SILVER2 Read sdm-therm 50955mC, Err -4955mC, SampleCnt 1
09-22 11:52:43.509   853  1020 D ThermalEngine: handle_timer_sig: SS Id SS-QUIET-THERM-SILVER2, E0 -4955mC, E1 -4808mC
09-22 11:52:43.509   853  1020 D ThermalEngine: Already at device mitigation max limit
09-22 11:52:43.510   853  1020 I ThermalEngine: Sensor:sdm-therm:50955 mC
09-22 11:52:43.510   853  1020 D ThermalEngine: handle_timer_sig: SS Id SS-QUIET-THERM-SILVER Read sdm-therm 50955mC, Err -6955mC, SampleCnt 1
09-22 11:52:43.510   853  1020 D ThermalEngine: handle_timer_sig: SS Id SS-QUIET-THERM-SILVER, E0 -6955mC, E1 -6808mC
09-22 11:52:43.510   853  1020 D ThermalEngine: Already at device mitigation max limit
09-22 11:52:43.510   853  1020 I ThermalEngine: settimer: Start timer 2.000(sec)
09-22 11:52:43.510   853  1020 D ThermalEngine: algo_monitor: Wait for EV
09-22 11:52:43.967   916  3676 I OMX-VENC: venc_dev: stats: avg. fps 27.13, bitrate 2589331
09-22 11:52:40.757     0     0 I         : smblib_get_prop_usb_present stat 16
09-22 11:52:40.757     0     0 E pm6150_charger: smblib_get_charge_param: aicl icl status = 500000 (0x0a)
09-22 11:52:44.501  2317  2341 I QcrilOemhookMsgTunnel: [1]processOemHookIndication length=21
09-22 11:52:44.501  2317  2317 D QcrilMsgTunnelIfaceManager: handleMessage what = 0
09-22 11:52:44.505  2178  2178 D use-Rlog/RLOG-QC_RIL_OEM_HOOK: Received Broadcast Intent ACTION_UNSOL_RESPONSE_OEM_HOOK_RAW
09-22 11:52:44.505  2178  2178 D use-Rlog/RLOG-QC_RIL_OEM_HOOK: Oem ID in QCRILHOOK UNSOL RESP is QOEMHOOK
09-22 11:52:44.505  2197  2197 D use-Rlog/RLOG-QC_RIL_OEM_HOOK: Received Broadcast Intent ACTION_UNSOL_RESPONSE_OEM_HOOK_RAW
09-22 11:52:44.506  2197  2197 D use-Rlog/RLOG-QC_RIL_OEM_HOOK: Oem ID in QCRILHOOK UNSOL RESP is QOEMHOOK
09-22 11:52:44.506  2197  2197 D use-Rlog/RLOG-QC_RIL_OEM_HOOK: Received Broadcast Intent ACTION_UNSOL_RESPONSE_OEM_HOOK_RAW
09-22 11:52:44.506  2197  2197 D use-Rlog/RLOG-QC_RIL_OEM_HOOK: Oem ID in QCRILHOOK UNSOL RESP is QOEMHOOK
09-22 11:52:44.506  2197  2197 E use-Rlog/RLOG-QC_RIL_OEM_HOOK: QcRilOemHook notifyRegistrants Failed
09-22 11:52:44.507  2197  2197 D use-Rlog/RLOG-QC_RIL_OEM_HOOK: Received Broadcast Intent ACTION_UNSOL_RESPONSE_OEM_HOOK_RAW
09-22 11:52:44.507  2197  2197 D use-Rlog/RLOG-QC_RIL_OEM_HOOK: Oem ID in QCRILHOOK UNSOL RESP is QOEMHOOK
09-22 11:52:44.507  2197  2197 D use-Rlog/RLOG-QC_RIL_OEM_HOOK: Received Broadcast Intent ACTION_UNSOL_RESPONSE_OEM_HOOK_RAW
09-22 11:52:44.507  2197  2197 D use-Rlog/RLOG-QC_RIL_OEM_HOOK: Oem ID in QCRILHOOK UNSOL RESP is QOEMHOOK
09-22 11:52:44.507  2197  2197 D PhoneSwitcher: handle event - 108
09-22 11:52:44.508  2197  2288 D RILJ    : Unsol response received; Sending ack to ril.cpp [SUB1]
09-22 11:52:44.508  2197  2288 D RILJ    : [UNSL]< UNSOL_RESPONSE_NETWORK_STATE_CHANGED [SUB1]
09-22 11:52:44.509  2197  2372 D NetworkRegistrationManager: onNetworkStateChanged
09-22 11:52:44.509  2197  2197 D SST[1]  : [1] pollState: modemTriggered=true
09-22 11:52:44.511  2197  2197 D RILJ    : [6518]> OPERATOR [SUB1]
09-22 11:52:44.511  2197  2197 D NetworkRegistrationManager: getNetworkRegistrationState domain 2
09-22 11:52:44.511  2197  2197 D NetworkRegistrationManager: getNetworkRegistrationState domain 1
09-22 11:52:44.512  2197  2197 D RILJ    : [6519]> QUERY_NETWORK_SELECTION_MODE [SUB1]
09-22 11:52:44.514  2197  2372 D RILJ    : [6520]> DATA_REGISTRATION_STATE [SUB1]
09-22 11:52:44.520  2197  2372 D RILJ    : [6521]> VOICE_REGISTRATION_STATE [SUB1]
09-22 11:52:44.520  2317  2341 I QcrilOemhookMsgTunnel: [1]processOemHookIndication length=21
09-22 11:52:44.521  2317  2317 D QcrilMsgTunnelIfaceManager: handleMessage what = 0
09-22 11:52:44.521  2197  2288 D RILJ    : Unsol response received; Sending ack to ril.cpp [SUB1]
09-22 11:52:44.521  2197  2288 D RILJ    : [UNSL]< UNSOL_RESPONSE_NETWORK_STATE_CHANGED [SUB1]
09-22 11:52:44.521  2197  2288 D RILJ    : [6518]< OPERATOR {, , } [SUB1]
09-22 11:52:44.521  2197  2288 D RILJ    : [6519]< QUERY_NETWORK_SELECTION_MODE {0} [SUB1]
09-22 11:52:44.522  2197  2372 D NetworkRegistrationManager: onNetworkStateChanged
09-22 11:52:44.523  2197  2288 D RILJ    : [6520]< DATA_REGISTRATION_STATE {.regState = NOT_REG_MT_NOT_SEARCHING_OP, .rat = 0, .reasonDataDenied = 0, .maxDataCalls = 20, .cellIdentity = {...}} [SUB1]
09-22 11:52:44.523  2197  2435 D NetworkRegistrationManager: onGetNetworkRegistrationStateComplete result 0 state NetworkRegistrationState{transportType=1 domain=PS regState=NOT_REG_NOT_SEARCHING accessNetworkTechnology=UNKNOWN reasonForDenial=0 emergencyEnabled=false supportedServices=null cellIdentity=null voiceSpecificStates=null dataSpecificStates=DataSpecificRegistrationStates { mMaxDataCalls=20}}
09-22 11:52:44.524  2178  2178 D use-Rlog/RLOG-QC_RIL_OEM_HOOK: Received Broadcast Intent ACTION_UNSOL_RESPONSE_OEM_HOOK_RAW
09-22 11:52:44.524  2178  2178 D use-Rlog/RLOG-QC_RIL_OEM_HOOK: Oem ID in QCRILHOOK UNSOL RESP is QOEMHOOK
09-22 11:52:44.524  2197  2197 D SST[1]  : [1] EVENT_POLL_STATE_NETWORK_SELECTION_MODE
09-22 11:52:44.524  2197  2197 D SST[1]  : [1] pollState: modemTriggered=true
09-22 11:52:44.527  2197  2197 D RILJ    : [6523]> OPERATOR [SUB1]
09-22 11:52:44.528  2197  2197 D NetworkRegistrationManager: getNetworkRegistrationState domain 2
09-22 11:52:44.530  2197  2197 D NetworkRegistrationManager: getNetworkRegistrationState domain 1
09-22 11:52:44.532  2197  2197 D RILJ    : [6524]> QUERY_NETWORK_SELECTION_MODE [SUB1]
09-22 11:52:44.532  2197  2197 D use-Rlog/RLOG-QC_RIL_OEM_HOOK: Received Broadcast Intent ACTION_UNSOL_RESPONSE_OEM_HOOK_RAW
09-22 11:52:44.532  2197  2288 D RILJ    : [6521]< VOICE_REGISTRATION_STATE {.regState = NOT_REG_MT_SEARCHING_OP_EM, .rat = 3, .cssSupported = false, .roamingIndicator = -1, .systemIsInPrl = -1, .defaultRoamingIndicator = -1, .reasonForDenial = 0, .cellIdentity = {...}} [SUB1]
09-22 11:52:44.532  2197  2197 D use-Rlog/RLOG-QC_RIL_OEM_HOOK: Oem ID in QCRILHOOK UNSOL RESP is QOEMHOOK
09-22 11:52:44.532  2197  2197 D use-Rlog/RLOG-QC_RIL_OEM_HOOK: Received Broadcast Intent ACTION_UNSOL_RESPONSE_OEM_HOOK_RAW
09-22 11:52:44.532  2197  2197 D use-Rlog/RLOG-QC_RIL_OEM_HOOK: Oem ID in QCRILHOOK UNSOL RESP is QOEMHOOK
09-22 11:52:44.532  2197  2197 E use-Rlog/RLOG-QC_RIL_OEM_HOOK: QcRilOemHook notifyRegistrants Failed
09-22 11:52:44.533  2197  2197 D use-Rlog/RLOG-QC_RIL_OEM_HOOK: Received Broadcast Intent ACTION_UNSOL_RESPONSE_OEM_HOOK_RAW
09-22 11:52:44.533  2197  2197 D use-Rlog/RLOG-QC_RIL_OEM_HOOK: Oem ID in QCRILHOOK UNSOL RESP is QOEMHOOK
09-22 11:52:44.533  2197  2435 D NetworkRegistrationManager: onGetNetworkRegistrationStateComplete result 0 state NetworkRegistrationState{transportType=1 domain=CS regState=NOT_REG_SEARCHING accessNetworkTechnology=UMTS reasonForDenial=0 emergencyEnabled=true supportedServices=[I@372ae4f cellIdentity=CellIdentityWcdma:{ mMcc=460 mMnc=01 mAlphaLong=CHN-UNICOM mAlphaShort=UNICOM} voiceSpecificStates=VoiceSpecificRegistrationStates { mCssSupported=false mRoamingIndicator=-1 mSystemIsInPrl=-1 mDefaultRoamingIndicator=-1} dataSpecificStates=null}
09-22 11:52:44.533  2197  2197 D use-Rlog/RLOG-QC_RIL_OEM_HOOK: Received Broadcast Intent ACTION_UNSOL_RESPONSE_OEM_HOOK_RAW
09-22 11:52:44.533  2197  2197 D use-Rlog/RLOG-QC_RIL_OEM_HOOK: Oem ID in QCRILHOOK UNSOL RESP is QOEMHOOK
09-22 11:52:44.534  2197  2197 D PhoneSwitcher: handle event - 108
09-22 11:52:44.535  2197  2372 D RILJ    : [6525]> DATA_REGISTRATION_STATE [SUB1]
09-22 11:52:44.537  2197  2372 D RILJ    : [6526]> VOICE_REGISTRATION_STATE [SUB1]
09-22 11:52:44.541  2197  2288 D RILJ    : [6523]< OPERATOR {, , } [SUB1]
09-22 11:52:44.544  2197  2197 D SST[1]  : [1] EVENT_POLL_STATE_NETWORK_SELECTION_MODE
09-22 11:52:44.544  2197  2288 D RILJ    : [6524]< QUERY_NETWORK_SELECTION_MODE {0} [SUB1]
09-22 11:52:44.549  2197  2288 D RILJ    : [6525]< DATA_REGISTRATION_STATE {.regState = NOT_REG_MT_NOT_SEARCHING_OP, .rat = 0, .reasonDataDenied = 0, .maxDataCalls = 20, .cellIdentity = {...}} [SUB1]
09-22 11:52:44.549  2197  2435 D NetworkRegistrationManager: onGetNetworkRegistrationStateComplete result 0 state NetworkRegistrationState{transportType=1 domain=PS regState=NOT_REG_NOT_SEARCHING accessNetworkTechnology=UNKNOWN reasonForDenial=0 emergencyEnabled=false supportedServices=null cellIdentity=null voiceSpecificStates=null dataSpecificStates=DataSpecificRegistrationStates { mMaxDataCalls=20}}
09-22 11:52:44.549  2197  2197 D SST[1]  : [1] Could not set ServiceState channel number. CellIdentity null
09-22 11:52:44.549  2197  2197 D SST[1]  : [1] handlPollStateResultMessage: GsmSST dataServiceState=1 regState=0 dataRadioTechnology=0
09-22 11:52:44.554  2197  2288 D RILJ    : [6526]< VOICE_REGISTRATION_STATE {.regState = NOT_REG_MT_SEARCHING_OP_EM, .rat = 3, .cssSupported = false, .roamingIndicator = -1, .systemIsInPrl = -1, .defaultRoamingIndicator = -1, .reasonForDenial = 0, .cellIdentity = {...}} [SUB1]
09-22 11:52:44.554  2197  2435 D NetworkRegistrationManager: onGetNetworkRegistrationStateComplete result 0 state NetworkRegistrationState{transportType=1 domain=CS regState=NOT_REG_SEARCHING accessNetworkTechnology=UMTS reasonForDenial=0 emergencyEnabled=true supportedServices=[I@6bf1ae5 cellIdentity=CellIdentityWcdma:{ mMcc=460 mMnc=01 mAlphaLong=CHN-UNICOM mAlphaShort=UNICOM} voiceSpecificStates=VoiceSpecificRegistrationStates { mCssSupported=false mRoamingIndicator=-1 mSystemIsInPrl=-1 mDefaultRoamingIndicator=-1} dataSpecificStates=null}
09-22 11:52:44.557  2197  2197 D SST[1]  : [1] handlPollVoiceRegResultMessage: regState=2 radioTechnology=3
09-22 11:52:44.559  2197  2197 D SST[1]  : [1] Poll ServiceState done:  oldSS=[{mVoiceRegState=1(OUT_OF_SERVICE), mDataRegState=1(OUT_OF_SERVICE), mChannelNumber=10763, duplexMode()=0, mCellBandwidths=[], mVoiceRoamingType=home, mDataRoamingType=home, mVoiceOperatorAlphaLong=, mVoiceOperatorAlphaShort=, mDataOperatorAlphaLong=, mDataOperatorAlphaShort=, isManualNetworkSelection=false(automatic), mRilVoiceRadioTechnology=3(UMTS), mRilDataRadioTechnology=0(Unknown), mCssIndicator=unsupported, mNetworkId=-1, mSystemId=-1, mCdmaRoamingIndicator=-1, mCdmaDefaultRoamingIndicator=-1, mIsEmergencyOnly=true, mIsDataRoamingFromRegistration=false, mIsUsingCarrierAggregation=false, mLteEarfcnRsrpBoost=0, mNetworkRegistrationStates=[NetworkRegistrationState{transportType=1 domain=CS regState=NOT_REG_SEARCHING accessNetworkTechnology=UMTS reasonForDenial=0 emergencyEnabled=true supportedServices=[I@2921cd6 cellIdentity=CellIdentityWcdma:{ mMcc=460 mMnc=01 mAlphaLong=CHN-UNICOM mAlphaShort=UNICOM} voiceSpecificStates=VoiceSpecificRegistrationStates { mCssSupported=false mRoamingIndicator=-1 mSystemIsInPrl=-1 mDefaultRoamingIndicator=-1} dataSpecificStates=null}, NetworkRegistrationState{transportType=1 domain=PS regState=NOT_REG_NOT_SEARCHING accessNetworkTechnology=UNKNOWN reasonForDenial=0 emergencyEnabled=false supportedServices=null cellIdentity=null voiceSpecificStates=null dataSpecificStates=DataSpecificRegistrationStates { mMaxDataCalls=20}}]}] newSS=[{mVoiceRegState=1(OUT_OF_SERVICE), mDataRegState=1(OUT_OF_SERVICE), mChannelNumber=10763, duplexMode()=0, mCellBandwidths=[], mVoiceRoamingType=home, mDataRoamingType=home, mVoiceOperatorAlphaLong=, mVoiceOperatorAlphaShort=, mDataOperatorAlphaLong=, mDataOperatorAlphaShort=, isManualNetworkSelection=false(automatic), mRilVoiceRadioTechnology=3(UMTS), mRilDataRadioTechnology=0(Unknown), mCssIndicator=unsupported, mNetworkId=-1, mSystemId=-1, mCdmaRoamingIndicator=-1, mCdmaDefaultRoamingIndicator=-1, mIsEmergencyOnly=true, mIsDataRoamingFromRegistration=false, mIsUsingCarrierAggregation=false, mLteEarfcnRsrpBoost=0, mNetworkRegistrationStates=[NetworkRegistrationState{transportType=1 domain=PS regState=NOT_REG_NOT_SEARCHING accessNetworkTechnology=UNKNOWN reasonForDenial=0 emergencyEnabled=false supportedServices=null cellIdentity=null voiceSpecificStates=null dataSpecificStates=DataSpecificRegistrationStates { mMaxDataCalls=20}}, NetworkRegistrationState{transportType=1 domain=CS regState=NOT_REG_SEARCHING accessNetworkTechnology=UMTS reasonForDenial=0 emergencyEnabled=true supportedServices=[I@6bf1ae5 cellIdentity=CellIdentityWcdma:{ mMcc=460 mMnc=01 mAlphaLong=CHN-UNICOM mAlphaShort=UNICOM} voiceSpecificStates=VoiceSpecificRegistrationStates { mCssSupported=false mRoamingIndicator=-1 mSystemIsInPrl=-1 mDefaultRoamingIndicator=-1} dataSpecificStates=null}]}] oldMaxDataCalls=20 mNewMaxDataCalls=20 oldReasonDataDenied=0 mNewReasonDataDenied=0
09-22 11:52:44.559  2197  2197 D SST[1]  : [1] pollStateDone: hasRegistered=false hasDeregistered=false hasDataAttached=false hasDataDetached=false hasDataRegStateChanged=false hasRilVoiceRadioTechnologyChanged= false hasRilDataRadioTechnologyChanged=false hasChanged=false hasVoiceRoamingOn=false hasVoiceRoamingOff=false hasDataRoamingOn=false hasDataRoamingOff=false hasLocationChanged=false has4gHandoff = false hasMultiApnSupport=false hasLostMultiApnSupport=false hasCssIndicatorChanged=false
09-22 11:52:45.262  1589  3371 D WificondControl: Scan result ready event
09-22 11:52:45.266  1027  8288 I LOWI-8.6.0.39: [LOWI-Scan] lowi_close_record:Scan done in 316378490ms, 30 APs in scan results
09-22 11:52:45.390  1589  3371 D CompatibilityInfo: mCompatibilityFlags - 0
09-22 11:52:45.391  1589  3371 D CompatibilityInfo: applicationDensity - 440
09-22 11:52:45.391  1589  3371 D CompatibilityInfo: applicationScale - 1.0
09-22 11:52:45.393 31080 31080 D BoundBrokerSvc: onBind: Intent { act=com.google.android.gms.mdns.service.START dat=chimera-action: cmp=com.google.android.gms/.chimera.PersistentApiService }
09-22 11:52:45.393 31080 31080 D BoundBrokerSvc: Loading bound service for intent: Intent { act=com.google.android.gms.mdns.service.START dat=chimera-action: cmp=com.google.android.gms/.chimera.PersistentApiService }
09-22 11:52:45.510   853  1020 E ThermalEngine: read_thermal_config
09-22 11:52:45.511   853  1020 D ThermalEngine: algo_monitor: Timer EVT
09-22 11:52:45.512   853  1020 I ThermalEngine: Sensor:sdm-therm:51176 mC
09-22 11:52:45.512   853  1020 D ThermalEngine: handle_timer_sig: SS Id SS-QUIET-THERM-GOLD3 Read sdm-therm 51176mC, Err -2176mC, SampleCnt 1
09-22 11:52:45.512   853  1020 D ThermalEngine: handle_timer_sig: SS Id SS-QUIET-THERM-GOLD3, E0 -2176mC, E1 -1955mC
09-22 11:52:45.512   853  1020 D ThermalEngine: Already at device mitigation max limit
09-22 11:52:45.513   853  1020 I ThermalEngine: Sensor:sdm-therm:51176 mC
09-22 11:52:45.513   853  1020 D ThermalEngine: handle_timer_sig: SS Id SS-QUIET-THERM-GOLD2 Read sdm-therm 51176mC, Err -4176mC, SampleCnt 1
09-22 11:52:45.513   853  1020 D ThermalEngine: handle_timer_sig: SS Id SS-QUIET-THERM-GOLD2, E0 -4176mC, E1 -3955mC
09-22 11:52:45.513   853  1020 D ThermalEngine: Already at device mitigation max limit
09-22 11:52:45.514   853  1020 I ThermalEngine: Sensor:sdm-therm:51176 mC
09-22 11:52:45.514   853  1020 D ThermalEngine: handle_timer_sig: SS Id SS-QUIET-THERM-GOLD Read sdm-therm 51176mC, Err -6176mC, SampleCnt 1
09-22 11:52:45.515   853  1020 D ThermalEngine: handle_timer_sig: SS Id SS-QUIET-THERM-GOLD, E0 -6176mC, E1 -5955mC
09-22 11:52:45.515   853  1020 D ThermalEngine: Already at device mitigation max limit
09-22 11:52:45.516   853  1020 I ThermalEngine: Sensor:sdm-therm:51176 mC
09-22 11:52:45.516   853  1020 D ThermalEngine: handle_timer_sig: SS Id SS-QUIET-THERM-SILVER3 Read sdm-therm 51176mC, Err -3176mC, SampleCnt 1
09-22 11:52:45.516   853  1020 D ThermalEngine: handle_timer_sig: SS Id SS-QUIET-THERM-SILVER3, E0 -3176mC, E1 -2955mC
09-22 11:52:45.516   853  1020 D ThermalEngine: Already at device mitigation max limit
09-22 11:52:45.517   853  1020 I ThermalEngine: Sensor:sdm-therm:51176 mC
09-22 11:52:45.517   853  1020 D ThermalEngine: handle_timer_sig: SS Id SS-QUIET-THERM-SILVER2 Read sdm-therm 51176mC, Err -5176mC, SampleCnt 1
09-22 11:52:45.517   853  1020 D ThermalEngine: handle_timer_sig: SS Id SS-QUIET-THERM-SILVER2, E0 -5176mC, E1 -4955mC
09-22 11:52:45.517   853  1020 D ThermalEngine: Already at device mitigation max limit
09-22 11:52:45.518   853  1020 I ThermalEngine: Sensor:sdm-therm:51176 mC
09-22 11:52:45.518   853  1020 D ThermalEngine: handle_timer_sig: SS Id SS-QUIET-THERM-SILVER Read sdm-therm 51176mC, Err -7176mC, SampleCnt 1
09-22 11:52:45.518   853  1020 D ThermalEngine: handle_timer_sig: SS Id SS-QUIET-THERM-SILVER, E0 -7176mC, E1 -6955mC
09-22 11:52:45.518   853  1020 D ThermalEngine: Already at device mitigation max limit
09-22 11:52:45.518   853  1020 I ThermalEngine: settimer: Start timer 2.000(sec)
09-22 11:52:45.518   853  1020 D ThermalEngine: algo_monitor: Wait for EV
09-22 11:52:43.140     0     0 E pm6150_charger: default_irq_handler: IRQ: aicl-done
09-22 11:52:43.140     0     0 E pm6150_charger: wdog_snarl_irq_handler: IRQ: wdog-snarl
09-22 11:52:43.140     0     0 E AWAKE   : SW_THERM_REGULATION_VOTER,0 voting on of val=1
09-22 11:52:43.140     0     0 E AWAKE   : effective vote is now 1 voted by SW_THERM_REGULATION_VOTER,0
09-22 11:52:43.143     0     0 E pm6150_charger: smblib_process_thermal_readings: Current temperatures: 	DIE_TEMP: 536,	CONN_TEMP: 334,	SMB_TEMP: -61,	SKIN_TEMP: 511
09-22 11:52:43.143     0     0 E THERMAL_STATUS: 4
09-22 11:52:43.143     0     0 E AWAKE   : SW_THERM_REGULATION_VOTER,0 voting off of val=0
09-22 11:52:43.144     0     0 E AWAKE   : effective vote is now 0 voted by SW_THERM_REGULATION_VOTER,0
09-22 11:52:47.519   853  1020 E ThermalEngine: read_thermal_config
09-22 11:52:47.521   853  1020 D ThermalEngine: algo_monitor: Timer EVT
09-22 11:52:47.522   853  1020 I ThermalEngine: Sensor:sdm-therm:51102 mC
09-22 11:52:47.522   853  1020 D ThermalEngine: handle_timer_sig: SS Id SS-QUIET-THERM-GOLD3 Read sdm-therm 51102mC, Err -2102mC, SampleCnt 1
09-22 11:52:47.522   853  1020 D ThermalEngine: handle_timer_sig: SS Id SS-QUIET-THERM-GOLD3, E0 -2102mC, E1 -2176mC
09-22 11:52:47.522   853  1020 D ThermalEngine: Already at device mitigation max limit
09-22 11:52:47.523   853  1020 I ThermalEngine: Sensor:sdm-therm:51102 mC
09-22 11:52:47.523   853  1020 D ThermalEngine: handle_timer_sig: SS Id SS-QUIET-THERM-GOLD2 Read sdm-therm 51102mC, Err -4102mC, SampleCnt 1
09-22 11:52:47.523   853  1020 D ThermalEngine: handle_timer_sig: SS Id SS-QUIET-THERM-GOLD2, E0 -4102mC, E1 -4176mC
09-22 11:52:47.523   853  1020 D ThermalEngine: Already at device mitigation max limit
09-22 11:52:47.524   853  1020 I ThermalEngine: Sensor:sdm-therm:51102 mC
09-22 11:52:47.524   853  1020 D ThermalEngine: handle_timer_sig: SS Id SS-QUIET-THERM-GOLD Read sdm-therm 51102mC, Err -6102mC, SampleCnt 1
09-22 11:52:47.524   853  1020 D ThermalEngine: handle_timer_sig: SS Id SS-QUIET-THERM-GOLD, E0 -6102mC, E1 -6176mC
09-22 11:52:47.524   853  1020 D ThermalEngine: Already at device mitigation max limit
09-22 11:52:47.525   853  1020 I ThermalEngine: Sensor:sdm-therm:51102 mC
09-22 11:52:47.526   853  1020 D ThermalEngine: handle_timer_sig: SS Id SS-QUIET-THERM-SILVER3 Read sdm-therm 51102mC, Err -3102mC, SampleCnt 1
09-22 11:52:47.526   853  1020 D ThermalEngine: handle_timer_sig: SS Id SS-QUIET-THERM-SILVER3, E0 -3102mC, E1 -3176mC
09-22 11:52:47.526   853  1020 D ThermalEngine: Already at device mitigation max limit
09-22 11:52:47.527   853  1020 I ThermalEngine: Sensor:sdm-therm:51102 mC
09-22 11:52:47.527   853  1020 D ThermalEngine: handle_timer_sig: SS Id SS-QUIET-THERM-SILVER2 Read sdm-therm 51102mC, Err -5102mC, SampleCnt 1
09-22 11:52:47.527   853  1020 D ThermalEngine: handle_timer_sig: SS Id SS-QUIET-THERM-SILVER2, E0 -5102mC, E1 -5176mC
09-22 11:52:47.527   853  1020 D ThermalEngine: Already at device mitigation max limit
09-22 11:52:47.540   853  1020 I ThermalEngine: Sensor:sdm-therm:51102 mC
09-22 11:52:47.540   853  1020 D ThermalEngine: handle_timer_sig: SS Id SS-QUIET-THERM-SILVER Read sdm-therm 51102mC, Err -7102mC, SampleCnt 1
09-22 11:52:47.540   853  1020 D ThermalEngine: handle_timer_sig: SS Id SS-QUIET-THERM-SILVER, E0 -7102mC, E1 -7176mC
09-22 11:52:47.540   853  1020 D ThermalEngine: Already at device mitigation max limit
09-22 11:52:47.540   853  1020 I ThermalEngine: settimer: Start timer 2.000(sec)
09-22 11:52:47.540   853  1020 D ThermalEngine: algo_monitor: Wait for EV
09-22 11:52:48.990   916  3676 I OMX-VENC: venc_dev: stats: avg. fps 25.88, bitrate 2297218
09-22 11:52:49.540   853  1020 E ThermalEngine: read_thermal_config
09-22 11:52:49.541   853  1020 D ThermalEngine: algo_monitor: Timer EVT
09-22 11:52:49.542   853  1020 I ThermalEngine: Sensor:sdm-therm:51029 mC
09-22 11:52:49.542   853  1020 D ThermalEngine: handle_timer_sig: SS Id SS-QUIET-THERM-GOLD3 Read sdm-therm 51029mC, Err -2029mC, SampleCnt 1
09-22 11:52:49.542   853  1020 D ThermalEngine: handle_timer_sig: SS Id SS-QUIET-THERM-GOLD3, E0 -2029mC, E1 -2102mC
09-22 11:52:49.542   853  1020 D ThermalEngine: Already at device mitigation max limit
09-22 11:52:49.543   853  1020 I ThermalEngine: Sensor:sdm-therm:51029 mC
09-22 11:52:49.543   853  1020 D ThermalEngine: handle_timer_sig: SS Id SS-QUIET-THERM-GOLD2 Read sdm-therm 51029mC, Err -4029mC, SampleCnt 1
09-22 11:52:49.543   853  1020 D ThermalEngine: handle_timer_sig: SS Id SS-QUIET-THERM-GOLD2, E0 -4029mC, E1 -4102mC
09-22 11:52:49.543   853  1020 D ThermalEngine: Already at device mitigation max limit
09-22 11:52:49.545   853  1020 I ThermalEngine: Sensor:sdm-therm:51029 mC
09-22 11:52:49.545   853  1020 D ThermalEngine: handle_timer_sig: SS Id SS-QUIET-THERM-GOLD Read sdm-therm 51029mC, Err -6029mC, SampleCnt 1
09-22 11:52:49.545   853  1020 D ThermalEngine: handle_timer_sig: SS Id SS-QUIET-THERM-GOLD, E0 -6029mC, E1 -6102mC
09-22 11:52:49.545   853  1020 D ThermalEngine: Already at device mitigation max limit
09-22 11:52:49.546   853  1020 I ThermalEngine: Sensor:sdm-therm:51029 mC
09-22 11:52:49.546   853  1020 D ThermalEngine: handle_timer_sig: SS Id SS-QUIET-THERM-SILVER3 Read sdm-therm 51029mC, Err -3029mC, SampleCnt 1
09-22 11:52:49.546   853  1020 D ThermalEngine: handle_timer_sig: SS Id SS-QUIET-THERM-SILVER3, E0 -3029mC, E1 -3102mC
09-22 11:52:49.546   853  1020 D ThermalEngine: Already at device mitigation max limit
09-22 11:52:49.547   853  1020 I ThermalEngine: Sensor:sdm-therm:51029 mC
09-22 11:52:49.547   853  1020 D ThermalEngine: handle_timer_sig: SS Id SS-QUIET-THERM-SILVER2 Read sdm-therm 51029mC, Err -5029mC, SampleCnt 1
09-22 11:52:49.547   853  1020 D ThermalEngine: handle_timer_sig: SS Id SS-QUIET-THERM-SILVER2, E0 -5029mC, E1 -5102mC
09-22 11:52:49.547   853  1020 D ThermalEngine: Already at device mitigation max limit
09-22 11:52:49.549   853  1020 I ThermalEngine: Sensor:sdm-therm:51029 mC
09-22 11:52:49.549   853  1020 D ThermalEngine: handle_timer_sig: SS Id SS-QUIET-THERM-SILVER Read sdm-therm 51029mC, Err -7029mC, SampleCnt 1
09-22 11:52:49.549   853  1020 D ThermalEngine: handle_timer_sig: SS Id SS-QUIET-THERM-SILVER, E0 -7029mC, E1 -7102mC
09-22 11:52:49.549   853  1020 D ThermalEngine: Already at device mitigation max limit
09-22 11:52:49.549   853  1020 I ThermalEngine: settimer: Start timer 2.000(sec)
09-22 11:52:49.549   853  1020 D ThermalEngine: algo_monitor: Wait for EV
09-22 11:52:49.614  2317  2341 I QcrilOemhookMsgTunnel: [1]processOemHookIndication length=21
09-22 11:52:49.614  2317  2317 D QcrilMsgTunnelIfaceManager: handleMessage what = 0
09-22 11:52:49.619  2197  2288 D RILJ    : Unsol response received; Sending ack to ril.cpp [SUB1]
09-22 11:52:49.619  2197  2288 D RILJ    : [UNSL]< UNSOL_RESPONSE_NETWORK_STATE_CHANGED [SUB1]
09-22 11:52:49.619  2197  2197 D use-Rlog/RLOG-QC_RIL_OEM_HOOK: Received Broadcast Intent ACTION_UNSOL_RESPONSE_OEM_HOOK_RAW
09-22 11:52:49.620  2197  2197 D use-Rlog/RLOG-QC_RIL_OEM_HOOK: Oem ID in QCRILHOOK UNSOL RESP is QOEMHOOK
09-22 11:52:49.620  2197  2197 D use-Rlog/RLOG-QC_RIL_OEM_HOOK: Received Broadcast Intent ACTION_UNSOL_RESPONSE_OEM_HOOK_RAW
09-22 11:52:49.620  2197  2372 D NetworkRegistrationManager: onNetworkStateChanged
09-22 11:52:49.620  2197  2197 D use-Rlog/RLOG-QC_RIL_OEM_HOOK: Oem ID in QCRILHOOK UNSOL RESP is QOEMHOOK
09-22 11:52:49.620  2197  2197 E use-Rlog/RLOG-QC_RIL_OEM_HOOK: QcRilOemHook notifyRegistrants Failed
09-22 11:52:49.620  2197  2197 D PhoneSwitcher: handle event - 108
09-22 11:52:49.620  2178  2178 D use-Rlog/RLOG-QC_RIL_OEM_HOOK: Received Broadcast Intent ACTION_UNSOL_RESPONSE_OEM_HOOK_RAW
09-22 11:52:49.620  2178  2178 D use-Rlog/RLOG-QC_RIL_OEM_HOOK: Oem ID in QCRILHOOK UNSOL RESP is QOEMHOOK
09-22 11:52:49.621  2197  2197 D SST[1]  : [1] pollState: modemTriggered=true
09-22 11:52:49.623  2197  2197 D RILJ    : [6528]> OPERATOR [SUB1]
09-22 11:52:49.624  2197  2197 D NetworkRegistrationManager: getNetworkRegistrationState domain 2
09-22 11:52:49.624  2197  2197 D NetworkRegistrationManager: getNetworkRegistrationState domain 1
09-22 11:52:49.625  2197  2197 D RILJ    : [6529]> QUERY_NETWORK_SELECTION_MODE [SUB1]
09-22 11:52:49.625  2197  2197 D use-Rlog/RLOG-QC_RIL_OEM_HOOK: Received Broadcast Intent ACTION_UNSOL_RESPONSE_OEM_HOOK_RAW
09-22 11:52:49.626  2197  2197 D use-Rlog/RLOG-QC_RIL_OEM_HOOK: Oem ID in QCRILHOOK UNSOL RESP is QOEMHOOK
09-22 11:52:49.626  2197  2197 D use-Rlog/RLOG-QC_RIL_OEM_HOOK: Received Broadcast Intent ACTION_UNSOL_RESPONSE_OEM_HOOK_RAW
09-22 11:52:49.626  2197  2197 D use-Rlog/RLOG-QC_RIL_OEM_HOOK: Oem ID in QCRILHOOK UNSOL RESP is QOEMHOOK
09-22 11:52:49.629  2197  2372 D RILJ    : [6530]> DATA_REGISTRATION_STATE [SUB1]
09-22 11:52:49.633  2317  2341 I QcrilOemhookMsgTunnel: [1]processOemHookIndication length=21
09-22 11:52:49.634  2197  2372 D RILJ    : [6531]> VOICE_REGISTRATION_STATE [SUB1]
09-22 11:52:49.634  2317  2317 D QcrilMsgTunnelIfaceManager: handleMessage what = 0
09-22 11:52:49.634  2197  2288 D RILJ    : Unsol response received; Sending ack to ril.cpp [SUB1]
09-22 11:52:49.634  2197  2288 D RILJ    : [UNSL]< UNSOL_RESPONSE_NETWORK_STATE_CHANGED [SUB1]
09-22 11:52:49.635  2197  2372 D NetworkRegistrationManager: onNetworkStateChanged
09-22 11:52:49.635  2197  2197 D SST[1]  : [1] pollState: modemTriggered=true
09-22 11:52:49.637  2197  2288 D RILJ    : [6528]< OPERATOR {, , } [SUB1]
09-22 11:52:49.640  2178  2178 D use-Rlog/RLOG-QC_RIL_OEM_HOOK: Received Broadcast Intent ACTION_UNSOL_RESPONSE_OEM_HOOK_RAW
09-22 11:52:49.640  2178  2178 D use-Rlog/RLOG-QC_RIL_OEM_HOOK: Oem ID in QCRILHOOK UNSOL RESP is QOEMHOOK
09-22 11:52:49.641  2197  2288 D RILJ    : [6530]< DATA_REGISTRATION_STATE {.regState = NOT_REG_MT_NOT_SEARCHING_OP, .rat = 0, .reasonDataDenied = 0, .maxDataCalls = 20, .cellIdentity = {...}} [SUB1]
09-22 11:52:49.642  2197  2435 D NetworkRegistrationManager: onGetNetworkRegistrationStateComplete result 0 state NetworkRegistrationState{transportType=1 domain=PS regState=NOT_REG_NOT_SEARCHING accessNetworkTechnology=UNKNOWN reasonForDenial=0 emergencyEnabled=false supportedServices=null cellIdentity=null voiceSpecificStates=null dataSpecificStates=DataSpecificRegistrationStates { mMaxDataCalls=20}}
09-22 11:52:49.642  2197  2197 D RILJ    : [6533]> OPERATOR [SUB1]
09-22 11:52:49.642  2197  2197 D NetworkRegistrationManager: getNetworkRegistrationState domain 2
09-22 11:52:49.642  2197  2197 D NetworkRegistrationManager: getNetworkRegistrationState domain 1
09-22 11:52:49.645  2197  2288 D RILJ    : [6529]< QUERY_NETWORK_SELECTION_MODE {0} [SUB1]
09-22 11:52:49.647  2197  2197 D RILJ    : [6534]> QUERY_NETWORK_SELECTION_MODE [SUB1]
09-22 11:52:49.648  2197  2372 D RILJ    : [6535]> DATA_REGISTRATION_STATE [SUB1]
09-22 11:52:49.648  2197  2197 D use-Rlog/RLOG-QC_RIL_OEM_HOOK: Received Broadcast Intent ACTION_UNSOL_RESPONSE_OEM_HOOK_RAW
09-22 11:52:49.650  2197  2372 D RILJ    : [6536]> VOICE_REGISTRATION_STATE [SUB1]
09-22 11:52:49.650  2197  2197 D use-Rlog/RLOG-QC_RIL_OEM_HOOK: Oem ID in QCRILHOOK UNSOL RESP is QOEMHOOK
09-22 11:52:49.650  2197  2197 D use-Rlog/RLOG-QC_RIL_OEM_HOOK: Received Broadcast Intent ACTION_UNSOL_RESPONSE_OEM_HOOK_RAW
09-22 11:52:49.652  2197  2197 D use-Rlog/RLOG-QC_RIL_OEM_HOOK: Oem ID in QCRILHOOK UNSOL RESP is QOEMHOOK
09-22 11:52:49.652  2197  2197 E use-Rlog/RLOG-QC_RIL_OEM_HOOK: QcRilOemHook notifyRegistrants Failed
09-22 11:52:49.652  2197  2197 D use-Rlog/RLOG-QC_RIL_OEM_HOOK: Received Broadcast Intent ACTION_UNSOL_RESPONSE_OEM_HOOK_RAW
09-22 11:52:49.652  2197  2197 D use-Rlog/RLOG-QC_RIL_OEM_HOOK: Oem ID in QCRILHOOK UNSOL RESP is QOEMHOOK
09-22 11:52:49.653  2197  2197 D use-Rlog/RLOG-QC_RIL_OEM_HOOK: Received Broadcast Intent ACTION_UNSOL_RESPONSE_OEM_HOOK_RAW
09-22 11:52:49.653  2197  2197 D use-Rlog/RLOG-QC_RIL_OEM_HOOK: Oem ID in QCRILHOOK UNSOL RESP is QOEMHOOK
09-22 11:52:49.653  2197  2197 D SST[1]  : [1] EVENT_POLL_STATE_NETWORK_SELECTION_MODE
09-22 11:52:49.653  2197  2197 D PhoneSwitcher: handle event - 108
09-22 11:52:49.657  2197  2288 D RILJ    : [6531]< VOICE_REGISTRATION_STATE {.regState = NOT_REG_MT_SEARCHING_OP_EM, .rat = 3, .cssSupported = false, .roamingIndicator = -1, .systemIsInPrl = -1, .defaultRoamingIndicator = -1, .reasonForDenial = 0, .cellIdentity = {...}} [SUB1]
09-22 11:52:49.657  2197  2288 D RILJ    : [6536]< VOICE_REGISTRATION_STATE {.regState = NOT_REG_MT_SEARCHING_OP_EM, .rat = 3, .cssSupported = false, .roamingIndicator = -1, .systemIsInPrl = -1, .defaultRoamingIndicator = -1, .reasonForDenial = 0, .cellIdentity = {...}} [SUB1]
09-22 11:52:49.657  2197  2435 D NetworkRegistrationManager: onGetNetworkRegistrationStateComplete result 0 state NetworkRegistrationState{transportType=1 domain=CS regState=NOT_REG_SEARCHING accessNetworkTechnology=UMTS reasonForDenial=0 emergencyEnabled=true supportedServices=[I@6dec19d cellIdentity=CellIdentityWcdma:{ mMcc=460 mMnc=01 mAlphaLong=CHN-UNICOM mAlphaShort=UNICOM} voiceSpecificStates=VoiceSpecificRegistrationStates { mCssSupported=false mRoamingIndicator=-1 mSystemIsInPrl=-1 mDefaultRoamingIndicator=-1} dataSpecificStates=null}
09-22 11:52:49.658  2197  2435 D NetworkRegistrationManager: onGetNetworkRegistrationStateComplete result 0 state NetworkRegistrationState{transportType=1 domain=CS regState=NOT_REG_SEARCHING accessNetworkTechnology=UMTS reasonForDenial=0 emergencyEnabled=true supportedServices=[I@8447612 cellIdentity=CellIdentityWcdma:{ mMcc=460 mMnc=01 mAlphaLong=CHN-UNICOM mAlphaShort=UNICOM} voiceSpecificStates=VoiceSpecificRegistrationStates { mCssSupported=false mRoamingIndicator=-1 mSystemIsInPrl=-1 mDefaultRoamingIndicator=-1} dataSpecificStates=null}
09-22 11:52:49.659  2197  2288 D RILJ    : [6535]< DATA_REGISTRATION_STATE {.regState = NOT_REG_MT_NOT_SEARCHING_OP, .rat = 0, .reasonDataDenied = 0, .maxDataCalls = 20, .cellIdentity = {...}} [SUB1]
09-22 11:52:49.659  2197  2435 D NetworkRegistrationManager: onGetNetworkRegistrationStateComplete result 0 state NetworkRegistrationState{transportType=1 domain=PS regState=NOT_REG_NOT_SEARCHING accessNetworkTechnology=UNKNOWN reasonForDenial=0 emergencyEnabled=false supportedServices=null cellIdentity=null voiceSpecificStates=null dataSpecificStates=DataSpecificRegistrationStates { mMaxDataCalls=20}}
09-22 11:52:49.660  2197  2197 D SST[1]  : [1] handlPollVoiceRegResultMessage: regState=2 radioTechnology=3
09-22 11:52:49.660  2197  2197 D SST[1]  : [1] Could not set ServiceState channel number. CellIdentity null
09-22 11:52:49.660  2197  2197 D SST[1]  : [1] handlPollStateResultMessage: GsmSST dataServiceState=1 regState=0 dataRadioTechnology=0
09-22 11:52:49.660  2197  2288 D RILJ    : [6533]< OPERATOR {, , } [SUB1]
09-22 11:52:49.662  2197  2288 D RILJ    : [6534]< QUERY_NETWORK_SELECTION_MODE {0} [SUB1]
09-22 11:52:49.662  2197  2197 D SST[1]  : [1] EVENT_POLL_STATE_NETWORK_SELECTION_MODE
09-22 11:52:49.665  2197  2197 D SST[1]  : [1] Poll ServiceState done:  oldSS=[{mVoiceRegState=1(OUT_OF_SERVICE), mDataRegState=1(OUT_OF_SERVICE), mChannelNumber=10763, duplexMode()=0, mCellBandwidths=[], mVoiceRoamingType=home, mDataRoamingType=home, mVoiceOperatorAlphaLong=, mVoiceOperatorAlphaShort=, mDataOperatorAlphaLong=, mDataOperatorAlphaShort=, isManualNetworkSelection=false(automatic), mRilVoiceRadioTechnology=3(UMTS), mRilDataRadioTechnology=0(Unknown), mCssIndicator=unsupported, mNetworkId=-1, mSystemId=-1, mCdmaRoamingIndicator=-1, mCdmaDefaultRoamingIndicator=-1, mIsEmergencyOnly=true, mIsDataRoamingFromRegistration=false, mIsUsingCarrierAggregation=false, mLteEarfcnRsrpBoost=0, mNetworkRegistrationStates=[NetworkRegistrationState{transportType=1 domain=PS regState=NOT_REG_NOT_SEARCHING accessNetworkTechnology=UNKNOWN reasonForDenial=0 emergencyEnabled=false supportedServices=null cellIdentity=null voiceSpecificStates=null dataSpecificStates=DataSpecificRegistrationStates { mMaxDataCalls=20}}, NetworkRegistrationState{transportType=1 domain=CS regState=NOT_REG_SEARCHING accessNetworkTechnology=UMTS reasonForDenial=0 emergencyEnabled=true supportedServices=[I@6bf1ae5 cellIdentity=CellIdentityWcdma:{ mMcc=460 mMnc=01 mAlphaLong=CHN-UNICOM mAlphaShort=UNICOM} voiceSpecificStates=VoiceSpecificRegistrationStates { mCssSupported=false mRoamingIndicator=-1 mSystemIsInPrl=-1 mDefaultRoamingIndicator=-1} dataSpecificStates=null}]}] newSS=[{mVoiceRegState=1(OUT_OF_SERVICE), mDataRegState=1(OUT_OF_SERVICE), mChannelNumber=10763, duplexMode()=0, mCellBandwidths=[], mVoiceRoamingType=home, mDataRoamingType=home, mVoiceOperatorAlphaLong=, mVoiceOperatorAlphaShort=, mDataOperatorAlphaLong=, mDataOperatorAlphaShort=, isManualNetworkSelection=false(automatic), mRilVoiceRadioTechnology=3(UMTS), mRilDataRadioTechnology=0(Unknown), mCssIndicator=unsupported, mNetworkId=-1, mSystemId=-1, mCdmaRoamingIndicator=-1, mCdmaDefaultRoamingIndicator=-1, mIsEmergencyOnly=true, mIsDataRoamingFromRegistration=false, mIsUsingCarrierAggregation=false, mLteEarfcnRsrpBoost=0, mNetworkRegistrationStates=[NetworkRegistrationState{transportType=1 domain=CS regState=NOT_REG_SEARCHING accessNetworkTechnology=UMTS reasonForDenial=0 emergencyEnabled=true supportedServices=[I@8447612 cellIdentity=CellIdentityWcdma:{ mMcc=460 mMnc=01 mAlphaLong=CHN-UNICOM mAlphaShort=UNICOM} voiceSpecificStates=VoiceSpecificRegistrationStates { mCssSupported=false mRoamingIndicator=-1 mSystemIsInPrl=-1 mDefaultRoamingIndicator=-1} dataSpecificStates=null}, NetworkRegistrationState{transportType=1 domain=PS regState=NOT_REG_NOT_SEARCHING accessNetworkTechnology=UNKNOWN reasonForDenial=0 emergencyEnabled=false supportedServices=null cellIdentity=null voiceSpecificStates=null dataSpecificStates=DataSpecificRegistrationStates { mMaxDataCalls=20}}]}] oldMaxDataCalls=20 mNewMaxDataCalls=20 oldReasonDataDenied=0 mNewReasonDataDenied=0
09-22 11:52:49.665  2197  2197 D SST[1]  : [1] pollStateDone: hasRegistered=false hasDeregistered=false hasDataAttached=false hasDataDetached=false hasDataRegStateChanged=false hasRilVoiceRadioTechnologyChanged= false hasRilDataRadioTechnologyChanged=false hasChanged=false hasVoiceRoamingOn=false hasVoiceRoamingOff=false hasDataRoamingOn=false hasDataRoamingOff=false hasLocationChanged=false has4gHandoff = false hasMultiApnSupport=false hasLostMultiApnSupport=false hasCssIndicatorChanged=false
09-22 11:52:51.552   853  1020 E ThermalEngine: read_thermal_config
09-22 11:52:51.553   853  1020 D ThermalEngine: algo_monitor: Timer EVT
09-22 11:52:51.554   853  1020 I ThermalEngine: Sensor:sdm-therm:51029 mC
09-22 11:52:51.554   853  1020 D ThermalEngine: handle_timer_sig: SS Id SS-QUIET-THERM-GOLD3 Read sdm-therm 51029mC, Err -2029mC, SampleCnt 1
09-22 11:52:51.554   853  1020 D ThermalEngine: handle_timer_sig: SS Id SS-QUIET-THERM-GOLD3, E0 -2029mC, E1 -2029mC
09-22 11:52:51.554   853  1020 D ThermalEngine: Already at device mitigation max limit
09-22 11:52:51.555   853  1020 I ThermalEngine: Sensor:sdm-therm:51029 mC
09-22 11:52:51.555   853  1020 D ThermalEngine: handle_timer_sig: SS Id SS-QUIET-THERM-GOLD2 Read sdm-therm 51029mC, Err -4029mC, SampleCnt 1
09-22 11:52:51.555   853  1020 D ThermalEngine: handle_timer_sig: SS Id SS-QUIET-THERM-GOLD2, E0 -4029mC, E1 -4029mC
09-22 11:52:51.555   853  1020 D ThermalEngine: Already at device mitigation max limit
09-22 11:52:51.556   853  1020 I ThermalEngine: Sensor:sdm-therm:51029 mC
09-22 11:52:51.557   853  1020 D ThermalEngine: handle_timer_sig: SS Id SS-QUIET-THERM-GOLD Read sdm-therm 51029mC, Err -6029mC, SampleCnt 1
09-22 11:52:51.557   853  1020 D ThermalEngine: handle_timer_sig: SS Id SS-QUIET-THERM-GOLD, E0 -6029mC, E1 -6029mC
09-22 11:52:51.557   853  1020 D ThermalEngine: Already at device mitigation max limit
09-22 11:52:51.558   853  1020 I ThermalEngine: Sensor:sdm-therm:51029 mC
09-22 11:52:51.558   853  1020 D ThermalEngine: handle_timer_sig: SS Id SS-QUIET-THERM-SILVER3 Read sdm-therm 51029mC, Err -3029mC, SampleCnt 1
09-22 11:52:51.558   853  1020 D ThermalEngine: handle_timer_sig: SS Id SS-QUIET-THERM-SILVER3, E0 -3029mC, E1 -3029mC
09-22 11:52:51.558   853  1020 D ThermalEngine: Already at device mitigation max limit
09-22 11:52:51.559   853  1020 I ThermalEngine: Sensor:sdm-therm:51029 mC
09-22 11:52:51.559   853  1020 D ThermalEngine: handle_timer_sig: SS Id SS-QUIET-THERM-SILVER2 Read sdm-therm 51029mC, Err -5029mC, SampleCnt 1
09-22 11:52:51.559   853  1020 D ThermalEngine: handle_timer_sig: SS Id SS-QUIET-THERM-SILVER2, E0 -5029mC, E1 -5029mC
09-22 11:52:51.559   853  1020 D ThermalEngine: Already at device mitigation max limit
09-22 11:52:51.560   853  1020 I ThermalEngine: Sensor:sdm-therm:51029 mC
09-22 11:52:51.560   853  1020 D ThermalEngine: handle_timer_sig: SS Id SS-QUIET-THERM-SILVER Read sdm-therm 51029mC, Err -7029mC, SampleCnt 1
09-22 11:52:51.560   853  1020 D ThermalEngine: handle_timer_sig: SS Id SS-QUIET-THERM-SILVER, E0 -7029mC, E1 -7029mC
09-22 11:52:51.560   853  1020 D ThermalEngine: Already at device mitigation max limit
09-22 11:52:51.560   853  1020 I ThermalEngine: settimer: Start timer 2.000(sec)
09-22 11:52:51.560   853  1020 D ThermalEngine: algo_monitor: Wait for EV
09-22 11:52:53.562   853  1020 E ThermalEngine: read_thermal_config
09-22 11:52:53.563   853  1020 D ThermalEngine: algo_monitor: Timer EVT
09-22 11:52:53.564   853  1020 I ThermalEngine: Sensor:sdm-therm:50955 mC
09-22 11:52:53.564   853  1020 D ThermalEngine: handle_timer_sig: SS Id SS-QUIET-THERM-GOLD3 Read sdm-therm 50955mC, Err -1955mC, SampleCnt 1
09-22 11:52:53.564   853  1020 D ThermalEngine: handle_timer_sig: SS Id SS-QUIET-THERM-GOLD3, E0 -1955mC, E1 -2029mC
09-22 11:52:53.564   853  1020 D ThermalEngine: Already at device mitigation max limit
09-22 11:52:53.565   853  1020 I ThermalEngine: Sensor:sdm-therm:50955 mC
09-22 11:52:53.565   853  1020 D ThermalEngine: handle_timer_sig: SS Id SS-QUIET-THERM-GOLD2 Read sdm-therm 50955mC, Err -3955mC, SampleCnt 1
09-22 11:52:53.565   853  1020 D ThermalEngine: handle_timer_sig: SS Id SS-QUIET-THERM-GOLD2, E0 -3955mC, E1 -4029mC
09-22 11:52:53.565   853  1020 D ThermalEngine: Already at device mitigation max limit
09-22 11:52:53.566   853  1020 I ThermalEngine: Sensor:sdm-therm:50955 mC
09-22 11:52:53.566   853  1020 D ThermalEngine: handle_timer_sig: SS Id SS-QUIET-THERM-GOLD Read sdm-therm 50955mC, Err -5955mC, SampleCnt 1
09-22 11:52:53.566   853  1020 D ThermalEngine: handle_timer_sig: SS Id SS-QUIET-THERM-GOLD, E0 -5955mC, E1 -6029mC
09-22 11:52:53.566   853  1020 D ThermalEngine: Already at device mitigation max limit
09-22 11:52:53.567   853  1020 I ThermalEngine: Sensor:sdm-therm:50955 mC
09-22 11:52:53.568   853  1020 D ThermalEngine: handle_timer_sig: SS Id SS-QUIET-THERM-SILVER3 Read sdm-therm 50955mC, Err -2955mC, SampleCnt 1
09-22 11:52:53.568   853  1020 D ThermalEngine: handle_timer_sig: SS Id SS-QUIET-THERM-SILVER3, E0 -2955mC, E1 -3029mC
09-22 11:52:53.568   853  1020 D ThermalEngine: Already at device mitigation max limit
09-22 11:52:53.569   853  1020 I ThermalEngine: Sensor:sdm-therm:50955 mC
09-22 11:52:53.569   853  1020 D ThermalEngine: handle_timer_sig: SS Id SS-QUIET-THERM-SILVER2 Read sdm-therm 50955mC, Err -4955mC, SampleCnt 1
09-22 11:52:53.569   853  1020 D ThermalEngine: handle_timer_sig: SS Id SS-QUIET-THERM-SILVER2, E0 -4955mC, E1 -5029mC
09-22 11:52:53.569   853  1020 D ThermalEngine: Already at device mitigation max limit
09-22 11:52:53.571   853  1020 I ThermalEngine: Sensor:sdm-therm:50955 mC
09-22 11:52:53.571   853  1020 D ThermalEngine: handle_timer_sig: SS Id SS-QUIET-THERM-SILVER Read sdm-therm 50955mC, Err -6955mC, SampleCnt 1
09-22 11:52:53.571   853  1020 D ThermalEngine: handle_timer_sig: SS Id SS-QUIET-THERM-SILVER, E0 -6955mC, E1 -7029mC
09-22 11:52:53.571   853  1020 D ThermalEngine: Already at device mitigation max limit
09-22 11:52:53.571   853  1020 I ThermalEngine: settimer: Start timer 2.000(sec)
09-22 11:52:53.571   853  1020 D ThermalEngine: algo_monitor: Wait for EV
09-22 11:52:53.760  4064  9794 I gle.android.gm: Explicit concurrent copying GC freed 20965(1102KB) AllocSpace objects, 2(40KB) LOS objects, 24% free, 9MB/12MB, paused 335us total 210.413ms
09-22 11:52:54.043   916  3676 I OMX-VENC: venc_dev: stats: avg. fps 26.32, bitrate 2310881
09-22 11:52:54.727  2317  2341 I QcrilOemhookMsgTunnel: [1]processOemHookIndication length=21
09-22 11:52:54.728  2317  2317 D QcrilMsgTunnelIfaceManager: handleMessage what = 0
09-22 11:52:54.732  2178  2178 D use-Rlog/RLOG-QC_RIL_OEM_HOOK: Received Broadcast Intent ACTION_UNSOL_RESPONSE_OEM_HOOK_RAW
09-22 11:52:54.732  2178  2178 D use-Rlog/RLOG-QC_RIL_OEM_HOOK: Oem ID in QCRILHOOK UNSOL RESP is QOEMHOOK
09-22 11:52:54.732  2197  2197 D use-Rlog/RLOG-QC_RIL_OEM_HOOK: Received Broadcast Intent ACTION_UNSOL_RESPONSE_OEM_HOOK_RAW
09-22 11:52:54.732  2197  2197 D use-Rlog/RLOG-QC_RIL_OEM_HOOK: Oem ID in QCRILHOOK UNSOL RESP is QOEMHOOK
09-22 11:52:54.733  2197  2197 D use-Rlog/RLOG-QC_RIL_OEM_HOOK: Received Broadcast Intent ACTION_UNSOL_RESPONSE_OEM_HOOK_RAW
09-22 11:52:54.733  2197  2197 D use-Rlog/RLOG-QC_RIL_OEM_HOOK: Oem ID in QCRILHOOK UNSOL RESP is QOEMHOOK
09-22 11:52:54.733  2197  2197 E use-Rlog/RLOG-QC_RIL_OEM_HOOK: QcRilOemHook notifyRegistrants Failed
09-22 11:52:54.733  2197  2197 D use-Rlog/RLOG-QC_RIL_OEM_HOOK: Received Broadcast Intent ACTION_UNSOL_RESPONSE_OEM_HOOK_RAW
09-22 11:52:54.733  2197  2197 D use-Rlog/RLOG-QC_RIL_OEM_HOOK: Oem ID in QCRILHOOK UNSOL RESP is QOEMHOOK
09-22 11:52:54.733  2197  2197 D use-Rlog/RLOG-QC_RIL_OEM_HOOK: Received Broadcast Intent ACTION_UNSOL_RESPONSE_OEM_HOOK_RAW
09-22 11:52:54.733  2197  2197 D use-Rlog/RLOG-QC_RIL_OEM_HOOK: Oem ID in QCRILHOOK UNSOL RESP is QOEMHOOK
09-22 11:52:54.733  2197  2197 D PhoneSwitcher: handle event - 108
09-22 11:52:51.289     0     0 E pm6150_charger: wdog_snarl_irq_handler: IRQ: wdog-snarl
09-22 11:52:51.289     0     0 E AWAKE   : SW_THERM_REGULATION_VOTER,0 voting on of val=1
09-22 11:52:51.289     0     0 E AWAKE   : effective vote is now 1 voted by SW_THERM_REGULATION_VOTER,0
09-22 11:52:51.293     0     0 E pm6150_charger: smblib_process_thermal_readings: Current temperatures: 	DIE_TEMP: 537,	CONN_TEMP: 334,	SMB_TEMP: -61,	SKIN_TEMP: 510
09-22 11:52:51.293     0     0 E THERMAL_STATUS: 4
09-22 11:52:51.294     0     0 E AWAKE   : SW_THERM_REGULATION_VOTER,0 voting off of val=0
09-22 11:52:51.294     0     0 E AWAKE   : effective vote is now 0 voted by SW_THERM_REGULATION_VOTER,0
09-22 11:52:54.738  2197  2288 D RILJ    : Unsol response received; Sending ack to ril.cpp [SUB1]
09-22 11:52:54.738  2197  2288 D RILJ    : [UNSL]< UNSOL_RESPONSE_NETWORK_STATE_CHANGED [SUB1]
09-22 11:52:54.738  2197  2372 D NetworkRegistrationManager: onNetworkStateChanged
09-22 11:52:54.739  2197  2197 D SST[1]  : [1] pollState: modemTriggered=true
09-22 11:52:54.744  2317  2341 I QcrilOemhookMsgTunnel: [1]processOemHookIndication length=21
09-22 11:52:54.745  2317  2317 D QcrilMsgTunnelIfaceManager: handleMessage what = 0
09-22 11:52:54.748  2178  2178 D use-Rlog/RLOG-QC_RIL_OEM_HOOK: Received Broadcast Intent ACTION_UNSOL_RESPONSE_OEM_HOOK_RAW
09-22 11:52:54.748  2178  2178 D use-Rlog/RLOG-QC_RIL_OEM_HOOK: Oem ID in QCRILHOOK UNSOL RESP is QOEMHOOK
09-22 11:52:54.749  2197  2288 D RILJ    : Unsol response received; Sending ack to ril.cpp [SUB1]
09-22 11:52:54.749  2197  2288 D RILJ    : [UNSL]< UNSOL_RESPONSE_NETWORK_STATE_CHANGED [SUB1]
09-22 11:52:54.749  2197  2197 D RILJ    : [6538]> OPERATOR [SUB1]
09-22 11:52:54.749  2197  2372 D NetworkRegistrationManager: onNetworkStateChanged
09-22 11:52:54.749  2197  2197 D NetworkRegistrationManager: getNetworkRegistrationState domain 2
09-22 11:52:54.749  2197  2197 D NetworkRegistrationManager: getNetworkRegistrationState domain 1
09-22 11:52:54.752  2197  2197 D RILJ    : [6540]> QUERY_NETWORK_SELECTION_MODE [SUB1]
09-22 11:52:54.752  2197  2197 D use-Rlog/RLOG-QC_RIL_OEM_HOOK: Received Broadcast Intent ACTION_UNSOL_RESPONSE_OEM_HOOK_RAW
09-22 11:52:54.753  2197  2197 D use-Rlog/RLOG-QC_RIL_OEM_HOOK: Oem ID in QCRILHOOK UNSOL RESP is QOEMHOOK
09-22 11:52:54.753  2197  2372 D RILJ    : [6541]> DATA_REGISTRATION_STATE [SUB1]
09-22 11:52:54.754  2197  2288 D RILJ    : [6538]< OPERATOR {, , } [SUB1]
09-22 11:52:54.754  2197  2197 D use-Rlog/RLOG-QC_RIL_OEM_HOOK: Received Broadcast Intent ACTION_UNSOL_RESPONSE_OEM_HOOK_RAW
09-22 11:52:54.754  2197  2197 D use-Rlog/RLOG-QC_RIL_OEM_HOOK: Oem ID in QCRILHOOK UNSOL RESP is QOEMHOOK
09-22 11:52:54.754  2197  2197 E use-Rlog/RLOG-QC_RIL_OEM_HOOK: QcRilOemHook notifyRegistrants Failed
09-22 11:52:54.754  2197  2197 D use-Rlog/RLOG-QC_RIL_OEM_HOOK: Received Broadcast Intent ACTION_UNSOL_RESPONSE_OEM_HOOK_RAW
09-22 11:52:54.754  2197  2197 D use-Rlog/RLOG-QC_RIL_OEM_HOOK: Oem ID in QCRILHOOK UNSOL RESP is QOEMHOOK
09-22 11:52:54.754  2197  2197 D use-Rlog/RLOG-QC_RIL_OEM_HOOK: Received Broadcast Intent ACTION_UNSOL_RESPONSE_OEM_HOOK_RAW
09-22 11:52:54.754  2197  2197 D use-Rlog/RLOG-QC_RIL_OEM_HOOK: Oem ID in QCRILHOOK UNSOL RESP is QOEMHOOK
09-22 11:52:54.755  2197  2197 D SST[1]  : [1] pollState: modemTriggered=true
09-22 11:52:54.755  2197  2372 D RILJ    : [6542]> VOICE_REGISTRATION_STATE [SUB1]
09-22 11:52:54.764  2197  2435 D NetworkRegistrationManager: onGetNetworkRegistrationStateComplete result 0 state NetworkRegistrationState{transportType=1 domain=PS regState=NOT_REG_NOT_SEARCHING accessNetworkTechnology=UNKNOWN reasonForDenial=0 emergencyEnabled=false supportedServices=null cellIdentity=null voiceSpecificStates=null dataSpecificStates=DataSpecificRegistrationStates { mMaxDataCalls=20}}
09-22 11:52:54.765  2197  2288 D RILJ    : [6541]< DATA_REGISTRATION_STATE {.regState = NOT_REG_MT_NOT_SEARCHING_OP, .rat = 0, .reasonDataDenied = 0, .maxDataCalls = 20, .cellIdentity = {...}} [SUB1]
09-22 11:52:54.766  2197  2197 D RILJ    : [6543]> OPERATOR [SUB1]
09-22 11:52:54.767  2197  2197 D NetworkRegistrationManager: getNetworkRegistrationState domain 2
09-22 11:52:54.767  2197  2197 D NetworkRegistrationManager: getNetworkRegistrationState domain 1
09-22 11:52:54.768  2197  2197 D RILJ    : [6544]> QUERY_NETWORK_SELECTION_MODE [SUB1]
09-22 11:52:54.770  2197  2372 D RILJ    : [6545]> DATA_REGISTRATION_STATE [SUB1]
09-22 11:52:54.770  2197  2288 D RILJ    : [6540]< QUERY_NETWORK_SELECTION_MODE {0} [SUB1]
09-22 11:52:54.770  2197  2288 D RILJ    : [6542]< VOICE_REGISTRATION_STATE {.regState = NOT_REG_MT_SEARCHING_OP_EM, .rat = 3, .cssSupported = false, .roamingIndicator = -1, .systemIsInPrl = -1, .defaultRoamingIndicator = -1, .reasonForDenial = 0, .cellIdentity = {...}} [SUB1]
