09-22 11:53:05.624   853  1020 I ThermalEngine: Sensor:sdm-therm:51029 mC
09-22 11:53:05.624   853  1020 D ThermalEngine: handle_timer_sig: SS Id SS-QUIET-THERM-SILVER2 Read sdm-therm 51029mC, Err -5029mC, SampleCnt 1
09-22 11:53:05.624   853  1020 D ThermalEngine: handle_timer_sig: SS Id SS-QUIET-THERM-SILVER2, E0 -5029mC, E1 -5029mC
09-22 11:53:05.624   853  1020 D ThermalEngine: Already at device mitigation max limit
09-22 11:53:05.636   853  1020 I ThermalEngine: Sensor:sdm-therm:51029 mC
09-22 11:53:05.636   853  1020 D ThermalEngine: handle_timer_sig: SS Id SS-QUIET-THERM-SILVER Read sdm-therm 51029mC, Err -7029mC, SampleCnt 1
09-22 11:53:05.636   853  1020 D ThermalEngine: handle_timer_sig: SS Id SS-QUIET-THERM-SILVER, E0 -7029mC, E1 -7029mC
09-22 11:53:05.636   853  1020 D ThermalEngine: Already at device mitigation max limit
09-22 11:53:05.636   853  1020 I ThermalEngine: settimer: Start timer 2.000(sec)
09-22 11:53:05.636   853  1020 D ThermalEngine: algo_monitor: Wait for EV
09-22 11:53:02.697     0     0 E pm6150_charger: wdog_bark_irq_handler: IRQ: wdog-bark
09-22 11:53:02.697     0     0 E power_supply battery: power_supply_changed
09-22 11:53:02.697     0     0 E power_supply battery: power_supply_changed_work
09-22 11:53:02.697     0     0 E pm6150_charger: smblib_get_prop_usb_online: POWER_PATH_STATUS = 0x95
09-22 11:53:02.697     0     0 E pm6150_charger: smblib_get_prop_dc_online: POWER_PATH_STATUS = 0x95
09-22 11:53:02.697     0     0 E pm6150_charger: smblib_get_prop_batt_health: BATTERY_CHARGER_STATUS_2 = 0x08
09-22 11:53:02.697     0     0 I smblib_get_prop_batt_status stat: 3 max_voltage:4400000 chg_done:0
09-22 11:53:02.697     0     0 E pm6150_charger: smblib_get_prop_usb_online: POWER_PATH_STATUS = 0x95
09-22 11:53:02.697     0     0 E pm6150_charger: smblib_get_prop_dc_online: POWER_PATH_STATUS = 0x95
09-22 11:53:02.697     0     0 E pm6150_charger: smblib_get_prop_batt_health: BATTERY_CHARGER_STATUS_2 = 0x08
09-22 11:53:02.697     0     0 I smblib_get_prop_batt_status stat: 3 max_voltage:4400000 chg_done:0
09-22 11:53:02.697     0     0 E pm6150_charger: smblib_get_prop_batt_health: BATTERY_CHARGER_STATUS_2 = 0x08
09-22 11:53:02.697     0     0 I         : smblib_get_prop_usb_present stat 16
09-22 11:53:02.698     0     0 E pm6150_charger: smblib_get_prop_usb_online: POWER_PATH_STATUS = 0x95
09-22 11:53:02.698     0     0 E pm6150_charger: smblib_get_prop_dc_online: POWER_PATH_STATUS = 0x95
09-22 11:53:02.698     0     0 E pm6150_charger: smblib_get_prop_batt_health: BATTERY_CHARGER_STATUS_2 = 0x08
09-22 11:53:02.698     0     0 I smblib_get_prop_batt_status stat: 3 max_voltage:4400000 chg_done:0
09-22 11:53:06.170  1851  1851 D KeyguardUpdateMonitor: received broadcast android.intent.action.BATTERY_CHANGED
09-22 11:53:02.698     0     0 I QG-K    : qg_status_change_work: charge_status=1 charge_done=0
09-22 11:53:02.698     0     0 I         : smblib_get_prop_usb_present stat 16
09-22 11:53:02.698     0     0 E ALG     : cycle_count_update: batt_soc: 237 id: 7 chg_status: 1
09-22 11:53:02.698     0     0 I         : smblib_get_prop_usb_present stat 16
09-22 11:53:02.698     0     0 E PL_DISABLE: CHG_STATE_VOTER,0 same vote off of val=0
09-22 11:53:02.698     0     0 E PL_DISABLE: CHG_STATE_VOTER,0 Ignoring similar vote off of val=0
09-22 11:53:02.698     0     0 E pm6150_charger: smblib_get_charge_param: aicl icl status = 500000 (0x0a)
09-22 11:53:02.698     0     0 E PL_ENABLE_INDIRECT: USBIN_I_VOTER,0 same vote off of val=0
09-22 11:53:02.698     0     0 E PL_ENABLE_INDIRECT: USBIN_I_VOTER,0 Ignoring similar vote off of val=0
09-22 11:53:02.698     0     0 E PL_AWAKE: FCC_STEPPER_VOTER,0 same vote off of val=0
09-22 11:53:02.698     0     0 E PL_AWAKE: FCC_STEPPER_VOTER,0 Ignoring similar vote off of val=0
09-22 11:53:02.698     0     0 E pm6150_charger: smblib_get_charge_param: fast charge current = 100000 (0x02)
09-22 11:53:02.698     0     0 E pm6150_charger: smblib_set_charge_param: float voltage = 4400000 (0x50)
09-22 11:53:02.698     0     0 I         : length 2 addr=48c0
09-22 11:53:02.698     0     0 I val[0]  : 15
09-22 11:53:02.698     0     0 I val[1]  : 53
09-22 11:53:02.698     0     0 I addr=4842 mask: 01 val: 01
09-22 11:53:02.698     0     0 I         : length 2 addr=48c6
09-22 11:53:02.698     0     0 I val[0]  : 1d
09-22 11:53:02.698     0     0 I val[1]  : 03
09-22 11:53:02.698     0     0 I addr=4842 mask: 01 val: 00
09-22 11:53:02.700     0     0 I         : smblib_get_prop_usb_present stat 16
09-22 11:53:02.700     0     0 I QG-K    : qg_get_learned_capacity: Retrieved learned capacity 2576000uah
09-22 11:53:02.702     0     0 I         : length 2 addr=48c0
09-22 11:53:02.702     0     0 I val[0]  : 15
09-22 11:53:02.702     0     0 I val[1]  : 53
09-22 11:53:02.702     0     0 I QG-K    : qg_get_learned_capacity: Retrieved learned capacity 2576000uah
09-22 11:53:02.702     0     0 I addr=4842 mask: 01 val: 01
09-22 11:53:02.702     0     0 I         : length 2 addr=48c6
09-22 11:53:02.702     0     0 I val[0]  : 1d
09-22 11:53:02.702     0     0 I val[1]  : 03
09-22 11:53:02.702     0     0 I addr=4842 mask: 01 val: 00
09-22 11:53:02.702     0     0 I QG-K    : qg_get_learned_capacity: Retrieved learned capacity 2576000uah
09-22 11:53:02.702     0     0 I QG-K    : qg_get_learned_capacity: Retrieved learned capacity 2576000uah
09-22 11:53:02.702     0     0 I         : smblib_get_prop_usb_present stat 16
09-22 11:53:02.702     0     0 E pm6150_charger: smblib_get_charge_param: aicl icl status = 500000 (0x0a)
09-22 11:53:02.703     0     0 I         : smblib_get_prop_usb_present stat 16
09-22 11:53:02.703     0     0 I         : length 2 addr=48c0
09-22 11:53:02.703     0     0 I val[0]  : 15
09-22 11:53:02.703     0     0 I val[1]  : 53
09-22 11:53:02.703     0     0 I addr=4842 mask: 01 val: 01
09-22 11:53:02.703     0     0 I         : length 2 addr=48c6
09-22 11:53:02.703     0     0 I val[0]  : 1d
09-22 11:53:02.703     0     0 I val[1]  : 03
09-22 11:53:02.703     0     0 I addr=4842 mask: 01 val: 00
09-22 11:53:06.173  2197  2197 D QtiCarrierConfigHelper: WARNING, no carrier configs on phone Id: 0
09-22 11:53:02.703     0     0 I QG-K    : qg_get_learned_capacity: Retrieved learned capacity 2576000uah
09-22 11:53:02.703     0     0 I         : smblib_get_prop_usb_present stat 16
09-22 11:53:06.174  2975  3223 D PowerCheckerService: onBatteryChanged, mBatteryLevel = 93, status = 2, level = 93, plug = 2, scale = 100
09-22 11:53:02.703     0     0 I chatty  : uid=0(root) logd identical 1 line
09-22 11:53:02.704     0     0 I         : smblib_get_prop_usb_present stat 16
09-22 11:53:02.704     0     0 E pm6150_charger: smblib_get_charge_param: aicl icl status = 500000 (0x0a)
09-22 11:53:02.704     0     0 I         : smblib_get_prop_usb_present stat 16
09-22 11:53:02.705     0     0 I         : smblib_get_prop_usb_present stat 16
09-22 11:53:02.705     0     0 E ALG     : cap_learning_update: Charge_status: 1 active: 0 batt_soc: 224
09-22 11:53:02.705     0     0 E ALG     : cap_learning_begin: Battery SOC 88 is high/low, not starting
09-22 11:53:02.705     0     0 E pm6150_charger: smblib_get_prop_batt_health: BATTERY_CHARGER_STATUS_2 = 0x08
09-22 11:53:06.175  2990  2990 I BatteryInfoReceiver: ACTION_BATTERY_CHANGED
09-22 11:53:02.705     0     0 I QG-K    : qg_charge_full_update: msoc=93 health=1 charge_full=0 charge_done=0
09-22 11:53:02.707     0     0 E FCC     : JEITA_VOTER,5 same vote on of val=3000000
09-22 11:53:02.707     0     0 E FCC     : JEITA_VOTER,5 Ignoring similar vote on of val=3000000
09-22 11:53:02.707     0     0 E USB_ICL : JEITA_VOTER,8 same vote off of val=0
09-22 11:53:02.707     0     0 E USB_ICL : JEITA_VOTER,8 Ignoring similar vote off of val=0
09-22 11:53:02.707     0     0 I QCOM-STEPCHG: handle_jeita:  jeita vote fv_uv:4400000 last_vol:4400000
09-22 11:53:02.707     0     0 E FV      : JEITA_VOTER,2 same vote on of val=4400000
09-22 11:53:02.707     0     0 E FV      : JEITA_VOTER,2 Ignoring similar vote on of val=4400000
09-22 11:53:02.707     0     0 E power_supply main: power_supply_changed
09-22 11:53:02.707     0     0 E FCC     : STEP_CHG_VOTER,6 same vote off of val=0
09-22 11:53:02.707     0     0 E FCC     : STEP_CHG_VOTER,6 Ignoring similar vote off of val=0
09-22 11:53:02.707     0     0 I         : smblib_get_prop_usb_present stat 16
09-22 11:53:02.707     0     0 E power_supply main: power_supply_changed_work
09-22 11:53:02.708     0     0 E         : get prop 4 is not supported in usb-main
09-22 11:53:02.708     0     0 E         : Couldn't get prop 4 rc = -22
09-22 11:53:02.708     0     0 E pm6150_charger: smblib_get_charge_param: float voltage = 4400000 (0x50)
09-22 11:53:02.708     0     0 E pm6150_charger: smblib_get_charge_param: fast charge current = 100000 (0x02)
09-22 11:53:02.708     0     0 E pm6150_charger: smblib_get_charge_param: aicl icl status = 500000 (0x0a)
09-22 11:53:02.708     0     0 E pm6150_charger: smblib_get_charge_param: dcdc icl max status = 500000 (0x0a)
09-22 11:53:02.708     0     0 E         : Couldn't get prop 103 rc = -1
09-22 11:53:02.708     0     0 I         : smblib_get_prop_usb_present stat 16
09-22 11:53:02.708     0     0 E PL_DISABLE: CHG_STATE_VOTER,0 same vote off of val=0
09-22 11:53:02.708     0     0 E PL_DISABLE: CHG_STATE_VOTER,0 Ignoring similar vote off of val=0
09-22 11:53:02.708     0     0 E pm6150_charger: smblib_get_charge_param: aicl icl status = 500000 (0x0a)
09-22 11:53:02.709     0     0 E PL_ENABLE_INDIRECT: USBIN_I_VOTER,0 same vote off of val=0
09-22 11:53:02.709     0     0 E PL_ENABLE_INDIRECT: USBIN_I_VOTER,0 Ignoring similar vote off of val=0
09-22 11:53:02.709     0     0 E PL_AWAKE: FCC_STEPPER_VOTER,0 same vote off of val=0
09-22 11:53:02.709     0     0 E PL_AWAKE: FCC_STEPPER_VOTER,0 Ignoring similar vote off of val=0
09-22 11:53:02.709     0     0 E pm6150_charger: smblib_get_charge_param: fast charge current = 100000 (0x02)
09-22 11:53:02.709     0     0 E pm6150_charger: smblib_set_charge_param: float voltage = 4400000 (0x50)
09-22 11:53:02.709     0     0 I         : smblib_get_prop_usb_present stat 16
09-22 11:53:02.709     0     0 E pm6150_charger: smblib_get_charge_param: aicl icl status = 500000 (0x0a)
09-22 11:53:02.709     0     0 I QG-K    : qg_get_learned_capacity: Retrieved learned capacity 2576000uah
09-22 11:53:02.709     0     0 I         : smblib_get_prop_usb_present stat 16
09-22 11:53:02.710     0     0 E pm6150_charger: smblib_get_charge_param: aicl icl status = 500000 (0x0a)
09-22 11:53:02.710     0     0 I         : smblib_get_prop_usb_present stat 16
09-22 11:53:02.711     0     0 E pm6150_charger: smblib_get_prop_usb_online: POWER_PATH_STATUS = 0x95
09-22 11:53:02.711     0     0 E pm6150_charger: smblib_get_prop_dc_online: POWER_PATH_STATUS = 0x95
09-22 11:53:02.711     0     0 E pm6150_charger: smblib_get_prop_batt_health: BATTERY_CHARGER_STATUS_2 = 0x08
09-22 11:53:02.711     0     0 I smblib_get_prop_batt_status stat: 3 max_voltage:4400000 chg_done:0
09-22 11:53:02.711     0     0 E pm6150_charger: smblib_get_prop_batt_health: BATTERY_CHARGER_STATUS_2 = 0x08
09-22 11:53:02.712     0     0 E pm6150_charger: smblib_get_charge_param: aicl icl status = 500000 (0x0a)
09-22 11:53:02.712     0     0 E pm6150_charger: smblib_get_prop_dc_online: POWER_PATH_STATUS = 0x95
09-22 11:53:02.712     0     0 I         : smblib_get_prop_usb_present stat 16
09-22 11:53:02.712     0     0 E pm6150_charger: smblib_get_prop_usb_online: POWER_PATH_STATUS = 0x95
09-22 11:53:02.713     0     0 W healthd : Unknown power supply type 'BMS'
09-22 11:53:02.713     0     0 I         : smblib_get_prop_usb_present stat 16
09-22 11:53:02.713     0     0 W healthd : Unknown power supply type 'Main'
09-22 11:53:02.713     0     0 I         : smblib_get_prop_usb_present stat 16
09-22 11:53:02.713     0     0 E pm6150_charger: smblib_get_prop_usb_online: POWER_PATH_STATUS = 0x95
09-22 11:53:02.713     0     0 E pm6150_charger: smblib_get_prop_usb_online: POWER_PATH_STATUS = 0x95
09-22 11:53:02.713     0     0 E pm6150_charger: smblib_get_prop_dc_online: POWER_PATH_STATUS = 0x95
09-22 11:53:02.713     0     0 E pm6150_charger: smblib_get_prop_batt_health: BATTERY_CHARGER_STATUS_2 = 0x08
09-22 11:53:02.713     0     0 I smblib_get_prop_batt_status stat: 3 max_voltage:4400000 chg_done:0
09-22 11:53:02.714     0     0 E pm6150_charger: smblib_get_charge_param: aicl icl status = 500000 (0x0a)
09-22 11:53:02.714     0     0 E pm6150_charger: smblib_get_prop_batt_health: BATTERY_CHARGER_STATUS_2 = 0x08
09-22 11:53:02.714     0     0 W healthd : battery l=93 v=4139 t=39.6 h=2 st=2 c=243 fc=2576000 cc=1023 tl=7 ct=USB pluged=1 chg=u
09-22 11:53:02.714     0     0 E pm6150_charger: smblib_get_prop_dc_online: POWER_PATH_STATUS = 0x95
09-22 11:53:02.714     0     0 I         : length 2 addr=48c0
09-22 11:53:02.714     0     0 I val[0]  : 15
09-22 11:53:02.714     0     0 I val[1]  : 53
09-22 11:53:02.714     0     0 I addr=4842 mask: 01 val: 01
09-22 11:53:02.714     0     0 E pm6150_charger: smblib_get_prop_usb_online: POWER_PATH_STATUS = 0x95
09-22 11:53:02.714     0     0 I         : length 2 addr=48c6
09-22 11:53:02.714     0     0 I val[0]  : 1d
09-22 11:53:02.714     0     0 I val[1]  : 03
09-22 11:53:02.714     0     0 I addr=4842 mask: 01 val: 00
09-22 11:53:02.714     0     0 I QG-K    : qg_get_learned_capacity: Retrieved learned capacity 2576000uah
09-22 11:53:02.714     0     0 W healthd : Unknown power supply type 'BMS'
09-22 11:53:02.715     0     0 W healthd : Unknown power supply type 'Main'
09-22 11:53:02.715     0     0 I         : smblib_get_prop_usb_present stat 16
09-22 11:53:02.715     0     0 E pm6150_charger: smblib_get_prop_usb_online: POWER_PATH_STATUS = 0x95
09-22 11:53:02.715     0     0 E pm6150_charger: smblib_get_charge_param: aicl icl status = 500000 (0x0a)
09-22 11:53:02.715     0     0 W healthd : battery l=93 v=4139 t=39.6 h=2 st=2 c=243 fc=2576000 cc=1023 tl=7 ct=USB pluged=1 chg=u
09-22 11:53:02.717     0     0 I         : length 2 addr=48c0
09-22 11:53:02.717     0     0 I val[0]  : 15
09-22 11:53:02.717     0     0 I val[1]  : 53
09-22 11:53:02.717     0     0 I addr=4842 mask: 01 val: 01
09-22 11:53:02.717     0     0 I         : length 2 addr=48c6
09-22 11:53:02.717     0     0 I val[0]  : 1d
09-22 11:53:06.187  2197  2197 D QtiCarrierConfigHelper: WARNING, no carrier configs on phone Id: 0
09-22 11:53:02.717     0     0 I val[1]  : 03
09-22 11:53:02.717     0     0 I addr=4842 mask: 01 val: 00
09-22 11:53:02.719     0     0 I QG-K    : qg_get_learned_capacity: Retrieved learned capacity 2576000uah
09-22 11:53:02.723     0     0 I         : smblib_get_prop_usb_present stat 16
09-22 11:53:02.723     0     0 E pm6150_charger: smblib_get_prop_usb_online: POWER_PATH_STATUS = 0x95
09-22 11:53:02.723     0     0 E pm6150_charger: smblib_get_prop_dc_online: POWER_PATH_STATUS = 0x95
09-22 11:53:02.723     0     0 E pm6150_charger: smblib_get_prop_batt_health: BATTERY_CHARGER_STATUS_2 = 0x08
09-22 11:53:02.725     0     0 I smblib_get_prop_batt_status stat: 3 max_voltage:4400000 chg_done:0
09-22 11:53:02.727     0     0 E pm6150_charger: smblib_get_charge_param: aicl icl status = 500000 (0x0a)
09-22 11:53:02.728     0     0 I         : smblib_get_prop_usb_present stat 16
09-22 11:53:02.733     0     0 E pm6150_charger: smblib_get_prop_usb_online: POWER_PATH_STATUS = 0x95
09-22 11:53:02.733     0     0 E pm6150_charger: smblib_get_prop_dc_online: POWER_PATH_STATUS = 0x95
09-22 11:53:02.733     0     0 E pm6150_charger: smblib_get_prop_batt_health: BATTERY_CHARGER_STATUS_2 = 0x08
09-22 11:53:02.733     0     0 I smblib_get_prop_batt_status stat: 3 max_voltage:4400000 chg_done:0
09-22 11:53:02.733     0     0 E pm6150_charger: smblib_get_prop_batt_health: BATTERY_CHARGER_STATUS_2 = 0x08
09-22 11:53:02.734     0     0 E pm6150_charger: smblib_get_prop_dc_online: POWER_PATH_STATUS = 0x95
09-22 11:53:02.734     0     0 E pm6150_charger: smblib_get_prop_usb_online: POWER_PATH_STATUS = 0x95
09-22 11:53:02.734     0     0 W healthd : Unknown power supply type 'BMS'
09-22 11:53:02.734     0     0 W healthd : Unknown power supply type 'Main'
09-22 11:53:02.734     0     0 E pm6150_charger: smblib_get_prop_usb_online: POWER_PATH_STATUS = 0x95
09-22 11:53:02.734     0     0 E pm6150_charger: smblib_get_charge_param: aicl icl status = 500000 (0x0a)
09-22 11:53:02.734     0     0 W healthd : battery l=93 v=4139 t=39.7 h=2 st=2 c=243 fc=2576000 cc=1023 tl=7 ct=USB pluged=1 chg=u
09-22 11:53:02.735     0     0 E pm6150_charger: smblib_get_prop_batt_health: BATTERY_CHARGER_STATUS_2 = 0x08
09-22 11:53:02.735     0     0 E pm6150_charger: smblib_get_prop_dc_online: POWER_PATH_STATUS = 0x95
09-22 11:53:02.735     0     0 E pm6150_charger: smblib_get_prop_usb_online: POWER_PATH_STATUS = 0x95
09-22 11:53:02.736     0     0 W healthd : Unknown power supply type 'BMS'
09-22 11:53:02.736     0     0 W healthd : Unknown power supply type 'Main'
09-22 11:53:02.736     0     0 E pm6150_charger: smblib_get_prop_usb_online: POWER_PATH_STATUS = 0x95
09-22 11:53:02.736     0     0 E pm6150_charger: smblib_get_charge_param: aicl icl status = 500000 (0x0a)
09-22 11:53:02.736     0     0 W healthd : battery l=93 v=4139 t=39.5 h=2 st=2 c=243 fc=2576000 cc=1023 tl=7 ct=USB pluged=1 chg=u
09-22 11:53:06.190  1851  1851 D KeyguardUpdateMonitor: received broadcast android.intent.action.BATTERY_CHANGED
09-22 11:53:06.193  2975  3223 D PowerCheckerService: onBatteryChanged, mBatteryLevel = 93, status = 2, level = 93, plug = 2, scale = 100
09-22 11:53:06.198  2990  2990 I BatteryInfoReceiver: ACTION_BATTERY_CHANGED
09-22 11:53:07.637   853  1020 E ThermalEngine: read_thermal_config
09-22 11:53:07.637   853  1020 D ThermalEngine: algo_monitor: Timer EVT
09-22 11:53:07.639   853  1020 I ThermalEngine: Sensor:sdm-therm:51102 mC
09-22 11:53:07.639   853  1020 D ThermalEngine: handle_timer_sig: SS Id SS-QUIET-THERM-GOLD3 Read sdm-therm 51102mC, Err -2102mC, SampleCnt 1
09-22 11:53:07.639   853  1020 D ThermalEngine: handle_timer_sig: SS Id SS-QUIET-THERM-GOLD3, E0 -2102mC, E1 -2029mC
09-22 11:53:07.639   853  1020 D ThermalEngine: Already at device mitigation max limit
09-22 11:53:07.640   853  1020 I ThermalEngine: Sensor:sdm-therm:51102 mC
09-22 11:53:07.640   853  1020 D ThermalEngine: handle_timer_sig: SS Id SS-QUIET-THERM-GOLD2 Read sdm-therm 51102mC, Err -4102mC, SampleCnt 1
09-22 11:53:07.640   853  1020 D ThermalEngine: handle_timer_sig: SS Id SS-QUIET-THERM-GOLD2, E0 -4102mC, E1 -4029mC
09-22 11:53:07.640   853  1020 D ThermalEngine: Already at device mitigation max limit
09-22 11:53:07.641   853  1020 I ThermalEngine: Sensor:sdm-therm:51029 mC
09-22 11:53:07.641   853  1020 D ThermalEngine: handle_timer_sig: SS Id SS-QUIET-THERM-GOLD Read sdm-therm 51029mC, Err -6029mC, SampleCnt 1
09-22 11:53:07.641   853  1020 D ThermalEngine: handle_timer_sig: SS Id SS-QUIET-THERM-GOLD, E0 -6029mC, E1 -6029mC
09-22 11:53:07.641   853  1020 D ThermalEngine: Already at device mitigation max limit
09-22 11:53:07.642   853  1020 I ThermalEngine: Sensor:sdm-therm:51102 mC
09-22 11:53:07.642   853  1020 D ThermalEngine: handle_timer_sig: SS Id SS-QUIET-THERM-SILVER3 Read sdm-therm 51102mC, Err -3102mC, SampleCnt 1
09-22 11:53:07.642   853  1020 D ThermalEngine: handle_timer_sig: SS Id SS-QUIET-THERM-SILVER3, E0 -3102mC, E1 -3029mC
09-22 11:53:07.643   853  1020 D ThermalEngine: Already at device mitigation max limit
09-22 11:53:07.644   853  1020 I ThermalEngine: Sensor:sdm-therm:51029 mC
09-22 11:53:07.644   853  1020 D ThermalEngine: handle_timer_sig: SS Id SS-QUIET-THERM-SILVER2 Read sdm-therm 51029mC, Err -5029mC, SampleCnt 1
09-22 11:53:07.644   853  1020 D ThermalEngine: handle_timer_sig: SS Id SS-QUIET-THERM-SILVER2, E0 -5029mC, E1 -5029mC
09-22 11:53:07.644   853  1020 D ThermalEngine: Already at device mitigation max limit
09-22 11:53:07.645   853  1020 I ThermalEngine: Sensor:sdm-therm:51029 mC
09-22 11:53:07.645   853  1020 D ThermalEngine: handle_timer_sig: SS Id SS-QUIET-THERM-SILVER Read sdm-therm 51029mC, Err -7029mC, SampleCnt 1
09-22 11:53:07.645   853  1020 D ThermalEngine: handle_timer_sig: SS Id SS-QUIET-THERM-SILVER, E0 -7029mC, E1 -7029mC
09-22 11:53:07.645   853  1020 D ThermalEngine: Already at device mitigation max limit
09-22 11:53:07.645   853  1020 I ThermalEngine: settimer: Start timer 2.000(sec)
09-22 11:53:07.645   853  1020 D ThermalEngine: algo_monitor: Wait for EV
09-22 11:53:07.746  1589  1642 I cpu     : [24,15,7,0,1,0]
09-22 11:53:07.770  1589  1646 E BatteryExternalStatsWorker: no controller energy info supplied for bluetooth
09-22 11:53:07.773  2197  2197 D RILJ    : [6567]> RIL_REQUEST_GET_ACTIVITY_INFO [SUB0]
09-22 11:53:07.779  2197  2288 D RILJ    : [6567]< RIL_REQUEST_GET_ACTIVITY_INFO ModemActivityInfo{ mTimestamp=316414209 mSleepTimeMs=55275 mIdleTimeMs=46039 mTxTimeMs[]=[0, 0, 0, 0, 0] mRxTimeMs=4733 mEnergyUsed=0} [SUB0]
09-22 11:53:07.858  2975  3223 D PowerCheckerService: rawUptime = 177965449000 us
09-22 11:53:07.858  2975  3223 D PowerCheckerService: rawRealtime = 316414289000 us
09-22 11:53:07.858  2975  3223 D PowerCheckerService: batteryUptime = 4706000 us
09-22 11:53:07.858  2975  3223 D PowerCheckerService: batteryRealtime = 4706000 us
09-22 11:53:07.858  2975  3223 D PowerCheckerService: whichBatteryUptime = 1748000 us
09-22 11:53:07.858  2975  3223 D PowerCheckerService: whichBatteryRealtime = 1748000 us
09-22 11:53:07.858  2975  3223 D PowerCheckerService: startClockTime = 1726906167608000 us mLastStartClockTime = 1726906167608000 us mLastRawUTCTime = 1726912868442000 us
09-22 11:53:07.858  2975  3223 D PowerCheckerService: mLastBatteryRealTime = 107000 us whichBatteryRealtime = 1748000 us
09-22 11:53:07.858  2975  3223 W PowerCheckerService: Time on battery is not increased since last check
09-22 11:53:08.426  2883  4578 D WorkerThreadMonitor: Kill MSF check result[ senderSize:0,sendInterval:43999,receiveInterval=13981,addCmdCount=958
09-22 11:53:09.132   916  3676 I OMX-VENC: venc_dev: stats: avg. fps 27.42, bitrate 2308969
09-22 11:53:09.645   853  1020 E ThermalEngine: read_thermal_config
09-22 11:53:09.646   853  1020 D ThermalEngine: algo_monitor: Timer EVT
09-22 11:53:09.647   853  1020 I ThermalEngine: Sensor:sdm-therm:51102 mC
09-22 11:53:09.647   853  1020 D ThermalEngine: handle_timer_sig: SS Id SS-QUIET-THERM-GOLD3 Read sdm-therm 51102mC, Err -2102mC, SampleCnt 1
09-22 11:53:09.647   853  1020 D ThermalEngine: handle_timer_sig: SS Id SS-QUIET-THERM-GOLD3, E0 -2102mC, E1 -2102mC
09-22 11:53:09.647   853  1020 D ThermalEngine: Already at device mitigation max limit
09-22 11:53:09.648   853  1020 I ThermalEngine: Sensor:sdm-therm:51102 mC
09-22 11:53:09.649   853  1020 D ThermalEngine: handle_timer_sig: SS Id SS-QUIET-THERM-GOLD2 Read sdm-therm 51102mC, Err -4102mC, SampleCnt 1
09-22 11:53:09.649   853  1020 D ThermalEngine: handle_timer_sig: SS Id SS-QUIET-THERM-GOLD2, E0 -4102mC, E1 -4102mC
09-22 11:53:09.649   853  1020 D ThermalEngine: Already at device mitigation max limit
09-22 11:53:09.650   853  1020 I ThermalEngine: Sensor:sdm-therm:51102 mC
09-22 11:53:09.650   853  1020 D ThermalEngine: handle_timer_sig: SS Id SS-QUIET-THERM-GOLD Read sdm-therm 51102mC, Err -6102mC, SampleCnt 1
09-22 11:53:09.650   853  1020 D ThermalEngine: handle_timer_sig: SS Id SS-QUIET-THERM-GOLD, E0 -6102mC, E1 -6029mC
09-22 11:53:09.650   853  1020 D ThermalEngine: Already at device mitigation max limit
09-22 11:53:09.651   853  1020 I ThermalEngine: Sensor:sdm-therm:51102 mC
09-22 11:53:09.651   853  1020 D ThermalEngine: handle_timer_sig: SS Id SS-QUIET-THERM-SILVER3 Read sdm-therm 51102mC, Err -3102mC, SampleCnt 1
09-22 11:53:09.651   853  1020 D ThermalEngine: handle_timer_sig: SS Id SS-QUIET-THERM-SILVER3, E0 -3102mC, E1 -3102mC
09-22 11:53:09.651   853  1020 D ThermalEngine: Already at device mitigation max limit
09-22 11:53:09.653   853  1020 I ThermalEngine: Sensor:sdm-therm:51102 mC
09-22 11:53:09.653   853  1020 D ThermalEngine: handle_timer_sig: SS Id SS-QUIET-THERM-SILVER2 Read sdm-therm 51102mC, Err -5102mC, SampleCnt 1
09-22 11:53:09.653   853  1020 D ThermalEngine: handle_timer_sig: SS Id SS-QUIET-THERM-SILVER2, E0 -5102mC, E1 -5029mC
09-22 11:53:09.653   853  1020 D ThermalEngine: Already at device mitigation max limit
09-22 11:53:09.654   853  1020 I ThermalEngine: Sensor:sdm-therm:51102 mC
09-22 11:53:09.655   853  1020 D ThermalEngine: handle_timer_sig: SS Id SS-QUIET-THERM-SILVER Read sdm-therm 51102mC, Err -7102mC, SampleCnt 1
09-22 11:53:09.655   853  1020 D ThermalEngine: handle_timer_sig: SS Id SS-QUIET-THERM-SILVER, E0 -7102mC, E1 -7029mC
09-22 11:53:09.655   853  1020 D ThermalEngine: Already at device mitigation max limit
09-22 11:53:09.655   853  1020 I ThermalEngine: settimer: Start timer 2.000(sec)
09-22 11:53:09.655   853  1020 D ThermalEngine: algo_monitor: Wait for EV
09-22 11:53:06.539     0     0 I         : length 2 addr=48c0
09-22 11:53:06.539     0     0 I val[0]  : c8
09-22 11:53:06.539     0     0 I val[1]  : 52
09-22 11:53:06.539     0     0 I addr=4842 mask: 01 val: 01
09-22 11:53:06.539     0     0 I         : length 2 addr=48c6
09-22 11:53:06.539     0     0 I val[0]  : dd
09-22 11:53:06.539     0     0 I val[1]  : 02
09-22 11:53:06.539     0     0 I addr=4842 mask: 01 val: 00
09-22 11:53:06.539     0     0 I QG-K    : qg_get_learned_capacity: Retrieved learned capacity 2576000uah
09-22 11:53:06.539     0     0 I         : smblib_get_prop_usb_present stat 16
09-22 11:53:06.540     0     0 E pm6150_charger: smblib_get_prop_usb_online: POWER_PATH_STATUS = 0x95
09-22 11:53:06.540     0     0 E pm6150_charger: smblib_get_prop_dc_online: POWER_PATH_STATUS = 0x95
09-22 11:53:06.540     0     0 E pm6150_charger: smblib_get_prop_batt_health: BATTERY_CHARGER_STATUS_2 = 0x08
09-22 11:53:06.540     0     0 I smblib_get_prop_batt_status stat: 3 max_voltage:4400000 chg_done:0
09-22 11:53:06.540     0     0 E pm6150_charger: smblib_get_prop_batt_health: BATTERY_CHARGER_STATUS_2 = 0x08
09-22 11:53:06.540     0     0 E pm6150_charger: smblib_get_prop_dc_online: POWER_PATH_STATUS = 0x95
09-22 11:53:06.540     0     0 E pm6150_charger: smblib_get_prop_usb_online: POWER_PATH_STATUS = 0x95
09-22 11:53:06.540     0     0 W healthd : Unknown power supply type 'BMS'
09-22 11:53:06.540     0     0 W healthd : Unknown power supply type 'Main'
09-22 11:53:06.541     0     0 E pm6150_charger: smblib_get_prop_usb_online: POWER_PATH_STATUS = 0x95
09-22 11:53:06.541     0     0 E pm6150_charger: smblib_get_charge_param: aicl icl status = 500000 (0x0a)
09-22 11:53:06.541     0     0 W healthd : battery l=93 v=4124 t=39.7 h=2 st=2 c=223 fc=2576000 cc=1023 tl=7 ct=USB pluged=1 chg=u
09-22 11:53:10.063  2317  2341 I QcrilOemhookMsgTunnel: [1]processOemHookIndication length=21
09-22 11:53:10.066  2317  2317 D QcrilMsgTunnelIfaceManager: handleMessage what = 0
09-22 11:53:10.072  2178  2178 D use-Rlog/RLOG-QC_RIL_OEM_HOOK: Received Broadcast Intent ACTION_UNSOL_RESPONSE_OEM_HOOK_RAW
09-22 11:53:10.072  2178  2178 D use-Rlog/RLOG-QC_RIL_OEM_HOOK: Oem ID in QCRILHOOK UNSOL RESP is QOEMHOOK
09-22 11:53:10.072  2197  2197 D use-Rlog/RLOG-QC_RIL_OEM_HOOK: Received Broadcast Intent ACTION_UNSOL_RESPONSE_OEM_HOOK_RAW
09-22 11:53:10.072  2197  2197 D use-Rlog/RLOG-QC_RIL_OEM_HOOK: Oem ID in QCRILHOOK UNSOL RESP is QOEMHOOK
09-22 11:53:10.072  2197  2197 D use-Rlog/RLOG-QC_RIL_OEM_HOOK: Received Broadcast Intent ACTION_UNSOL_RESPONSE_OEM_HOOK_RAW
09-22 11:53:10.073  2197  2197 D use-Rlog/RLOG-QC_RIL_OEM_HOOK: Oem ID in QCRILHOOK UNSOL RESP is QOEMHOOK
09-22 11:53:10.073  2197  2197 E use-Rlog/RLOG-QC_RIL_OEM_HOOK: QcRilOemHook notifyRegistrants Failed
09-22 11:53:10.073  2197  2197 D use-Rlog/RLOG-QC_RIL_OEM_HOOK: Received Broadcast Intent ACTION_UNSOL_RESPONSE_OEM_HOOK_RAW
09-22 11:53:10.073  2197  2197 D use-Rlog/RLOG-QC_RIL_OEM_HOOK: Oem ID in QCRILHOOK UNSOL RESP is QOEMHOOK
09-22 11:53:10.073  2197  2197 D use-Rlog/RLOG-QC_RIL_OEM_HOOK: Received Broadcast Intent ACTION_UNSOL_RESPONSE_OEM_HOOK_RAW
09-22 11:53:10.073  2197  2197 D use-Rlog/RLOG-QC_RIL_OEM_HOOK: Oem ID in QCRILHOOK UNSOL RESP is QOEMHOOK
09-22 11:53:10.073  2197  2197 D PhoneSwitcher: handle event - 108
09-22 11:53:10.078  2197  2288 D RILJ    : Unsol response received; Sending ack to ril.cpp [SUB1]
09-22 11:53:10.078  2197  2288 D RILJ    : [UNSL]< UNSOL_RESPONSE_NETWORK_STATE_CHANGED [SUB1]
09-22 11:53:10.080  2197  2372 D NetworkRegistrationManager: onNetworkStateChanged
09-22 11:53:10.080  2197  2288 D RILJ    : Unsol response received; Sending ack to ril.cpp [SUB1]
09-22 11:53:10.080  2197  2288 D RILJ    : [UNSL]< UNSOL_RESPONSE_NETWORK_STATE_CHANGED [SUB1]
09-22 11:53:10.081  2197  2197 D SST[1]  : [1] pollState: modemTriggered=true
09-22 11:53:10.081  2197  2372 D NetworkRegistrationManager: onNetworkStateChanged
09-22 11:53:10.084  2197  2197 D RILJ    : [6570]> OPERATOR [SUB1]
09-22 11:53:10.085  2197  2197 D NetworkRegistrationManager: getNetworkRegistrationState domain 2
09-22 11:53:10.085  2197  2197 D NetworkRegistrationManager: getNetworkRegistrationState domain 1
09-22 11:53:10.087  2197  2197 D RILJ    : [6571]> QUERY_NETWORK_SELECTION_MODE [SUB1]
09-22 11:53:10.087  2197  2197 D SST[1]  : [1] pollState: modemTriggered=true
09-22 11:53:10.088  2197  2197 D RILJ    : [6573]> OPERATOR [SUB1]
09-22 11:53:10.088  2197  2197 D NetworkRegistrationManager: getNetworkRegistrationState domain 2
09-22 11:53:10.088  2197  2197 D NetworkRegistrationManager: getNetworkRegistrationState domain 1
09-22 11:53:10.089  2197  2288 D RILJ    : [6570]< OPERATOR {, , } [SUB1]
09-22 11:53:10.089  2317  2341 I QcrilOemhookMsgTunnel: [1]processOemHookIndication length=21
09-22 11:53:10.092  2197  2372 D RILJ    : [6572]> DATA_REGISTRATION_STATE [SUB1]
09-22 11:53:10.091  2317  2317 D QcrilMsgTunnelIfaceManager: handleMessage what = 0
09-22 11:53:10.093  2197  2197 D RILJ    : [6574]> QUERY_NETWORK_SELECTION_MODE [SUB1]
09-22 11:53:10.094  2197  2288 D RILJ    : [6571]< QUERY_NETWORK_SELECTION_MODE {0} [SUB1]
09-22 11:53:10.095  2197  2372 D RILJ    : [6575]> VOICE_REGISTRATION_STATE [SUB1]
09-22 11:53:10.096  2178  2178 D use-Rlog/RLOG-QC_RIL_OEM_HOOK: Received Broadcast Intent ACTION_UNSOL_RESPONSE_OEM_HOOK_RAW
09-22 11:53:10.096  2178  2178 D use-Rlog/RLOG-QC_RIL_OEM_HOOK: Oem ID in QCRILHOOK UNSOL RESP is QOEMHOOK
09-22 11:53:10.096  2197  2197 D SST[1]  : [1] EVENT_POLL_STATE_NETWORK_SELECTION_MODE
09-22 11:53:10.096  2197  2197 D use-Rlog/RLOG-QC_RIL_OEM_HOOK: Received Broadcast Intent ACTION_UNSOL_RESPONSE_OEM_HOOK_RAW
09-22 11:53:10.096  2197  2197 D use-Rlog/RLOG-QC_RIL_OEM_HOOK: Oem ID in QCRILHOOK UNSOL RESP is QOEMHOOK
09-22 11:53:10.097  2197  2197 D use-Rlog/RLOG-QC_RIL_OEM_HOOK: Received Broadcast Intent ACTION_UNSOL_RESPONSE_OEM_HOOK_RAW
09-22 11:53:10.098  2197  2197 D use-Rlog/RLOG-QC_RIL_OEM_HOOK: Oem ID in QCRILHOOK UNSOL RESP is QOEMHOOK
09-22 11:53:10.098  2197  2197 E use-Rlog/RLOG-QC_RIL_OEM_HOOK: QcRilOemHook notifyRegistrants Failed
09-22 11:53:10.098  2197  2197 D use-Rlog/RLOG-QC_RIL_OEM_HOOK: Received Broadcast Intent ACTION_UNSOL_RESPONSE_OEM_HOOK_RAW
09-22 11:53:10.098  2197  2197 D use-Rlog/RLOG-QC_RIL_OEM_HOOK: Oem ID in QCRILHOOK UNSOL RESP is QOEMHOOK
09-22 11:53:10.098  2197  2197 D use-Rlog/RLOG-QC_RIL_OEM_HOOK: Received Broadcast Intent ACTION_UNSOL_RESPONSE_OEM_HOOK_RAW
09-22 11:53:10.098  2197  2197 D use-Rlog/RLOG-QC_RIL_OEM_HOOK: Oem ID in QCRILHOOK UNSOL RESP is QOEMHOOK
09-22 11:53:10.098  2197  2197 D PhoneSwitcher: handle event - 108
09-22 11:53:10.102  2197  2372 D RILJ    : [6576]> DATA_REGISTRATION_STATE [SUB1]
09-22 11:53:10.106  2197  2288 D RILJ    : [6573]< OPERATOR {, , } [SUB1]
09-22 11:53:10.107  2197  2372 D RILJ    : [6577]> VOICE_REGISTRATION_STATE [SUB1]
09-22 11:53:10.116  2197  2288 D RILJ    : [6575]< VOICE_REGISTRATION_STATE {.regState = NOT_REG_MT_SEARCHING_OP_EM, .rat = 3, .cssSupported = false, .roamingIndicator = -1, .systemIsInPrl = -1, .defaultRoamingIndicator = -1, .reasonForDenial = 0, .cellIdentity = {...}} [SUB1]
09-22 11:53:10.117  2197  2435 D NetworkRegistrationManager: onGetNetworkRegistrationStateComplete result 0 state NetworkRegistrationState{transportType=1 domain=CS regState=NOT_REG_SEARCHING accessNetworkTechnology=UMTS reasonForDenial=0 emergencyEnabled=true supportedServices=[I@1330ca cellIdentity=CellIdentityWcdma:{ mMcc=460 mMnc=01 mAlphaLong=CHN-UNICOM mAlphaShort=UNICOM} voiceSpecificStates=VoiceSpecificRegistrationStates { mCssSupported=false mRoamingIndicator=-1 mSystemIsInPrl=-1 mDefaultRoamingIndicator=-1} dataSpecificStates=null}
09-22 11:53:10.117  2197  2288 D RILJ    : [6577]< VOICE_REGISTRATION_STATE {.regState = NOT_REG_MT_SEARCHING_OP_EM, .rat = 3, .cssSupported = false, .roamingIndicator = -1, .systemIsInPrl = -1, .defaultRoamingIndicator = -1, .reasonForDenial = 0, .cellIdentity = {...}} [SUB1]
09-22 11:53:10.117  2197  2435 D NetworkRegistrationManager: onGetNetworkRegistrationStateComplete result 0 state NetworkRegistrationState{transportType=1 domain=CS regState=NOT_REG_SEARCHING accessNetworkTechnology=UMTS reasonForDenial=0 emergencyEnabled=true supportedServices=[I@745823b cellIdentity=CellIdentityWcdma:{ mMcc=460 mMnc=01 mAlphaLong=CHN-UNICOM mAlphaShort=UNICOM} voiceSpecificStates=VoiceSpecificRegistrationStates { mCssSupported=false mRoamingIndicator=-1 mSystemIsInPrl=-1 mDefaultRoamingIndicator=-1} dataSpecificStates=null}
09-22 11:53:10.117  2197  2197 D SST[1]  : [1] handlPollVoiceRegResultMessage: regState=2 radioTechnology=3
09-22 11:53:10.117  2197  2288 D RILJ    : [6572]< DATA_REGISTRATION_STATE {.regState = NOT_REG_MT_NOT_SEARCHING_OP, .rat = 0, .reasonDataDenied = 0, .maxDataCalls = 20, .cellIdentity = {...}} [SUB1]
09-22 11:53:10.118  2197  2435 D NetworkRegistrationManager: onGetNetworkRegistrationStateComplete result 0 state NetworkRegistrationState{transportType=1 domain=PS regState=NOT_REG_NOT_SEARCHING accessNetworkTechnology=UNKNOWN reasonForDenial=0 emergencyEnabled=false supportedServices=null cellIdentity=null voiceSpecificStates=null dataSpecificStates=DataSpecificRegistrationStates { mMaxDataCalls=20}}
09-22 11:53:10.121  2197  2288 D RILJ    : [6576]< DATA_REGISTRATION_STATE {.regState = NOT_REG_MT_NOT_SEARCHING_OP, .rat = 0, .reasonDataDenied = 0, .maxDataCalls = 20, .cellIdentity = {...}} [SUB1]
09-22 11:53:10.122  2197  2288 D RILJ    : [6574]< QUERY_NETWORK_SELECTION_MODE {0} [SUB1]
09-22 11:53:10.122  2197  2197 D SST[1]  : [1] EVENT_POLL_STATE_NETWORK_SELECTION_MODE
09-22 11:53:10.122  2197  2435 D NetworkRegistrationManager: onGetNetworkRegistrationStateComplete result 0 state NetworkRegistrationState{transportType=1 domain=PS regState=NOT_REG_NOT_SEARCHING accessNetworkTechnology=UNKNOWN reasonForDenial=0 emergencyEnabled=false supportedServices=null cellIdentity=null voiceSpecificStates=null dataSpecificStates=DataSpecificRegistrationStates { mMaxDataCalls=20}}
09-22 11:53:10.122  2197  2197 D SST[1]  : [1] Could not set ServiceState channel number. CellIdentity null
09-22 11:53:10.122  2197  2197 D SST[1]  : [1] handlPollStateResultMessage: GsmSST dataServiceState=1 regState=0 dataRadioTechnology=0
09-22 11:53:10.125  2197  2197 D SST[1]  : [1] Poll ServiceState done:  oldSS=[{mVoiceRegState=1(OUT_OF_SERVICE), mDataRegState=1(OUT_OF_SERVICE), mChannelNumber=10763, duplexMode()=0, mCellBandwidths=[], mVoiceRoamingType=home, mDataRoamingType=home, mVoiceOperatorAlphaLong=, mVoiceOperatorAlphaShort=, mDataOperatorAlphaLong=, mDataOperatorAlphaShort=, isManualNetworkSelection=false(automatic), mRilVoiceRadioTechnology=3(UMTS), mRilDataRadioTechnology=0(Unknown), mCssIndicator=unsupported, mNetworkId=-1, mSystemId=-1, mCdmaRoamingIndicator=-1, mCdmaDefaultRoamingIndicator=-1, mIsEmergencyOnly=true, mIsDataRoamingFromRegistration=false, mIsUsingCarrierAggregation=false, mLteEarfcnRsrpBoost=0, mNetworkRegistrationStates=[NetworkRegistrationState{transportType=1 domain=PS regState=NOT_REG_NOT_SEARCHING accessNetworkTechnology=UNKNOWN reasonForDenial=0 emergencyEnabled=false supportedServices=null cellIdentity=null voiceSpecificStates=null dataSpecificStates=DataSpecificRegistrationStates { mMaxDataCalls=20}}, NetworkRegistrationState{transportType=1 domain=CS regState=NOT_REG_SEARCHING accessNetworkTechnology=UMTS reasonForDenial=0 emergencyEnabled=true supportedServices=[I@ac1527d cellIdentity=CellIdentityWcdma:{ mMcc=460 mMnc=01 mAlphaLong=CHN-UNICOM mAlphaShort=UNICOM} voiceSpecificStates=VoiceSpecificRegistrationStates { mCssSupported=false mRoamingIndicator=-1 mSystemIsInPrl=-1 mDefaultRoamingIndicator=-1} dataSpecificStates=null}]}] newSS=[{mVoiceRegState=1(OUT_OF_SERVICE), mDataRegState=1(OUT_OF_SERVICE), mChannelNumber=10763, duplexMode()=0, mCellBandwidths=[], mVoiceRoamingType=home, mDataRoamingType=home, mVoiceOperatorAlphaLong=, mVoiceOperatorAlphaShort=, mDataOperatorAlphaLong=, mDataOperatorAlphaShort=, isManualNetworkSelection=false(automatic), mRilVoiceRadioTechnology=3(UMTS), mRilDataRadioTechnology=0(Unknown), mCssIndicator=unsupported, mNetworkId=-1, mSystemId=-1, mCdmaRoamingIndicator=-1, mCdmaDefaultRoamingIndicator=-1, mIsEmergencyOnly=true, mIsDataRoamingFromRegistration=false, mIsUsingCarrierAggregation=false, mLteEarfcnRsrpBoost=0, mNetworkRegistrationStates=[NetworkRegistrationState{transportType=1 domain=CS regState=NOT_REG_SEARCHING accessNetworkTechnology=UMTS reasonForDenial=0 emergencyEnabled=true supportedServices=[I@745823b cellIdentity=CellIdentityWcdma:{ mMcc=460 mMnc=01 mAlphaLong=CHN-UNICOM mAlphaShort=UNICOM} voiceSpecificStates=VoiceSpecificRegistrationStates { mCssSupported=false mRoamingIndicator=-1 mSystemIsInPrl=-1 mDefaultRoamingIndicator=-1} dataSpecificStates=null}, NetworkRegistrationState{transportType=1 domain=PS regState=NOT_REG_NOT_SEARCHING accessNetworkTechnology=UNKNOWN reasonForDenial=0 emergencyEnabled=false supportedServices=null cellIdentity=null voiceSpecificStates=null dataSpecificStates=DataSpecificRegistrationStates { mMaxDataCalls=20}}]}] oldMaxDataCalls=20 mNewMaxDataCalls=20 oldReasonDataDenied=0 mNewReasonDataDenied=0
09-22 11:53:10.125  2197  2197 D SST[1]  : [1] pollStateDone: hasRegistered=false hasDeregistered=false hasDataAttached=false hasDataDetached=false hasDataRegStateChanged=false hasRilVoiceRadioTechnologyChanged= false hasRilDataRadioTechnologyChanged=false hasChanged=false hasVoiceRoamingOn=false hasVoiceRoamingOff=false hasDataRoamingOn=false hasDataRoamingOff=false hasLocationChanged=false has4gHandoff = false hasMultiApnSupport=false hasLostMultiApnSupport=false hasCssIndicatorChanged=false
09-22 11:53:07.586     0     0 E pm6150_charger: wdog_snarl_irq_handler: IRQ: wdog-snarl
09-22 11:53:07.586     0     0 E AWAKE   : SW_THERM_REGULATION_VOTER,0 voting on of val=1
09-22 11:53:07.586     0     0 E AWAKE   : effective vote is now 1 voted by SW_THERM_REGULATION_VOTER,0
09-22 11:53:07.589     0     0 E pm6150_charger: smblib_process_thermal_readings: Current temperatures: 	DIE_TEMP: 538,	CONN_TEMP: 334,	SMB_TEMP: -61,	SKIN_TEMP: 511
09-22 11:53:07.589     0     0 E THERMAL_STATUS: 4
09-22 11:53:07.590     0     0 E AWAKE   : SW_THERM_REGULATION_VOTER,0 voting off of val=0
09-22 11:53:07.590     0     0 E AWAKE   : effective vote is now 0 voted by SW_THERM_REGULATION_VOTER,0
09-22 11:53:07.771     0     0 E PL_AWAKE: PL_VOTER,1 same vote off of val=0
09-22 11:53:07.771     0     0 E PL_AWAKE: PL_VOTER,1 Ignoring similar vote off of val=0
09-22 11:53:11.655   853  1020 E ThermalEngine: read_thermal_config
09-22 11:53:11.655   853  1020 D ThermalEngine: algo_monitor: Timer EVT
09-22 11:53:11.657   853  1020 I ThermalEngine: Sensor:sdm-therm:51102 mC
09-22 11:53:11.658   853  1020 D ThermalEngine: handle_timer_sig: SS Id SS-QUIET-THERM-GOLD3 Read sdm-therm 51102mC, Err -2102mC, SampleCnt 1
09-22 11:53:11.658   853  1020 D ThermalEngine: handle_timer_sig: SS Id SS-QUIET-THERM-GOLD3, E0 -2102mC, E1 -2102mC
09-22 11:53:11.658   853  1020 D ThermalEngine: Already at device mitigation max limit
09-22 11:53:11.659   853  1020 I ThermalEngine: Sensor:sdm-therm:51102 mC
09-22 11:53:11.659   853  1020 D ThermalEngine: handle_timer_sig: SS Id SS-QUIET-THERM-GOLD2 Read sdm-therm 51102mC, Err -4102mC, SampleCnt 1
09-22 11:53:11.659   853  1020 D ThermalEngine: handle_timer_sig: SS Id SS-QUIET-THERM-GOLD2, E0 -4102mC, E1 -4102mC
09-22 11:53:11.659   853  1020 D ThermalEngine: Already at device mitigation max limit
09-22 11:53:11.662   853  1020 I ThermalEngine: Sensor:sdm-therm:51102 mC
09-22 11:53:11.662   853  1020 D ThermalEngine: handle_timer_sig: SS Id SS-QUIET-THERM-GOLD Read sdm-therm 51102mC, Err -6102mC, SampleCnt 1
09-22 11:53:11.662   853  1020 D ThermalEngine: handle_timer_sig: SS Id SS-QUIET-THERM-GOLD, E0 -6102mC, E1 -6102mC
09-22 11:53:11.662   853  1020 D ThermalEngine: Already at device mitigation max limit
09-22 11:53:11.664   853  1020 I ThermalEngine: Sensor:sdm-therm:51102 mC
09-22 11:53:11.664   853  1020 D ThermalEngine: handle_timer_sig: SS Id SS-QUIET-THERM-SILVER3 Read sdm-therm 51102mC, Err -3102mC, SampleCnt 1
09-22 11:53:11.664   853  1020 D ThermalEngine: handle_timer_sig: SS Id SS-QUIET-THERM-SILVER3, E0 -3102mC, E1 -3102mC
09-22 11:53:11.664   853  1020 D ThermalEngine: Already at device mitigation max limit
09-22 11:53:11.667   853  1020 I ThermalEngine: Sensor:sdm-therm:51102 mC
09-22 11:53:11.667   853  1020 D ThermalEngine: handle_timer_sig: SS Id SS-QUIET-THERM-SILVER2 Read sdm-therm 51102mC, Err -5102mC, SampleCnt 1
09-22 11:53:11.667   853  1020 D ThermalEngine: handle_timer_sig: SS Id SS-QUIET-THERM-SILVER2, E0 -5102mC, E1 -5102mC
09-22 11:53:11.667   853  1020 D ThermalEngine: Already at device mitigation max limit
09-22 11:53:11.668   853  1020 I ThermalEngine: Sensor:sdm-therm:51102 mC
09-22 11:53:11.668   853  1020 D ThermalEngine: handle_timer_sig: SS Id SS-QUIET-THERM-SILVER Read sdm-therm 51102mC, Err -7102mC, SampleCnt 1
09-22 11:53:11.668   853  1020 D ThermalEngine: handle_timer_sig: SS Id SS-QUIET-THERM-SILVER, E0 -7102mC, E1 -7102mC
09-22 11:53:11.668   853  1020 D ThermalEngine: Already at device mitigation max limit
09-22 11:53:11.668   853  1020 I ThermalEngine: settimer: Start timer 2.000(sec)
09-22 11:53:11.668   853  1020 D ThermalEngine: algo_monitor: Wait for EV
09-22 11:53:09.216     0     0 E pm6150_charger: default_irq_handler: IRQ: aicl-done
09-22 11:53:13.668   853  1020 E ThermalEngine: read_thermal_config
09-22 11:53:13.669   853  1020 D ThermalEngine: algo_monitor: Timer EVT
09-22 11:53:13.670   853  1020 I ThermalEngine: Sensor:sdm-therm:51102 mC
09-22 11:53:13.670   853  1020 D ThermalEngine: handle_timer_sig: SS Id SS-QUIET-THERM-GOLD3 Read sdm-therm 51102mC, Err -2102mC, SampleCnt 1
09-22 11:53:13.670   853  1020 D ThermalEngine: handle_timer_sig: SS Id SS-QUIET-THERM-GOLD3, E0 -2102mC, E1 -2102mC
09-22 11:53:13.670   853  1020 D ThermalEngine: Already at device mitigation max limit
09-22 11:53:13.671   853  1020 I ThermalEngine: Sensor:sdm-therm:51102 mC
09-22 11:53:13.671   853  1020 D ThermalEngine: handle_timer_sig: SS Id SS-QUIET-THERM-GOLD2 Read sdm-therm 51102mC, Err -4102mC, SampleCnt 1
09-22 11:53:13.671   853  1020 D ThermalEngine: handle_timer_sig: SS Id SS-QUIET-THERM-GOLD2, E0 -4102mC, E1 -4102mC
09-22 11:53:13.671   853  1020 D ThermalEngine: Already at device mitigation max limit
09-22 11:53:13.672   853  1020 I ThermalEngine: Sensor:sdm-therm:51102 mC
09-22 11:53:13.672   853  1020 D ThermalEngine: handle_timer_sig: SS Id SS-QUIET-THERM-GOLD Read sdm-therm 51102mC, Err -6102mC, SampleCnt 1
09-22 11:53:13.672   853  1020 D ThermalEngine: handle_timer_sig: SS Id SS-QUIET-THERM-GOLD, E0 -6102mC, E1 -6102mC
09-22 11:53:13.672   853  1020 D ThermalEngine: Already at device mitigation max limit
09-22 11:53:13.673   853  1020 I ThermalEngine: Sensor:sdm-therm:51102 mC
09-22 11:53:13.674   853  1020 D ThermalEngine: handle_timer_sig: SS Id SS-QUIET-THERM-SILVER3 Read sdm-therm 51102mC, Err -3102mC, SampleCnt 1
09-22 11:53:13.674   853  1020 D ThermalEngine: handle_timer_sig: SS Id SS-QUIET-THERM-SILVER3, E0 -3102mC, E1 -3102mC
09-22 11:53:13.674   853  1020 D ThermalEngine: Already at device mitigation max limit
09-22 11:53:13.675   853  1020 I ThermalEngine: Sensor:sdm-therm:51102 mC
09-22 11:53:13.675   853  1020 D ThermalEngine: handle_timer_sig: SS Id SS-QUIET-THERM-SILVER2 Read sdm-therm 51102mC, Err -5102mC, SampleCnt 1
09-22 11:53:13.675   853  1020 D ThermalEngine: handle_timer_sig: SS Id SS-QUIET-THERM-SILVER2, E0 -5102mC, E1 -5102mC
09-22 11:53:13.675   853  1020 D ThermalEngine: Already at device mitigation max limit
09-22 11:53:13.676   853  1020 I ThermalEngine: Sensor:sdm-therm:51102 mC
09-22 11:53:13.676   853  1020 D ThermalEngine: handle_timer_sig: SS Id SS-QUIET-THERM-SILVER Read sdm-therm 51102mC, Err -7102mC, SampleCnt 1
09-22 11:53:13.676   853  1020 D ThermalEngine: handle_timer_sig: SS Id SS-QUIET-THERM-SILVER, E0 -7102mC, E1 -7102mC
09-22 11:53:13.676   853  1020 D ThermalEngine: Already at device mitigation max limit
09-22 11:53:13.676   853  1020 I ThermalEngine: settimer: Start timer 2.000(sec)
09-22 11:53:13.676   853  1020 D ThermalEngine: algo_monitor: Wait for EV
09-22 11:53:14.149   916  3676 I OMX-VENC: venc_dev: stats: avg. fps 27.11, bitrate 2323840
09-22 11:53:10.757     0     0 I         : smblib_get_prop_usb_present stat 16
09-22 11:53:10.758     0     0 E pm6150_charger: smblib_get_charge_param: aicl icl status = 500000 (0x0a)
09-22 11:53:15.199  2317  2341 I QcrilOemhookMsgTunnel: [1]processOemHookIndication length=21
09-22 11:53:15.201  2197  2288 D RILJ    : Unsol response received; Sending ack to ril.cpp [SUB1]
09-22 11:53:15.201  2197  2288 D RILJ    : [UNSL]< UNSOL_RESPONSE_NETWORK_STATE_CHANGED [SUB1]
09-22 11:53:15.202  2317  2317 D QcrilMsgTunnelIfaceManager: handleMessage what = 0
09-22 11:53:15.202  2197  2372 D NetworkRegistrationManager: onNetworkStateChanged
09-22 11:53:15.203  2197  2197 D SST[1]  : [1] pollState: modemTriggered=true
09-22 11:53:15.206  2197  2197 D RILJ    : [6579]> OPERATOR [SUB1]
09-22 11:53:15.206  2197  2197 D NetworkRegistrationManager: getNetworkRegistrationState domain 2
09-22 11:53:15.206  2197  2197 D NetworkRegistrationManager: getNetworkRegistrationState domain 1
09-22 11:53:15.208  2178  2178 D use-Rlog/RLOG-QC_RIL_OEM_HOOK: Received Broadcast Intent ACTION_UNSOL_RESPONSE_OEM_HOOK_RAW
