09-22 11:52:23.400   853  1020 D ThermalEngine: handle_timer_sig: SS Id SS-QUIET-THERM-SILVER2 Read sdm-therm 50514mC, Err -4514mC, SampleCnt 1
09-22 11:52:23.400   853  1020 D ThermalEngine: handle_timer_sig: SS Id SS-QUIET-THERM-SILVER2, E0 -4514mC, E1 -4588mC
09-22 11:52:23.400   853  1020 D ThermalEngine: Already at device mitigation max limit
09-22 11:52:23.401   853  1020 I ThermalEngine: Sensor:sdm-therm:50588 mC
09-22 11:52:23.401   853  1020 D ThermalEngine: handle_timer_sig: SS Id SS-QUIET-THERM-SILVER Read sdm-therm 50588mC, Err -6588mC, SampleCnt 1
09-22 11:52:23.401   853  1020 D ThermalEngine: handle_timer_sig: SS Id SS-QUIET-THERM-SILVER, E0 -6588mC, E1 -6588mC
09-22 11:52:23.401   853  1020 D ThermalEngine: Already at device mitigation max limit
09-22 11:52:23.401   853  1020 I ThermalEngine: settimer: Start timer 2.000(sec)
09-22 11:52:23.401   853  1020 D ThermalEngine: algo_monitor: Wait for EV
09-22 11:52:23.424  2317  2341 I QcrilOemhookMsgTunnel: [1]processOemHookIndication length=21
09-22 11:52:23.424  2317  2317 D QcrilMsgTunnelIfaceManager: handleMessage what = 0
09-22 11:52:23.426  2197  2288 D RILJ    : Unsol response received; Sending ack to ril.cpp [SUB1]
09-22 11:52:23.426  2197  2288 D RILJ    : [UNSL]< UNSOL_RESPONSE_NETWORK_STATE_CHANGED [SUB1]
09-22 11:52:23.427  2197  2372 D NetworkRegistrationManager: onNetworkStateChanged
09-22 11:52:23.427  2197  2197 D SST[1]  : [1] pollState: modemTriggered=true
09-22 11:52:23.429  2178  2178 D use-Rlog/RLOG-QC_RIL_OEM_HOOK: Received Broadcast Intent ACTION_UNSOL_RESPONSE_OEM_HOOK_RAW
09-22 11:52:23.429  2197  2197 D RILJ    : [6478]> OPERATOR [SUB1]
09-22 11:52:23.429  2178  2178 D use-Rlog/RLOG-QC_RIL_OEM_HOOK: Oem ID in QCRILHOOK UNSOL RESP is QOEMHOOK
09-22 11:52:23.429  2197  2197 D NetworkRegistrationManager: getNetworkRegistrationState domain 2
09-22 11:52:23.431  2197  2197 D NetworkRegistrationManager: getNetworkRegistrationState domain 1
09-22 11:52:23.433  2197  2197 D RILJ    : [6479]> QUERY_NETWORK_SELECTION_MODE [SUB1]
09-22 11:52:23.433  2197  2197 D use-Rlog/RLOG-QC_RIL_OEM_HOOK: Received Broadcast Intent ACTION_UNSOL_RESPONSE_OEM_HOOK_RAW
09-22 11:52:23.434  2197  2197 D use-Rlog/RLOG-QC_RIL_OEM_HOOK: Oem ID in QCRILHOOK UNSOL RESP is QOEMHOOK
09-22 11:52:23.434  2197  2197 D use-Rlog/RLOG-QC_RIL_OEM_HOOK: Received Broadcast Intent ACTION_UNSOL_RESPONSE_OEM_HOOK_RAW
09-22 11:52:23.434  2197  2197 D use-Rlog/RLOG-QC_RIL_OEM_HOOK: Oem ID in QCRILHOOK UNSOL RESP is QOEMHOOK
09-22 11:52:23.434  2197  2197 E use-Rlog/RLOG-QC_RIL_OEM_HOOK: QcRilOemHook notifyRegistrants Failed
09-22 11:52:23.434  2197  2197 D use-Rlog/RLOG-QC_RIL_OEM_HOOK: Received Broadcast Intent ACTION_UNSOL_RESPONSE_OEM_HOOK_RAW
09-22 11:52:23.434  2197  2197 D use-Rlog/RLOG-QC_RIL_OEM_HOOK: Oem ID in QCRILHOOK UNSOL RESP is QOEMHOOK
09-22 11:52:23.434  2197  2197 D use-Rlog/RLOG-QC_RIL_OEM_HOOK: Received Broadcast Intent ACTION_UNSOL_RESPONSE_OEM_HOOK_RAW
09-22 11:52:23.434  2197  2197 D use-Rlog/RLOG-QC_RIL_OEM_HOOK: Oem ID in QCRILHOOK UNSOL RESP is QOEMHOOK
09-22 11:52:23.435  2197  2197 D PhoneSwitcher: handle event - 108
09-22 11:52:23.437  2197  2372 D RILJ    : [6480]> DATA_REGISTRATION_STATE [SUB1]
09-22 11:52:23.440  2197  2372 D RILJ    : [6481]> VOICE_REGISTRATION_STATE [SUB1]
09-22 11:52:23.445  2317  2341 I QcrilOemhookMsgTunnel: [1]processOemHookIndication length=21
09-22 11:52:23.446  2317  2317 D QcrilMsgTunnelIfaceManager: handleMessage what = 0
09-22 11:52:23.448  2197  2288 D RILJ    : Unsol response received; Sending ack to ril.cpp [SUB1]
09-22 11:52:23.448  2197  2288 D RILJ    : [UNSL]< UNSOL_RESPONSE_NETWORK_STATE_CHANGED [SUB1]
09-22 11:52:23.449  2197  2288 D RILJ    : [6478]< OPERATOR {, , } [SUB1]
09-22 11:52:23.449  2197  2288 D RILJ    : [6480]< DATA_REGISTRATION_STATE {.regState = NOT_REG_MT_NOT_SEARCHING_OP, .rat = 0, .reasonDataDenied = 0, .maxDataCalls = 20, .cellIdentity = {...}} [SUB1]
09-22 11:52:23.449  2197  2288 D RILJ    : [6479]< QUERY_NETWORK_SELECTION_MODE {0} [SUB1]
09-22 11:52:23.450  2197  2435 D NetworkRegistrationManager: onGetNetworkRegistrationStateComplete result 0 state NetworkRegistrationState{transportType=1 domain=PS regState=NOT_REG_NOT_SEARCHING accessNetworkTechnology=UNKNOWN reasonForDenial=0 emergencyEnabled=false supportedServices=null cellIdentity=null voiceSpecificStates=null dataSpecificStates=DataSpecificRegistrationStates { mMaxDataCalls=20}}
09-22 11:52:23.450  2197  2372 D NetworkRegistrationManager: onNetworkStateChanged
09-22 11:52:23.450  2178  2178 D use-Rlog/RLOG-QC_RIL_OEM_HOOK: Received Broadcast Intent ACTION_UNSOL_RESPONSE_OEM_HOOK_RAW
09-22 11:52:23.450  2178  2178 D use-Rlog/RLOG-QC_RIL_OEM_HOOK: Oem ID in QCRILHOOK UNSOL RESP is QOEMHOOK
09-22 11:52:23.452  2197  2197 D use-Rlog/RLOG-QC_RIL_OEM_HOOK: Received Broadcast Intent ACTION_UNSOL_RESPONSE_OEM_HOOK_RAW
09-22 11:52:23.452  2197  2197 D use-Rlog/RLOG-QC_RIL_OEM_HOOK: Oem ID in QCRILHOOK UNSOL RESP is QOEMHOOK
09-22 11:52:23.452  2197  2197 D SST[1]  : [1] EVENT_POLL_STATE_NETWORK_SELECTION_MODE
09-22 11:52:23.452  2197  2197 D use-Rlog/RLOG-QC_RIL_OEM_HOOK: Received Broadcast Intent ACTION_UNSOL_RESPONSE_OEM_HOOK_RAW
09-22 11:52:23.453  2197  2197 D use-Rlog/RLOG-QC_RIL_OEM_HOOK: Oem ID in QCRILHOOK UNSOL RESP is QOEMHOOK
09-22 11:52:23.453  2197  2197 E use-Rlog/RLOG-QC_RIL_OEM_HOOK: QcRilOemHook notifyRegistrants Failed
09-22 11:52:23.453  2197  2197 D use-Rlog/RLOG-QC_RIL_OEM_HOOK: Received Broadcast Intent ACTION_UNSOL_RESPONSE_OEM_HOOK_RAW
09-22 11:52:23.453  2197  2197 D use-Rlog/RLOG-QC_RIL_OEM_HOOK: Oem ID in QCRILHOOK UNSOL RESP is QOEMHOOK
09-22 11:52:23.453  2197  2197 D use-Rlog/RLOG-QC_RIL_OEM_HOOK: Received Broadcast Intent ACTION_UNSOL_RESPONSE_OEM_HOOK_RAW
09-22 11:52:23.453  2197  2197 D use-Rlog/RLOG-QC_RIL_OEM_HOOK: Oem ID in QCRILHOOK UNSOL RESP is QOEMHOOK
09-22 11:52:23.453  2197  2197 D SST[1]  : [1] Could not set ServiceState channel number. CellIdentity null
09-22 11:52:23.453  2197  2197 D SST[1]  : [1] handlPollStateResultMessage: GsmSST dataServiceState=1 regState=0 dataRadioTechnology=0
09-22 11:52:23.453  2197  2197 D SST[1]  : [1] pollState: modemTriggered=true
09-22 11:52:23.455  2197  2197 D RILJ    : [6483]> OPERATOR [SUB1]
09-22 11:52:23.456  2197  2197 D NetworkRegistrationManager: getNetworkRegistrationState domain 2
09-22 11:52:23.456  2197  2197 D NetworkRegistrationManager: getNetworkRegistrationState domain 1
09-22 11:52:23.457  2197  2197 D RILJ    : [6484]> QUERY_NETWORK_SELECTION_MODE [SUB1]
09-22 11:52:23.458  2197  2197 D PhoneSwitcher: handle event - 108
09-22 11:52:23.459  2197  2372 D RILJ    : [6485]> DATA_REGISTRATION_STATE [SUB1]
09-22 11:52:23.462  2197  2372 D RILJ    : [6486]> VOICE_REGISTRATION_STATE [SUB1]
09-22 11:52:23.467  2197  2288 D RILJ    : [6481]< VOICE_REGISTRATION_STATE {.regState = NOT_REG_MT_SEARCHING_OP_EM, .rat = 3, .cssSupported = false, .roamingIndicator = -1, .systemIsInPrl = -1, .defaultRoamingIndicator = -1, .reasonForDenial = 0, .cellIdentity = {...}} [SUB1]
09-22 11:52:23.468  2197  2435 D NetworkRegistrationManager: onGetNetworkRegistrationStateComplete result 0 state NetworkRegistrationState{transportType=1 domain=CS regState=NOT_REG_SEARCHING accessNetworkTechnology=UMTS reasonForDenial=0 emergencyEnabled=true supportedServices=[I@31da213 cellIdentity=CellIdentityWcdma:{ mMcc=460 mMnc=01 mAlphaLong=CHN-UNICOM mAlphaShort=UNICOM} voiceSpecificStates=VoiceSpecificRegistrationStates { mCssSupported=false mRoamingIndicator=-1 mSystemIsInPrl=-1 mDefaultRoamingIndicator=-1} dataSpecificStates=null}
09-22 11:52:23.472  2197  2288 D RILJ    : [6486]< VOICE_REGISTRATION_STATE {.regState = NOT_REG_MT_SEARCHING_OP_EM, .rat = 3, .cssSupported = false, .roamingIndicator = -1, .systemIsInPrl = -1, .defaultRoamingIndicator = -1, .reasonForDenial = 0, .cellIdentity = {...}} [SUB1]
09-22 11:52:23.472  2197  2435 D NetworkRegistrationManager: onGetNetworkRegistrationStateComplete result 0 state NetworkRegistrationState{transportType=1 domain=CS regState=NOT_REG_SEARCHING accessNetworkTechnology=UMTS reasonForDenial=0 emergencyEnabled=true supportedServices=[I@8b1fc50 cellIdentity=CellIdentityWcdma:{ mMcc=460 mMnc=01 mAlphaLong=CHN-UNICOM mAlphaShort=UNICOM} voiceSpecificStates=VoiceSpecificRegistrationStates { mCssSupported=false mRoamingIndicator=-1 mSystemIsInPrl=-1 mDefaultRoamingIndicator=-1} dataSpecificStates=null}
09-22 11:52:23.473  2197  2197 D SST[1]  : [1] handlPollVoiceRegResultMessage: regState=2 radioTechnology=3
09-22 11:52:23.473  2197  2288 D RILJ    : [6483]< OPERATOR {, , } [SUB1]
09-22 11:52:23.474  2197  2288 D RILJ    : [6485]< DATA_REGISTRATION_STATE {.regState = NOT_REG_MT_NOT_SEARCHING_OP, .rat = 0, .reasonDataDenied = 0, .maxDataCalls = 20, .cellIdentity = {...}} [SUB1]
09-22 11:52:23.474  2197  2435 D NetworkRegistrationManager: onGetNetworkRegistrationStateComplete result 0 state NetworkRegistrationState{transportType=1 domain=PS regState=NOT_REG_NOT_SEARCHING accessNetworkTechnology=UNKNOWN reasonForDenial=0 emergencyEnabled=false supportedServices=null cellIdentity=null voiceSpecificStates=null dataSpecificStates=DataSpecificRegistrationStates { mMaxDataCalls=20}}
09-22 11:52:23.474  2197  2288 D RILJ    : [6484]< QUERY_NETWORK_SELECTION_MODE {0} [SUB1]
09-22 11:52:23.475  2197  2197 D SST[1]  : [1] EVENT_POLL_STATE_NETWORK_SELECTION_MODE
09-22 11:52:23.475  2197  2197 D SST[1]  : [1] Could not set ServiceState channel number. CellIdentity null
09-22 11:52:23.475  2197  2197 D SST[1]  : [1] handlPollStateResultMessage: GsmSST dataServiceState=1 regState=0 dataRadioTechnology=0
09-22 11:52:23.482  2197  2197 D SST[1]  : [1] Poll ServiceState done:  oldSS=[{mVoiceRegState=1(OUT_OF_SERVICE), mDataRegState=1(OUT_OF_SERVICE), mChannelNumber=10763, duplexMode()=0, mCellBandwidths=[], mVoiceRoamingType=home, mDataRoamingType=home, mVoiceOperatorAlphaLong=, mVoiceOperatorAlphaShort=, mDataOperatorAlphaLong=, mDataOperatorAlphaShort=, isManualNetworkSelection=false(automatic), mRilVoiceRadioTechnology=3(UMTS), mRilDataRadioTechnology=0(Unknown), mCssIndicator=unsupported, mNetworkId=-1, mSystemId=-1, mCdmaRoamingIndicator=-1, mCdmaDefaultRoamingIndicator=-1, mIsEmergencyOnly=true, mIsDataRoamingFromRegistration=false, mIsUsingCarrierAggregation=false, mLteEarfcnRsrpBoost=0, mNetworkRegistrationStates=[NetworkRegistrationState{transportType=1 domain=CS regState=NOT_REG_SEARCHING accessNetworkTechnology=UMTS reasonForDenial=0 emergencyEnabled=true supportedServices=[I@3db4eaa cellIdentity=CellIdentityWcdma:{ mMcc=460 mMnc=01 mAlphaLong=CHN-UNICOM mAlphaShort=UNICOM} voiceSpecificStates=VoiceSpecificRegistrationStates { mCssSupported=false mRoamingIndicator=-1 mSystemIsInPrl=-1 mDefaultRoamingIndicator=-1} dataSpecificStates=null}, NetworkRegistrationState{transportType=1 domain=PS regState=NOT_REG_NOT_SEARCHING accessNetworkTechnology=UNKNOWN reasonForDenial=0 emergencyEnabled=false supportedServices=null cellIdentity=null voiceSpecificStates=null dataSpecificStates=DataSpecificRegistrationStates { mMaxDataCalls=20}}]}] newSS=[{mVoiceRegState=1(OUT_OF_SERVICE), mDataRegState=1(OUT_OF_SERVICE), mChannelNumber=10763, duplexMode()=0, mCellBandwidths=[], mVoiceRoamingType=home, mDataRoamingType=home, mVoiceOperatorAlphaLong=, mVoiceOperatorAlphaShort=, mDataOperatorAlphaLong=, mDataOperatorAlphaShort=, isManualNetworkSelection=false(automatic), mRilVoiceRadioTechnology=3(UMTS), mRilDataRadioTechnology=0(Unknown), mCssIndicator=unsupported, mNetworkId=-1, mSystemId=-1, mCdmaRoamingIndicator=-1, mCdmaDefaultRoamingIndicator=-1, mIsEmergencyOnly=true, mIsDataRoamingFromRegistration=false, mIsUsingCarrierAggregation=false, mLteEarfcnRsrpBoost=0, mNetworkRegistrationStates=[NetworkRegistrationState{transportType=1 domain=CS regState=NOT_REG_SEARCHING accessNetworkTechnology=UMTS reasonForDenial=0 emergencyEnabled=true supportedServices=[I@8b1fc50 cellIdentity=CellIdentityWcdma:{ mMcc=460 mMnc=01 mAlphaLong=CHN-UNICOM mAlphaShort=UNICOM} voiceSpecificStates=VoiceSpecificRegistrationStates { mCssSupported=false mRoamingIndicator=-1 mSystemIsInPrl=-1 mDefaultRoamingIndicator=-1} dataSpecificStates=null}, NetworkRegistrationState{transportType=1 domain=PS regState=NOT_REG_NOT_SEARCHING accessNetworkTechnology=UNKNOWN reasonForDenial=0 emergencyEnabled=false supportedServices=null cellIdentity=null voiceSpecificStates=null dataSpecificStates=DataSpecificRegistrationStates { mMaxDataCalls=20}}]}] oldMaxDataCalls=20 mNewMaxDataCalls=20 oldReasonDataDenied=0 mNewReasonDataDenied=0
09-22 11:52:23.482  2197  2197 D SST[1]  : [1] pollStateDone: hasRegistered=false hasDeregistered=false hasDataAttached=false hasDataDetached=false hasDataRegStateChanged=false hasRilVoiceRadioTechnologyChanged= false hasRilDataRadioTechnologyChanged=false hasChanged=false hasVoiceRoamingOn=false hasVoiceRoamingOff=false hasDataRoamingOn=false hasDataRoamingOff=false hasLocationChanged=false has4gHandoff = false hasMultiApnSupport=false hasLostMultiApnSupport=false hasCssIndicatorChanged=false
09-22 11:52:20.810     0     0 I QG-K    : qg_fifo_update_done_handler: IRQ triggered
09-22 11:52:20.810     0     0 I         : length 1 addr=4851
09-22 11:52:20.810     0     0 I val[0]  : 26
09-22 11:52:20.810     0     0 I QG-K    : qg_process_fifo: FIFO length=5
09-22 11:52:20.810     0     0 I         : length 1 addr=4852
09-22 11:52:20.810     0     0 I val[0]  : 0a
09-22 11:52:20.810     0     0 I         : length 1 addr=4851
09-22 11:52:20.810     0     0 I val[0]  : 26
09-22 11:52:20.810     0     0 I         : length 2 addr=4890
09-22 11:52:20.810     0     0 I val[0]  : dd
09-22 11:52:20.810     0     0 I val[1]  : 52
09-22 11:52:20.810     0     0 I         : length 2 addr=48a0
09-22 11:52:20.810     0     0 I val[0]  : e4
09-22 11:52:20.810     0     0 I val[1]  : 03
09-22 11:52:20.810     0     0 I QG-K    : qg_process_fifo: FIFO 0 raw_v=21213 uV=4128834 raw_i=996 uA=303955 interval=98 count=128
09-22 11:52:20.810     0     0 I         : length 2 addr=4892
09-22 11:52:20.810     0     0 I val[0]  : df
09-22 11:52:20.810     0     0 I val[1]  : 52
09-22 11:52:20.810     0     0 I         : length 2 addr=48a2
09-22 11:52:20.810     0     0 I val[0]  : eb
09-22 11:52:20.810     0     0 I val[1]  : 03
09-22 11:52:20.810     0     0 I QG-K    : qg_process_fifo: FIFO 1 raw_v=21215 uV=4129223 raw_i=1003 uA=306091 interval=98 count=128
09-22 11:52:20.810     0     0 I         : length 2 addr=4894
09-22 11:52:20.810     0     0 I val[0]  : c8
09-22 11:52:20.810     0     0 I val[1]  : 52
09-22 11:52:20.810     0     0 I         : length 2 addr=48a4
09-22 11:52:20.810     0     0 I val[0]  : 57
09-22 11:52:20.810     0     0 I val[1]  : 04
09-22 11:52:20.810     0     0 I QG-K    : qg_process_fifo: FIFO 2 raw_v=21192 uV=4124747 raw_i=1111 uA=339050 interval=98 count=128
09-22 11:52:20.810     0     0 I         : length 2 addr=4896
09-22 11:52:20.810     0     0 I val[0]  : d7
09-22 11:52:20.810     0     0 I val[1]  : 52
09-22 11:52:20.810     0     0 I         : length 2 addr=48a6
09-22 11:52:20.810     0     0 I val[0]  : 07
09-22 11:52:20.810     0     0 I val[1]  : 04
09-22 11:52:20.810     0     0 I QG-K    : qg_process_fifo: FIFO 3 raw_v=21207 uV=4127666 raw_i=1031 uA=314636 interval=98 count=128
09-22 11:52:20.810     0     0 I         : length 2 addr=4898
09-22 11:52:20.810     0     0 I val[0]  : da
09-22 11:52:20.810     0     0 I val[1]  : 52
09-22 11:52:20.810     0     0 I         : length 2 addr=48a8
09-22 11:52:20.810     0     0 I val[0]  : d8
09-22 11:52:20.810     0     0 I val[1]  : 03
09-22 11:52:20.810     0     0 I QG-K    : qg_process_fifo: FIFO 4 raw_v=21210 uV=4128250 raw_i=984 uA=300293 interval=98 count=128
09-22 11:52:20.811     0     0 I         : length 1 addr=484b
09-22 11:52:20.811     0     0 I val[0]  : 3c
09-22 11:52:20.811     0     0 I         : length 1 addr=484c
09-22 11:52:20.811     0     0 I val[0]  : 42
09-22 11:52:20.811     0     0 I         : length 1 addr=4851
09-22 11:52:20.811     0     0 I val[0]  : 26
09-22 11:52:20.811     0     0 I addr=4842 mask: 01 val: 01
09-22 11:52:20.811     0     0 I         : length 2 addr=48c6
09-22 11:52:20.811     0     0 I val[0]  : aa
09-22 11:52:20.811     0     0 I val[1]  : 03
09-22 11:52:20.811     0     0 I addr=4842 mask: 01 val: 00
09-22 11:52:20.811     0     0 I         : length 1 addr=4851
09-22 11:52:20.811     0     0 I val[0]  : 26
09-22 11:52:20.811     0     0 I         : length 1 addr=4851
09-22 11:52:20.811     0     0 I val[0]  : 26
09-22 11:52:20.811     0     0 I         : length 1 addr=4852
09-22 11:52:20.811     0     0 I val[0]  : 0a
09-22 11:52:20.811     0     0 I QG-K    : qg_fifo_update_done_handler: FIFO_done time_delta_ms=62604
09-22 11:52:20.811     0     0 E QG_WS   : FIFO_DONE_VOTER,1 voting on of val=1
09-22 11:52:20.811     0     0 E QG_WS   : effective vote is now 1 voted by FIFO_DONE_VOTER,1
09-22 11:52:20.812     0     0 E QG_WS   : GOOD_OCV_VOTER,0 same vote off of val=0
09-22 11:52:20.812     0     0 E QG_WS   : GOOD_OCV_VOTER,0 Ignoring similar vote off of val=0
09-22 11:52:20.812     0     0 E QG_WS   : FIFO_DONE_VOTER,1 voting off of val=0
09-22 11:52:20.812     0     0 E QG_WS   : effective vote is now 0 voted by FIFO_DONE_VOTER,1
09-22 11:52:20.812     0     0 E QG_WS   : FIFO_RT_DONE_VOTER,2 same vote off of val=0
09-22 11:52:20.812     0     0 E QG_WS   : FIFO_RT_DONE_VOTER,2 Ignoring similar vote off of val=0
09-22 11:52:20.812     0     0 E QG_WS   : SUSPEND_DATA_VOTER,3 same vote off of val=0
09-22 11:52:20.812     0     0 E QG_WS   : SUSPEND_DATA_VOTER,3 Ignoring similar vote off of val=0
09-22 11:52:20.812     0     0 I QG-K    : qg_device_read: QG device read complete Seq_no=4400 Size=412
09-22 11:52:20.812     0     0 I addr=4842 mask: 01 val: 01
09-22 11:52:20.812     0     0 I         : length 2 addr=48c6
09-22 11:52:20.812     0     0 I val[0]  : aa
09-22 11:52:20.812     0     0 I val[1]  : 03
09-22 11:52:20.812     0     0 I addr=4842 mask: 01 val: 00
09-22 11:52:20.812     0     0 I         : length 2 addr=48c0
09-22 11:52:20.812     0     0 I val[0]  : b4
09-22 11:52:20.812     0     0 I val[1]  : 52
09-22 11:52:20.814     0     0 I QG-K    : qg_get_learned_capacity: Retrieved learned capacity 2576000uah
09-22 11:52:20.815     0     0 E QG-D    : FIFO=0 X1_DUMP [16610583480963] [0]
09-22 11:52:20.815     0     0 E QG-D    : FIFO=0 X2_DUMP [16610683443133] [0]
09-22 11:52:20.815     0     0 E QG-D    : FIFO=0 X3_DUMP [16610683438728] [0]
09-22 11:52:20.815     0     0 E QG-D    : FIFO=0 X4_DUMP [16610683438746] [1]
09-22 11:52:20.815     0     0 E QG-D    : FIFO=0 X5_DUMP [16610683111119] [0]
09-22 11:52:20.815     0     0 E QG-D    : FIFO=0 X6_DUMP [16610683676126] [0]
09-22 11:52:20.815     0     0 E QG-D    : FIFO=0 X7_DUMP [16610683438831] [0]
09-22 11:52:20.815     0     0 E QG-D    : FIFO=0 X8_DUMP [16610683438605] [0]
09-22 11:52:20.815     0     0 E QG-D    : FIFO=0 X9_DUMP [16610683438852] [0]
09-22 11:52:20.815     0     0 E QG-D    : FIFO=0 X10_DUMP [16610683440258] [0]
09-22 11:52:20.821     0     0 E QG_WS   : UDATA_READY_VOTER,4 voting on of val=1
09-22 11:52:20.821     0     0 E QG_WS   : effective vote is now 1 voted by UDATA_READY_VOTER,4
09-22 11:52:20.821     0     0 I addr=4842 mask: 01 val: 01
09-22 11:52:20.821     0     0 I         : length 2 addr=48c6
09-22 11:52:20.821     0     0 I val[0]  : aa
09-22 11:52:20.821     0     0 I val[1]  : 03
09-22 11:52:20.821     0     0 I addr=4842 mask: 01 val: 00
09-22 11:52:20.821     0     0 I QG-K    : process_udata_work: udata update: QG_SOC=93 QG_SYS_SOC=9278 last_catchup_soc=93
09-22 11:52:20.821     0     0 I QG-K    : qg_adjust_sys_soc: last_adj_sys_soc=93  adj_sys_soc=93
09-22 11:52:20.821     0     0 I QG-K    : qg_scale_soc: SOC scale: Start msoc=93 catch_up_soc=93 delta_soc=1
09-22 11:52:20.821     0     0 I QG-K    : scale_soc_stop: SOC scale stopped: msoc=93 catch_up_soc=93
09-22 11:52:20.821     0     0 I QG-K    : qg_device_write: QG write complete size=144
09-22 11:52:20.822     0     0 I QG-K    : qg_store_soc_params: SDAM write param 0 value=1
09-22 11:52:20.823     0     0 I QG-K    : qg_store_soc_params: SDAM write param 1 value=93
09-22 11:52:20.823     0     0 I QG-K    : qg_store_soc_params: SDAM write param 2 value=393
09-22 11:52:20.823     0     0 I QG-K    : qg_store_soc_params: SDAM write param 3 value=206
09-22 11:52:20.823     0     0 I QG-K    : qg_store_soc_params: SDAM write param 4 value=4224900
09-22 11:52:20.823     0     0 I QG-K    : qg_store_soc_params: SDAM write param 5 value=0
09-22 11:52:20.823     0     0 I QG-K    : qg_store_soc_params: SDAM write param 6 value=168774670
09-22 11:52:20.823     0     0 I QG-K    : process_udata_work: udata update: batt_soc=8775 cc_soc=9032 full_soc=9437 qg_esr=82
09-22 11:52:20.823     0     0 E QG_WS   : UDATA_READY_VOTER,4 voting off of val=0
09-22 11:52:20.823     0     0 E QG_WS   : effective vote is now 0 voted by UDATA_READY_VOTER,4
09-22 11:52:24.423  2883  6825 D MSF.C.CodecWarppertrue: recv Packet ssoSeq:-1576582858, uin:*5517
09-22 11:52:24.424  2883  6825 D MSF.C.NetConnTag.true: netRecv ssoSeq:-1576582858 uin:*5517 cmd:GRAfehI9KTYlEyUnMg -1576582755 cross:0 socketEngineID: 0 socket: 194832597
09-22 11:52:24.424  2883  4696 D UIDApiImpl: get uid: u_Bh4Q9P5kNns3Jb-MFFZo0g of the uin: *5517
09-22 11:52:24.425  2883  4696 D MSF.C.NetConnTag.true: msf can not get ssid
09-22 11:52:24.425  2883  4696 D UIDApiImpl: get uid: u_Bh4Q9P5kNns3Jb-MFFZo0g of the uin: *5517
09-22 11:52:24.425  2883  4696 D MSF.C.NetConnTag.true: msf can not get ssid
09-22 11:52:24.426  2883  4696 D MSF.C.NetConnTag.true: encodeRequest cmd: SSO.HelloPush, with version = 10, AppId = 537168317, pa ok: -1576582858
09-22 11:52:24.426  2883  4696 D MSF.C.NetConnTag.DualConnContext.true: tryDualConn
09-22 11:52:24.427  2883  4696 D MSF.C.NetConnTag.true: netSend ssoSeq:-1576582858 uin:*5517 cmd:GRAfehI9KTYlEyUnMg -1576582407 b9ce8d5 socketEngineID: 0 socket: 194832597
09-22 11:52:24.427  2883  4696 D MSF.C.NetConnTag.true: send Packet addQueue, ssoSeq=-1576582858, uin=*5517
09-22 11:52:25.224 31080 31080 D BoundBrokerSvc: onBind: Intent { act=com.google.android.gms.mdns.service.START dat=chimera-action: cmp=com.google.android.gms/.chimera.PersistentApiService }
09-22 11:52:25.224 31080 31080 D BoundBrokerSvc: Loading bound service for intent: Intent { act=com.google.android.gms.mdns.service.START dat=chimera-action: cmp=com.google.android.gms/.chimera.PersistentApiService }
09-22 11:52:25.402   853  1020 E ThermalEngine: read_thermal_config
09-22 11:52:25.402   853  1020 D ThermalEngine: algo_monitor: Timer EVT
09-22 11:52:25.403   853  1020 I ThermalEngine: Sensor:sdm-therm:50661 mC
09-22 11:52:25.403   853  1020 D ThermalEngine: handle_timer_sig: SS Id SS-QUIET-THERM-GOLD3 Read sdm-therm 50661mC, Err -1661mC, SampleCnt 1
09-22 11:52:25.403   853  1020 D ThermalEngine: handle_timer_sig: SS Id SS-QUIET-THERM-GOLD3, E0 -1661mC, E1 -1588mC
09-22 11:52:25.403   853  1020 D ThermalEngine: Already at device mitigation max limit
09-22 11:52:25.404   853  1020 I ThermalEngine: Sensor:sdm-therm:50661 mC
09-22 11:52:25.404   853  1020 D ThermalEngine: handle_timer_sig: SS Id SS-QUIET-THERM-GOLD2 Read sdm-therm 50661mC, Err -3661mC, SampleCnt 1
09-22 11:52:25.404   853  1020 D ThermalEngine: handle_timer_sig: SS Id SS-QUIET-THERM-GOLD2, E0 -3661mC, E1 -3588mC
09-22 11:52:25.404   853  1020 D ThermalEngine: Already at device mitigation max limit
09-22 11:52:25.405   853  1020 I ThermalEngine: Sensor:sdm-therm:50661 mC
09-22 11:52:25.406   853  1020 D ThermalEngine: handle_timer_sig: SS Id SS-QUIET-THERM-GOLD Read sdm-therm 50661mC, Err -5661mC, SampleCnt 1
09-22 11:52:25.406   853  1020 D ThermalEngine: handle_timer_sig: SS Id SS-QUIET-THERM-GOLD, E0 -5661mC, E1 -5588mC
09-22 11:52:25.406   853  1020 D ThermalEngine: Already at device mitigation max limit
09-22 11:52:25.407   853  1020 I ThermalEngine: Sensor:sdm-therm:50661 mC
09-22 11:52:25.407   853  1020 D ThermalEngine: handle_timer_sig: SS Id SS-QUIET-THERM-SILVER3 Read sdm-therm 50661mC, Err -2661mC, SampleCnt 1
09-22 11:52:25.408   853  1020 D ThermalEngine: handle_timer_sig: SS Id SS-QUIET-THERM-SILVER3, E0 -2661mC, E1 -2588mC
09-22 11:52:25.408   853  1020 D ThermalEngine: Already at device mitigation max limit
09-22 11:52:25.409   853  1020 I ThermalEngine: Sensor:sdm-therm:50661 mC
09-22 11:52:25.409   853  1020 D ThermalEngine: handle_timer_sig: SS Id SS-QUIET-THERM-SILVER2 Read sdm-therm 50661mC, Err -4661mC, SampleCnt 1
09-22 11:52:25.409   853  1020 D ThermalEngine: handle_timer_sig: SS Id SS-QUIET-THERM-SILVER2, E0 -4661mC, E1 -4514mC
09-22 11:52:25.409   853  1020 D ThermalEngine: Already at device mitigation max limit
09-22 11:52:25.410   853  1020 I ThermalEngine: Sensor:sdm-therm:50661 mC
09-22 11:52:25.410   853  1020 D ThermalEngine: handle_timer_sig: SS Id SS-QUIET-THERM-SILVER Read sdm-therm 50661mC, Err -6661mC, SampleCnt 1
09-22 11:52:25.410   853  1020 D ThermalEngine: handle_timer_sig: SS Id SS-QUIET-THERM-SILVER, E0 -6661mC, E1 -6588mC
09-22 11:52:25.410   853  1020 D ThermalEngine: Already at device mitigation max limit
09-22 11:52:25.410   853  1020 I ThermalEngine: settimer: Start timer 2.000(sec)
09-22 11:52:25.410   853  1020 D ThermalEngine: algo_monitor: Wait for EV
09-22 11:52:26.749  4064  9794 E memtrack: Couldn't load memtrack module
09-22 11:52:26.749  4064  9794 W android.os.Debug: failed to get memory consumption info: -1
09-22 11:52:27.410   853  1020 E ThermalEngine: read_thermal_config
09-22 11:52:27.411   853  1020 D ThermalEngine: algo_monitor: Timer EVT
09-22 11:52:27.412   853  1020 I ThermalEngine: Sensor:sdm-therm:50588 mC
09-22 11:52:27.412   853  1020 D ThermalEngine: handle_timer_sig: SS Id SS-QUIET-THERM-GOLD3 Read sdm-therm 50588mC, Err -1588mC, SampleCnt 1
09-22 11:52:27.412   853  1020 D ThermalEngine: handle_timer_sig: SS Id SS-QUIET-THERM-GOLD3, E0 -1588mC, E1 -1661mC
09-22 11:52:27.412   853  1020 D ThermalEngine: Already at device mitigation max limit
09-22 11:52:27.414   853  1020 I ThermalEngine: Sensor:sdm-therm:50588 mC
09-22 11:52:27.414   853  1020 D ThermalEngine: handle_timer_sig: SS Id SS-QUIET-THERM-GOLD2 Read sdm-therm 50588mC, Err -3588mC, SampleCnt 1
09-22 11:52:27.414   853  1020 D ThermalEngine: handle_timer_sig: SS Id SS-QUIET-THERM-GOLD2, E0 -3588mC, E1 -3661mC
09-22 11:52:27.414   853  1020 D ThermalEngine: Already at device mitigation max limit
09-22 11:52:27.415   853  1020 I ThermalEngine: Sensor:sdm-therm:50588 mC
09-22 11:52:27.415   853  1020 D ThermalEngine: handle_timer_sig: SS Id SS-QUIET-THERM-GOLD Read sdm-therm 50588mC, Err -5588mC, SampleCnt 1
09-22 11:52:27.415   853  1020 D ThermalEngine: handle_timer_sig: SS Id SS-QUIET-THERM-GOLD, E0 -5588mC, E1 -5661mC
09-22 11:52:27.415   853  1020 D ThermalEngine: Already at device mitigation max limit
09-22 11:52:27.418   853  1020 I ThermalEngine: Sensor:sdm-therm:50588 mC
09-22 11:52:27.418   853  1020 D ThermalEngine: handle_timer_sig: SS Id SS-QUIET-THERM-SILVER3 Read sdm-therm 50588mC, Err -2588mC, SampleCnt 1
09-22 11:52:27.418   853  1020 D ThermalEngine: handle_timer_sig: SS Id SS-QUIET-THERM-SILVER3, E0 -2588mC, E1 -2661mC
09-22 11:52:27.418   853  1020 D ThermalEngine: Already at device mitigation max limit
09-22 11:52:27.419   853  1020 I ThermalEngine: Sensor:sdm-therm:50588 mC
09-22 11:52:27.419   853  1020 D ThermalEngine: handle_timer_sig: SS Id SS-QUIET-THERM-SILVER2 Read sdm-therm 50588mC, Err -4588mC, SampleCnt 1
09-22 11:52:27.419   853  1020 D ThermalEngine: handle_timer_sig: SS Id SS-QUIET-THERM-SILVER2, E0 -4588mC, E1 -4661mC
09-22 11:52:27.419   853  1020 D ThermalEngine: Already at device mitigation max limit
09-22 11:52:27.421   853  1020 I ThermalEngine: Sensor:sdm-therm:50588 mC
09-22 11:52:27.421   853  1020 D ThermalEngine: handle_timer_sig: SS Id SS-QUIET-THERM-SILVER Read sdm-therm 50588mC, Err -6588mC, SampleCnt 1
09-22 11:52:27.421   853  1020 D ThermalEngine: handle_timer_sig: SS Id SS-QUIET-THERM-SILVER, E0 -6588mC, E1 -6661mC
09-22 11:52:27.421   853  1020 D ThermalEngine: Already at device mitigation max limit
09-22 11:52:27.421   853  1020 I ThermalEngine: settimer: Start timer 2.000(sec)
09-22 11:52:27.421   853  1020 D ThermalEngine: algo_monitor: Wait for EV
09-22 11:52:29.144  2317  2341 I QcrilOemhookMsgTunnel: [1]processOemHookIndication length=21
09-22 11:52:29.144  2317  2317 D QcrilMsgTunnelIfaceManager: handleMessage what = 0
09-22 11:52:29.148  2178  2178 D use-Rlog/RLOG-QC_RIL_OEM_HOOK: Received Broadcast Intent ACTION_UNSOL_RESPONSE_OEM_HOOK_RAW
09-22 11:52:29.149  2197  2197 D use-Rlog/RLOG-QC_RIL_OEM_HOOK: Received Broadcast Intent ACTION_UNSOL_RESPONSE_OEM_HOOK_RAW
09-22 11:52:29.150  2178  2178 D use-Rlog/RLOG-QC_RIL_OEM_HOOK: Oem ID in QCRILHOOK UNSOL RESP is QOEMHOOK
09-22 11:52:29.150  2197  2197 D use-Rlog/RLOG-QC_RIL_OEM_HOOK: Oem ID in QCRILHOOK UNSOL RESP is QOEMHOOK
09-22 11:52:29.150  2197  2288 D RILJ    : Unsol response received; Sending ack to ril.cpp [SUB1]
09-22 11:52:29.150  2197  2288 D RILJ    : [UNSL]< UNSOL_RESPONSE_NETWORK_STATE_CHANGED [SUB1]
09-22 11:52:29.150  2197  2197 D PhoneSwitcher: handle event - 108
09-22 11:52:29.150  2197  2372 D NetworkRegistrationManager: onNetworkStateChanged
09-22 11:52:29.151  2197  2197 D SST[1]  : [1] pollState: modemTriggered=true
09-22 11:52:29.162  2197  2197 D RILJ    : [6488]> OPERATOR [SUB1]
09-22 11:52:29.162  2317  2341 I QcrilOemhookMsgTunnel: [1]processOemHookIndication length=21
09-22 11:52:29.162  2197  2197 D NetworkRegistrationManager: getNetworkRegistrationState domain 2
09-22 11:52:29.163  2317  2317 D QcrilMsgTunnelIfaceManager: handleMessage what = 0
09-22 11:52:29.164  2197  2288 D RILJ    : Unsol response received; Sending ack to ril.cpp [SUB1]
09-22 11:52:29.164  2197  2288 D RILJ    : [UNSL]< UNSOL_RESPONSE_NETWORK_STATE_CHANGED [SUB1]
09-22 11:52:29.165  2197  2197 D NetworkRegistrationManager: getNetworkRegistrationState domain 1
09-22 11:52:29.170  2197  2288 D RILJ    : [6488]< OPERATOR {, , } [SUB1]
09-22 11:52:29.170  2178  2178 D use-Rlog/RLOG-QC_RIL_OEM_HOOK: Received Broadcast Intent ACTION_UNSOL_RESPONSE_OEM_HOOK_RAW
09-22 11:52:29.171  2178  2178 D use-Rlog/RLOG-QC_RIL_OEM_HOOK: Oem ID in QCRILHOOK UNSOL RESP is QOEMHOOK
09-22 11:52:29.171  2197  2372 D RILJ    : [6490]> DATA_REGISTRATION_STATE [SUB1]
09-22 11:52:29.171  2197  2372 D NetworkRegistrationManager: onNetworkStateChanged
09-22 11:52:29.173  2197  2372 D RILJ    : [6492]> VOICE_REGISTRATION_STATE [SUB1]
09-22 11:52:29.175  2197  2197 D RILJ    : [6491]> QUERY_NETWORK_SELECTION_MODE [SUB1]
09-22 11:52:29.176  2197  2197 D use-Rlog/RLOG-QC_RIL_OEM_HOOK: Received Broadcast Intent ACTION_UNSOL_RESPONSE_OEM_HOOK_RAW
09-22 11:52:29.176  2197  2197 D use-Rlog/RLOG-QC_RIL_OEM_HOOK: Oem ID in QCRILHOOK UNSOL RESP is QOEMHOOK
09-22 11:52:29.176  2197  2197 E use-Rlog/RLOG-QC_RIL_OEM_HOOK: QcRilOemHook notifyRegistrants Failed
09-22 11:52:29.176  2197  2197 D use-Rlog/RLOG-QC_RIL_OEM_HOOK: Received Broadcast Intent ACTION_UNSOL_RESPONSE_OEM_HOOK_RAW
09-22 11:52:29.176  2197  2197 D use-Rlog/RLOG-QC_RIL_OEM_HOOK: Oem ID in QCRILHOOK UNSOL RESP is QOEMHOOK
09-22 11:52:29.176  2197  2197 D use-Rlog/RLOG-QC_RIL_OEM_HOOK: Received Broadcast Intent ACTION_UNSOL_RESPONSE_OEM_HOOK_RAW
09-22 11:52:29.176  2197  2197 D use-Rlog/RLOG-QC_RIL_OEM_HOOK: Oem ID in QCRILHOOK UNSOL RESP is QOEMHOOK
09-22 11:52:29.176  2197  2197 D use-Rlog/RLOG-QC_RIL_OEM_HOOK: Received Broadcast Intent ACTION_UNSOL_RESPONSE_OEM_HOOK_RAW
09-22 11:52:29.176  2197  2197 D use-Rlog/RLOG-QC_RIL_OEM_HOOK: Oem ID in QCRILHOOK UNSOL RESP is QOEMHOOK
09-22 11:52:29.177  2197  2197 D use-Rlog/RLOG-QC_RIL_OEM_HOOK: Received Broadcast Intent ACTION_UNSOL_RESPONSE_OEM_HOOK_RAW
09-22 11:52:29.177  2197  2197 D use-Rlog/RLOG-QC_RIL_OEM_HOOK: Oem ID in QCRILHOOK UNSOL RESP is QOEMHOOK
09-22 11:52:29.177  2197  2197 E use-Rlog/RLOG-QC_RIL_OEM_HOOK: QcRilOemHook notifyRegistrants Failed
09-22 11:52:29.177  2197  2197 D use-Rlog/RLOG-QC_RIL_OEM_HOOK: Received Broadcast Intent ACTION_UNSOL_RESPONSE_OEM_HOOK_RAW
09-22 11:52:29.177  2197  2197 D use-Rlog/RLOG-QC_RIL_OEM_HOOK: Oem ID in QCRILHOOK UNSOL RESP is QOEMHOOK
09-22 11:52:29.177  2197  2197 D SST[1]  : [1] pollState: modemTriggered=true
09-22 11:52:29.178  2197  2288 D RILJ    : [6490]< DATA_REGISTRATION_STATE {.regState = NOT_REG_MT_NOT_SEARCHING_OP, .rat = 0, .reasonDataDenied = 0, .maxDataCalls = 20, .cellIdentity = {...}} [SUB1]
09-22 11:52:29.178  2197  2435 D NetworkRegistrationManager: onGetNetworkRegistrationStateComplete result 0 state NetworkRegistrationState{transportType=1 domain=PS regState=NOT_REG_NOT_SEARCHING accessNetworkTechnology=UNKNOWN reasonForDenial=0 emergencyEnabled=false supportedServices=null cellIdentity=null voiceSpecificStates=null dataSpecificStates=DataSpecificRegistrationStates { mMaxDataCalls=20}}
09-22 11:52:29.181  2197  2197 D RILJ    : [6493]> OPERATOR [SUB1]
09-22 11:52:29.184  2197  2197 D NetworkRegistrationManager: getNetworkRegistrationState domain 2
09-22 11:52:29.184  2197  2288 D RILJ    : [6493]< OPERATOR {, , } [SUB1]
09-22 11:52:29.185  2197  2197 D NetworkRegistrationManager: getNetworkRegistrationState domain 1
09-22 11:52:29.186  2197  2372 D RILJ    : [6494]> DATA_REGISTRATION_STATE [SUB1]
09-22 11:52:29.186  2197  2288 D RILJ    : [6491]< QUERY_NETWORK_SELECTION_MODE {0} [SUB1]
09-22 11:52:29.187  2197  2197 D RILJ    : [6495]> QUERY_NETWORK_SELECTION_MODE [SUB1]
09-22 11:52:29.187  2197  2197 D use-Rlog/RLOG-QC_RIL_OEM_HOOK: Received Broadcast Intent ACTION_UNSOL_RESPONSE_OEM_HOOK_RAW
09-22 11:52:29.187  2197  2197 D use-Rlog/RLOG-QC_RIL_OEM_HOOK: Oem ID in QCRILHOOK UNSOL RESP is QOEMHOOK
09-22 11:52:29.188  2197  2197 D PhoneSwitcher: handle event - 108
09-22 11:52:29.188  2197  2197 D SST[1]  : [1] EVENT_POLL_STATE_NETWORK_SELECTION_MODE
09-22 11:52:29.191  2197  2372 D RILJ    : [6496]> VOICE_REGISTRATION_STATE [SUB1]
09-22 11:52:29.194  2197  2288 D RILJ    : [6492]< VOICE_REGISTRATION_STATE {.regState = NOT_REG_MT_SEARCHING_OP_EM, .rat = 3, .cssSupported = false, .roamingIndicator = -1, .systemIsInPrl = -1, .defaultRoamingIndicator = -1, .reasonForDenial = 0, .cellIdentity = {...}} [SUB1]
09-22 11:52:29.195  2197  2435 D NetworkRegistrationManager: onGetNetworkRegistrationStateComplete result 0 state NetworkRegistrationState{transportType=1 domain=CS regState=NOT_REG_SEARCHING accessNetworkTechnology=UMTS reasonForDenial=0 emergencyEnabled=true supportedServices=[I@44d2d81 cellIdentity=CellIdentityWcdma:{ mMcc=460 mMnc=01 mAlphaLong=CHN-UNICOM mAlphaShort=UNICOM} voiceSpecificStates=VoiceSpecificRegistrationStates { mCssSupported=false mRoamingIndicator=-1 mSystemIsInPrl=-1 mDefaultRoamingIndicator=-1} dataSpecificStates=null}
09-22 11:52:29.198  2197  2288 D RILJ    : [6494]< DATA_REGISTRATION_STATE {.regState = NOT_REG_MT_NOT_SEARCHING_OP, .rat = 0, .reasonDataDenied = 0, .maxDataCalls = 20, .cellIdentity = {...}} [SUB1]
09-22 11:52:29.198  2197  2435 D NetworkRegistrationManager: onGetNetworkRegistrationStateComplete result 0 state NetworkRegistrationState{transportType=1 domain=PS regState=NOT_REG_NOT_SEARCHING accessNetworkTechnology=UNKNOWN reasonForDenial=0 emergencyEnabled=false supportedServices=null cellIdentity=null voiceSpecificStates=null dataSpecificStates=DataSpecificRegistrationStates { mMaxDataCalls=20}}
09-22 11:52:29.198  2197  2197 D SST[1]  : [1] Could not set ServiceState channel number. CellIdentity null
09-22 11:52:29.198  2197  2197 D SST[1]  : [1] handlPollStateResultMessage: GsmSST dataServiceState=1 regState=0 dataRadioTechnology=0
09-22 11:52:29.203  2197  2288 D RILJ    : [6496]< VOICE_REGISTRATION_STATE {.regState = NOT_REG_MT_SEARCHING_OP_EM, .rat = 3, .cssSupported = false, .roamingIndicator = -1, .systemIsInPrl = -1, .defaultRoamingIndicator = -1, .reasonForDenial = 0, .cellIdentity = {...}} [SUB1]
09-22 11:52:29.204  2197  2288 D RILJ    : [6495]< QUERY_NETWORK_SELECTION_MODE {0} [SUB1]
09-22 11:52:29.204  2197  2197 D SST[1]  : [1] EVENT_POLL_STATE_NETWORK_SELECTION_MODE
09-22 11:52:29.204  2197  2435 D NetworkRegistrationManager: onGetNetworkRegistrationStateComplete result 0 state NetworkRegistrationState{transportType=1 domain=CS regState=NOT_REG_SEARCHING accessNetworkTechnology=UMTS reasonForDenial=0 emergencyEnabled=true supportedServices=[I@b7fde26 cellIdentity=CellIdentityWcdma:{ mMcc=460 mMnc=01 mAlphaLong=CHN-UNICOM mAlphaShort=UNICOM} voiceSpecificStates=VoiceSpecificRegistrationStates { mCssSupported=false mRoamingIndicator=-1 mSystemIsInPrl=-1 mDefaultRoamingIndicator=-1} dataSpecificStates=null}
09-22 11:52:29.205  2197  2197 D SST[1]  : [1] handlPollVoiceRegResultMessage: regState=2 radioTechnology=3
09-22 11:52:29.208  2197  2197 D SST[1]  : [1] Poll ServiceState done:  oldSS=[{mVoiceRegState=1(OUT_OF_SERVICE), mDataRegState=1(OUT_OF_SERVICE), mChannelNumber=10763, duplexMode()=0, mCellBandwidths=[], mVoiceRoamingType=home, mDataRoamingType=home, mVoiceOperatorAlphaLong=, mVoiceOperatorAlphaShort=, mDataOperatorAlphaLong=, mDataOperatorAlphaShort=, isManualNetworkSelection=false(automatic), mRilVoiceRadioTechnology=3(UMTS), mRilDataRadioTechnology=0(Unknown), mCssIndicator=unsupported, mNetworkId=-1, mSystemId=-1, mCdmaRoamingIndicator=-1, mCdmaDefaultRoamingIndicator=-1, mIsEmergencyOnly=true, mIsDataRoamingFromRegistration=false, mIsUsingCarrierAggregation=false, mLteEarfcnRsrpBoost=0, mNetworkRegistrationStates=[NetworkRegistrationState{transportType=1 domain=CS regState=NOT_REG_SEARCHING accessNetworkTechnology=UMTS reasonForDenial=0 emergencyEnabled=true supportedServices=[I@8b1fc50 cellIdentity=CellIdentityWcdma:{ mMcc=460 mMnc=01 mAlphaLong=CHN-UNICOM mAlphaShort=UNICOM} voiceSpecificStates=VoiceSpecificRegistrationStates { mCssSupported=false mRoamingIndicator=-1 mSystemIsInPrl=-1 mDefaultRoamingIndicator=-1} dataSpecificStates=null}, NetworkRegistrationState{transportType=1 domain=PS regState=NOT_REG_NOT_SEARCHING accessNetworkTechnology=UNKNOWN reasonForDenial=0 emergencyEnabled=false supportedServices=null cellIdentity=null voiceSpecificStates=null dataSpecificStates=DataSpecificRegistrationStates { mMaxDataCalls=20}}]}] newSS=[{mVoiceRegState=1(OUT_OF_SERVICE), mDataRegState=1(OUT_OF_SERVICE), mChannelNumber=10763, duplexMode()=0, mCellBandwidths=[], mVoiceRoamingType=home, mDataRoamingType=home, mVoiceOperatorAlphaLong=, mVoiceOperatorAlphaShort=, mDataOperatorAlphaLong=, mDataOperatorAlphaShort=, isManualNetworkSelection=false(automatic), mRilVoiceRadioTechnology=3(UMTS), mRilDataRadioTechnology=0(Unknown), mCssIndicator=unsupported, mNetworkId=-1, mSystemId=-1, mCdmaRoamingIndicator=-1, mCdmaDefaultRoamingIndicator=-1, mIsEmergencyOnly=true, mIsDataRoamingFromRegistration=false, mIsUsingCarrierAggregation=false, mLteEarfcnRsrpBoost=0, mNetworkRegistrationStates=[NetworkRegistrationState{transportType=1 domain=PS regState=NOT_REG_NOT_SEARCHING accessNetworkTechnology=UNKNOWN reasonForDenial=0 emergencyEnabled=false supportedServices=null cellIdentity=null voiceSpecificStates=null dataSpecificStates=DataSpecificRegistrationStates { mMaxDataCalls=20}}, NetworkRegistrationState{transportType=1 domain=CS regState=NOT_REG_SEARCHING accessNetworkTechnology=UMTS reasonForDenial=0 emergencyEnabled=true supportedServices=[I@b7fde26 cellIdentity=CellIdentityWcdma:{ mMcc=460 mMnc=01 mAlphaLong=CHN-UNICOM mAlphaShort=UNICOM} voiceSpecificStates=VoiceSpecificRegistrationStates { mCssSupported=false mRoamingIndicator=-1 mSystemIsInPrl=-1 mDefaultRoamingIndicator=-1} dataSpecificStates=null}]}] oldMaxDataCalls=20 mNewMaxDataCalls=20 oldReasonDataDenied=0 mNewReasonDataDenied=0
09-22 11:52:29.208  2197  2197 D SST[1]  : [1] pollStateDone: hasRegistered=false hasDeregistered=false hasDataAttached=false hasDataDetached=false hasDataRegStateChanged=false hasRilVoiceRadioTechnologyChanged= false hasRilDataRadioTechnologyChanged=false hasChanged=false hasVoiceRoamingOn=false hasVoiceRoamingOff=false hasDataRoamingOn=false hasDataRoamingOff=false hasLocationChanged=false has4gHandoff = false hasMultiApnSupport=false hasLostMultiApnSupport=false hasCssIndicatorChanged=false
09-22 11:52:29.421   853  1020 E ThermalEngine: read_thermal_config
09-22 11:52:29.421   853  1020 D ThermalEngine: algo_monitor: Timer EVT
09-22 11:52:29.422   853  1020 I ThermalEngine: Sensor:sdm-therm:50661 mC
09-22 11:52:29.422   853  1020 D ThermalEngine: handle_timer_sig: SS Id SS-QUIET-THERM-GOLD3 Read sdm-therm 50661mC, Err -1661mC, SampleCnt 1
09-22 11:52:29.422   853  1020 D ThermalEngine: handle_timer_sig: SS Id SS-QUIET-THERM-GOLD3, E0 -1661mC, E1 -1588mC
09-22 11:52:29.422   853  1020 D ThermalEngine: Already at device mitigation max limit
09-22 11:52:29.425   853  1020 I ThermalEngine: Sensor:sdm-therm:50588 mC
09-22 11:52:29.425   853  1020 D ThermalEngine: handle_timer_sig: SS Id SS-QUIET-THERM-GOLD2 Read sdm-therm 50588mC, Err -3588mC, SampleCnt 1
09-22 11:52:29.425   853  1020 D ThermalEngine: handle_timer_sig: SS Id SS-QUIET-THERM-GOLD2, E0 -3588mC, E1 -3588mC
09-22 11:52:29.425   853  1020 D ThermalEngine: Already at device mitigation max limit
09-22 11:52:29.426   853  1020 I ThermalEngine: Sensor:sdm-therm:50588 mC
09-22 11:52:29.426   853  1020 D ThermalEngine: handle_timer_sig: SS Id SS-QUIET-THERM-GOLD Read sdm-therm 50588mC, Err -5588mC, SampleCnt 1
09-22 11:52:29.426   853  1020 D ThermalEngine: handle_timer_sig: SS Id SS-QUIET-THERM-GOLD, E0 -5588mC, E1 -5588mC
09-22 11:52:29.426   853  1020 D ThermalEngine: Already at device mitigation max limit
09-22 11:52:29.428   853  1020 I ThermalEngine: Sensor:sdm-therm:50588 mC
09-22 11:52:29.428   853  1020 D ThermalEngine: handle_timer_sig: SS Id SS-QUIET-THERM-SILVER3 Read sdm-therm 50588mC, Err -2588mC, SampleCnt 1
09-22 11:52:29.428   853  1020 D ThermalEngine: handle_timer_sig: SS Id SS-QUIET-THERM-SILVER3, E0 -2588mC, E1 -2588mC
09-22 11:52:29.428   853  1020 D ThermalEngine: Already at device mitigation max limit
09-22 11:52:29.429   853  1020 I ThermalEngine: Sensor:sdm-therm:50588 mC
09-22 11:52:29.429   853  1020 D ThermalEngine: handle_timer_sig: SS Id SS-QUIET-THERM-SILVER2 Read sdm-therm 50588mC, Err -4588mC, SampleCnt 1
09-22 11:52:29.429   853  1020 D ThermalEngine: handle_timer_sig: SS Id SS-QUIET-THERM-SILVER2, E0 -4588mC, E1 -4588mC
09-22 11:52:29.429   853  1020 D ThermalEngine: Already at device mitigation max limit
09-22 11:52:29.431   853  1020 I ThermalEngine: Sensor:sdm-therm:50588 mC
09-22 11:52:29.431   853  1020 D ThermalEngine: handle_timer_sig: SS Id SS-QUIET-THERM-SILVER Read sdm-therm 50588mC, Err -6588mC, SampleCnt 1
09-22 11:52:29.431   853  1020 D ThermalEngine: handle_timer_sig: SS Id SS-QUIET-THERM-SILVER, E0 -6588mC, E1 -6588mC
09-22 11:52:29.431   853  1020 D ThermalEngine: Already at device mitigation max limit
09-22 11:52:29.431   853  1020 I ThermalEngine: settimer: Start timer 2.000(sec)
09-22 11:52:29.431   853  1020 D ThermalEngine: algo_monitor: Wait for EV
09-22 11:52:30.286 31080 31080 D BoundBrokerSvc: onUnbind: Intent { act=com.google.android.gms.mdns.service.START dat=chimera-action: cmp=com.google.android.gms/.chimera.PersistentApiService }
09-22 11:52:26.841     0     0 E pm6150_charger: wdog_snarl_irq_handler: IRQ: wdog-snarl
09-22 11:52:26.841     0     0 E AWAKE   : SW_THERM_REGULATION_VOTER,0 voting on of val=1
09-22 11:52:26.841     0     0 E AWAKE   : effective vote is now 1 voted by SW_THERM_REGULATION_VOTER,0
09-22 11:52:26.846     0     0 E pm6150_charger: smblib_process_thermal_readings: Current temperatures: 	DIE_TEMP: 533,	CONN_TEMP: 333,	SMB_TEMP: -61,	SKIN_TEMP: 506
09-22 11:52:26.846     0     0 E THERMAL_STATUS: 4
09-22 11:52:26.846     0     0 E AWAKE   : SW_THERM_REGULATION_VOTER,0 voting off of val=0
09-22 11:52:26.846     0     0 E AWAKE   : effective vote is now 0 voted by SW_THERM_REGULATION_VOTER,0
09-22 11:52:31.432   853  1020 E ThermalEngine: read_thermal_config
09-22 11:52:31.432   853  1020 D ThermalEngine: algo_monitor: Timer EVT
09-22 11:52:31.433   853  1020 I ThermalEngine: Sensor:sdm-therm:50661 mC
09-22 11:52:31.433   853  1020 D ThermalEngine: handle_timer_sig: SS Id SS-QUIET-THERM-GOLD3 Read sdm-therm 50661mC, Err -1661mC, SampleCnt 1
09-22 11:52:31.433   853  1020 D ThermalEngine: handle_timer_sig: SS Id SS-QUIET-THERM-GOLD3, E0 -1661mC, E1 -1661mC
09-22 11:52:31.433   853  1020 D ThermalEngine: Already at device mitigation max limit
09-22 11:52:31.435   853  1020 I ThermalEngine: Sensor:sdm-therm:50661 mC
09-22 11:52:31.435   853  1020 D ThermalEngine: handle_timer_sig: SS Id SS-QUIET-THERM-GOLD2 Read sdm-therm 50661mC, Err -3661mC, SampleCnt 1
09-22 11:52:31.435   853  1020 D ThermalEngine: handle_timer_sig: SS Id SS-QUIET-THERM-GOLD2, E0 -3661mC, E1 -3588mC
09-22 11:52:31.435   853  1020 D ThermalEngine: Already at device mitigation max limit
09-22 11:52:31.436   853  1020 I ThermalEngine: Sensor:sdm-therm:50661 mC
09-22 11:52:31.436   853  1020 D ThermalEngine: handle_timer_sig: SS Id SS-QUIET-THERM-GOLD Read sdm-therm 50661mC, Err -5661mC, SampleCnt 1
09-22 11:52:31.436   853  1020 D ThermalEngine: handle_timer_sig: SS Id SS-QUIET-THERM-GOLD, E0 -5661mC, E1 -5588mC
09-22 11:52:31.436   853  1020 D ThermalEngine: Already at device mitigation max limit
09-22 11:52:31.437   853  1020 I ThermalEngine: Sensor:sdm-therm:50661 mC
09-22 11:52:31.437   853  1020 D ThermalEngine: handle_timer_sig: SS Id SS-QUIET-THERM-SILVER3 Read sdm-therm 50661mC, Err -2661mC, SampleCnt 1
09-22 11:52:31.437   853  1020 D ThermalEngine: handle_timer_sig: SS Id SS-QUIET-THERM-SILVER3, E0 -2661mC, E1 -2588mC
09-22 11:52:31.437   853  1020 D ThermalEngine: Already at device mitigation max limit
09-22 11:52:31.438   853  1020 I ThermalEngine: Sensor:sdm-therm:50661 mC
09-22 11:52:31.438   853  1020 D ThermalEngine: handle_timer_sig: SS Id SS-QUIET-THERM-SILVER2 Read sdm-therm 50661mC, Err -4661mC, SampleCnt 1
09-22 11:52:31.438   853  1020 D ThermalEngine: handle_timer_sig: SS Id SS-QUIET-THERM-SILVER2, E0 -4661mC, E1 -4588mC
09-22 11:52:31.438   853  1020 D ThermalEngine: Already at device mitigation max limit
09-22 11:52:31.440   853  1020 I ThermalEngine: Sensor:sdm-therm:50661 mC
09-22 11:52:31.440   853  1020 D ThermalEngine: handle_timer_sig: SS Id SS-QUIET-THERM-SILVER Read sdm-therm 50661mC, Err -6661mC, SampleCnt 1
09-22 11:52:31.440   853  1020 D ThermalEngine: handle_timer_sig: SS Id SS-QUIET-THERM-SILVER, E0 -6661mC, E1 -6588mC
09-22 11:52:31.440   853  1020 D ThermalEngine: Already at device mitigation max limit
09-22 11:52:31.440   853  1020 I ThermalEngine: settimer: Start timer 2.000(sec)
09-22 11:52:31.440   853  1020 D ThermalEngine: algo_monitor: Wait for EV
09-22 11:52:33.440   853  1020 E ThermalEngine: read_thermal_config
09-22 11:52:33.441   853  1020 D ThermalEngine: algo_monitor: Timer EVT
09-22 11:52:33.454   853  1020 I ThermalEngine: Sensor:sdm-therm:50661 mC
09-22 11:52:33.454   853  1020 D ThermalEngine: handle_timer_sig: SS Id SS-QUIET-THERM-GOLD3 Read sdm-therm 50661mC, Err -1661mC, SampleCnt 1
09-22 11:52:33.454   853  1020 D ThermalEngine: handle_timer_sig: SS Id SS-QUIET-THERM-GOLD3, E0 -1661mC, E1 -1661mC
09-22 11:52:33.454   853  1020 D ThermalEngine: Already at device mitigation max limit
09-22 11:52:33.455   853  1020 I ThermalEngine: Sensor:sdm-therm:50661 mC
09-22 11:52:33.455   853  1020 D ThermalEngine: handle_timer_sig: SS Id SS-QUIET-THERM-GOLD2 Read sdm-therm 50661mC, Err -3661mC, SampleCnt 1
09-22 11:52:33.455   853  1020 D ThermalEngine: handle_timer_sig: SS Id SS-QUIET-THERM-GOLD2, E0 -3661mC, E1 -3661mC
09-22 11:52:33.455   853  1020 D ThermalEngine: Already at device mitigation max limit
09-22 11:52:33.456   853  1020 I ThermalEngine: Sensor:sdm-therm:50661 mC
09-22 11:52:33.456   853  1020 D ThermalEngine: handle_timer_sig: SS Id SS-QUIET-THERM-GOLD Read sdm-therm 50661mC, Err -5661mC, SampleCnt 1
09-22 11:52:33.456   853  1020 D ThermalEngine: handle_timer_sig: SS Id SS-QUIET-THERM-GOLD, E0 -5661mC, E1 -5661mC
09-22 11:52:33.456   853  1020 D ThermalEngine: Already at device mitigation max limit
09-22 11:52:33.458   853  1020 I ThermalEngine: Sensor:sdm-therm:50661 mC
09-22 11:52:33.458   853  1020 D ThermalEngine: handle_timer_sig: SS Id SS-QUIET-THERM-SILVER3 Read sdm-therm 50661mC, Err -2661mC, SampleCnt 1
09-22 11:52:33.458   853  1020 D ThermalEngine: handle_timer_sig: SS Id SS-QUIET-THERM-SILVER3, E0 -2661mC, E1 -2661mC
09-22 11:52:33.458   853  1020 D ThermalEngine: Already at device mitigation max limit
09-22 11:52:33.459   853  1020 I ThermalEngine: Sensor:sdm-therm:50661 mC
09-22 11:52:33.459   853  1020 D ThermalEngine: handle_timer_sig: SS Id SS-QUIET-THERM-SILVER2 Read sdm-therm 50661mC, Err -4661mC, SampleCnt 1
09-22 11:52:33.459   853  1020 D ThermalEngine: handle_timer_sig: SS Id SS-QUIET-THERM-SILVER2, E0 -4661mC, E1 -4661mC
09-22 11:52:33.459   853  1020 D ThermalEngine: Already at device mitigation max limit
09-22 11:52:33.460   853  1020 I ThermalEngine: Sensor:sdm-therm:50661 mC
09-22 11:52:33.460   853  1020 D ThermalEngine: handle_timer_sig: SS Id SS-QUIET-THERM-SILVER Read sdm-therm 50661mC, Err -6661mC, SampleCnt 1
09-22 11:52:33.460   853  1020 D ThermalEngine: handle_timer_sig: SS Id SS-QUIET-THERM-SILVER, E0 -6661mC, E1 -6661mC
09-22 11:52:33.460   853  1020 D ThermalEngine: Already at device mitigation max limit
09-22 11:52:33.460   853  1020 I ThermalEngine: settimer: Start timer 2.000(sec)
09-22 11:52:33.460   853  1020 D ThermalEngine: algo_monitor: Wait for EV
09-22 11:52:30.101     0     0 E pm6150_charger: default_irq_handler: IRQ: aicl-done
09-22 11:52:34.247  2317  2341 I QcrilOemhookMsgTunnel: [1]processOemHookIndication length=21
09-22 11:52:34.247  2317  2317 D QcrilMsgTunnelIfaceManager: handleMessage what = 0
