09-22 11:52:13.243  2197  2435 D NetworkRegistrationManager: onGetNetworkRegistrationStateComplete result 0 state NetworkRegistrationState{transportType=1 domain=CS regState=NOT_REG_SEARCHING accessNetworkTechnology=UMTS reasonForDenial=0 emergencyEnabled=true supportedServices=[I@81e84c6 cellIdentity=CellIdentityWcdma:{ mMcc=460 mMnc=01 mAlphaLong=CHN-UNICOM mAlphaShort=UNICOM} voiceSpecificStates=VoiceSpecificRegistrationStates { mCssSupported=false mRoamingIndicator=-1 mSystemIsInPrl=-1 mDefaultRoamingIndicator=-1} dataSpecificStates=null}
09-22 11:52:13.247  2197  2288 D RILJ    : [6464]< QUERY_NETWORK_SELECTION_MODE {0} [SUB1]
09-22 11:52:13.247  2197  2197 D SST[1]  : [1] EVENT_POLL_STATE_NETWORK_SELECTION_MODE
09-22 11:52:13.249  2197  2288 D RILJ    : [6465]< DATA_REGISTRATION_STATE {.regState = NOT_REG_MT_NOT_SEARCHING_OP, .rat = 0, .reasonDataDenied = 0, .maxDataCalls = 20, .cellIdentity = {...}} [SUB1]
09-22 11:52:13.249  2197  2435 D NetworkRegistrationManager: onGetNetworkRegistrationStateComplete result 0 state NetworkRegistrationState{transportType=1 domain=PS regState=NOT_REG_NOT_SEARCHING accessNetworkTechnology=UNKNOWN reasonForDenial=0 emergencyEnabled=false supportedServices=null cellIdentity=null voiceSpecificStates=null dataSpecificStates=DataSpecificRegistrationStates { mMaxDataCalls=20}}
09-22 11:52:13.250  2197  2197 D SST[1]  : [1] Could not set ServiceState channel number. CellIdentity null
09-22 11:52:13.250  2197  2197 D SST[1]  : [1] handlPollStateResultMessage: GsmSST dataServiceState=1 regState=0 dataRadioTechnology=0
09-22 11:52:13.258  2197  2288 D RILJ    : [6466]< VOICE_REGISTRATION_STATE {.regState = NOT_REG_MT_SEARCHING_OP_EM, .rat = 3, .cssSupported = false, .roamingIndicator = -1, .systemIsInPrl = -1, .defaultRoamingIndicator = -1, .reasonForDenial = 0, .cellIdentity = {...}} [SUB1]
09-22 11:52:13.259  2197  2435 D NetworkRegistrationManager: onGetNetworkRegistrationStateComplete result 0 state NetworkRegistrationState{transportType=1 domain=CS regState=NOT_REG_SEARCHING accessNetworkTechnology=UMTS reasonForDenial=0 emergencyEnabled=true supportedServices=[I@8970c87 cellIdentity=CellIdentityWcdma:{ mMcc=460 mMnc=01 mAlphaLong=CHN-UNICOM mAlphaShort=UNICOM} voiceSpecificStates=VoiceSpecificRegistrationStates { mCssSupported=false mRoamingIndicator=-1 mSystemIsInPrl=-1 mDefaultRoamingIndicator=-1} dataSpecificStates=null}
09-22 11:52:13.259  2197  2197 D SST[1]  : [1] handlPollVoiceRegResultMessage: regState=2 radioTechnology=3
09-22 11:52:13.262  2197  2197 D SST[1]  : [1] Poll ServiceState done:  oldSS=[{mVoiceRegState=1(OUT_OF_SERVICE), mDataRegState=1(OUT_OF_SERVICE), mChannelNumber=10763, duplexMode()=0, mCellBandwidths=[], mVoiceRoamingType=home, mDataRoamingType=home, mVoiceOperatorAlphaLong=, mVoiceOperatorAlphaShort=, mDataOperatorAlphaLong=, mDataOperatorAlphaShort=, isManualNetworkSelection=false(automatic), mRilVoiceRadioTechnology=3(UMTS), mRilDataRadioTechnology=0(Unknown), mCssIndicator=unsupported, mNetworkId=-1, mSystemId=-1, mCdmaRoamingIndicator=-1, mCdmaDefaultRoamingIndicator=-1, mIsEmergencyOnly=true, mIsDataRoamingFromRegistration=false, mIsUsingCarrierAggregation=false, mLteEarfcnRsrpBoost=0, mNetworkRegistrationStates=[NetworkRegistrationState{transportType=1 domain=PS regState=NOT_REG_NOT_SEARCHING accessNetworkTechnology=UNKNOWN reasonForDenial=0 emergencyEnabled=false supportedServices=null cellIdentity=null voiceSpecificStates=null dataSpecificStates=DataSpecificRegistrationStates { mMaxDataCalls=20}}, NetworkRegistrationState{transportType=1 domain=CS regState=NOT_REG_SEARCHING accessNetworkTechnology=UMTS reasonForDenial=0 emergencyEnabled=true supportedServices=[I@df9769 cellIdentity=CellIdentityWcdma:{ mMcc=460 mMnc=01 mAlphaLong=CHN-UNICOM mAlphaShort=UNICOM} voiceSpecificStates=VoiceSpecificRegistrationStates { mCssSupported=false mRoamingIndicator=-1 mSystemIsInPrl=-1 mDefaultRoamingIndicator=-1} dataSpecificStates=null}]}] newSS=[{mVoiceRegState=1(OUT_OF_SERVICE), mDataRegState=1(OUT_OF_SERVICE), mChannelNumber=10763, duplexMode()=0, mCellBandwidths=[], mVoiceRoamingType=home, mDataRoamingType=home, mVoiceOperatorAlphaLong=, mVoiceOperatorAlphaShort=, mDataOperatorAlphaLong=, mDataOperatorAlphaShort=, isManualNetworkSelection=false(automatic), mRilVoiceRadioTechnology=3(UMTS), mRilDataRadioTechnology=0(Unknown), mCssIndicator=unsupported, mNetworkId=-1, mSystemId=-1, mCdmaRoamingIndicator=-1, mCdmaDefaultRoamingIndicator=-1, mIsEmergencyOnly=true, mIsDataRoamingFromRegistration=false, mIsUsingCarrierAggregation=false, mLteEarfcnRsrpBoost=0, mNetworkRegistrationStates=[NetworkRegistrationState{transportType=1 domain=PS regState=NOT_REG_NOT_SEARCHING accessNetworkTechnology=UNKNOWN reasonForDenial=0 emergencyEnabled=false supportedServices=null cellIdentity=null voiceSpecificStates=null dataSpecificStates=DataSpecificRegistrationStates { mMaxDataCalls=20}}, NetworkRegistrationState{transportType=1 domain=CS regState=NOT_REG_SEARCHING accessNetworkTechnology=UMTS reasonForDenial=0 emergencyEnabled=true supportedServices=[I@8970c87 cellIdentity=CellIdentityWcdma:{ mMcc=460 mMnc=01 mAlphaLong=CHN-UNICOM mAlphaShort=UNICOM} voiceSpecificStates=VoiceSpecificRegistrationStates { mCssSupported=false mRoamingIndicator=-1 mSystemIsInPrl=-1 mDefaultRoamingIndicator=-1} dataSpecificStates=null}]}] oldMaxDataCalls=20 mNewMaxDataCalls=20 oldReasonDataDenied=0 mNewReasonDataDenied=0
09-22 11:52:13.263  2197  2197 D SST[1]  : [1] pollStateDone: hasRegistered=false hasDeregistered=false hasDataAttached=false hasDataDetached=false hasDataRegStateChanged=false hasRilVoiceRadioTechnologyChanged= false hasRilDataRadioTechnologyChanged=false hasChanged=false hasVoiceRoamingOn=false hasVoiceRoamingOff=false hasDataRoamingOn=false hasDataRoamingOff=false hasLocationChanged=false has4gHandoff = false hasMultiApnSupport=false hasLostMultiApnSupport=false hasCssIndicatorChanged=false
09-22 11:52:13.333   853  1020 E ThermalEngine: read_thermal_config
09-22 11:52:13.333   853  1020 D ThermalEngine: algo_monitor: Timer EVT
09-22 11:52:13.334   853  1020 I ThermalEngine: Sensor:sdm-therm:50441 mC
09-22 11:52:13.334   853  1020 D ThermalEngine: handle_timer_sig: SS Id SS-QUIET-THERM-GOLD3 Read sdm-therm 50441mC, Err -1441mC, SampleCnt 1
09-22 11:52:13.334   853  1020 D ThermalEngine: handle_timer_sig: SS Id SS-QUIET-THERM-GOLD3, E0 -1441mC, E1 -1441mC
09-22 11:52:13.334   853  1020 D ThermalEngine: Already at device mitigation max limit
09-22 11:52:13.335   853  1020 I ThermalEngine: Sensor:sdm-therm:50441 mC
09-22 11:52:13.335   853  1020 D ThermalEngine: handle_timer_sig: SS Id SS-QUIET-THERM-GOLD2 Read sdm-therm 50441mC, Err -3441mC, SampleCnt 1
09-22 11:52:13.335   853  1020 D ThermalEngine: handle_timer_sig: SS Id SS-QUIET-THERM-GOLD2, E0 -3441mC, E1 -3441mC
09-22 11:52:13.335   853  1020 D ThermalEngine: Already at device mitigation max limit
09-22 11:52:13.337   853  1020 I ThermalEngine: Sensor:sdm-therm:50441 mC
09-22 11:52:13.337   853  1020 D ThermalEngine: handle_timer_sig: SS Id SS-QUIET-THERM-GOLD Read sdm-therm 50441mC, Err -5441mC, SampleCnt 1
09-22 11:52:13.337   853  1020 D ThermalEngine: handle_timer_sig: SS Id SS-QUIET-THERM-GOLD, E0 -5441mC, E1 -5441mC
09-22 11:52:13.337   853  1020 D ThermalEngine: Already at device mitigation max limit
09-22 11:52:13.338   853  1020 I ThermalEngine: Sensor:sdm-therm:50441 mC
09-22 11:52:13.338   853  1020 D ThermalEngine: handle_timer_sig: SS Id SS-QUIET-THERM-SILVER3 Read sdm-therm 50441mC, Err -2441mC, SampleCnt 1
09-22 11:52:13.338   853  1020 D ThermalEngine: handle_timer_sig: SS Id SS-QUIET-THERM-SILVER3, E0 -2441mC, E1 -2441mC
09-22 11:52:13.338   853  1020 D ThermalEngine: Already at device mitigation max limit
09-22 11:52:13.339   853  1020 I ThermalEngine: Sensor:sdm-therm:50441 mC
09-22 11:52:13.339   853  1020 D ThermalEngine: handle_timer_sig: SS Id SS-QUIET-THERM-SILVER2 Read sdm-therm 50441mC, Err -4441mC, SampleCnt 1
09-22 11:52:13.339   853  1020 D ThermalEngine: handle_timer_sig: SS Id SS-QUIET-THERM-SILVER2, E0 -4441mC, E1 -4441mC
09-22 11:52:13.339   853  1020 D ThermalEngine: Already at device mitigation max limit
09-22 11:52:13.341   853  1020 I ThermalEngine: Sensor:sdm-therm:50441 mC
09-22 11:52:13.341   853  1020 D ThermalEngine: handle_timer_sig: SS Id SS-QUIET-THERM-SILVER Read sdm-therm 50441mC, Err -6441mC, SampleCnt 1
09-22 11:52:13.341   853  1020 D ThermalEngine: handle_timer_sig: SS Id SS-QUIET-THERM-SILVER, E0 -6441mC, E1 -6441mC
09-22 11:52:13.341   853  1020 D ThermalEngine: Already at device mitigation max limit
09-22 11:52:13.341   853  1020 I ThermalEngine: settimer: Start timer 2.000(sec)
09-22 11:52:13.341   853  1020 D ThermalEngine: algo_monitor: Wait for EV
09-22 11:52:13.964  1589  1642 D CompatibilityInfo: mCompatibilityFlags - 0
09-22 11:52:13.964  1589  1642 D CompatibilityInfo: applicationDensity - 440
09-22 11:52:13.964  1589  1642 D CompatibilityInfo: applicationScale - 1.0
09-22 11:52:10.542     0     0 E pm6150_charger: wdog_snarl_irq_handler: IRQ: wdog-snarl
09-22 11:52:10.542     0     0 E AWAKE   : SW_THERM_REGULATION_VOTER,0 voting on of val=1
09-22 11:52:10.542     0     0 E AWAKE   : effective vote is now 1 voted by SW_THERM_REGULATION_VOTER,0
09-22 11:52:10.545     0     0 E pm6150_charger: smblib_process_thermal_readings: Current temperatures: 	DIE_TEMP: 532,	CONN_TEMP: 332,	SMB_TEMP: -61,	SKIN_TEMP: 504
09-22 11:52:10.545     0     0 E THERMAL_STATUS: 4
09-22 11:52:10.545     0     0 E AWAKE   : SW_THERM_REGULATION_VOTER,0 voting off of val=0
09-22 11:52:10.545     0     0 E AWAKE   : effective vote is now 0 voted by SW_THERM_REGULATION_VOTER,0
09-22 11:52:10.755     0     0 I         : smblib_get_prop_usb_present stat 16
09-22 11:52:10.755     0     0 E pm6150_charger: smblib_get_charge_param: aicl icl status = 500000 (0x0a)
09-22 11:52:15.117 31080 31080 D BoundBrokerSvc: onUnbind: Intent { act=com.google.android.gms.mdns.service.START dat=chimera-action: cmp=com.google.android.gms/.chimera.PersistentApiService }
09-22 11:52:15.130  1589  3371 D CompatibilityInfo: mCompatibilityFlags - 0
09-22 11:52:15.130  1589  3371 D CompatibilityInfo: applicationDensity - 440
09-22 11:52:15.130  1589  3371 D CompatibilityInfo: applicationScale - 1.0
09-22 11:52:15.134 31080 31080 D BoundBrokerSvc: onBind: Intent { act=com.google.android.gms.mdns.service.START dat=chimera-action: cmp=com.google.android.gms/.chimera.PersistentApiService }
09-22 11:52:15.134 31080 31080 D BoundBrokerSvc: Loading bound service for intent: Intent { act=com.google.android.gms.mdns.service.START dat=chimera-action: cmp=com.google.android.gms/.chimera.PersistentApiService }
09-22 11:52:15.341   853  1020 E ThermalEngine: read_thermal_config
09-22 11:52:15.341   853  1020 D ThermalEngine: algo_monitor: Timer EVT
09-22 11:52:15.343   853  1020 I ThermalEngine: Sensor:sdm-therm:50441 mC
09-22 11:52:15.343   853  1020 D ThermalEngine: handle_timer_sig: SS Id SS-QUIET-THERM-GOLD3 Read sdm-therm 50441mC, Err -1441mC, SampleCnt 1
09-22 11:52:15.343   853  1020 D ThermalEngine: handle_timer_sig: SS Id SS-QUIET-THERM-GOLD3, E0 -1441mC, E1 -1441mC
09-22 11:52:15.343   853  1020 D ThermalEngine: Already at device mitigation max limit
09-22 11:52:15.344   853  1020 I ThermalEngine: Sensor:sdm-therm:50441 mC
09-22 11:52:15.344   853  1020 D ThermalEngine: handle_timer_sig: SS Id SS-QUIET-THERM-GOLD2 Read sdm-therm 50441mC, Err -3441mC, SampleCnt 1
09-22 11:52:15.344   853  1020 D ThermalEngine: handle_timer_sig: SS Id SS-QUIET-THERM-GOLD2, E0 -3441mC, E1 -3441mC
09-22 11:52:15.344   853  1020 D ThermalEngine: Already at device mitigation max limit
09-22 11:52:15.357   853  1020 I ThermalEngine: Sensor:sdm-therm:50441 mC
09-22 11:52:15.357   853  1020 D ThermalEngine: handle_timer_sig: SS Id SS-QUIET-THERM-GOLD Read sdm-therm 50441mC, Err -5441mC, SampleCnt 1
09-22 11:52:15.357   853  1020 D ThermalEngine: handle_timer_sig: SS Id SS-QUIET-THERM-GOLD, E0 -5441mC, E1 -5441mC
09-22 11:52:15.357   853  1020 D ThermalEngine: Already at device mitigation max limit
09-22 11:52:15.358   853  1020 I ThermalEngine: Sensor:sdm-therm:50441 mC
09-22 11:52:15.358   853  1020 D ThermalEngine: handle_timer_sig: SS Id SS-QUIET-THERM-SILVER3 Read sdm-therm 50441mC, Err -2441mC, SampleCnt 1
09-22 11:52:15.358   853  1020 D ThermalEngine: handle_timer_sig: SS Id SS-QUIET-THERM-SILVER3, E0 -2441mC, E1 -2441mC
09-22 11:52:15.358   853  1020 D ThermalEngine: Already at device mitigation max limit
09-22 11:52:15.360   853  1020 I ThermalEngine: Sensor:sdm-therm:50441 mC
09-22 11:52:15.360   853  1020 D ThermalEngine: handle_timer_sig: SS Id SS-QUIET-THERM-SILVER2 Read sdm-therm 50441mC, Err -4441mC, SampleCnt 1
09-22 11:52:15.360   853  1020 D ThermalEngine: handle_timer_sig: SS Id SS-QUIET-THERM-SILVER2, E0 -4441mC, E1 -4441mC
09-22 11:52:15.360   853  1020 D ThermalEngine: Already at device mitigation max limit
09-22 11:52:15.361   853  1020 I ThermalEngine: Sensor:sdm-therm:50441 mC
09-22 11:52:15.361   853  1020 D ThermalEngine: handle_timer_sig: SS Id SS-QUIET-THERM-SILVER Read sdm-therm 50441mC, Err -6441mC, SampleCnt 1
09-22 11:52:15.361   853  1020 D ThermalEngine: handle_timer_sig: SS Id SS-QUIET-THERM-SILVER, E0 -6441mC, E1 -6441mC
09-22 11:52:15.361   853  1020 D ThermalEngine: Already at device mitigation max limit
09-22 11:52:15.361   853  1020 I ThermalEngine: settimer: Start timer 2.000(sec)
09-22 11:52:15.361   853  1020 D ThermalEngine: algo_monitor: Wait for EV
09-22 11:52:17.362   853  1020 E ThermalEngine: read_thermal_config
09-22 11:52:17.362   853  1020 D ThermalEngine: algo_monitor: Timer EVT
09-22 11:52:17.364   853  1020 I ThermalEngine: Sensor:sdm-therm:50441 mC
09-22 11:52:17.364   853  1020 D ThermalEngine: handle_timer_sig: SS Id SS-QUIET-THERM-GOLD3 Read sdm-therm 50441mC, Err -1441mC, SampleCnt 1
09-22 11:52:17.364   853  1020 D ThermalEngine: handle_timer_sig: SS Id SS-QUIET-THERM-GOLD3, E0 -1441mC, E1 -1441mC
09-22 11:52:17.364   853  1020 D ThermalEngine: Already at device mitigation max limit
09-22 11:52:17.365   853  1020 I ThermalEngine: Sensor:sdm-therm:50441 mC
09-22 11:52:17.365   853  1020 D ThermalEngine: handle_timer_sig: SS Id SS-QUIET-THERM-GOLD2 Read sdm-therm 50441mC, Err -3441mC, SampleCnt 1
09-22 11:52:17.365   853  1020 D ThermalEngine: handle_timer_sig: SS Id SS-QUIET-THERM-GOLD2, E0 -3441mC, E1 -3441mC
09-22 11:52:17.365   853  1020 D ThermalEngine: Already at device mitigation max limit
09-22 11:52:17.366   853  1020 I ThermalEngine: Sensor:sdm-therm:50441 mC
09-22 11:52:17.366   853  1020 D ThermalEngine: handle_timer_sig: SS Id SS-QUIET-THERM-GOLD Read sdm-therm 50441mC, Err -5441mC, SampleCnt 1
09-22 11:52:17.366   853  1020 D ThermalEngine: handle_timer_sig: SS Id SS-QUIET-THERM-GOLD, E0 -5441mC, E1 -5441mC
09-22 11:52:17.366   853  1020 D ThermalEngine: Already at device mitigation max limit
09-22 11:52:17.367   853  1020 I ThermalEngine: Sensor:sdm-therm:50441 mC
09-22 11:52:17.368   853  1020 D ThermalEngine: handle_timer_sig: SS Id SS-QUIET-THERM-SILVER3 Read sdm-therm 50441mC, Err -2441mC, SampleCnt 1
09-22 11:52:17.368   853  1020 D ThermalEngine: handle_timer_sig: SS Id SS-QUIET-THERM-SILVER3, E0 -2441mC, E1 -2441mC
09-22 11:52:17.368   853  1020 D ThermalEngine: Already at device mitigation max limit
09-22 11:52:17.369   853  1020 I ThermalEngine: Sensor:sdm-therm:50441 mC
09-22 11:52:17.369   853  1020 D ThermalEngine: handle_timer_sig: SS Id SS-QUIET-THERM-SILVER2 Read sdm-therm 50441mC, Err -4441mC, SampleCnt 1
09-22 11:52:17.369   853  1020 D ThermalEngine: handle_timer_sig: SS Id SS-QUIET-THERM-SILVER2, E0 -4441mC, E1 -4441mC
09-22 11:52:17.369   853  1020 D ThermalEngine: Already at device mitigation max limit
09-22 11:52:17.370   853  1020 I ThermalEngine: Sensor:sdm-therm:50441 mC
09-22 11:52:17.370   853  1020 D ThermalEngine: handle_timer_sig: SS Id SS-QUIET-THERM-SILVER Read sdm-therm 50441mC, Err -6441mC, SampleCnt 1
09-22 11:52:17.370   853  1020 D ThermalEngine: handle_timer_sig: SS Id SS-QUIET-THERM-SILVER, E0 -6441mC, E1 -6441mC
09-22 11:52:17.370   853  1020 D ThermalEngine: Already at device mitigation max limit
09-22 11:52:17.370   853  1020 I ThermalEngine: settimer: Start timer 2.000(sec)
09-22 11:52:17.370   853  1020 D ThermalEngine: algo_monitor: Wait for EV
09-22 11:52:18.315  2317  2341 I QcrilOemhookMsgTunnel: [1]processOemHookIndication length=21
09-22 11:52:18.315  2317  2317 D QcrilMsgTunnelIfaceManager: handleMessage what = 0
09-22 11:52:18.318  2197  2197 D use-Rlog/RLOG-QC_RIL_OEM_HOOK: Received Broadcast Intent ACTION_UNSOL_RESPONSE_OEM_HOOK_RAW
09-22 11:52:18.318  2197  2197 D use-Rlog/RLOG-QC_RIL_OEM_HOOK: Oem ID in QCRILHOOK UNSOL RESP is QOEMHOOK
09-22 11:52:18.319  2197  2197 D use-Rlog/RLOG-QC_RIL_OEM_HOOK: Received Broadcast Intent ACTION_UNSOL_RESPONSE_OEM_HOOK_RAW
09-22 11:52:18.319  2197  2197 D use-Rlog/RLOG-QC_RIL_OEM_HOOK: Oem ID in QCRILHOOK UNSOL RESP is QOEMHOOK
09-22 11:52:18.319  2197  2197 E use-Rlog/RLOG-QC_RIL_OEM_HOOK: QcRilOemHook notifyRegistrants Failed
09-22 11:52:18.319  2197  2197 D PhoneSwitcher: handle event - 108
09-22 11:52:18.321  2178  2178 D use-Rlog/RLOG-QC_RIL_OEM_HOOK: Received Broadcast Intent ACTION_UNSOL_RESPONSE_OEM_HOOK_RAW
09-22 11:52:18.321  2178  2178 D use-Rlog/RLOG-QC_RIL_OEM_HOOK: Oem ID in QCRILHOOK UNSOL RESP is QOEMHOOK
09-22 11:52:18.322  2197  2288 D RILJ    : Unsol response received; Sending ack to ril.cpp [SUB1]
09-22 11:52:18.322  2197  2288 D RILJ    : [UNSL]< UNSOL_RESPONSE_NETWORK_STATE_CHANGED [SUB1]
09-22 11:52:18.323  2197  2372 D NetworkRegistrationManager: onNetworkStateChanged
09-22 11:52:18.323  2197  2197 D use-Rlog/RLOG-QC_RIL_OEM_HOOK: Received Broadcast Intent ACTION_UNSOL_RESPONSE_OEM_HOOK_RAW
09-22 11:52:18.323  2197  2197 D use-Rlog/RLOG-QC_RIL_OEM_HOOK: Oem ID in QCRILHOOK UNSOL RESP is QOEMHOOK
09-22 11:52:18.323  2197  2197 D use-Rlog/RLOG-QC_RIL_OEM_HOOK: Received Broadcast Intent ACTION_UNSOL_RESPONSE_OEM_HOOK_RAW
09-22 11:52:18.323  2197  2197 D use-Rlog/RLOG-QC_RIL_OEM_HOOK: Oem ID in QCRILHOOK UNSOL RESP is QOEMHOOK
09-22 11:52:18.323  2197  2197 D SST[1]  : [1] pollState: modemTriggered=true
09-22 11:52:18.325  2197  2197 D RILJ    : [6468]> OPERATOR [SUB1]
09-22 11:52:18.325  2197  2197 D NetworkRegistrationManager: getNetworkRegistrationState domain 2
09-22 11:52:18.327  2197  2372 D RILJ    : [6469]> DATA_REGISTRATION_STATE [SUB1]
09-22 11:52:18.328  2197  2197 D NetworkRegistrationManager: getNetworkRegistrationState domain 1
09-22 11:52:18.331  2317  2341 I QcrilOemhookMsgTunnel: [1]processOemHookIndication length=21
09-22 11:52:18.332  2317  2317 D QcrilMsgTunnelIfaceManager: handleMessage what = 0
09-22 11:52:18.333  2197  2288 D RILJ    : Unsol response received; Sending ack to ril.cpp [SUB1]
09-22 11:52:18.334  2197  2288 D RILJ    : [UNSL]< UNSOL_RESPONSE_NETWORK_STATE_CHANGED [SUB1]
09-22 11:52:18.337  2178  2178 D use-Rlog/RLOG-QC_RIL_OEM_HOOK: Received Broadcast Intent ACTION_UNSOL_RESPONSE_OEM_HOOK_RAW
09-22 11:52:18.337  2178  2178 D use-Rlog/RLOG-QC_RIL_OEM_HOOK: Oem ID in QCRILHOOK UNSOL RESP is QOEMHOOK
09-22 11:52:18.338  2197  2288 D RILJ    : [6468]< OPERATOR {, , } [SUB1]
09-22 11:52:18.342  2197  2197 D RILJ    : [6471]> QUERY_NETWORK_SELECTION_MODE [SUB1]
09-22 11:52:18.343  2197  2197 D use-Rlog/RLOG-QC_RIL_OEM_HOOK: Received Broadcast Intent ACTION_UNSOL_RESPONSE_OEM_HOOK_RAW
09-22 11:52:18.343  2197  2197 D use-Rlog/RLOG-QC_RIL_OEM_HOOK: Oem ID in QCRILHOOK UNSOL RESP is QOEMHOOK
09-22 11:52:18.343  2197  2197 D use-Rlog/RLOG-QC_RIL_OEM_HOOK: Received Broadcast Intent ACTION_UNSOL_RESPONSE_OEM_HOOK_RAW
09-22 11:52:18.343  2197  2197 D use-Rlog/RLOG-QC_RIL_OEM_HOOK: Oem ID in QCRILHOOK UNSOL RESP is QOEMHOOK
09-22 11:52:18.343  2197  2197 E use-Rlog/RLOG-QC_RIL_OEM_HOOK: QcRilOemHook notifyRegistrants Failed
09-22 11:52:18.343  2197  2197 D use-Rlog/RLOG-QC_RIL_OEM_HOOK: Received Broadcast Intent ACTION_UNSOL_RESPONSE_OEM_HOOK_RAW
09-22 11:52:18.343  2197  2197 D use-Rlog/RLOG-QC_RIL_OEM_HOOK: Oem ID in QCRILHOOK UNSOL RESP is QOEMHOOK
09-22 11:52:18.343  2197  2197 D use-Rlog/RLOG-QC_RIL_OEM_HOOK: Received Broadcast Intent ACTION_UNSOL_RESPONSE_OEM_HOOK_RAW
09-22 11:52:18.343  2197  2197 D use-Rlog/RLOG-QC_RIL_OEM_HOOK: Oem ID in QCRILHOOK UNSOL RESP is QOEMHOOK
09-22 11:52:18.344  2197  2197 D PhoneSwitcher: handle event - 108
09-22 11:52:18.344  2197  2372 D RILJ    : [6472]> VOICE_REGISTRATION_STATE [SUB1]
09-22 11:52:18.344  2197  2372 D NetworkRegistrationManager: onNetworkStateChanged
09-22 11:52:18.345  2197  2288 D RILJ    : [6469]< DATA_REGISTRATION_STATE {.regState = NOT_REG_MT_NOT_SEARCHING_OP, .rat = 0, .reasonDataDenied = 0, .maxDataCalls = 20, .cellIdentity = {...}} [SUB1]
09-22 11:52:18.345  2197  2435 D NetworkRegistrationManager: onGetNetworkRegistrationStateComplete result 0 state NetworkRegistrationState{transportType=1 domain=PS regState=NOT_REG_NOT_SEARCHING accessNetworkTechnology=UNKNOWN reasonForDenial=0 emergencyEnabled=false supportedServices=null cellIdentity=null voiceSpecificStates=null dataSpecificStates=DataSpecificRegistrationStates { mMaxDataCalls=20}}
09-22 11:52:18.348  2197  2197 D SST[1]  : [1] pollState: modemTriggered=true
09-22 11:52:18.350  2197  2197 D RILJ    : [6473]> OPERATOR [SUB1]
09-22 11:52:18.350  2197  2197 D NetworkRegistrationManager: getNetworkRegistrationState domain 2
09-22 11:52:18.350  2197  2288 D RILJ    : [6471]< QUERY_NETWORK_SELECTION_MODE {0} [SUB1]
09-22 11:52:18.350  2197  2197 D NetworkRegistrationManager: getNetworkRegistrationState domain 1
09-22 11:52:18.351  2197  2197 D RILJ    : [6474]> QUERY_NETWORK_SELECTION_MODE [SUB1]
09-22 11:52:18.351  2197  2197 D SST[1]  : [1] EVENT_POLL_STATE_NETWORK_SELECTION_MODE
09-22 11:52:18.353  2197  2372 D RILJ    : [6475]> DATA_REGISTRATION_STATE [SUB1]
09-22 11:52:18.354  2197  2372 D RILJ    : [6476]> VOICE_REGISTRATION_STATE [SUB1]
09-22 11:52:18.358  2197  2288 D RILJ    : [6472]< VOICE_REGISTRATION_STATE {.regState = NOT_REG_MT_SEARCHING_OP_EM, .rat = 3, .cssSupported = false, .roamingIndicator = -1, .systemIsInPrl = -1, .defaultRoamingIndicator = -1, .reasonForDenial = 0, .cellIdentity = {...}} [SUB1]
09-22 11:52:18.358  2197  2435 D NetworkRegistrationManager: onGetNetworkRegistrationStateComplete result 0 state NetworkRegistrationState{transportType=1 domain=CS regState=NOT_REG_SEARCHING accessNetworkTechnology=UMTS reasonForDenial=0 emergencyEnabled=true supportedServices=[I@80dbd95 cellIdentity=CellIdentityWcdma:{ mMcc=460 mMnc=01 mAlphaLong=CHN-UNICOM mAlphaShort=UNICOM} voiceSpecificStates=VoiceSpecificRegistrationStates { mCssSupported=false mRoamingIndicator=-1 mSystemIsInPrl=-1 mDefaultRoamingIndicator=-1} dataSpecificStates=null}
09-22 11:52:18.359  2197  2288 D RILJ    : [6476]< VOICE_REGISTRATION_STATE {.regState = NOT_REG_MT_SEARCHING_OP_EM, .rat = 3, .cssSupported = false, .roamingIndicator = -1, .systemIsInPrl = -1, .defaultRoamingIndicator = -1, .reasonForDenial = 0, .cellIdentity = {...}} [SUB1]
09-22 11:52:18.360  2197  2435 D NetworkRegistrationManager: onGetNetworkRegistrationStateComplete result 0 state NetworkRegistrationState{transportType=1 domain=CS regState=NOT_REG_SEARCHING accessNetworkTechnology=UMTS reasonForDenial=0 emergencyEnabled=true supportedServices=[I@3db4eaa cellIdentity=CellIdentityWcdma:{ mMcc=460 mMnc=01 mAlphaLong=CHN-UNICOM mAlphaShort=UNICOM} voiceSpecificStates=VoiceSpecificRegistrationStates { mCssSupported=false mRoamingIndicator=-1 mSystemIsInPrl=-1 mDefaultRoamingIndicator=-1} dataSpecificStates=null}
09-22 11:52:18.360  2197  2197 D SST[1]  : [1] handlPollVoiceRegResultMessage: regState=2 radioTechnology=3
09-22 11:52:18.360  2197  2288 D RILJ    : [6473]< OPERATOR {, , } [SUB1]
09-22 11:52:18.362  2197  2288 D RILJ    : [6475]< DATA_REGISTRATION_STATE {.regState = NOT_REG_MT_NOT_SEARCHING_OP, .rat = 0, .reasonDataDenied = 0, .maxDataCalls = 20, .cellIdentity = {...}} [SUB1]
09-22 11:52:18.363  2197  2435 D NetworkRegistrationManager: onGetNetworkRegistrationStateComplete result 0 state NetworkRegistrationState{transportType=1 domain=PS regState=NOT_REG_NOT_SEARCHING accessNetworkTechnology=UNKNOWN reasonForDenial=0 emergencyEnabled=false supportedServices=null cellIdentity=null voiceSpecificStates=null dataSpecificStates=DataSpecificRegistrationStates { mMaxDataCalls=20}}
09-22 11:52:18.363  2197  2197 D SST[1]  : [1] Could not set ServiceState channel number. CellIdentity null
09-22 11:52:18.363  2197  2197 D SST[1]  : [1] handlPollStateResultMessage: GsmSST dataServiceState=1 regState=0 dataRadioTechnology=0
09-22 11:52:18.365  2197  2197 D SST[1]  : [1] EVENT_POLL_STATE_NETWORK_SELECTION_MODE
09-22 11:52:18.365  2197  2288 D RILJ    : [6474]< QUERY_NETWORK_SELECTION_MODE {0} [SUB1]
09-22 11:52:18.369  2197  2197 D SST[1]  : [1] Poll ServiceState done:  oldSS=[{mVoiceRegState=1(OUT_OF_SERVICE), mDataRegState=1(OUT_OF_SERVICE), mChannelNumber=10763, duplexMode()=0, mCellBandwidths=[], mVoiceRoamingType=home, mDataRoamingType=home, mVoiceOperatorAlphaLong=, mVoiceOperatorAlphaShort=, mDataOperatorAlphaLong=, mDataOperatorAlphaShort=, isManualNetworkSelection=false(automatic), mRilVoiceRadioTechnology=3(UMTS), mRilDataRadioTechnology=0(Unknown), mCssIndicator=unsupported, mNetworkId=-1, mSystemId=-1, mCdmaRoamingIndicator=-1, mCdmaDefaultRoamingIndicator=-1, mIsEmergencyOnly=true, mIsDataRoamingFromRegistration=false, mIsUsingCarrierAggregation=false, mLteEarfcnRsrpBoost=0, mNetworkRegistrationStates=[NetworkRegistrationState{transportType=1 domain=PS regState=NOT_REG_NOT_SEARCHING accessNetworkTechnology=UNKNOWN reasonForDenial=0 emergencyEnabled=false supportedServices=null cellIdentity=null voiceSpecificStates=null dataSpecificStates=DataSpecificRegistrationStates { mMaxDataCalls=20}}, NetworkRegistrationState{transportType=1 domain=CS regState=NOT_REG_SEARCHING accessNetworkTechnology=UMTS reasonForDenial=0 emergencyEnabled=true supportedServices=[I@8970c87 cellIdentity=CellIdentityWcdma:{ mMcc=460 mMnc=01 mAlphaLong=CHN-UNICOM mAlphaShort=UNICOM} voiceSpecificStates=VoiceSpecificRegistrationStates { mCssSupported=false mRoamingIndicator=-1 mSystemIsInPrl=-1 mDefaultRoamingIndicator=-1} dataSpecificStates=null}]}] newSS=[{mVoiceRegState=1(OUT_OF_SERVICE), mDataRegState=1(OUT_OF_SERVICE), mChannelNumber=10763, duplexMode()=0, mCellBandwidths=[], mVoiceRoamingType=home, mDataRoamingType=home, mVoiceOperatorAlphaLong=, mVoiceOperatorAlphaShort=, mDataOperatorAlphaLong=, mDataOperatorAlphaShort=, isManualNetworkSelection=false(automatic), mRilVoiceRadioTechnology=3(UMTS), mRilDataRadioTechnology=0(Unknown), mCssIndicator=unsupported, mNetworkId=-1, mSystemId=-1, mCdmaRoamingIndicator=-1, mCdmaDefaultRoamingIndicator=-1, mIsEmergencyOnly=true, mIsDataRoamingFromRegistration=false, mIsUsingCarrierAggregation=false, mLteEarfcnRsrpBoost=0, mNetworkRegistrationStates=[NetworkRegistrationState{transportType=1 domain=CS regState=NOT_REG_SEARCHING accessNetworkTechnology=UMTS reasonForDenial=0 emergencyEnabled=true supportedServices=[I@3db4eaa cellIdentity=CellIdentityWcdma:{ mMcc=460 mMnc=01 mAlphaLong=CHN-UNICOM mAlphaShort=UNICOM} voiceSpecificStates=VoiceSpecificRegistrationStates { mCssSupported=false mRoamingIndicator=-1 mSystemIsInPrl=-1 mDefaultRoamingIndicator=-1} dataSpecificStates=null}, NetworkRegistrationState{transportType=1 domain=PS regState=NOT_REG_NOT_SEARCHING accessNetworkTechnology=UNKNOWN reasonForDenial=0 emergencyEnabled=false supportedServices=null cellIdentity=null voiceSpecificStates=null dataSpecificStates=DataSpecificRegistrationStates { mMaxDataCalls=20}}]}] oldMaxDataCalls=20 mNewMaxDataCalls=20 oldReasonDataDenied=0 mNewReasonDataDenied=0
09-22 11:52:18.369  2197  2197 D SST[1]  : [1] pollStateDone: hasRegistered=false hasDeregistered=false hasDataAttached=false hasDataDetached=false hasDataRegStateChanged=false hasRilVoiceRadioTechnologyChanged= false hasRilDataRadioTechnologyChanged=false hasChanged=false hasVoiceRoamingOn=false hasVoiceRoamingOff=false hasDataRoamingOn=false hasDataRoamingOff=false hasLocationChanged=false has4gHandoff = false hasMultiApnSupport=false hasLostMultiApnSupport=false hasCssIndicatorChanged=false
09-22 11:52:19.371   853  1020 E ThermalEngine: read_thermal_config
09-22 11:52:19.371   853  1020 D ThermalEngine: algo_monitor: Timer EVT
09-22 11:52:19.373   853  1020 I ThermalEngine: Sensor:sdm-therm:50588 mC
09-22 11:52:19.373   853  1020 D ThermalEngine: handle_timer_sig: SS Id SS-QUIET-THERM-GOLD3 Read sdm-therm 50588mC, Err -1588mC, SampleCnt 1
09-22 11:52:19.373   853  1020 D ThermalEngine: handle_timer_sig: SS Id SS-QUIET-THERM-GOLD3, E0 -1588mC, E1 -1441mC
09-22 11:52:19.373   853  1020 D ThermalEngine: Already at device mitigation max limit
09-22 11:52:19.374   853  1020 I ThermalEngine: Sensor:sdm-therm:50588 mC
09-22 11:52:19.374   853  1020 D ThermalEngine: handle_timer_sig: SS Id SS-QUIET-THERM-GOLD2 Read sdm-therm 50588mC, Err -3588mC, SampleCnt 1
09-22 11:52:19.374   853  1020 D ThermalEngine: handle_timer_sig: SS Id SS-QUIET-THERM-GOLD2, E0 -3588mC, E1 -3441mC
09-22 11:52:19.374   853  1020 D ThermalEngine: Already at device mitigation max limit
09-22 11:52:19.376   853  1020 I ThermalEngine: Sensor:sdm-therm:50588 mC
09-22 11:52:19.376   853  1020 D ThermalEngine: handle_timer_sig: SS Id SS-QUIET-THERM-GOLD Read sdm-therm 50588mC, Err -5588mC, SampleCnt 1
09-22 11:52:19.376   853  1020 D ThermalEngine: handle_timer_sig: SS Id SS-QUIET-THERM-GOLD, E0 -5588mC, E1 -5441mC
09-22 11:52:19.376   853  1020 D ThermalEngine: Already at device mitigation max limit
09-22 11:52:19.377   853  1020 I ThermalEngine: Sensor:sdm-therm:50588 mC
09-22 11:52:19.378   853  1020 D ThermalEngine: handle_timer_sig: SS Id SS-QUIET-THERM-SILVER3 Read sdm-therm 50588mC, Err -2588mC, SampleCnt 1
09-22 11:52:19.378   853  1020 D ThermalEngine: handle_timer_sig: SS Id SS-QUIET-THERM-SILVER3, E0 -2588mC, E1 -2441mC
09-22 11:52:19.378   853  1020 D ThermalEngine: Already at device mitigation max limit
09-22 11:52:19.380   853  1020 I ThermalEngine: Sensor:sdm-therm:50588 mC
09-22 11:52:19.380   853  1020 D ThermalEngine: handle_timer_sig: SS Id SS-QUIET-THERM-SILVER2 Read sdm-therm 50588mC, Err -4588mC, SampleCnt 1
09-22 11:52:19.380   853  1020 D ThermalEngine: handle_timer_sig: SS Id SS-QUIET-THERM-SILVER2, E0 -4588mC, E1 -4441mC
09-22 11:52:19.380   853  1020 D ThermalEngine: Already at device mitigation max limit
09-22 11:52:19.382   853  1020 I ThermalEngine: Sensor:sdm-therm:50588 mC
09-22 11:52:19.382   853  1020 D ThermalEngine: handle_timer_sig: SS Id SS-QUIET-THERM-SILVER Read sdm-therm 50588mC, Err -6588mC, SampleCnt 1
09-22 11:52:19.382   853  1020 D ThermalEngine: handle_timer_sig: SS Id SS-QUIET-THERM-SILVER, E0 -6588mC, E1 -6441mC
09-22 11:52:19.382   853  1020 D ThermalEngine: Already at device mitigation max limit
09-22 11:52:19.382   853  1020 I ThermalEngine: settimer: Start timer 2.000(sec)
09-22 11:52:19.383   853  1020 D ThermalEngine: algo_monitor: Wait for EV
09-22 11:52:20.195 31080 31080 D BoundBrokerSvc: onUnbind: Intent { act=com.google.android.gms.mdns.service.START dat=chimera-action: cmp=com.google.android.gms/.chimera.PersistentApiService }
09-22 11:52:17.062     0     0 E pm6150_charger: default_irq_handler: IRQ: aicl-done
09-22 11:52:21.383   853  1020 E ThermalEngine: read_thermal_config
09-22 11:52:21.383   853  1020 D ThermalEngine: algo_monitor: Timer EVT
09-22 11:52:21.385   853  1020 I ThermalEngine: Sensor:sdm-therm:50588 mC
09-22 11:52:21.385   853  1020 D ThermalEngine: handle_timer_sig: SS Id SS-QUIET-THERM-GOLD3 Read sdm-therm 50588mC, Err -1588mC, SampleCnt 1
09-22 11:52:21.385   853  1020 D ThermalEngine: handle_timer_sig: SS Id SS-QUIET-THERM-GOLD3, E0 -1588mC, E1 -1588mC
09-22 11:52:21.385   853  1020 D ThermalEngine: Already at device mitigation max limit
09-22 11:52:21.386   853  1020 I ThermalEngine: Sensor:sdm-therm:50588 mC
09-22 11:52:21.386   853  1020 D ThermalEngine: handle_timer_sig: SS Id SS-QUIET-THERM-GOLD2 Read sdm-therm 50588mC, Err -3588mC, SampleCnt 1
09-22 11:52:21.386   853  1020 D ThermalEngine: handle_timer_sig: SS Id SS-QUIET-THERM-GOLD2, E0 -3588mC, E1 -3588mC
09-22 11:52:21.386   853  1020 D ThermalEngine: Already at device mitigation max limit
09-22 11:52:21.387   853  1020 I ThermalEngine: Sensor:sdm-therm:50588 mC
09-22 11:52:21.387   853  1020 D ThermalEngine: handle_timer_sig: SS Id SS-QUIET-THERM-GOLD Read sdm-therm 50588mC, Err -5588mC, SampleCnt 1
09-22 11:52:21.387   853  1020 D ThermalEngine: handle_timer_sig: SS Id SS-QUIET-THERM-GOLD, E0 -5588mC, E1 -5588mC
09-22 11:52:21.387   853  1020 D ThermalEngine: Already at device mitigation max limit
09-22 11:52:21.388   853  1020 I ThermalEngine: Sensor:sdm-therm:50588 mC
09-22 11:52:21.388   853  1020 D ThermalEngine: handle_timer_sig: SS Id SS-QUIET-THERM-SILVER3 Read sdm-therm 50588mC, Err -2588mC, SampleCnt 1
09-22 11:52:21.388   853  1020 D ThermalEngine: handle_timer_sig: SS Id SS-QUIET-THERM-SILVER3, E0 -2588mC, E1 -2588mC
09-22 11:52:21.388   853  1020 D ThermalEngine: Already at device mitigation max limit
09-22 11:52:21.389   853  1020 I ThermalEngine: Sensor:sdm-therm:50588 mC
09-22 11:52:21.390   853  1020 D ThermalEngine: handle_timer_sig: SS Id SS-QUIET-THERM-SILVER2 Read sdm-therm 50588mC, Err -4588mC, SampleCnt 1
09-22 11:52:21.390   853  1020 D ThermalEngine: handle_timer_sig: SS Id SS-QUIET-THERM-SILVER2, E0 -4588mC, E1 -4588mC
09-22 11:52:21.390   853  1020 D ThermalEngine: Already at device mitigation max limit
09-22 11:52:21.391   853  1020 I ThermalEngine: Sensor:sdm-therm:50588 mC
09-22 11:52:21.391   853  1020 D ThermalEngine: handle_timer_sig: SS Id SS-QUIET-THERM-SILVER Read sdm-therm 50588mC, Err -6588mC, SampleCnt 1
09-22 11:52:21.391   853  1020 D ThermalEngine: handle_timer_sig: SS Id SS-QUIET-THERM-SILVER, E0 -6588mC, E1 -6588mC
09-22 11:52:21.391   853  1020 D ThermalEngine: Already at device mitigation max limit
09-22 11:52:21.391   853  1020 I ThermalEngine: settimer: Start timer 2.000(sec)
09-22 11:52:21.391   853  1020 D ThermalEngine: algo_monitor: Wait for EV
09-22 11:52:18.692     0     0 E pm6150_charger: wdog_snarl_irq_handler: IRQ: wdog-snarl
09-22 11:52:18.692     0     0 E AWAKE   : SW_THERM_REGULATION_VOTER,0 voting on of val=1
09-22 11:52:18.692     0     0 E AWAKE   : effective vote is now 1 voted by SW_THERM_REGULATION_VOTER,0
09-22 11:52:18.695     0     0 E pm6150_charger: smblib_process_thermal_readings: Current temperatures: 	DIE_TEMP: 532,	CONN_TEMP: 332,	SMB_TEMP: -61,	SKIN_TEMP: 505
09-22 11:52:18.695     0     0 E THERMAL_STATUS: 4
09-22 11:52:18.695     0     0 E AWAKE   : SW_THERM_REGULATION_VOTER,0 voting off of val=0
09-22 11:52:18.695     0     0 E AWAKE   : effective vote is now 0 voted by SW_THERM_REGULATION_VOTER,0
09-22 11:52:22.252 32640 32742 E PlayCommon: [34580] akwg.j(151): Failed to connect to server for server timestamp: java.net.SocketTimeoutException: failed to connect to play.googleapis.com/216.239.38.223 (port 443) from /192.160.29.152 (port 48210) after 40000ms: isConnected failed: ETIMEDOUT (Connection timed out)
09-22 11:52:22.289  1589  1823 D CompatibilityInfo: mCompatibilityFlags - 0
09-22 11:52:22.289  1589  1823 D CompatibilityInfo: applicationDensity - 440
09-22 11:52:22.289  1589  1823 D CompatibilityInfo: applicationScale - 1.0
09-22 11:52:22.293 31080 31080 D BoundBrokerSvc: onBind: Intent { act=com.google.android.gms.auth.account.workaccount.START dat=chimera-action: cmp=com.google.android.gms/.chimera.PersistentApiService }
09-22 11:52:22.293 31080 31080 D BoundBrokerSvc: Loading bound service for intent: Intent { act=com.google.android.gms.auth.account.workaccount.START dat=chimera-action: cmp=com.google.android.gms/.chimera.PersistentApiService }
09-22 11:52:22.314   586   638 D DnsProxyBlocker: restrict gms dns resolution uid(10189)
09-22 11:52:22.314   586   638 E DnsProxyListener: block dns query from uid = 10189
--------- beginning of system
09-22 11:52:22.314   586   638 W FrameworkListener: Handler 'getaddrinfo' error (Success)
09-22 11:52:22.316   586   638 D DnsProxyBlocker: restrict gms dns resolution uid(10189)
09-22 11:52:22.316   586   638 E DnsProxyListener: block dns query from uid = 10189
09-22 11:52:22.320 31080 31099 E Auth    : [TokenResponseCallback] TokenResponse failed with exception [CONTEXT service_id=343 ]
09-22 11:52:22.320 31080 31099 E Auth    : bqar: Failed to process request
09-22 11:52:22.320 31080 31099 E Auth    : 	at bqax.a(:com.google.android.gms@243660013@24.36.60 (100400-672671057):23)
09-22 11:52:22.320 31080 31099 E Auth    : 	at bqeq.b(:com.google.android.gms@243660013@24.36.60 (100400-672671057):15)
09-22 11:52:22.320 31080 31099 E Auth    : 	at bqfe.onFailed(:com.google.android.gms@243660013@24.36.60 (100400-672671057):15)
09-22 11:52:22.320 31080 31099 E Auth    : 	at m.my.onFailed(:com.google.android.gms.dynamite_cronetdynamite@243660013@24.36.60 (100400-0):3)
09-22 11:52:22.320 31080 31099 E Auth    : 	at m.lz.run(:com.google.android.gms.dynamite_cronetdynamite@243660013@24.36.60 (100400-0):9)
09-22 11:52:22.320 31080 31099 E Auth    : 	at anps.c(:com.google.android.gms@243660013@24.36.60 (100400-672671057):50)
09-22 11:52:22.320 31080 31099 E Auth    : 	at anps.run(:com.google.android.gms@243660013@24.36.60 (100400-672671057):76)
09-22 11:52:22.320 31080 31099 E Auth    : 	at java.util.concurrent.ThreadPoolExecutor.runWorker(ThreadPoolExecutor.java:1167)
09-22 11:52:22.320 31080 31099 E Auth    : 	at java.util.concurrent.ThreadPoolExecutor$Worker.run(ThreadPoolExecutor.java:641)
09-22 11:52:22.320 31080 31099 E Auth    : 	at anvd.run(:com.google.android.gms@243660013@24.36.60 (100400-672671057):8)
09-22 11:52:22.320 31080 31099 E Auth    : 	at java.lang.Thread.run(Thread.java:764)
09-22 11:52:22.320 31080 31099 E Auth    : Caused by: m.mi: Exception in CronetUrlRequest: net::ERR_NAME_NOT_RESOLVED, ErrorCode=1, InternalErrorCode=-105, Retryable=false
09-22 11:52:22.320 31080 31099 E Auth    : 	at org.chromium.net.impl.CronetUrlRequest.onError(:com.google.android.gms.dynamite_cronetdynamite@243660013@24.36.60 (100400-0):4)
09-22 11:52:22.323 31080   844 E AuthPII : [RequestTokenManager] getToken() -> NETWORK_ERROR. App: com.android.vending, Service: oauth2:https://www.googleapis.com/auth/googleplay
09-22 11:52:22.323 31080   844 E AuthPII : amoi: Error when calling server using GmsNetworkStack.
09-22 11:52:22.323 31080   844 E AuthPII : 	at tis.b(:com.google.android.gms@243660013@24.36.60 (100400-672671057):1386)
09-22 11:52:22.323 31080   844 E AuthPII : 	at tiq.a(:com.google.android.gms@243660013@24.36.60 (100400-672671057):611)
09-22 11:52:22.323 31080   844 E AuthPII : 	at tip.b(:com.google.android.gms@243660013@24.36.60 (100400-672671057):94)
09-22 11:52:22.323 31080   844 E AuthPII : 	at nlv.d(:com.google.android.gms@243660013@24.36.60 (100400-672671057):224)
09-22 11:52:22.323 31080   844 E AuthPII : 	at nlv.h(:com.google.android.gms@243660013@24.36.60 (100400-672671057):2)
09-22 11:52:22.323 31080   844 E AuthPII : 	at szv.getAuthToken(:com.google.android.gms@243660013@24.36.60 (100400-672671057):404)
09-22 11:52:22.323 31080   844 E AuthPII : 	at android.accounts.AbstractAccountAuthenticator$Transport.getAuthToken(AbstractAccountAuthenticator.java:247)
09-22 11:52:22.323 31080   844 E AuthPII : 	at android.accounts.IAccountAuthenticator$Stub.onTransact(IAccountAuthenticator.java:114)
09-22 11:52:22.323 31080   844 E AuthPII : 	at android.os.Binder.transact(Binder.java:667)
09-22 11:52:22.323 31080   844 E AuthPII : 	at bjyu.onTransact(:com.google.android.gms@243660013@24.36.60 (100400-672671057):10)
09-22 11:52:22.323 31080   844 E AuthPII : 	at android.os.Binder.transact(Binder.java:667)
09-22 11:52:22.323 31080   844 E AuthPII : 	at bbmj.onTransact(:com.google.android.gms@243660013@24.36.60 (100400-672671057):148)
09-22 11:52:22.323 31080   844 E AuthPII : 	at android.os.Binder.execTransact(Binder.java:735)
09-22 11:52:22.323 31080   844 E AuthPII : Caused by: amoi: Error requesting token.
09-22 11:52:22.323 31080   844 E AuthPII : 	at tis.d(:com.google.android.gms@243660013@24.36.60 (100400-672671057):210)
09-22 11:52:22.323 31080   844 E AuthPII : 	at tis.b(:com.google.android.gms@243660013@24.36.60 (100400-672671057):57)
09-22 11:52:22.323 31080   844 E AuthPII : 	... 12 more
09-22 11:52:22.323 31080   844 E AuthPII : Caused by: java.util.concurrent.ExecutionException: bqar: Failed to process request
09-22 11:52:22.323 31080   844 E AuthPII : 	at egos.s(:com.google.android.gms@243660013@24.36.60 (100400-672671057):21)
09-22 11:52:22.323 31080   844 E AuthPII : 	at egos.get(:com.google.android.gms@243660013@24.36.60 (100400-672671057):28)
09-22 11:52:22.323 31080   844 E AuthPII : 	at tis.d(:com.google.android.gms@243660013@24.36.60 (100400-672671057):192)
09-22 11:52:22.323 31080   844 E AuthPII : 	... 13 more
09-22 11:52:22.323 31080   844 E AuthPII : Caused by: bqar: Failed to process request
09-22 11:52:22.323 31080   844 E AuthPII : 	at bqax.a(:com.google.android.gms@243660013@24.36.60 (100400-672671057):23)
09-22 11:52:22.323 31080   844 E AuthPII : 	at bqeq.b(:com.google.android.gms@243660013@24.36.60 (100400-672671057):15)
09-22 11:52:22.323 31080   844 E AuthPII : 	at bqfe.onFailed(:com.google.android.gms@243660013@24.36.60 (100400-672671057):15)
09-22 11:52:22.323 31080   844 E AuthPII : 	at m.my.onFailed(:com.google.android.gms.dynamite_cronetdynamite@243660013@24.36.60 (100400-0):3)
09-22 11:52:22.323 31080   844 E AuthPII : 	at m.lz.run(:com.google.android.gms.dynamite_cronetdynamite@243660013@24.36.60 (100400-0):9)
09-22 11:52:22.323 31080   844 E AuthPII : 	at anps.c(:com.google.android.gms@243660013@24.36.60 (100400-672671057):50)
09-22 11:52:22.323 31080   844 E AuthPII : 	at anps.run(:com.google.android.gms@243660013@24.36.60 (100400-672671057):76)
09-22 11:52:22.323 31080   844 E AuthPII : 	at java.util.concurrent.ThreadPoolExecutor.runWorker(ThreadPoolExecutor.java:1167)
09-22 11:52:22.323 31080   844 E AuthPII : 	at java.util.concurrent.ThreadPoolExecutor$Worker.run(ThreadPoolExecutor.java:641)
09-22 11:52:22.323 31080   844 E AuthPII : 	at anvd.run(:com.google.android.gms@243660013@24.36.60 (100400-672671057):8)
09-22 11:52:22.323 31080   844 E AuthPII : 	at java.lang.Thread.run(Thread.java:764)
09-22 11:52:22.323 31080   844 E AuthPII : Caused by: m.mi: Exception in CronetUrlRequest: net::ERR_NAME_NOT_RESOLVED, ErrorCode=1, InternalErrorCode=-105, Retryable=false
09-22 11:52:22.323 31080   844 E AuthPII : 	at org.chromium.net.impl.CronetUrlRequest.onError(:com.google.android.gms.dynamite_cronetdynamite@243660013@24.36.60 (100400-0):4)
09-22 11:52:22.324 31080   844 E AuthPII : Message is Error when calling server using GmsNetworkStack.
09-22 11:52:22.324 31080   844 E AuthPII : amoi: Error when calling server using GmsNetworkStack.
09-22 11:52:22.324 31080   844 E AuthPII : 	at tis.b(:com.google.android.gms@243660013@24.36.60 (100400-672671057):1386)
09-22 11:52:22.324 31080   844 E AuthPII : 	at tiq.a(:com.google.android.gms@243660013@24.36.60 (100400-672671057):611)
09-22 11:52:22.324 31080   844 E AuthPII : 	at tip.b(:com.google.android.gms@243660013@24.36.60 (100400-672671057):94)
09-22 11:52:22.324 31080   844 E AuthPII : 	at nlv.d(:com.google.android.gms@243660013@24.36.60 (100400-672671057):224)
09-22 11:52:22.324 31080   844 E AuthPII : 	at nlv.h(:com.google.android.gms@243660013@24.36.60 (100400-672671057):2)
09-22 11:52:22.324 31080   844 E AuthPII : 	at szv.getAuthToken(:com.google.android.gms@243660013@24.36.60 (100400-672671057):404)
09-22 11:52:22.324 31080   844 E AuthPII : 	at android.accounts.AbstractAccountAuthenticator$Transport.getAuthToken(AbstractAccountAuthenticator.java:247)
09-22 11:52:22.324 31080   844 E AuthPII : 	at android.accounts.IAccountAuthenticator$Stub.onTransact(IAccountAuthenticator.java:114)
09-22 11:52:22.324 31080   844 E AuthPII : 	at android.os.Binder.transact(Binder.java:667)
09-22 11:52:22.324 31080   844 E AuthPII : 	at bjyu.onTransact(:com.google.android.gms@243660013@24.36.60 (100400-672671057):10)
09-22 11:52:22.324 31080   844 E AuthPII : 	at android.os.Binder.transact(Binder.java:667)
09-22 11:52:22.324 31080   844 E AuthPII : 	at bbmj.onTransact(:com.google.android.gms@243660013@24.36.60 (100400-672671057):148)
09-22 11:52:22.324 31080   844 E AuthPII : 	at android.os.Binder.execTransact(Binder.java:735)
09-22 11:52:22.324 31080   844 E AuthPII : Caused by: amoi: Error requesting token.
09-22 11:52:22.324 31080   844 E AuthPII : 	at tis.d(:com.google.android.gms@243660013@24.36.60 (100400-672671057):210)
09-22 11:52:22.324 31080   844 E AuthPII : 	at tis.b(:com.google.android.gms@243660013@24.36.60 (100400-672671057):57)
09-22 11:52:22.324 31080   844 E AuthPII : 	... 12 more
09-22 11:52:22.324 31080   844 E AuthPII : Caused by: java.util.concurrent.ExecutionException: bqar: Failed to process request
09-22 11:52:22.324 31080   844 E AuthPII : 	at egos.s(:com.google.android.gms@243660013@24.36.60 (100400-672671057):21)
09-22 11:52:22.324 31080   844 E AuthPII : 	at egos.get(:com.google.android.gms@243660013@24.36.60 (100400-672671057):28)
09-22 11:52:22.324 31080   844 E AuthPII : 	at tis.d(:com.google.android.gms@243660013@24.36.60 (100400-672671057):192)
09-22 11:52:22.324 31080   844 E AuthPII : 	... 13 more
09-22 11:52:22.324 31080   844 E AuthPII : Caused by: bqar: Failed to process request
09-22 11:52:22.324 31080   844 E AuthPII : 	at bqax.a(:com.google.android.gms@243660013@24.36.60 (100400-672671057):23)
09-22 11:52:22.324 31080   844 E AuthPII : 	at bqeq.b(:com.google.android.gms@243660013@24.36.60 (100400-672671057):15)
09-22 11:52:22.324 31080   844 E AuthPII : 	at bqfe.onFailed(:com.google.android.gms@243660013@24.36.60 (100400-672671057):15)
09-22 11:52:22.324 31080   844 E AuthPII : 	at m.my.onFailed(:com.google.android.gms.dynamite_cronetdynamite@243660013@24.36.60 (100400-0):3)
09-22 11:52:22.324 31080   844 E AuthPII : 	at m.lz.run(:com.google.android.gms.dynamite_cronetdynamite@243660013@24.36.60 (100400-0):9)
09-22 11:52:22.324 31080   844 E AuthPII : 	at anps.c(:com.google.android.gms@243660013@24.36.60 (100400-672671057):50)
09-22 11:52:22.324 31080   844 E AuthPII : 	at anps.run(:com.google.android.gms@243660013@24.36.60 (100400-672671057):76)
09-22 11:52:22.324 31080   844 E AuthPII : 	at java.util.concurrent.ThreadPoolExecutor.runWorker(ThreadPoolExecutor.java:1167)
09-22 11:52:22.324 31080   844 E AuthPII : 	at java.util.concurrent.ThreadPoolExecutor$Worker.run(ThreadPoolExecutor.java:641)
09-22 11:52:22.324 31080   844 E AuthPII : 	at anvd.run(:com.google.android.gms@243660013@24.36.60 (100400-672671057):8)
09-22 11:52:22.324 31080   844 E AuthPII : 	at java.lang.Thread.run(Thread.java:764)
09-22 11:52:22.324 31080   844 E AuthPII : Caused by: m.mi: Exception in CronetUrlRequest: net::ERR_NAME_NOT_RESOLVED, ErrorCode=1, InternalErrorCode=-105, Retryable=false
09-22 11:52:22.324 31080   844 E AuthPII : 	at org.chromium.net.impl.CronetUrlRequest.onError(:com.google.android.gms.dynamite_cronetdynamite@243660013@24.36.60 (100400-0):4)
09-22 11:52:22.324 31080   844 W Auth    : [GetToken] GetToken failed with status code: NetworkError  [CONTEXT service_id=343 ]
09-22 11:52:22.325 31080   844 W GLSActivity: [GmsAccountAuthenticatorImpl] error status while fetching token:NetworkError
09-22 11:52:22.329 32640 32742 E PlayCommon: [34580] akwg.l(5): Failed to get auth token: java.io.IOException: NetworkError
09-22 11:52:22.331 32640 32742 W PlayCommon: [34580] akwg.j(256): Deferring log upload because couldn't retrieve auth token
09-22 11:52:23.386   586   638 D DnsProxyBlocker: restrict gms dns resolution uid(10189)
09-22 11:52:23.386   586   638 E DnsProxyListener: block dns query from uid = 10189
09-22 11:52:23.387 31080  3613 W fnfc    : [{0}] Failed to resolve name. status={1}
09-22 11:52:23.391   853  1020 E ThermalEngine: read_thermal_config
09-22 11:52:23.392   853  1020 D ThermalEngine: algo_monitor: Timer EVT
09-22 11:52:23.393   853  1020 I ThermalEngine: Sensor:sdm-therm:50588 mC
09-22 11:52:23.393   853  1020 D ThermalEngine: handle_timer_sig: SS Id SS-QUIET-THERM-GOLD3 Read sdm-therm 50588mC, Err -1588mC, SampleCnt 1
09-22 11:52:23.393   853  1020 D ThermalEngine: handle_timer_sig: SS Id SS-QUIET-THERM-GOLD3, E0 -1588mC, E1 -1588mC
09-22 11:52:23.393   853  1020 D ThermalEngine: Already at device mitigation max limit
09-22 11:52:23.394   853  1020 I ThermalEngine: Sensor:sdm-therm:50588 mC
09-22 11:52:23.395   853  1020 D ThermalEngine: handle_timer_sig: SS Id SS-QUIET-THERM-GOLD2 Read sdm-therm 50588mC, Err -3588mC, SampleCnt 1
09-22 11:52:23.395   853  1020 D ThermalEngine: handle_timer_sig: SS Id SS-QUIET-THERM-GOLD2, E0 -3588mC, E1 -3588mC
09-22 11:52:23.395   853  1020 D ThermalEngine: Already at device mitigation max limit
09-22 11:52:23.396   853  1020 I ThermalEngine: Sensor:sdm-therm:50588 mC
09-22 11:52:23.396   853  1020 D ThermalEngine: handle_timer_sig: SS Id SS-QUIET-THERM-GOLD Read sdm-therm 50588mC, Err -5588mC, SampleCnt 1
09-22 11:52:23.397   853  1020 D ThermalEngine: handle_timer_sig: SS Id SS-QUIET-THERM-GOLD, E0 -5588mC, E1 -5588mC
09-22 11:52:23.397   853  1020 D ThermalEngine: Already at device mitigation max limit
09-22 11:52:23.398   853  1020 I ThermalEngine: Sensor:sdm-therm:50588 mC
09-22 11:52:23.398   853  1020 D ThermalEngine: handle_timer_sig: SS Id SS-QUIET-THERM-SILVER3 Read sdm-therm 50588mC, Err -2588mC, SampleCnt 1
09-22 11:52:23.398   853  1020 D ThermalEngine: handle_timer_sig: SS Id SS-QUIET-THERM-SILVER3, E0 -2588mC, E1 -2588mC
09-22 11:52:23.398   853  1020 D ThermalEngine: Already at device mitigation max limit
09-22 11:52:23.400   853  1020 I ThermalEngine: Sensor:sdm-therm:50514 mC
